Initializing AMReX (25.06-22-g1d307c2c661a)...
OMP initialized with 256 OMP threads
AMReX (25.06-22-g1d307c2c661a) initialized
Starting running input_laser_ion_timers running with 24 nodes and 4 ranks per node.
Total steps: 5000, intervals: 100 = 50 runs
Reading precomputed weights and ranks from file: /global/homes/j/jessd/lb_extractor/lb_inputs/imp_20/laser_ion_4_boxes_96_ranks_timers_20_lb_data.txt
/global/homes/j/jessd/lb_extractor/lb_inputs/imp_20/laser_ion_4_boxes_96_ranks_timers_20_lb_data.txt
Run 0: Weights size: 435
Run 1: Weights size: 435
Run 2: Weights size: 435
Run 3: Weights size: 435
Run 4: Weights size: 435
Run 5: Weights size: 435
Run 6: Weights size: 435
Run 7: Weights size: 435
Run 8: Weights size: 435
Run 9: Weights size: 435
Run 10: Weights size: 435
Run 11: Weights size: 435
Run 12: Weights size: 435
Run 13: Weights size: 435
Run 14: Weights size: 435
Run 15: Weights size: 435
Run 16: Weights size: 435
Run 17: Weights size: 435
Run 18: Weights size: 435
Run 19: Weights size: 435
Run 20: Weights size: 435
Run 21: Weights size: 435
Run 22: Weights size: 435
Run 23: Weights size: 435
Run 24: Weights size: 435
Run 25: Weights size: 435
Run 26: Weights size: 435
Run 27: Weights size: 435
Run 28: Weights size: 435
Run 29: Weights size: 435
Run 30: Weights size: 435
Run 31: Weights size: 435
Run 32: Weights size: 435
Run 33: Weights size: 435
Run 34: Weights size: 435
Run 35: Weights size: 435
Run 36: Weights size: 435
Run 37: Weights size: 435
Run 38: Weights size: 435
Run 39: Weights size: 435
Run 40: Weights size: 435
Run 41: Weights size: 435
Run 42: Weights size: 435
Run 43: Weights size: 435
Run 44: Weights size: 435
Run 45: Weights size: 435
Run 46: Weights size: 435
Run 47: Weights size: 435
Run 48: Weights size: 435
Run 49: Weights size: 435
Run 50: Weights size: 435
Run 0
File weights 51 and ranks 51
Original efficiency: 0.3977376535
Original ratio: inf
Knapsack ratio: inf
 Final Knapsack time: 0.00014502

Karmarkar-Karp ratio: inf
 Final Karmarkar-Karp time: 0.006936724

 Time take to run this function: 9.52e-07
SFC ratio: inf
 Final SFC time: 0.000926837

SFC + Knapsack ratio: inf
 Final SFC+Knapsack_Combined time: 0.00012903

SFC+painterPartition efficiency: 0.4005021092
SFC+Painter ratio: inf
 Final SFC+Painter time: 0.000175316

Painter+Knapsack ratio: inf
 Final painter+Knapsack_Combined time: 0.000164717
Run 1
File weights 51 and ranks 51
Original previous efficiency: 0.3617154779
Original efficiency: 0.3617154779
Original ratio: 1
Knapsack previous efficiency: 0.2455888704
Knapsack ratio: 3.908477248
 Final Knapsack time: 7.8145e-05

Karmarkar-Karp previous efficiency: 0.2455888704
Karmarkar-Karp ratio: 3.908477248
 Final Karmarkar-Karp time: 0.006411194

SFC previous efficiency: 0.1693019206
 Time take to run this function: 3.91e-07
SFC ratio: 4.171535574
 Final SFC time: 5.7808e-05

SFC+Knapsack previous efficiency: 0.1127075089
SFC + Knapsack ratio: 6.273553324
 Final SFC+Knapsack_Combined time: 8.9617e-05

SFC+Painter previous efficiency: 0.09555590841
SFC+painterPartition efficiency: 0.8609609175
SFC+Painter ratio: 9.010022842
 Final SFC+Painter time: 0.000124011

Painter+Knapsack previous efficiency: 0.1173730843
Painter+Knapsack ratio: 7.370769752
 Final painter+Knapsack_Combined time: 0.000146363
Run 2
File weights 51 and ranks 51
Original previous efficiency: 0.313065686
Original efficiency: 0.7869320628
Original ratio: 2.513632435
Knapsack previous efficiency: 0.7869320628
Knapsack ratio: 1.107640658
 Final Knapsack time: 7.6592e-05

Karmarkar-Karp previous efficiency: 0.7100479685
Karmarkar-Karp ratio: 1.227576145
 Final Karmarkar-Karp time: 0.006564551

SFC previous efficiency: 0.5568830865
 Time take to run this function: 3.81e-07
SFC ratio: 1.271888615
 Final SFC time: 5.7167e-05

SFC+Knapsack previous efficiency: 0.5578000139
SFC + Knapsack ratio: 1.389957474
 Final SFC+Knapsack_Combined time: 9.4245e-05

SFC+Painter previous efficiency: 0.6964234457
SFC+painterPartition efficiency: 0.7819115183
SFC+Painter ratio: 1.122753008
 Final SFC+Painter time: 0.000124312

Painter+Knapsack previous efficiency: 0.6430045754
Painter+Knapsack ratio: 1.209407527
 Final painter+Knapsack_Combined time: 0.000152815
Run 3
File weights 51 and ranks 51
Original previous efficiency: 0.8167392523
Original efficiency: 0.816851778
Original ratio: 1.000137774
Knapsack previous efficiency: 0.8167392523
Knapsack ratio: 1.044773503
 Final Knapsack time: 7.3627e-05

Karmarkar-Karp previous efficiency: 0.816851778
Karmarkar-Karp ratio: 1.04462958
 Final Karmarkar-Karp time: 0.006201414

SFC previous efficiency: 0.6925901877
 Time take to run this function: 3.61e-07
SFC ratio: 1.091398987
 Final SFC time: 8.8645e-05

SFC+Knapsack previous efficiency: 0.784569736
SFC + Knapsack ratio: 1.040397511
 Final SFC+Knapsack_Combined time: 9.4907e-05

SFC+Painter previous efficiency: 0.784316905
SFC+painterPartition efficiency: 0.8175278318
SFC+Painter ratio: 1.04234376
 Final SFC+Painter time: 0.00012872

Painter+Knapsack previous efficiency: 0.784569736
Painter+Knapsack ratio: 1.040397511
 Final painter+Knapsack_Combined time: 0.000148867
Run 4
File weights 51 and ranks 51
Original previous efficiency: 0.7977033771
Original efficiency: 0.8185586014
Original ratio: 1.026144084
Knapsack previous efficiency: 0.7977033771
Knapsack ratio: 1.068607435
 Final Knapsack time: 7.7244e-05

Karmarkar-Karp previous efficiency: 0.8185586014
Karmarkar-Karp ratio: 1.041381471
 Final Karmarkar-Karp time: 0.006355521

SFC previous efficiency: 0.6996574328
 Time take to run this function: 3.9e-07
SFC ratio: 1.052308761
 Final SFC time: 5.868e-05

SFC+Knapsack previous efficiency: 0.7756306275
SFC + Knapsack ratio: 1.056051454
 Final SFC+Knapsack_Combined time: 9.4717e-05

SFC+Painter previous efficiency: 0.7631219722
SFC+painterPartition efficiency: 0.8191058524
SFC+Painter ratio: 1.073361641
 Final SFC+Painter time: 0.000131004

Painter+Knapsack previous efficiency: 0.7756306275
Painter+Knapsack ratio: 1.054262751
 Final painter+Knapsack_Combined time: 0.000152184
Run 5
File weights 51 and ranks 51
Original previous efficiency: 0.7843729763
Original efficiency: 0.8185472516
Original ratio: 1.04356891
Knapsack previous efficiency: 0.7843729763
Knapsack ratio: 1.082619747
 Final Knapsack time: 7.6032e-05

Karmarkar-Karp previous efficiency: 0.8185472516
Karmarkar-Karp ratio: 1.037420468
 Final Karmarkar-Karp time: 0.006191886

SFC previous efficiency: 0.6887769797
 Time take to run this function: 3.81e-07
SFC ratio: 0.9233453496
 Final SFC time: 6.0583e-05

SFC+Knapsack previous efficiency: 0.7730177997
SFC + Knapsack ratio: 1.062404692
 Final SFC+Knapsack_Combined time: 9.3735e-05

SFC+Painter previous efficiency: 0.7525886984
SFC+painterPartition efficiency: 0.8227166855
SFC+Painter ratio: 1.093182355
 Final SFC+Painter time: 0.000115736

Painter+Knapsack previous efficiency: 0.7730177997
Painter+Knapsack ratio: 1.062404692
 Final painter+Knapsack_Combined time: 0.000150791
Run 6
File weights 51 and ranks 51
Original previous efficiency: 0.7733360541
Original efficiency: 0.8239574127
Original ratio: 1.065458423
Knapsack previous efficiency: 0.7733360541
Knapsack ratio: 1.091292418
 Final Knapsack time: 7.6052e-05

Karmarkar-Karp previous efficiency: 0.8239574127
Karmarkar-Karp ratio: 1.024246835
 Final Karmarkar-Karp time: 0.006198709

SFC previous efficiency: 0.692412285
 Time take to run this function: 3.81e-07
SFC ratio: 0.9431671535
 Final SFC time: 5.8519e-05

SFC+Knapsack previous efficiency: 0.761442959
SFC + Knapsack ratio: 1.07886964
 Final SFC+Knapsack_Combined time: 9.3163e-05

SFC+Painter previous efficiency: 0.7504382479
SFC+painterPartition efficiency: 0.8230684112
SFC+Painter ratio: 1.096783664
 Final SFC+Painter time: 0.000136384

Painter+Knapsack previous efficiency: 0.761442959
Painter+Knapsack ratio: 1.07886964
 Final painter+Knapsack_Combined time: 0.000149949
Run 7
File weights 51 and ranks 51
Original previous efficiency: 0.7682891366
Original efficiency: 0.8239731405
Original ratio: 1.072477927
Knapsack previous efficiency: 0.7682891366
Knapsack ratio: 1.096243622
 Final Knapsack time: 7.5551e-05

Karmarkar-Karp previous efficiency: 0.8239731405
Karmarkar-Karp ratio: 1.022159612
 Final Karmarkar-Karp time: 0.006335423

SFC previous efficiency: 0.6968289072
 Time take to run this function: 3.81e-07
SFC ratio: 0.9437520826
 Final SFC time: 6.0363e-05

SFC+Knapsack previous efficiency: 0.7553197872
SFC + Knapsack ratio: 1.089351636
 Final SFC+Knapsack_Combined time: 9.3895e-05

SFC+Painter previous efficiency: 0.7467186069
SFC+painterPartition efficiency: 0.8235977789
SFC+Painter ratio: 1.102956015
 Final SFC+Painter time: 0.000129862

Painter+Knapsack previous efficiency: 0.7553197872
Painter+Knapsack ratio: 1.088363949
 Final painter+Knapsack_Combined time: 0.000150601
Run 8
File weights 51 and ranks 51
Original previous efficiency: 0.7652292769
Original efficiency: 0.8226569027
Original ratio: 1.0750463
Knapsack previous efficiency: 0.7652292769
Knapsack ratio: 1.099479536
 Final Knapsack time: 7.7315e-05

Karmarkar-Karp previous efficiency: 0.8226569027
Karmarkar-Karp ratio: 1.022727613
 Final Karmarkar-Karp time: 0.00616772

SFC previous efficiency: 0.6843651921
 Time take to run this function: 3.609999999e-07
SFC ratio: 1
 Final SFC time: 5.8669e-05

SFC+Knapsack previous efficiency: 0.7468998766
SFC + Knapsack ratio: 1.102642389
 Final SFC+Knapsack_Combined time: 9.3274e-05

SFC+Painter previous efficiency: 0.738981573
SFC+painterPartition efficiency: 0.8255405635
SFC+Painter ratio: 1.117132813
 Final SFC+Painter time: 0.000128961

Painter+Knapsack previous efficiency: 0.7468998766
Painter+Knapsack ratio: 1.101505443
 Final painter+Knapsack_Combined time: 0.000147866
Run 9
File weights 51 and ranks 51
Original previous efficiency: 0.7673346247
Original efficiency: 0.8213097407
Original ratio: 1.070341041
Knapsack previous efficiency: 0.7673346247
Knapsack ratio: 1.100707815
 Final Knapsack time: 7.6262e-05

Karmarkar-Karp previous efficiency: 0.8213097407
Karmarkar-Karp ratio: 1.02837112
 Final Karmarkar-Karp time: 0.006262568

SFC previous efficiency: 0.6791511715
 Time take to run this function: 3.9e-07
SFC ratio: 1
 Final SFC time: 5.8268e-05

SFC+Knapsack previous efficiency: 0.7479646957
SFC + Knapsack ratio: 1.101071574
 Final SFC+Knapsack_Combined time: 9.3063e-05

SFC+Painter previous efficiency: 0.7366992928
SFC+painterPartition efficiency: 0.8243750884
SFC+Painter ratio: 1.119011646
 Final SFC+Painter time: 0.000122869

Painter+Knapsack previous efficiency: 0.7479646957
Painter+Knapsack ratio: 1.090555802
 Final painter+Knapsack_Combined time: 0.000151923
Run 10
File weights 51 and ranks 51
Original previous efficiency: 0.7886322511
Original efficiency: 0.8206616214
Original ratio: 1.040613823
Knapsack previous efficiency: 0.7886322511
Knapsack ratio: 1.071415566
 Final Knapsack time: 7.6383e-05

Karmarkar-Karp previous efficiency: 0.8206616214
Karmarkar-Karp ratio: 1.029599591
 Final Karmarkar-Karp time: 0.006332698

SFC previous efficiency: 0.710877443
 Time take to run this function: 3.6e-07
SFC ratio: 1
 Final SFC time: 0.000155059

SFC+Knapsack previous efficiency: 0.7579628582
SFC + Knapsack ratio: 1.053273044
 Final SFC+Knapsack_Combined time: 9.3394e-05

SFC+Painter previous efficiency: 0.717781985
SFC+painterPartition efficiency: 0.8253277599
SFC+Painter ratio: 1.149830697
 Final SFC+Painter time: 0.000128309

Painter+Knapsack previous efficiency: 0.7579628582
Painter+Knapsack ratio: 1.041766229
 Final painter+Knapsack_Combined time: 0.000145672
Run 11
File weights 51 and ranks 51
Original previous efficiency: 0.750103543
Original efficiency: 0.7608180259
Original ratio: 1.014284005
Knapsack previous efficiency: 0.750103543
Knapsack ratio: 1.141130364
 Final Knapsack time: 7.7044e-05

Karmarkar-Karp previous efficiency: 0.7608180259
Karmarkar-Karp ratio: 1.125060001
 Final Karmarkar-Karp time: 0.006833993

SFC previous efficiency: 0.6404924519
 Time take to run this function: 3.91e-07
SFC ratio: 1.072103535
 Final SFC time: 5.8209e-05

SFC+Knapsack previous efficiency: 0.6655896226
SFC + Knapsack ratio: 1.203721094
 Final SFC+Knapsack_Combined time: 9.3835e-05

SFC+Painter previous efficiency: 0.6661927179
SFC+painterPartition efficiency: 0.8231404969
SFC+Painter ratio: 1.235589154
 Final SFC+Painter time: 0.000125804

Painter+Knapsack previous efficiency: 0.6655896226
Painter+Knapsack ratio: 1.125780468
 Final painter+Knapsack_Combined time: 0.000151692
Run 12
File weights 51 and ranks 51
Original previous efficiency: 0.7245634937
Original efficiency: 0.8587603259
Original ratio: 1.18521059
Knapsack previous efficiency: 0.7245634937
Knapsack ratio: 1.219914469
 Final Knapsack time: 7.4779e-05

Karmarkar-Karp previous efficiency: 0.7139851629
Karmarkar-Karp ratio: 1.237988596
 Final Karmarkar-Karp time: 0.006257879

SFC previous efficiency: 0.5797607234
 Time take to run this function: 3.8e-07
SFC ratio: 1.177774428
 Final SFC time: 5.7768e-05

SFC+Knapsack previous efficiency: 0.8084493367
SFC + Knapsack ratio: 1
 Final SFC+Knapsack_Combined time: 9.4696e-05

SFC+Painter previous efficiency: 0.8192801638
SFC+painterPartition efficiency: 0.8247069941
SFC+Painter ratio: 1.006623901
 Final SFC+Painter time: 0.000122418

Painter+Knapsack previous efficiency: 0.6235629693
Painter+Knapsack ratio: 1.236262248
 Final painter+Knapsack_Combined time: 0.000153996
Run 13
File weights 51 and ranks 51
Original previous efficiency: 0.7242614243
Original efficiency: 0.8558113392
Original ratio: 1.181633193
Knapsack previous efficiency: 0.8760955024
Knapsack ratio: 1.005925373
 Final Knapsack time: 7.4509e-05

Karmarkar-Karp previous efficiency: 0.8760955024
Karmarkar-Karp ratio: 1.005925373
 Final Karmarkar-Karp time: 0.006238523

SFC previous efficiency: 0.5755306261
 Time take to run this function: 3.7e-07
SFC ratio: 1.133669998
 Final SFC time: 5.7487e-05

SFC+Knapsack previous efficiency: 0.8068453276
SFC + Knapsack ratio: 0.9554709984
 Final SFC+Knapsack_Combined time: 9.2793e-05

SFC+Painter previous efficiency: 0.8162703815
SFC+painterPartition efficiency: 0.8260191185
SFC+Painter ratio: 1.011943024
 Final SFC+Painter time: 0.000156441

Painter+Knapsack previous efficiency: 0.7709173107
Painter+Knapsack ratio: 1
 Final painter+Knapsack_Combined time: 0.000152454
Run 14
File weights 51 and ranks 51
Original previous efficiency: 0.7215069027
Original efficiency: 0.8495752323
Original ratio: 1.177501184
Knapsack previous efficiency: 0.8592116674
Knapsack ratio: 1.030066505
 Final Knapsack time: 7.557e-05

Karmarkar-Karp previous efficiency: 0.8592116674
Karmarkar-Karp ratio: 1.030066505
 Final Karmarkar-Karp time: 0.006225328

SFC previous efficiency: 0.5669680745
 Time take to run this function: 3.81e-07
SFC ratio: 1.159873902
 Final SFC time: 5.7958e-05

SFC+Knapsack previous efficiency: 0.7906588107
SFC + Knapsack ratio: 1.015695752
 Final SFC+Knapsack_Combined time: 9.3484e-05

SFC+Painter previous efficiency: 0.8097991109
SFC+painterPartition efficiency: 0.8267592832
SFC+Painter ratio: 1.020943679
 Final SFC+Painter time: 0.000125905

Painter+Knapsack previous efficiency: 0.7662839542
Painter+Knapsack ratio: 1
 Final painter+Knapsack_Combined time: 0.000162914
Run 15
File weights 51 and ranks 51
Original previous efficiency: 0.7288240203
Original efficiency: 0.848542778
Original ratio: 1.164262914
Knapsack previous efficiency: 0.8558295997
Knapsack ratio: 1.032672649
 Final Knapsack time: 7.5982e-05

Karmarkar-Karp previous efficiency: 0.8558295997
Karmarkar-Karp ratio: 1.032672649
 Final Karmarkar-Karp time: 0.006242399

SFC previous efficiency: 0.5737516607
 Time take to run this function: 3.81e-07
SFC ratio: 1.181559676
 Final SFC time: 5.6014e-05

SFC+Knapsack previous efficiency: 0.7939335073
SFC + Knapsack ratio: 0.9509322957
 Final SFC+Knapsack_Combined time: 9.2883e-05

SFC+Painter previous efficiency: 0.7998935348
SFC+painterPartition efficiency: 0.8246364047
SFC+Painter ratio: 1.030932704
 Final SFC+Painter time: 0.000126996

Painter+Knapsack previous efficiency: 0.7549770128
Painter+Knapsack ratio: 1
 Final painter+Knapsack_Combined time: 0.000151132
Run 16
File weights 51 and ranks 51
Original previous efficiency: 0.6724337315
Original efficiency: 0.8006639464
Original ratio: 1.190695691
Knapsack previous efficiency: 0.8516956725
Knapsack ratio: 1.035894694
 Final Knapsack time: 7.3637e-05

Karmarkar-Karp previous efficiency: 0.8516956725
Karmarkar-Karp ratio: 1.035894694
 Final Karmarkar-Karp time: 0.007043653

SFC previous efficiency: 0.5126417521
 Time take to run this function: 3.91e-07
SFC ratio: 1.2734202
 Final SFC time: 5.9561e-05

SFC+Knapsack previous efficiency: 0.7853813508
SFC + Knapsack ratio: 0.9627532373
 Final SFC+Knapsack_Combined time: 9.6109e-05

SFC+Painter previous efficiency: 0.7821301441
SFC+painterPartition efficiency: 0.8225624276
SFC+Painter ratio: 1.051695084
 Final SFC+Painter time: 0.000141344

Painter+Knapsack previous efficiency: 0.756128438
Painter+Knapsack ratio: 1
 Final painter+Knapsack_Combined time: 0.000152384
Run 17
File weights 51 and ranks 51
Original previous efficiency: 0.6470987825
Original efficiency: 0.8711491186
Original ratio: 1.346238228
Knapsack previous efficiency: 0.8397923385
Knapsack ratio: 1.049388803
 Final Knapsack time: 7.5701e-05

Karmarkar-Karp previous efficiency: 0.8397923385
Karmarkar-Karp ratio: 1.049388803
 Final Karmarkar-Karp time: 0.006425482

SFC previous efficiency: 0.6483271268
 Time take to run this function: 3.71e-07
SFC ratio: 1
 Final SFC time: 5.8168e-05

SFC+Knapsack previous efficiency: 0.7804138845
SFC + Knapsack ratio: 0.9985174914
 Final SFC+Knapsack_Combined time: 9.4676e-05

SFC+Painter previous efficiency: 0.7566043136
SFC+painterPartition efficiency: 0.8245920644
SFC+Painter ratio: 1.089859058
 Final SFC+Painter time: 0.000131235

Painter+Knapsack previous efficiency: 0.7633550837
Painter+Knapsack ratio: 1.020831499
 Final painter+Knapsack_Combined time: 0.000153336
Run 18
File weights 51 and ranks 51
Original previous efficiency: 0.8656698169
Original efficiency: 0.8656698169
Original ratio: 1
Knapsack previous efficiency: 0.8396412907
Knapsack ratio: 1.049140646
 Final Knapsack time: 7.4699e-05

Karmarkar-Karp previous efficiency: 0.8396412907
Karmarkar-Karp ratio: 1.049140646
 Final Karmarkar-Karp time: 0.006805008

SFC previous efficiency: 0.6449121827
 Time take to run this function: 3.81e-07
SFC ratio: 1.014663718
 Final SFC time: 5.9811e-05

SFC+Knapsack previous efficiency: 0.778078269
SFC + Knapsack ratio: 0.991120467
 Final SFC+Knapsack_Combined time: 9.6109e-05

SFC+Painter previous efficiency: 0.7663902313
SFC+painterPartition efficiency: 0.8221006683
SFC+Painter ratio: 1.072691998
 Final SFC+Painter time: 0.000128429

Painter+Knapsack previous efficiency: 0.747052169
Painter+Knapsack ratio: 1.071306407
 Final painter+Knapsack_Combined time: 0.00014993
Run 19
File weights 51 and ranks 51
Original previous efficiency: 0.8036612509
Original efficiency: 0.8036612509
Original ratio: 1
Knapsack previous efficiency: 0.7955095131
Knapsack ratio: 1.109707844
 Final Knapsack time: 7.5761e-05

Karmarkar-Karp previous efficiency: 0.7955095131
Karmarkar-Karp ratio: 1.109707844
 Final Karmarkar-Karp time: 0.006378043

SFC previous efficiency: 0.635632066
 Time take to run this function: 3.61e-07
SFC ratio: 1.015978826
 Final SFC time: 5.7608e-05

SFC+Knapsack previous efficiency: 0.748028123
SFC + Knapsack ratio: 1.012510388
 Final SFC+Knapsack_Combined time: 9.4176e-05

SFC+Painter previous efficiency: 0.7271063633
SFC+painterPartition efficiency: 0.8198543462
SFC+Painter ratio: 1.127557655
 Final SFC+Painter time: 0.000113762

Painter+Knapsack previous efficiency: 0.7358345664
Painter+Knapsack ratio: 1.058755902
 Final painter+Knapsack_Combined time: 0.00022043
Run 20
File weights 51 and ranks 51
Original previous efficiency: 0.7561760264
Original efficiency: 0.7561760264
Original ratio: 1
Knapsack previous efficiency: 0.7465540809
Knapsack ratio: 1.184716106
 Final Knapsack time: 7.7454e-05

Karmarkar-Karp previous efficiency: 0.7465540809
Karmarkar-Karp ratio: 1.184716106
 Final Karmarkar-Karp time: 0.006363616

SFC previous efficiency: 0.5941066989
 Time take to run this function: 3.709999999e-07
SFC ratio: 1.051297123
 Final SFC time: 5.6245e-05

SFC+Knapsack previous efficiency: 0.7155446365
SFC + Knapsack ratio: 0.9899129135
 Final SFC+Knapsack_Combined time: 9.3644e-05

SFC+Painter previous efficiency: 0.6389282563
SFC+painterPartition efficiency: 0.8242074712
SFC+Painter ratio: 1.289984381
 Final SFC+Painter time: 0.000127889

Painter+Knapsack previous efficiency: 0.7083268758
Painter+Knapsack ratio: 1.029536585
 Final painter+Knapsack_Combined time: 0.000151613
Run 21
File weights 51 and ranks 51
Original previous efficiency: 0.7193290766
Original efficiency: 0.8708354239
Original ratio: 1.210621748
Knapsack previous efficiency: 0.7198110419
Knapsack ratio: 1.22429577
 Final Knapsack time: 7.5901e-05

Karmarkar-Karp previous efficiency: 0.7198110419
Karmarkar-Karp ratio: 1.22429577
 Final Karmarkar-Karp time: 0.006274881

SFC previous efficiency: 0.583988646
 Time take to run this function: 3.399999999e-07
SFC ratio: 1.073952938
 Final SFC time: 5.6906e-05

SFC+Knapsack previous efficiency: 0.6857162639
SFC + Knapsack ratio: 1.068104307
 Final SFC+Knapsack_Combined time: 9.2623e-05

SFC+Painter previous efficiency: 0.7992970735
SFC+painterPartition efficiency: 0.8192860033
SFC+Painter ratio: 1.025008136
 Final SFC+Painter time: 0.000124241

Painter+Knapsack previous efficiency: 0.6871620613
Painter+Knapsack ratio: 1.016077354
 Final painter+Knapsack_Combined time: 0.000160629
Run 22
File weights 51 and ranks 51
Original previous efficiency: 0.8717737285
Original efficiency: 0.8717737285
Original ratio: 1
Knapsack previous efficiency: 0.8748812648
Knapsack ratio: 1.007634542
 Final Knapsack time: 7.7725e-05

Karmarkar-Karp previous efficiency: 0.8748812648
Karmarkar-Karp ratio: 1.007634542
 Final Karmarkar-Karp time: 0.006386158

SFC previous efficiency: 0.5813383832
 Time take to run this function: 3.710000001e-07
SFC ratio: 1.077550565
 Final SFC time: 5.7948e-05

SFC+Knapsack previous efficiency: 0.6739750522
SFC + Knapsack ratio: 1.008959871
 Final SFC+Knapsack_Combined time: 9.3223e-05

SFC+Painter previous efficiency: 0.8050287305
SFC+painterPartition efficiency: 0.8232765343
SFC+Painter ratio: 1.02266727
 Final SFC+Painter time: 0.000125263

Painter+Knapsack previous efficiency: 0.6727911048
Painter+Knapsack ratio: 1.010735393
 Final painter+Knapsack_Combined time: 0.000149138
Run 23
File weights 51 and ranks 51
Original previous efficiency: 0.8709655961
Original efficiency: 0.8709655961
Original ratio: 1
Knapsack previous efficiency: 0.8731278232
Knapsack ratio: 1.011214075
 Final Knapsack time: 7.7083e-05

Karmarkar-Karp previous efficiency: 0.8731278232
Karmarkar-Karp ratio: 1.011214075
 Final Karmarkar-Karp time: 0.006352005

SFC previous efficiency: 0.5907366213
 Time take to run this function: 3.81e-07
SFC ratio: 1.052702755
 Final SFC time: 5.952e-05

SFC+Knapsack previous efficiency: 0.6715921568
SFC + Knapsack ratio: 0.9993698183
 Final SFC+Knapsack_Combined time: 9.3144e-05

SFC+Painter previous efficiency: 0.7888558346
SFC+painterPartition efficiency: 0.8231589825
SFC+Painter ratio: 1.043484685
 Final SFC+Painter time: 0.000134701

Painter+Knapsack previous efficiency: 0.6725215286
Painter+Knapsack ratio: 0.997988768
 Final painter+Knapsack_Combined time: 0.000155319
Run 24
File weights 51 and ranks 51
Original previous efficiency: 0.8321759082
Original efficiency: 0.8321759082
Original ratio: 1
Knapsack previous efficiency: 0.8691158662
Knapsack ratio: 1.014307909
 Final Knapsack time: 7.6813e-05

Karmarkar-Karp previous efficiency: 0.8691158662
Karmarkar-Karp ratio: 1.014307909
 Final Karmarkar-Karp time: 0.006599095

SFC previous efficiency: 0.5842289374
 Time take to run this function: 3.61e-07
SFC ratio: 1.011968444
 Final SFC time: 5.8388e-05

SFC+Knapsack previous efficiency: 0.6406211435
SFC + Knapsack ratio: 1.069318116
 Final SFC+Knapsack_Combined time: 9.5889e-05

SFC+Painter previous efficiency: 0.8036962883
SFC+painterPartition efficiency: 0.821458175
SFC+Painter ratio: 1.022100247
 Final SFC+Painter time: 0.000130473

Painter+Knapsack previous efficiency: 0.6422182719
Painter+Knapsack ratio: 1.066658836
 Final painter+Knapsack_Combined time: 0.000151582
Run 25
File weights 51 and ranks 51
Original previous efficiency: 0.7897067712
Original efficiency: 0.7897067712
Original ratio: 1
Knapsack previous efficiency: 0.8647808197
Knapsack ratio: 1.021372597
 Final Knapsack time: 7.8016e-05

Karmarkar-Karp previous efficiency: 0.8647808197
Karmarkar-Karp ratio: 1.021372597
 Final Karmarkar-Karp time: 0.006482839

SFC previous efficiency: 0.5734423147
 Time take to run this function: 3.709999999e-07
SFC ratio: 0.954143166
 Final SFC time: 5.8229e-05

SFC+Knapsack previous efficiency: 0.614472818
SFC + Knapsack ratio: 1.179436706
 Final SFC+Knapsack_Combined time: 9.3354e-05

SFC+Painter previous efficiency: 0.8096455533
SFC+painterPartition efficiency: 0.8220744764
SFC+Painter ratio: 1.015351067
 Final SFC+Painter time: 0.000126055

Painter+Knapsack previous efficiency: 0.6231721697
Painter+Knapsack ratio: 1.170386185
 Final painter+Knapsack_Combined time: 0.000149098
Run 26
File weights 51 and ranks 51
Original previous efficiency: 0.7907959864
Original efficiency: 0.8725141437
Original ratio: 1.103336586
Knapsack previous efficiency: 0.8201776547
Knapsack ratio: 1.074406816
 Final Knapsack time: 7.7014e-05

Karmarkar-Karp previous efficiency: 0.8201776547
Karmarkar-Karp ratio: 1.074406816
 Final Karmarkar-Karp time: 0.006469914

SFC previous efficiency: 0.5591552373
 Time take to run this function: 3.599999999e-07
SFC ratio: 0.9525469435
 Final SFC time: 5.7577e-05

SFC+Knapsack previous efficiency: 0.6173628299
SFC + Knapsack ratio: 1.161614131
 Final SFC+Knapsack_Combined time: 9.4927e-05

SFC+Painter previous efficiency: 0.7971067918
SFC+painterPartition efficiency: 0.8239437346
SFC+Painter ratio: 1.033667939
 Final SFC+Painter time: 0.000117118

Painter+Knapsack previous efficiency: 0.6229649474
Painter+Knapsack ratio: 1.212729888
 Final painter+Knapsack_Combined time: 0.000159257
Run 27
File weights 51 and ranks 51
Original previous efficiency: 0.7899287205
Original efficiency: 0.8396413663
Original ratio: 1.062933078
Knapsack previous efficiency: 0.7994853214
Knapsack ratio: 1.104140098
 Final Knapsack time: 7.8176e-05

Karmarkar-Karp previous efficiency: 0.7994853214
Karmarkar-Karp ratio: 1.104140098
 Final Karmarkar-Karp time: 0.006528343

SFC previous efficiency: 0.5275394852
 Time take to run this function: 3.7e-07
SFC ratio: 1.253140459
 Final SFC time: 5.8128e-05

SFC+Knapsack previous efficiency: 0.6107943258
SFC + Knapsack ratio: 1.18190636
 Final SFC+Knapsack_Combined time: 9.3635e-05

SFC+Painter previous efficiency: 0.7732971574
SFC+painterPartition efficiency: 0.8175162368
SFC+Painter ratio: 1.057182519
 Final SFC+Painter time: 0.000125304

Painter+Knapsack previous efficiency: 0.7732971574
Painter+Knapsack ratio: 0.9335372455
 Final painter+Knapsack_Combined time: 0.000151292
Run 28
File weights 51 and ranks 51
Original previous efficiency: 0.7879124396
Original efficiency: 0.7952793496
Original ratio: 1.009349909
Knapsack previous efficiency: 0.7851061437
Knapsack ratio: 1.123702933
 Final Knapsack time: 7.7915e-05

Karmarkar-Karp previous efficiency: 0.7851061437
Karmarkar-Karp ratio: 1.123702933
 Final Karmarkar-Karp time: 0.006466847

SFC previous efficiency: 0.6362629382
 Time take to run this function: 3.81e-07
SFC ratio: 1.079617053
 Final SFC time: 5.881e-05

SFC+Knapsack previous efficiency: 0.6260368704
SFC + Knapsack ratio: 1.262098182
 Final SFC+Knapsack_Combined time: 9.4145e-05

SFC+Painter previous efficiency: 0.6902317146
SFC+painterPartition efficiency: 0.8167100449
SFC+Painter ratio: 1.183240393
 Final SFC+Painter time: 0.000129581

Painter+Knapsack previous efficiency: 0.6902317146
Painter+Knapsack ratio: 1.074204739
 Final painter+Knapsack_Combined time: 0.000153896
Run 29
File weights 51 and ranks 51
Original previous efficiency: 0.7487026491
Original efficiency: 0.8765679608
Original ratio: 1.170782502
Knapsack previous efficiency: 0.7602254154
Knapsack ratio: 1.162294218
 Final Knapsack time: 7.8276e-05

Karmarkar-Karp previous efficiency: 0.7602254154
Karmarkar-Karp ratio: 1.162294218
 Final Karmarkar-Karp time: 0.006422626

SFC previous efficiency: 0.6275672179
 Time take to run this function: 3.709999999e-07
SFC ratio: 1.016569181
 Final SFC time: 5.8359e-05

SFC+Knapsack previous efficiency: 0.7506414873
SFC + Knapsack ratio: 1.040739494
 Final SFC+Knapsack_Combined time: 9.4216e-05

SFC+Painter previous efficiency: 0.6379654924
SFC+painterPartition efficiency: 0.8158452529
SFC+Painter ratio: 1.278823483
 Final SFC+Painter time: 0.000126176

Painter+Knapsack previous efficiency: 0.6379654924
Painter+Knapsack ratio: 1.213154194
 Final painter+Knapsack_Combined time: 0.000153867
Run 30
File weights 51 and ranks 51
Original previous efficiency: 0.7376101191
Original efficiency: 0.8658318214
Original ratio: 1.173833979
Knapsack previous efficiency: 0.7429491552
Knapsack ratio: 1.189660933
 Final Knapsack time: 7.8607e-05

Karmarkar-Karp previous efficiency: 0.7429491552
Karmarkar-Karp ratio: 1.189660933
 Final Karmarkar-Karp time: 0.006471547

SFC previous efficiency: 0.6017151147
 Time take to run this function: 3.7e-07
SFC ratio: 1.015311142
 Final SFC time: 5.897e-05

SFC+Knapsack previous efficiency: 0.7568618396
SFC + Knapsack ratio: 1.006132923
 Final SFC+Knapsack_Combined time: 9.4075e-05

SFC+Painter previous efficiency: 0.7973893371
SFC+painterPartition efficiency: 0.8172873486
SFC+Painter ratio: 1.024953947
 Final SFC+Painter time: 0.0001286

Painter+Knapsack previous efficiency: 0.7615036153
Painter+Knapsack ratio: 1
 Final painter+Knapsack_Combined time: 0.000154278
Run 31
File weights 51 and ranks 51
Original previous efficiency: 0.7300787942
Original efficiency: 0.8520809351
Original ratio: 1.167108183
Knapsack previous efficiency: 0.7317955638
Knapsack ratio: 1.210248118
 Final Knapsack time: 7.8417e-05

Karmarkar-Karp previous efficiency: 0.7317955638
Karmarkar-Karp ratio: 1.210248118
 Final Karmarkar-Karp time: 0.006489821

SFC previous efficiency: 0.5771571481
 Time take to run this function: 3.5e-07
SFC ratio: 1.049133637
 Final SFC time: 5.8599e-05

SFC+Knapsack previous efficiency: 0.7352621748
SFC + Knapsack ratio: 0.9618936612
 Final SFC+Knapsack_Combined time: 9.4506e-05

SFC+Painter previous efficiency: 0.7836244521
SFC+painterPartition efficiency: 0.8188277232
SFC+Painter ratio: 1.044923651
 Final SFC+Painter time: 0.000128881

Painter+Knapsack previous efficiency: 0.7435172755
Painter+Knapsack ratio: 1
 Final painter+Knapsack_Combined time: 0.000153365
Run 32
File weights 51 and ranks 51
Original previous efficiency: 0.6851765456
Original efficiency: 0.8356027386
Original ratio: 1.219543699
Knapsack previous efficiency: 0.8790410785
Knapsack ratio: 1.008989029
 Final Knapsack time: 7.8527e-05

Karmarkar-Karp previous efficiency: 0.8790410785
Karmarkar-Karp ratio: 1.008989029
 Final Karmarkar-Karp time: 0.006427646

SFC previous efficiency: 0.5739351845
 Time take to run this function: 3.6e-07
SFC ratio: 0.9431174382
 Final SFC time: 5.7317e-05

SFC+Knapsack previous efficiency: 0.7154511992
SFC + Knapsack ratio: 1.033072509
 Final SFC+Knapsack_Combined time: 9.4926e-05

SFC+Painter previous efficiency: 0.7635438326
SFC+painterPartition efficiency: 0.8200505706
SFC+Painter ratio: 1.074005886
 Final SFC+Painter time: 0.000132406

Painter+Knapsack previous efficiency: 0.7199205965
Painter+Knapsack ratio: 1.049228217
 Final painter+Knapsack_Combined time: 0.000154508
Run 33
File weights 51 and ranks 51
Original previous efficiency: 0.8206966678
Original efficiency: 0.8206966678
Original ratio: 1
Knapsack previous efficiency: 0.8560399368
Knapsack ratio: 1.038430631
 Final Knapsack time: 7.8065e-05

Karmarkar-Karp previous efficiency: 0.8560399368
Karmarkar-Karp ratio: 1.038430631
 Final Karmarkar-Karp time: 0.007317604

SFC previous efficiency: 0.5609142732
 Time take to run this function: 4.51e-07
SFC ratio: 0.9426858161
 Final SFC time: 7.4258e-05

SFC+Knapsack previous efficiency: 0.6728470727
SFC + Knapsack ratio: 1.121405387
 Final SFC+Knapsack_Combined time: 9.7111e-05

SFC+Painter previous efficiency: 0.7266902464
SFC+painterPartition efficiency: 0.8193885905
SFC+Painter ratio: 1.127562389
 Final SFC+Painter time: 0.000143256

Painter+Knapsack previous efficiency: 0.6723645275
Painter+Knapsack ratio: 1.122210201
 Final painter+Knapsack_Combined time: 0.000155871
Run 34
File weights 51 and ranks 51
Original previous efficiency: 0.7894194607
Original efficiency: 0.7894194607
Original ratio: 1
Knapsack previous efficiency: 0.8279777182
Knapsack ratio: 1.079519298
 Final Knapsack time: 7.8887e-05

Karmarkar-Karp previous efficiency: 0.8279777182
Karmarkar-Karp ratio: 1.079519298
 Final Karmarkar-Karp time: 0.006552618

SFC previous efficiency: 0.5438176721
 Time take to run this function: 3.81e-07
SFC ratio: 0.95865742
 Final SFC time: 5.909e-05

SFC+Knapsack previous efficiency: 0.654867814
SFC + Knapsack ratio: 1.175095114
 Final SFC+Knapsack_Combined time: 9.651e-05

SFC+Painter previous efficiency: 0.7001079501
SFC+painterPartition efficiency: 0.8198697836
SFC+Painter ratio: 1.171061953
 Final SFC+Painter time: 0.000130954

Painter+Knapsack previous efficiency: 0.6576157734
Painter+Knapsack ratio: 1.170184779
 Final painter+Knapsack_Combined time: 0.000153245
Run 35
File weights 51 and ranks 51
Original previous efficiency: 0.7695175672
Original efficiency: 0.8795961878
Original ratio: 1.143048873
Knapsack previous efficiency: 0.802972831
Knapsack ratio: 1.116556743
 Final Knapsack time: 7.7755e-05

Karmarkar-Karp previous efficiency: 0.802972831
Karmarkar-Karp ratio: 1.116556743
 Final Karmarkar-Karp time: 0.006682449

SFC previous efficiency: 0.5407210501
 Time take to run this function: 3.81e-07
SFC ratio: 1.189342503
 Final SFC time: 6.0674e-05

SFC+Knapsack previous efficiency: 0.652419767
SFC + Knapsack ratio: 1.153369194
 Final SFC+Knapsack_Combined time: 9.64e-05

SFC+Painter previous efficiency: 0.6789131792
SFC+painterPartition efficiency: 0.8199545435
SFC+Painter ratio: 1.207745804
 Final SFC+Painter time: 0.000130824

Painter+Knapsack previous efficiency: 0.6468218014
Painter+Knapsack ratio: 1.16335111
 Final painter+Knapsack_Combined time: 0.000153656
Run 36
File weights 51 and ranks 51
Original previous efficiency: 0.7585577538
Original efficiency: 0.869244564
Original ratio: 1.145917446
Knapsack previous efficiency: 0.7967718728
Knapsack ratio: 1.126957447
 Final Knapsack time: 8.052e-05

Karmarkar-Karp previous efficiency: 0.7967718728
Karmarkar-Karp ratio: 1.126957447
 Final Karmarkar-Karp time: 0.006486345

SFC previous efficiency: 0.5262107249
 Time take to run this function: 4.01e-07
SFC ratio: 1.260106958
 Final SFC time: 5.8349e-05

SFC+Knapsack previous efficiency: 0.6468961136
SFC + Knapsack ratio: 1.184809672
 Final SFC+Knapsack_Combined time: 9.5568e-05

SFC+Painter previous efficiency: 0.7918855409
SFC+painterPartition efficiency: 0.8166947865
SFC+Painter ratio: 1.031329333
 Final SFC+Painter time: 0.000127998

Painter+Knapsack previous efficiency: 0.6198892553
Painter+Knapsack ratio: 1.238244693
 Final painter+Knapsack_Combined time: 0.000153836
Run 37
File weights 51 and ranks 51
Original previous efficiency: 0.7469224602
Original efficiency: 0.8343190732
Original ratio: 1.11700895
Knapsack previous efficiency: 0.7894119888
Knapsack ratio: 1.138304634
 Final Knapsack time: 7.9508e-05

Karmarkar-Karp previous efficiency: 0.7894119888
Karmarkar-Karp ratio: 1.138304634
 Final Karmarkar-Karp time: 0.00652097

SFC previous efficiency: 0.668083926
 Time take to run this function: 3.909999999e-07
SFC ratio: 1.009429458
 Final SFC time: 5.7927e-05

SFC+Knapsack previous efficiency: 0.6285354318
SFC + Knapsack ratio: 1.230000701
 Final SFC+Knapsack_Combined time: 9.4085e-05

SFC+Painter previous efficiency: 0.769234312
SFC+painterPartition efficiency: 0.8098111483
SFC+Painter ratio: 1.052749644
 Final SFC+Painter time: 0.000128319

Painter+Knapsack previous efficiency: 0.7557124081
Painter+Knapsack ratio: 0.9705069536
 Final painter+Knapsack_Combined time: 0.000152444
Run 38
File weights 51 and ranks 51
Original previous efficiency: 0.7467383565
Original efficiency: 0.8082108061
Original ratio: 1.08232127
Knapsack previous efficiency: 0.7651034354
Knapsack ratio: 1.18082307
 Final Knapsack time: 7.9428e-05

Karmarkar-Karp previous efficiency: 0.7651034354
Karmarkar-Karp ratio: 1.18082307
 Final Karmarkar-Karp time: 0.006443806

SFC previous efficiency: 0.6605281347
 Time take to run this function: 3.709999999e-07
SFC ratio: 0.9112448452
 Final SFC time: 5.8559e-05

SFC+Knapsack previous efficiency: 0.7738746149
SFC + Knapsack ratio: 0.9567173626
 Final SFC+Knapsack_Combined time: 9.3525e-05

SFC+Painter previous efficiency: 0.7335598993
SFC+painterPartition efficiency: 0.7986496827
SFC+Painter ratio: 1.088731382
 Final SFC+Painter time: 0.00014495

Painter+Knapsack previous efficiency: 0.7527123723
Painter+Knapsack ratio: 0.9156067386
 Final painter+Knapsack_Combined time: 0.000153446
Run 39
File weights 51 and ranks 51
Original previous efficiency: 0.74419315
Original efficiency: 0.8834237915
Original ratio: 1.187089389
Knapsack previous efficiency: 0.7312044088
Knapsack ratio: 1.2322634
 Final Knapsack time: 7.9188e-05

Karmarkar-Karp previous efficiency: 0.7312044088
Karmarkar-Karp ratio: 1.2322634
 Final Karmarkar-Karp time: 0.006485533

SFC previous efficiency: 0.6622025439
 Time take to run this function: 3.810000001e-07
SFC ratio: 0.9200491212
 Final SFC time: 5.7918e-05

SFC+Knapsack previous efficiency: 0.7529122065
SFC + Knapsack ratio: 1.001829734
 Final SFC+Knapsack_Combined time: 9.5208e-05

SFC+Painter previous efficiency: 0.6995932457
SFC+painterPartition efficiency: 0.7911480521
SFC+Painter ratio: 1.130868625
 Final SFC+Painter time: 0.000119833

Painter+Knapsack previous efficiency: 0.7520106118
Painter+Knapsack ratio: 0.8917195524
 Final painter+Knapsack_Combined time: 0.000153656
Run 40
File weights 51 and ranks 51
Original previous efficiency: 0.732990532
Original efficiency: 0.8558067139
Original ratio: 1.167554936
Knapsack previous efficiency: 0.8927583651
Knapsack ratio: 1.008151941
 Final Knapsack time: 8.4598e-05

Karmarkar-Karp previous efficiency: 0.8927583651
Karmarkar-Karp ratio: 1.008151941
 Final Karmarkar-Karp time: 0.006480884

SFC previous efficiency: 0.6488301957
 Time take to run this function: 3.700000001e-07
SFC ratio: 0.8853812515
 Final SFC time: 5.7357e-05

SFC+Knapsack previous efficiency: 0.7079532846
SFC + Knapsack ratio: 1.05132629
 Final SFC+Knapsack_Combined time: 9.4646e-05

SFC+Painter previous efficiency: 0.6488301957
SFC+painterPartition efficiency: 0.7840748444
SFC+Painter ratio: 1.208443827
 Final SFC+Painter time: 0.000110616

Painter+Knapsack previous efficiency: 0.7079532846
Painter+Knapsack ratio: 0.9969387518
 Final painter+Knapsack_Combined time: 0.000154237
Run 41
File weights 51 and ranks 51
Original previous efficiency: 0.7312022422
Original efficiency: 0.8390550893
Original ratio: 1.147500706
Knapsack previous efficiency: 0.8863983034
Knapsack ratio: 1.015042441
 Final Knapsack time: 7.9287e-05

Karmarkar-Karp previous efficiency: 0.8863983034
Karmarkar-Karp ratio: 1.015042441
 Final Karmarkar-Karp time: 0.006509678

SFC previous efficiency: 0.6116029008
 Time take to run this function: 3.61e-07
SFC ratio: 1.004520347
 Final SFC time: 5.8239e-05

SFC+Knapsack previous efficiency: 0.6625329236
SFC + Knapsack ratio: 1.124110172
 Final SFC+Knapsack_Combined time: 9.2843e-05

SFC+Painter previous efficiency: 0.7785997834
SFC+painterPartition efficiency: 0.7843666253
SFC+Painter ratio: 1.007406683
 Final SFC+Painter time: 0.000111778

Painter+Knapsack previous efficiency: 0.6625329236
Painter+Knapsack ratio: 1.089342688
 Final painter+Knapsack_Combined time: 0.000153726
Run 42
File weights 51 and ranks 51
Original previous efficiency: 0.7245817849
Original efficiency: 0.8354803575
Original ratio: 1.153051836
Knapsack previous efficiency: 0.8675339597
Knapsack ratio: 1.035887987
 Final Knapsack time: 7.9198e-05

Karmarkar-Karp previous efficiency: 0.8675339597
Karmarkar-Karp ratio: 1.035887987
 Final Karmarkar-Karp time: 0.006488007

SFC previous efficiency: 0.5893546706
 Time take to run this function: 3.81e-07
SFC ratio: 1.053823184
 Final SFC time: 5.7297e-05

SFC+Knapsack previous efficiency: 0.6274122303
SFC + Knapsack ratio: 1.154654589
 Final SFC+Knapsack_Combined time: 9.3334e-05

SFC+Painter previous efficiency: 0.7811987287
SFC+painterPartition efficiency: 0.7897347452
SFC+Painter ratio: 1.010926818
 Final SFC+Painter time: 0.000125564

Painter+Knapsack previous efficiency: 0.6274122303
Painter+Knapsack ratio: 1.154654589
 Final painter+Knapsack_Combined time: 0.000147815
Run 43
File weights 51 and ranks 51
Original previous efficiency: 0.7178669622
Original efficiency: 0.8358952874
Original ratio: 1.164415319
Knapsack previous efficiency: 0.8510679284
Knapsack ratio: 1.056449375
 Final Knapsack time: 7.9068e-05

Karmarkar-Karp previous efficiency: 0.8510679284
Karmarkar-Karp ratio: 1.056449375
 Final Karmarkar-Karp time: 0.006706495

SFC previous efficiency: 0.5733181322
 Time take to run this function: 1.353e-06
SFC ratio: 1.039322064
 Final SFC time: 0.000121586

SFC+Knapsack previous efficiency: 0.5958621845
SFC + Knapsack ratio: 1.218811477
 Final SFC+Knapsack_Combined time: 9.68e-05

SFC+Painter previous efficiency: 0.7838554818
SFC+painterPartition efficiency: 0.7863369604
SFC+Painter ratio: 1.003165735
 Final SFC+Painter time: 0.000173803

Painter+Knapsack previous efficiency: 0.5958621845
Painter+Knapsack ratio: 1.19015697
 Final painter+Knapsack_Combined time: 0.000206285
Run 44
File weights 51 and ranks 51
Original previous efficiency: 0.6833063222
Original efficiency: 0.8326921445
Original ratio: 1.21862204
Knapsack previous efficiency: 0.8339723575
Knapsack ratio: 1.086389272
 Final Knapsack time: 8.4026e-05

Karmarkar-Karp previous efficiency: 0.8339723575
Karmarkar-Karp ratio: 1.086389272
 Final Karmarkar-Karp time: 0.00679532

SFC previous efficiency: 0.5711648731
 Time take to run this function: 3.81e-07
SFC ratio: 1.102988833
 Final SFC time: 6.0242e-05

SFC+Knapsack previous efficiency: 0.7309070119
SFC + Knapsack ratio: 1
 Final SFC+Knapsack_Combined time: 0.000108692

SFC+Painter previous efficiency: 0.7378219513
SFC+painterPartition efficiency: 0.7826560526
SFC+Painter ratio: 1.060765475
 Final SFC+Painter time: 0.000122127

Painter+Knapsack previous efficiency: 0.5742527522
Painter+Knapsack ratio: 1.272796707
 Final painter+Knapsack_Combined time: 0.000154318
Run 45
File weights 51 and ranks 51
Original previous efficiency: 0.7977461981
Original efficiency: 0.7977461981
Original ratio: 1
Knapsack previous efficiency: 0.8196195374
Knapsack ratio: 1.104562883
 Final Knapsack time: 8.058e-05

Karmarkar-Karp previous efficiency: 0.8196195374
Karmarkar-Karp ratio: 1.104562883
 Final Karmarkar-Karp time: 0.006538381

SFC previous efficiency: 0.5773282283
 Time take to run this function: 3.6e-07
SFC ratio: 1.094958926
 Final SFC time: 5.8829e-05

SFC+Knapsack previous efficiency: 0.7346870478
SFC + Knapsack ratio: 1
 Final SFC+Knapsack_Combined time: 9.5127e-05

SFC+Painter previous efficiency: 0.6998705188
SFC+painterPartition efficiency: 0.7851870441
SFC+Painter ratio: 1.121903299
 Final SFC+Painter time: 0.000127177

Painter+Knapsack previous efficiency: 0.7346870478
Painter+Knapsack ratio: 1
 Final painter+Knapsack_Combined time: 0.000150711
Run 46
File weights 51 and ranks 51
Original previous efficiency: 0.8153093228
Original efficiency: 0.8974407732
Original ratio: 1.100736553
Knapsack previous efficiency: 0.781427074
Knapsack ratio: 1.159258557
 Final Knapsack time: 8.1472e-05

Karmarkar-Karp previous efficiency: 0.781427074
Karmarkar-Karp ratio: 1.159258557
 Final Karmarkar-Karp time: 0.00765937

SFC previous efficiency: 0.5877128764
 Time take to run this function: 3.909999999e-07
SFC ratio: 1.045699292
 Final SFC time: 6.0893e-05

SFC+Knapsack previous efficiency: 0.7251746063
SFC + Knapsack ratio: 0.9311869434
 Final SFC+Knapsack_Combined time: 0.000107099

SFC+Painter previous efficiency: 0.6488919567
SFC+painterPartition efficiency: 0.7873439484
SFC+Painter ratio: 1.213366787
 Final SFC+Painter time: 0.000129591

Painter+Knapsack previous efficiency: 0.7260995864
Painter+Knapsack ratio: 1.035311084
 Final painter+Knapsack_Combined time: 0.000165308
Run 47
File weights 51 and ranks 51
Original previous efficiency: 0.7870440715
Original efficiency: 0.8814515065
Original ratio: 1.119951904
Knapsack previous efficiency: 0.7428968764
Knapsack ratio: 1.219732192
 Final Knapsack time: 9.2763e-05

Karmarkar-Karp previous efficiency: 0.7428968764
Karmarkar-Karp ratio: 1.219732192
 Final Karmarkar-Karp time: 0.00693497

SFC previous efficiency: 0.5941641734
 Time take to run this function: 3.6e-07
SFC ratio: 0.980825001
 Final SFC time: 6.2747e-05

SFC+Knapsack previous efficiency: 0.6857778004
SFC + Knapsack ratio: 1.027063883
 Final SFC+Knapsack_Combined time: 9.6499e-05

SFC+Painter previous efficiency: 0.7643759213
SFC+painterPartition efficiency: 0.7745538512
SFC+Painter ratio: 1.013315346
 Final SFC+Painter time: 0.000202096

Painter+Knapsack previous efficiency: 0.7063524052
Painter+Knapsack ratio: 1.064170598
 Final painter+Knapsack_Combined time: 0.000158245
Run 48
File weights 51 and ranks 51
Original previous efficiency: 0.7527822154
Original efficiency: 0.8510835815
Original ratio: 1.130584071
Knapsack previous efficiency: 0.894069682
Knapsack ratio: 1.007002736
 Final Knapsack time: 8.1462e-05

Karmarkar-Karp previous efficiency: 0.894069682
Karmarkar-Karp ratio: 1.007002736
 Final Karmarkar-Karp time: 0.006821449

SFC previous efficiency: 0.5604704648
 Time take to run this function: 3.599999999e-07
SFC ratio: 1.076201588
 Final SFC time: 5.9981e-05

SFC+Knapsack previous efficiency: 0.6475577369
SFC + Knapsack ratio: 1.128814901
 Final SFC+Knapsack_Combined time: 9.5077e-05

SFC+Painter previous efficiency: 0.7251950596
SFC+painterPartition efficiency: 0.7751770355
SFC+Painter ratio: 1.068922113
 Final SFC+Painter time: 0.000131785

Painter+Knapsack previous efficiency: 0.682393017
Painter+Knapsack ratio: 1.086050516
 Final painter+Knapsack_Combined time: 0.000155861
Run 49
File weights 51 and ranks 51
Original previous efficiency: 0.7397250868
Original efficiency: 0.8360306321
Original ratio: 1.130190995
Knapsack previous efficiency: 0.881001175
Knapsack ratio: 1.022253913
 Final Knapsack time: 8.1201e-05

Karmarkar-Karp previous efficiency: 0.881001175
Karmarkar-Karp ratio: 1.022253913
 Final Karmarkar-Karp time: 0.006499219

SFC previous efficiency: 0.5493094817
 Time take to run this function: 4.01e-07
SFC ratio: 1.155379503
 Final SFC time: 5.891e-05

SFC+Knapsack previous efficiency: 0.6228736886
SFC + Knapsack ratio: 1.183937463
 Final SFC+Knapsack_Combined time: 9.4656e-05

SFC+Painter previous efficiency: 0.680649469
SFC+painterPartition efficiency: 0.7667934257
SFC+Painter ratio: 1.12656141
 Final SFC+Painter time: 0.00012856

Painter+Knapsack previous efficiency: 0.670396907
Painter+Knapsack ratio: 1.100010288
 Final painter+Knapsack_Combined time: 0.000153236
Run 50
File weights 51 and ranks 51
Original previous efficiency: 0.7377528146
Original efficiency: 0.8169389791
Original ratio: 1.107334276
Knapsack previous efficiency: 0.8730545254
Knapsack ratio: 1.034618104
 Final Knapsack time: 8.1572e-05

Karmarkar-Karp previous efficiency: 0.8730545254
Karmarkar-Karp ratio: 1.034618104
 Final Karmarkar-Karp time: 0.006511462

SFC previous efficiency: 0.5421447882
 Time take to run this function: 3.61e-07
SFC ratio: 1.195938802
 Final SFC time: 5.909e-05

SFC+Knapsack previous efficiency: 0.6054424658
SFC + Knapsack ratio: 1.212340359
 Final SFC+Knapsack_Combined time: 9.4136e-05

SFC+Painter previous efficiency: 0.6441054006
SFC+painterPartition efficiency: 0.784499602
SFC+Painter ratio: 1.217967745
 Final SFC+Painter time: 0.000125273

Painter+Knapsack previous efficiency: 0.6492957304
Painter+Knapsack ratio: 1.135849841
 Final painter+Knapsack_Combined time: 0.000149729


TinyProfiler total time across processes [min...avg...max]: 0.589 ... 0.589 ... 0.589

-------------------------------------------------------------------------------------
Name                                  NCalls  Excl. Min  Excl. Avg  Excl. Max   Max %
-------------------------------------------------------------------------------------
kk()                                      51     0.3311     0.3311     0.3311  56.21%
painterPartition()                       102    0.01057    0.01057    0.01057   1.79%
knapsack()                              2499    0.00659    0.00659    0.00659   1.12%
SFCProcessorMapDoIt()                     51   0.002332   0.002332   0.002332   0.40%
SFCProcessorMapDoItCombined()             51   0.002223   0.002223   0.002223   0.38%
Distribute()                             102   0.001582   0.001582   0.001582   0.27%
SFCProcessorMapDoItCombinedPainter()      51   0.001241   0.001241   0.001241   0.21%
KKDoIt()                                  51  0.0006472  0.0006472  0.0006472   0.11%
KnapSackDoIt()                            51  0.0005902  0.0005902  0.0005902   0.10%
knapsack()swap                          1594  0.0001613  0.0001613  0.0001613   0.03%
-------------------------------------------------------------------------------------

-------------------------------------------------------------------------------------
Name                                  NCalls  Incl. Min  Incl. Avg  Incl. Max   Max %
-------------------------------------------------------------------------------------
KKDoIt()                                  51     0.3318     0.3318     0.3318  56.32%
kk()                                      51     0.3311     0.3311     0.3311  56.21%
painterPartition()                       102    0.01057    0.01057    0.01057   1.79%
SFCProcessorMapDoItCombinedPainter()      51   0.007385   0.007385   0.007385   1.25%
knapsack()                              2499   0.006751   0.006751   0.006751   1.15%
SFCProcessorMapDoItCombined()             51   0.004417   0.004417   0.004417   0.75%
SFCProcessorMapDoIt()                     51   0.003644   0.003644   0.003644   0.62%
KnapSackDoIt()                            51   0.003594   0.003594   0.003594   0.61%
Distribute()                             102   0.001582   0.001582   0.001582   0.27%
knapsack()swap                          1594  0.0001613  0.0001613  0.0001613   0.03%
-------------------------------------------------------------------------------------

Pinned Memory Usage:
---------------------------------------------------------------
Name                            Nalloc  Nfree  AvgMem    MaxMem
---------------------------------------------------------------
The_Pinned_Arena::Initialize()       1      1  43 KiB  8192 KiB
---------------------------------------------------------------

AMReX (25.06-22-g1d307c2c661a) finalized
