Initializing AMReX (25.06-22-g1d307c2c661a)...
OMP initialized with 256 OMP threads
AMReX (25.06-22-g1d307c2c661a) initialized
Starting running input_laser_ion running with 2 nodes and 4 ranks per node.
Total steps: 5000, intervals: 100 = 50 runs
Reading precomputed weights and ranks from file: /global/homes/j/jessd/lb_extractor/lb_inputs/imp_50/laser_ion_smaller_4_boxes_8_ranks_50_lb_data.txt
/global/homes/j/jessd/lb_extractor/lb_inputs/imp_50/laser_ion_smaller_4_boxes_8_ranks_50_lb_data.txt
Run 0: Weights size: 48
Run 1: Weights size: 48
Run 2: Weights size: 48
Run 3: Weights size: 48
Run 4: Weights size: 48
Run 5: Weights size: 48
Run 6: Weights size: 48
Run 7: Weights size: 48
Run 8: Weights size: 48
Run 9: Weights size: 48
Run 10: Weights size: 48
Run 11: Weights size: 48
Run 12: Weights size: 48
Run 13: Weights size: 48
Run 14: Weights size: 48
Run 15: Weights size: 48
Run 16: Weights size: 48
Run 17: Weights size: 48
Run 18: Weights size: 48
Run 19: Weights size: 48
Run 20: Weights size: 48
Run 21: Weights size: 48
Run 22: Weights size: 48
Run 23: Weights size: 48
Run 24: Weights size: 48
Run 25: Weights size: 48
Run 26: Weights size: 48
Run 27: Weights size: 48
Run 28: Weights size: 48
Run 29: Weights size: 48
Run 30: Weights size: 48
Run 31: Weights size: 48
Run 32: Weights size: 48
Run 33: Weights size: 48
Run 34: Weights size: 48
Run 35: Weights size: 48
Run 36: Weights size: 48
Run 37: Weights size: 48
Run 38: Weights size: 48
Run 39: Weights size: 48
Run 40: Weights size: 48
Run 41: Weights size: 48
Run 42: Weights size: 48
Run 43: Weights size: 48
Run 44: Weights size: 48
Run 45: Weights size: 48
Run 46: Weights size: 48
Run 47: Weights size: 48
Run 48: Weights size: 48
Run 49: Weights size: 48
Run 50: Weights size: 48
Run 0
File weights 51 and ranks 51
Original efficiency: 0.3186647986
Original ratio: inf
Knapsack ratio: inf
 Final Knapsack time: 4.0856e-05

Karmarkar-Karp ratio: inf
 Final Karmarkar-Karp time: 0.00011283

 Time take to run this function: 4.81e-07
SFC ratio: inf
 Final SFC time: 3.23e-05

SFC + Knapsack ratio: inf
 Final SFC+Knapsack_Combined time: 2.9986e-05

SFC+painterPartition efficiency: 0.8118243548
SFC+Painter ratio: inf
 Final SFC+Painter time: 4.1607e-05

Painter+Knapsack ratio: inf
 Final painter+Knapsack_Combined time: 2.6279e-05
Run 1
File weights 51 and ranks 51
Original previous efficiency: 0.3184924937
Original efficiency: 0.3184924937
Original ratio: 1
Knapsack previous efficiency: 0.9717151628
Knapsack ratio: 1.000471826
 Final Knapsack time: 1.5189e-05

Karmarkar-Karp previous efficiency: 0.971629925
Karmarkar-Karp ratio: 1.000559594
 Final Karmarkar-Karp time: 8.569e-05

SFC previous efficiency: 0.7386215348
 Time take to run this function: 3.31e-07
SFC ratio: 1
 Final SFC time: 1.7813e-05

SFC+Knapsack previous efficiency: 0.8511415532
SFC + Knapsack ratio: 1.000798191
 Final SFC+Knapsack_Combined time: 1.7132e-05

SFC+Painter previous efficiency: 0.8114321269
SFC+painterPartition efficiency: 0.8114321269
SFC+Painter ratio: 1
 Final SFC+Painter time: 2.6118e-05

Painter+Knapsack previous efficiency: 0.8511415532
Painter+Knapsack ratio: 1.000798191
 Final painter+Knapsack_Combined time: 1.9556e-05
Run 2
File weights 51 and ranks 51
Original previous efficiency: 0.3178943502
Original efficiency: 0.9735981106
Original ratio: 3.062646788
Knapsack previous efficiency: 0.9703069001
Knapsack ratio: 1.00371656
 Final Knapsack time: 1.1471e-05

Karmarkar-Karp previous efficiency: 0.9706197669
Karmarkar-Karp ratio: 1.003393025
 Final Karmarkar-Karp time: 7.8045e-05

SFC previous efficiency: 0.7371981607
 Time take to run this function: 2.9e-07
SFC ratio: 1
 Final SFC time: 1.6751e-05

SFC+Knapsack previous efficiency: 0.8544057025
SFC + Knapsack ratio: 1.004350581
 Final SFC+Knapsack_Combined time: 1.4848e-05

SFC+Painter previous efficiency: 0.8096345988
SFC+painterPartition efficiency: 0.8096345988
SFC+Painter ratio: 1
 Final SFC+Painter time: 2.0157e-05

Painter+Knapsack previous efficiency: 0.8544057025
Painter+Knapsack ratio: 1.004350581
 Final painter+Knapsack_Combined time: 1.7893e-05
Run 3
File weights 51 and ranks 51
Original previous efficiency: 0.973195089
Original efficiency: 0.973195089
Original ratio: 1
Knapsack previous efficiency: 0.9677874728
Knapsack ratio: 1.007690639
 Final Knapsack time: 1.089e-05

Karmarkar-Karp previous efficiency: 0.9719392191
Karmarkar-Karp ratio: 1.003386177
 Final Karmarkar-Karp time: 7.3717e-05

SFC previous efficiency: 0.7353455493
 Time take to run this function: 2.9e-07
SFC ratio: 1
 Final SFC time: 1.609e-05

SFC+Knapsack previous efficiency: 0.8586457258
SFC + Knapsack ratio: 1.00810968
 Final SFC+Knapsack_Combined time: 1.4396e-05

SFC+Painter previous efficiency: 0.8073245844
SFC+painterPartition efficiency: 0.8073245844
SFC+Painter ratio: 1
 Final SFC+Painter time: 1.9346e-05

Painter+Knapsack previous efficiency: 0.8586457258
Painter+Knapsack ratio: 1.00810968
 Final painter+Knapsack_Combined time: 1.6771e-05
Run 4
File weights 51 and ranks 51
Original previous efficiency: 0.9731499685
Original efficiency: 0.9731499685
Original ratio: 1
Knapsack previous efficiency: 0.9624808971
Knapsack ratio: 1.013424944
 Final Knapsack time: 1.037e-05

Karmarkar-Karp previous efficiency: 0.9626204025
Karmarkar-Karp ratio: 1.013278076
 Final Karmarkar-Karp time: 7.7294e-05

SFC previous efficiency: 0.7324777315
 Time take to run this function: 2.9e-07
SFC ratio: 1
 Final SFC time: 1.6561e-05

SFC+Knapsack previous efficiency: 0.870599051
SFC + Knapsack ratio: 1.000131105
 Final SFC+Knapsack_Combined time: 1.4477e-05

SFC+Painter previous efficiency: 0.8038688729
SFC+painterPartition efficiency: 0.8056416475
SFC+Painter ratio: 1.002205303
 Final SFC+Painter time: 1.9817e-05

Painter+Knapsack previous efficiency: 0.870599051
Painter+Knapsack ratio: 1.000131105
 Final painter+Knapsack_Combined time: 1.6821e-05
Run 5
File weights 51 and ranks 51
Original previous efficiency: 0.9613547067
Original efficiency: 0.9613547067
Original ratio: 1
Knapsack previous efficiency: 0.952597314
Knapsack ratio: 1.040713204
 Final Knapsack time: 1.064e-05

Karmarkar-Karp previous efficiency: 0.9670758833
Karmarkar-Karp ratio: 1.025132174
 Final Karmarkar-Karp time: 8.4768e-05

SFC previous efficiency: 0.7252380753
 Time take to run this function: 3.01e-07
SFC ratio: 0.9557136802
 Final SFC time: 1.6551e-05

SFC+Knapsack previous efficiency: 0.8760988892
SFC + Knapsack ratio: 1.025808973
 Final SFC+Knapsack_Combined time: 1.4077e-05

SFC+Painter previous efficiency: 0.7956094461
SFC+painterPartition efficiency: 0.8193613656
SFC+Painter ratio: 1.029853742
 Final SFC+Painter time: 1.9737e-05

Painter+Knapsack previous efficiency: 0.8760988892
Painter+Knapsack ratio: 1.025808973
 Final painter+Knapsack_Combined time: 1.6912e-05
Run 6
File weights 51 and ranks 51
Original previous efficiency: 0.9587740407
Original efficiency: 0.9587740407
Original ratio: 1
Knapsack previous efficiency: 0.9463249612
Knapsack ratio: 1.045828393
 Final Knapsack time: 1.1381e-05

Karmarkar-Karp previous efficiency: 0.9709600411
Karmarkar-Karp ratio: 1.019293763
 Final Karmarkar-Karp time: 7.5691e-05

SFC previous efficiency: 0.7233062383
 Time take to run this function: 2.91e-07
SFC ratio: 0.9587723354
 Final SFC time: 1.7233e-05

SFC+Knapsack previous efficiency: 0.8704316807
SFC + Knapsack ratio: 1.043102785
 Final SFC+Knapsack_Combined time: 1.4707e-05

SFC+Painter previous efficiency: 0.7933974793
SFC+painterPartition efficiency: 0.8191510199
SFC+Painter ratio: 1.032459821
 Final SFC+Painter time: 2.1179e-05

Painter+Knapsack previous efficiency: 0.8704316807
Painter+Knapsack ratio: 1.043102785
 Final painter+Knapsack_Combined time: 1.7022e-05
Run 7
File weights 51 and ranks 51
Original previous efficiency: 0.9531928678
Original efficiency: 0.9531928678
Original ratio: 1
Knapsack previous efficiency: 0.9440511032
Knapsack ratio: 1.046033603
 Final Knapsack time: 1.1121e-05

Karmarkar-Karp previous efficiency: 0.9785724773
Karmarkar-Karp ratio: 1.009132384
 Final Karmarkar-Karp time: 8.0029e-05

SFC previous efficiency: 0.719960266
 Time take to run this function: 3.31e-07
SFC ratio: 0.9688391428
 Final SFC time: 1.7934e-05

SFC+Knapsack previous efficiency: 0.8686308349
SFC + Knapsack ratio: 1.054933456
 Final SFC+Knapsack_Combined time: 1.4938e-05

SFC+Painter previous efficiency: 0.7894661852
SFC+painterPartition efficiency: 0.818927452
SFC+Painter ratio: 1.037317959
 Final SFC+Painter time: 2.0168e-05

Painter+Knapsack previous efficiency: 0.8686308349
Painter+Knapsack ratio: 1.054933456
 Final painter+Knapsack_Combined time: 1.7061e-05
Run 8
File weights 51 and ranks 51
Original previous efficiency: 0.9537892523
Original efficiency: 0.9537892523
Original ratio: 1
Knapsack previous efficiency: 0.9409188957
Knapsack ratio: 1.048456936
 Final Knapsack time: 1.065e-05

Karmarkar-Karp previous efficiency: 0.9771079579
Karmarkar-Karp ratio: 1.009625328
 Final Karmarkar-Karp time: 7.6172e-05

SFC previous efficiency: 0.7206642547
 Time take to run this function: 2.8e-07
SFC ratio: 0.9665598845
 Final SFC time: 1.7933e-05

SFC+Knapsack previous efficiency: 0.8645244223
SFC + Knapsack ratio: 1.064679672
 Final SFC+Knapsack_Combined time: 1.4427e-05

SFC+Painter previous efficiency: 0.7903601539
SFC+painterPartition efficiency: 0.8194892484
SFC+Painter ratio: 1.036855469
 Final SFC+Painter time: 3.0356e-05

Painter+Knapsack previous efficiency: 0.8645244223
Painter+Knapsack ratio: 1.064679672
 Final painter+Knapsack_Combined time: 1.7423e-05
Run 9
File weights 51 and ranks 51
Original previous efficiency: 0.9288668316
Original efficiency: 0.9288668316
Original ratio: 1
Knapsack previous efficiency: 0.9447345591
Knapsack ratio: 1.025019203
 Final Knapsack time: 1.1352e-05

Karmarkar-Karp previous efficiency: 0.9607205098
Karmarkar-Karp ratio: 1.007963351
 Final Karmarkar-Karp time: 7.4118e-05

SFC previous efficiency: 0.7192162506
 Time take to run this function: 2.8e-07
SFC ratio: 0.9921935466
 Final SFC time: 1.7192e-05

SFC+Knapsack previous efficiency: 0.8635508852
SFC + Knapsack ratio: 1.07590304
 Final SFC+Knapsack_Combined time: 1.5489e-05

SFC+Painter previous efficiency: 0.7886727275
SFC+painterPartition efficiency: 0.8105835112
SFC+Painter ratio: 1.027781845
 Final SFC+Painter time: 2.0087e-05

Painter+Knapsack previous efficiency: 0.8635508852
Painter+Knapsack ratio: 1.07590304
 Final painter+Knapsack_Combined time: 1.7122e-05
Run 10
File weights 51 and ranks 51
Original previous efficiency: 0.9048994917
Original efficiency: 0.9048994917
Original ratio: 1
Knapsack previous efficiency: 0.9336271894
Knapsack ratio: 1.025133825
 Final Knapsack time: 1.3004e-05

Karmarkar-Karp previous efficiency: 0.9351254946
Karmarkar-Karp ratio: 1.023491304
 Final Karmarkar-Karp time: 7.8386e-05

SFC previous efficiency: 0.7179424356
 Time take to run this function: 3.21e-07
SFC ratio: 0.9922018972
 Final SFC time: 1.6841e-05

SFC+Knapsack previous efficiency: 0.8629505856
SFC + Knapsack ratio: 1.094004891
 Final SFC+Knapsack_Combined time: 1.4808e-05

SFC+Painter previous efficiency: 0.7871295094
SFC+painterPartition efficiency: 0.7871295094
SFC+Painter ratio: 1
 Final SFC+Painter time: 2.0167e-05

Painter+Knapsack previous efficiency: 0.8629505856
Painter+Knapsack ratio: 1.094004891
 Final painter+Knapsack_Combined time: 2.0879e-05
Run 11
File weights 51 and ranks 51
Original previous efficiency: 0.9003850518
Original efficiency: 0.9003850518
Original ratio: 1
Knapsack previous efficiency: 0.9287814041
Knapsack ratio: 1.029543629
 Final Knapsack time: 1.8464e-05

Karmarkar-Karp previous efficiency: 0.930337474
Karmarkar-Karp ratio: 1.027821628
 Final Karmarkar-Karp time: 8.638e-05

SFC previous efficiency: 0.7183683204
 Time take to run this function: 5.92e-07
SFC ratio: 0.9921892337
 Final SFC time: 2.66e-05

SFC+Knapsack previous efficiency: 0.8604093304
SFC + Knapsack ratio: 1.089609314
 Final SFC+Knapsack_Combined time: 2.4435e-05

SFC+Painter previous efficiency: 0.7876629649
SFC+painterPartition efficiency: 0.7876629649
SFC+Painter ratio: 1
 Final SFC+Painter time: 2.103e-05

Painter+Knapsack previous efficiency: 0.8604093304
Painter+Knapsack ratio: 1.089609314
 Final painter+Knapsack_Combined time: 1.7632e-05
Run 12
File weights 51 and ranks 51
Original previous efficiency: 0.8968768832
Original efficiency: 0.8968768832
Original ratio: 1
Knapsack previous efficiency: 0.9250429802
Knapsack ratio: 1.032342342
 Final Knapsack time: 1.118e-05

Karmarkar-Karp previous efficiency: 0.9266326274
Karmarkar-Karp ratio: 1.030571349
 Final Karmarkar-Karp time: 8.0049e-05

SFC previous efficiency: 0.7124958591
 Time take to run this function: 3.2e-07
SFC ratio: 0.992242543
 Final SFC time: 1.6902e-05

SFC+Knapsack previous efficiency: 0.8713096626
SFC + Knapsack ratio: 1.071664995
 Final SFC+Knapsack_Combined time: 1.4367e-05

SFC+Painter previous efficiency: 0.7806498546
SFC+painterPartition efficiency: 0.7806498546
SFC+Painter ratio: 1
 Final SFC+Painter time: 1.9406e-05

Painter+Knapsack previous efficiency: 0.8713096626
Painter+Knapsack ratio: 1.071664995
 Final painter+Knapsack_Combined time: 1.6952e-05
Run 13
File weights 51 and ranks 51
Original previous efficiency: 0.8936863944
Original efficiency: 0.8936863944
Original ratio: 1
Knapsack previous efficiency: 0.9216302851
Knapsack ratio: 1.033873704
 Final Knapsack time: 1.066e-05

Karmarkar-Karp previous efficiency: 0.9232670512
Karmarkar-Karp ratio: 1.032040855
 Final Karmarkar-Karp time: 7.8186e-05

SFC previous efficiency: 0.707778486
 Time take to run this function: 2.9e-07
SFC ratio: 0.9922835547
 Final SFC time: 2.7462e-05

SFC+Knapsack previous efficiency: 0.8811633284
SFC + Knapsack ratio: 1.055798631
 Final SFC+Knapsack_Combined time: 1.4147e-05

SFC+Painter previous efficiency: 0.7749934254
SFC+painterPartition efficiency: 0.7749934254
SFC+Painter ratio: 1
 Final SFC+Painter time: 1.9747e-05

Painter+Knapsack previous efficiency: 0.8811633284
Painter+Knapsack ratio: 1.055798631
 Final painter+Knapsack_Combined time: 1.641e-05
Run 14
File weights 51 and ranks 51
Original previous efficiency: 0.8895551226
Original efficiency: 0.8895551226
Original ratio: 1
Knapsack previous efficiency: 0.9172655204
Knapsack ratio: 1.033474278
 Final Knapsack time: 1.092e-05

Karmarkar-Karp previous efficiency: 0.9189554318
Karmarkar-Karp ratio: 1.031573772
 Final Karmarkar-Karp time: 8.7864e-05

SFC previous efficiency: 0.7114842431
 Time take to run this function: 3.4e-07
SFC ratio: 0.9922188084
 Final SFC time: 1.7172e-05

SFC+Knapsack previous efficiency: 0.8873509879
SFC + Knapsack ratio: 1.043492399
 Final SFC+Knapsack_Combined time: 1.4988e-05

SFC+Painter previous efficiency: 0.7727556622
SFC+painterPartition efficiency: 0.7727556622
SFC+Painter ratio: 1
 Final SFC+Painter time: 2.0739e-05

Painter+Knapsack previous efficiency: 0.8873509879
Painter+Knapsack ratio: 1.043492399
 Final painter+Knapsack_Combined time: 1.7072e-05
Run 15
File weights 51 and ranks 51
Original previous efficiency: 0.8857145238
Original efficiency: 0.8857145238
Original ratio: 1
Knapsack previous efficiency: 0.9132326455
Knapsack ratio: 1.030038747
 Final Knapsack time: 1.1091e-05

Karmarkar-Karp previous efficiency: 0.9149534228
Karmarkar-Karp ratio: 1.028101526
 Final Karmarkar-Karp time: 7.9148e-05

SFC previous efficiency: 0.7181121887
 Time take to run this function: 3.01e-07
SFC ratio: 0.9843672104
 Final SFC time: 1.63e-05

SFC+Knapsack previous efficiency: 0.8873377737
SFC + Knapsack ratio: 1.038931883
 Final SFC+Knapsack_Combined time: 1.4167e-05

SFC+Painter previous efficiency: 0.7665852845
SFC+painterPartition efficiency: 0.7665852845
SFC+Painter ratio: 1
 Final SFC+Painter time: 1.9447e-05

Painter+Knapsack previous efficiency: 0.8873377737
Painter+Knapsack ratio: 1.038931883
 Final painter+Knapsack_Combined time: 1.6641e-05
Run 16
File weights 51 and ranks 51
Original previous efficiency: 0.8818874222
Original efficiency: 0.8818874222
Original ratio: 1
Knapsack previous efficiency: 0.9092200464
Knapsack ratio: 1.030454466
 Final Knapsack time: 1.1231e-05

Karmarkar-Karp previous efficiency: 0.9070282561
Karmarkar-Karp ratio: 1.03294451
 Final Karmarkar-Karp time: 7.8467e-05

SFC previous efficiency: 0.7245459495
 Time take to run this function: 3.01e-07
SFC ratio: 0.9841758066
 Final SFC time: 1.6261e-05

SFC+Knapsack previous efficiency: 0.8884413417
SFC + Knapsack ratio: 1.03310649
 Final SFC+Knapsack_Combined time: 1.4086e-05

SFC+Painter previous efficiency: 0.7604153216
SFC+painterPartition efficiency: 0.7604153216
SFC+Painter ratio: 1
 Final SFC+Painter time: 1.9717e-05

Painter+Knapsack previous efficiency: 0.8884413417
Painter+Knapsack ratio: 1.03310649
 Final painter+Knapsack_Combined time: 1.6861e-05
Run 17
File weights 51 and ranks 51
Original previous efficiency: 0.878935375
Original efficiency: 0.878935375
Original ratio: 1
Knapsack previous efficiency: 0.9061206994
Knapsack ratio: 1.041365834
 Final Knapsack time: 1.111e-05

Karmarkar-Karp previous efficiency: 0.8973962312
Karmarkar-Karp ratio: 1.051489972
 Final Karmarkar-Karp time: 8.3625e-05

SFC previous efficiency: 0.7301930267
 Time take to run this function: 3.21e-07
SFC ratio: 0.9840080312
 Final SFC time: 1.6902e-05

SFC+Knapsack previous efficiency: 0.889446927
SFC + Knapsack ratio: 1.028464071
 Final SFC+Knapsack_Combined time: 1.4758e-05

SFC+Painter previous efficiency: 0.7532966209
SFC+painterPartition efficiency: 0.7532966209
SFC+Painter ratio: 1
 Final SFC+Painter time: 4.3331e-05

Painter+Knapsack previous efficiency: 0.889446927
Painter+Knapsack ratio: 1.028464071
 Final painter+Knapsack_Combined time: 1.7813e-05
Run 18
File weights 51 and ranks 51
Original previous efficiency: 0.8779777563
Original efficiency: 0.8779777563
Original ratio: 1
Knapsack previous efficiency: 0.9050901415
Knapsack ratio: 1.047282627
 Final Knapsack time: 1.1732e-05

Karmarkar-Karp previous efficiency: 0.8924668989
Karmarkar-Karp ratio: 1.062095616
 Final Karmarkar-Karp time: 7.5591e-05

SFC previous efficiency: 0.7297166244
 Time take to run this function: 2.71e-07
SFC ratio: 0.9840015011
 Final SFC time: 1.6311e-05

SFC+Knapsack previous efficiency: 0.8895961907
SFC + Knapsack ratio: 1.027166591
 Final SFC+Knapsack_Combined time: 1.4317e-05

SFC+Painter previous efficiency: 0.7497348594
SFC+painterPartition efficiency: 0.7497348594
SFC+Painter ratio: 1
 Final SFC+Painter time: 1.9486e-05

Painter+Knapsack previous efficiency: 0.8895961907
Painter+Knapsack ratio: 1.027166591
 Final painter+Knapsack_Combined time: 1.6852e-05
Run 19
File weights 51 and ranks 51
Original previous efficiency: 0.8905386239
Original efficiency: 0.8905386239
Original ratio: 1
Knapsack previous efficiency: 0.9089496584
Knapsack ratio: 1.038165807
 Final Knapsack time: 1.1361e-05

Karmarkar-Karp previous efficiency: 0.8886210305
Karmarkar-Karp ratio: 1.061915511
 Final Karmarkar-Karp time: 7.8326e-05

SFC previous efficiency: 0.729928973
 Time take to run this function: 2.81e-07
SFC ratio: 0.9736248306
 Final SFC time: 1.6341e-05

SFC+Knapsack previous efficiency: 0.8892462505
SFC + Knapsack ratio: 1.017912954
 Final SFC+Knapsack_Combined time: 1.3936e-05

SFC+Painter previous efficiency: 0.7468841327
SFC+painterPartition efficiency: 0.7539799887
SFC+Painter ratio: 1.009500611
 Final SFC+Painter time: 1.9807e-05

Painter+Knapsack previous efficiency: 0.8892462505
Painter+Knapsack ratio: 1.017912954
 Final painter+Knapsack_Combined time: 1.651e-05
Run 20
File weights 51 and ranks 51
Original previous efficiency: 0.902772595
Original efficiency: 0.902772595
Original ratio: 1
Knapsack previous efficiency: 0.8879023048
Knapsack ratio: 1.059592024
 Final Knapsack time: 1.1521e-05

Karmarkar-Karp previous efficiency: 0.8749794679
Karmarkar-Karp ratio: 1.075241459
 Final Karmarkar-Karp time: 7.6222e-05

SFC previous efficiency: 0.7324587847
 Time take to run this function: 3.01e-07
SFC ratio: 1
 Final SFC time: 1.619e-05

SFC+Knapsack previous efficiency: 0.8828428683
SFC + Knapsack ratio: 1.030088477
 Final SFC+Knapsack_Combined time: 1.3926e-05

SFC+Painter previous efficiency: 0.7502509614
SFC+painterPartition efficiency: 0.7762053122
SFC+Painter ratio: 1.034594225
 Final SFC+Painter time: 1.9647e-05

Painter+Knapsack previous efficiency: 0.8828428683
Painter+Knapsack ratio: 1.030088477
 Final painter+Knapsack_Combined time: 1.6901e-05
Run 21
File weights 51 and ranks 51
Original previous efficiency: 0.8983691791
Original efficiency: 0.8983691791
Original ratio: 1
Knapsack previous efficiency: 0.8755661579
Knapsack ratio: 1.079585216
 Final Knapsack time: 1.1041e-05

Karmarkar-Karp previous efficiency: 0.8801992251
Karmarkar-Karp ratio: 1.073902649
 Final Karmarkar-Karp time: 7.9598e-05

SFC previous efficiency: 0.7326903497
 Time take to run this function: 3.1e-07
SFC ratio: 1
 Final SFC time: 1.6611e-05

SFC+Knapsack previous efficiency: 0.880204502
SFC + Knapsack ratio: 1.036758121
 Final SFC+Knapsack_Combined time: 1.4236e-05

SFC+Painter previous efficiency: 0.7501099013
SFC+painterPartition efficiency: 0.7845510644
SFC+Painter ratio: 1.045914823
 Final SFC+Painter time: 1.9697e-05

Painter+Knapsack previous efficiency: 0.880204502
Painter+Knapsack ratio: 1.036758121
 Final painter+Knapsack_Combined time: 1.6601e-05
Run 22
File weights 51 and ranks 51
Original previous efficiency: 0.8928937089
Original efficiency: 0.8928937089
Original ratio: 1
Knapsack previous efficiency: 0.870586692
Knapsack ratio: 1.088456287
 Final Knapsack time: 1.074e-05

Karmarkar-Karp previous efficiency: 0.889367799
Karmarkar-Karp ratio: 1.065470955
 Final Karmarkar-Karp time: 7.5961e-05

SFC previous efficiency: 0.7342716488
 Time take to run this function: 3e-07
SFC ratio: 1
 Final SFC time: 1.6361e-05

SFC+Knapsack previous efficiency: 0.8777646753
SFC + Knapsack ratio: 1.039922484
 Final SFC+Knapsack_Combined time: 1.4116e-05

SFC+Painter previous efficiency: 0.7438826593
SFC+painterPartition efficiency: 0.7851139909
SFC+Painter ratio: 1.055427198
 Final SFC+Painter time: 1.9356e-05

Painter+Knapsack previous efficiency: 0.8777646753
Painter+Knapsack ratio: 1.039922484
 Final painter+Knapsack_Combined time: 1.6671e-05
Run 23
File weights 51 and ranks 51
Original previous efficiency: 0.8867235371
Original efficiency: 0.8867235371
Original ratio: 1
Knapsack previous efficiency: 0.8736528643
Knapsack ratio: 1.083721038
 Final Knapsack time: 1.071e-05

Karmarkar-Karp previous efficiency: 0.8971503951
Karmarkar-Karp ratio: 1.05533698
 Final Karmarkar-Karp time: 7.2796e-05

SFC previous efficiency: 0.7345579454
 Time take to run this function: 3.11e-07
SFC ratio: 1
 Final SFC time: 1.606e-05

SFC+Knapsack previous efficiency: 0.8768309054
SFC + Knapsack ratio: 1.041842517
 Final SFC+Knapsack_Combined time: 1.3725e-05

SFC+Painter previous efficiency: 0.7463212346
SFC+painterPartition efficiency: 0.7796888763
SFC+Painter ratio: 1.04470949
 Final SFC+Painter time: 1.9957e-05

Painter+Knapsack previous efficiency: 0.8768309054
Painter+Knapsack ratio: 1.041842517
 Final painter+Knapsack_Combined time: 1.6811e-05
Run 24
File weights 51 and ranks 51
Original previous efficiency: 0.8846446426
Original efficiency: 0.8846446426
Original ratio: 1
Knapsack previous efficiency: 0.8815896144
Knapsack ratio: 1.08473911
 Final Knapsack time: 1.046e-05

Karmarkar-Karp previous efficiency: 0.8911934728
Karmarkar-Karp ratio: 1.073049526
 Final Karmarkar-Karp time: 7.1834e-05

SFC previous efficiency: 0.7354229577
 Time take to run this function: 3.11e-07
SFC ratio: 1
 Final SFC time: 1.609e-05

SFC+Knapsack previous efficiency: 0.8772532452
SFC + Knapsack ratio: 1.042425566
 Final SFC+Knapsack_Combined time: 1.3746e-05

SFC+Painter previous efficiency: 0.7471911192
SFC+painterPartition efficiency: 0.7713589968
SFC+Painter ratio: 1.032344974
 Final SFC+Painter time: 1.9517e-05

Painter+Knapsack previous efficiency: 0.8772532452
Painter+Knapsack ratio: 1.042425566
 Final painter+Knapsack_Combined time: 1.6441e-05
Run 25
File weights 51 and ranks 51
Original previous efficiency: 0.8853267082
Original efficiency: 0.8853267082
Original ratio: 1
Knapsack previous efficiency: 0.8921384668
Knapsack ratio: 1.079330231
 Final Knapsack time: 1.0409e-05

Karmarkar-Karp previous efficiency: 0.8819944989
Karmarkar-Karp ratio: 1.09174379
 Final Karmarkar-Karp time: 7.2435e-05

SFC previous efficiency: 0.7356442892
 Time take to run this function: 3.11e-07
SFC ratio: 1
 Final SFC time: 1.5909e-05

SFC+Knapsack previous efficiency: 0.8783977262
SFC + Knapsack ratio: 1.040171822
 Final SFC+Knapsack_Combined time: 1.3845e-05

SFC+Painter previous efficiency: 0.7395577579
SFC+painterPartition efficiency: 0.7636120631
SFC+Painter ratio: 1.032525256
 Final SFC+Painter time: 1.9406e-05

Painter+Knapsack previous efficiency: 0.8783977262
Painter+Knapsack ratio: 1.040171822
 Final painter+Knapsack_Combined time: 1.6641e-05
Run 26
File weights 51 and ranks 51
Original previous efficiency: 0.8785517908
Original efficiency: 0.8785517908
Original ratio: 1
Knapsack previous efficiency: 0.8941542982
Knapsack ratio: 1.083295801
 Final Knapsack time: 1.0539e-05

Karmarkar-Karp previous efficiency: 0.8714604295
Karmarkar-Karp ratio: 1.111506115
 Final Karmarkar-Karp time: 7.1022e-05

SFC previous efficiency: 0.7362777879
 Time take to run this function: 3.1e-07
SFC ratio: 1
 Final SFC time: 1.608e-05

SFC+Knapsack previous efficiency: 0.8804558313
SFC + Knapsack ratio: 1.02619445
 Final SFC+Knapsack_Combined time: 1.4046e-05

SFC+Painter previous efficiency: 0.7305764733
SFC+painterPartition efficiency: 0.758671478
SFC+Painter ratio: 1.03845594
 Final SFC+Painter time: 1.9486e-05

Painter+Knapsack previous efficiency: 0.8804558313
Painter+Knapsack ratio: 1.02619445
 Final painter+Knapsack_Combined time: 1.6621e-05
Run 27
File weights 51 and ranks 51
Original previous efficiency: 0.8668232359
Original efficiency: 0.9721762936
Original ratio: 1.121539264
Knapsack previous efficiency: 0.891215946
Knapsack ratio: 1.099300082
 Final Knapsack time: 1.045e-05

Karmarkar-Karp previous efficiency: 0.8584788732
Karmarkar-Karp ratio: 1.141220586
 Final Karmarkar-Karp time: 7.2305e-05

SFC previous efficiency: 0.7362044245
 Time take to run this function: 3e-07
SFC ratio: 1
 Final SFC time: 1.616e-05

SFC+Knapsack previous efficiency: 0.8779373885
SFC + Knapsack ratio: 1.016874391
 Final SFC+Knapsack_Combined time: 1.3816e-05

SFC+Painter previous efficiency: 0.7199038102
SFC+painterPartition efficiency: 0.7550113039
SFC+Painter ratio: 1.048766923
 Final SFC+Painter time: 1.9326e-05

Painter+Knapsack previous efficiency: 0.8779373885
Painter+Knapsack ratio: 1.016874391
 Final painter+Knapsack_Combined time: 1.638e-05
Run 28
File weights 51 and ranks 51
Original previous efficiency: 0.8543535957
Original efficiency: 0.9757972247
Original ratio: 1.142146799
Knapsack previous efficiency: 0.8887142527
Knapsack ratio: 1.121615183
 Final Knapsack time: 1.057e-05

Karmarkar-Karp previous efficiency: 0.8463573924
Karmarkar-Karp ratio: 1.177747614
 Final Karmarkar-Karp time: 8.9397e-05

SFC previous efficiency: 0.7360892048
 Time take to run this function: 3.21e-07
SFC ratio: 1
 Final SFC time: 1.6671e-05

SFC+Knapsack previous efficiency: 0.8690949198
SFC + Knapsack ratio: 1.022109483
 Final SFC+Knapsack_Combined time: 1.5378e-05

SFC+Painter previous efficiency: 0.7089170771
SFC+painterPartition efficiency: 0.7523008818
SFC+Painter ratio: 1.061197291
 Final SFC+Painter time: 2.0889e-05

Painter+Knapsack previous efficiency: 0.8690949198
Painter+Knapsack ratio: 1.022109483
 Final painter+Knapsack_Combined time: 1.7313e-05
Run 29
File weights 51 and ranks 51
Original previous efficiency: 0.8386578686
Original efficiency: 0.9678368663
Original ratio: 1.154030627
Knapsack previous efficiency: 0.8840476624
Knapsack ratio: 1.121129041
 Final Knapsack time: 1.1411e-05

Karmarkar-Karp previous efficiency: 0.836654652
Karmarkar-Karp ratio: 1.184636343
 Final Karmarkar-Karp time: 7.7704e-05

SFC previous efficiency: 0.7322345624
 Time take to run this function: 3.1e-07
SFC ratio: 1
 Final SFC time: 1.637e-05

SFC+Knapsack previous efficiency: 0.8598511965
SFC + Knapsack ratio: 1.032693552
 Final SFC+Knapsack_Combined time: 1.4857e-05

SFC+Painter previous efficiency: 0.6983632962
SFC+painterPartition efficiency: 0.7511946506
SFC+Painter ratio: 1.075650245
 Final SFC+Painter time: 1.9496e-05

Painter+Knapsack previous efficiency: 0.8598511965
Painter+Knapsack ratio: 1.032693552
 Final painter+Knapsack_Combined time: 1.7343e-05
Run 30
File weights 51 and ranks 51
Original previous efficiency: 0.8244125634
Original efficiency: 0.9547930365
Original ratio: 1.158149547
Knapsack previous efficiency: 0.8697632399
Knapsack ratio: 1.146088468
 Final Knapsack time: 1.2043e-05

Karmarkar-Karp previous efficiency: 0.8315225108
Karmarkar-Karp ratio: 1.19879571
 Final Karmarkar-Karp time: 6.6624e-05

SFC previous efficiency: 0.7210733324
 Time take to run this function: 2.7e-07
SFC ratio: 1.048251441
 Final SFC time: 1.634e-05

SFC+Knapsack previous efficiency: 0.8453159484
SFC + Knapsack ratio: 1.05292093
 Final SFC+Knapsack_Combined time: 1.4307e-05

SFC+Painter previous efficiency: 0.6955923057
SFC+painterPartition efficiency: 0.7558661594
SFC+Painter ratio: 1.086651122
 Final SFC+Painter time: 1.9617e-05

Painter+Knapsack previous efficiency: 0.8453159484
Painter+Knapsack ratio: 1.05292093
 Final painter+Knapsack_Combined time: 1.7192e-05
Run 31
File weights 51 and ranks 51
Original previous efficiency: 0.8085740268
Original efficiency: 0.932822184
Original ratio: 1.153663305
Knapsack previous efficiency: 0.8495992473
Knapsack ratio: 1.173126309
 Final Knapsack time: 1.1731e-05

Karmarkar-Karp previous efficiency: 0.8149160716
Karmarkar-Karp ratio: 1.2230637
 Final Karmarkar-Karp time: 7.3187e-05

SFC previous efficiency: 0.7058206251
 Time take to run this function: 2.91e-07
SFC ratio: 1.109169579
 Final SFC time: 1.6411e-05

SFC+Knapsack previous efficiency: 0.8299300998
SFC + Knapsack ratio: 1.072106097
 Final SFC+Knapsack_Combined time: 1.4407e-05

SFC+Painter previous efficiency: 0.7022981622
SFC+painterPartition efficiency: 0.7828747658
SFC+Painter ratio: 1.114732756
 Final SFC+Painter time: 1.9627e-05

Painter+Knapsack previous efficiency: 0.8299300998
Painter+Knapsack ratio: 1.072106097
 Final painter+Knapsack_Combined time: 1.6831e-05
Run 32
File weights 51 and ranks 51
Original previous efficiency: 0.7933697245
Original efficiency: 0.9090417602
Original ratio: 1.145798399
Knapsack previous efficiency: 0.8370659041
Knapsack ratio: 1.18989963
 Final Knapsack time: 1.1521e-05

Karmarkar-Karp previous efficiency: 0.8020728563
Karmarkar-Karp ratio: 1.243128121
 Final Karmarkar-Karp time: 6.7846e-05

SFC previous efficiency: 0.6963695076
 Time take to run this function: 2.81e-07
SFC ratio: 1.158137705
 Final SFC time: 1.593e-05

SFC+Knapsack previous efficiency: 0.8140343357
SFC + Knapsack ratio: 1.094501211
 Final SFC+Knapsack_Combined time: 1.4818e-05

SFC+Painter previous efficiency: 0.7134284975
SFC+painterPartition efficiency: 0.8064917836
SFC+Painter ratio: 1.130445148
 Final SFC+Painter time: 1.9656e-05

Painter+Knapsack previous efficiency: 0.8140343357
Painter+Knapsack ratio: 1.094501211
 Final painter+Knapsack_Combined time: 1.6931e-05
Run 33
File weights 51 and ranks 51
Original previous efficiency: 0.7803577157
Original efficiency: 0.8798908518
Original ratio: 1.12754809
Knapsack previous efficiency: 0.8221320774
Knapsack ratio: 1.213416664
 Final Knapsack time: 1.1451e-05

Karmarkar-Karp previous efficiency: 0.7923874131
Karmarkar-Karp ratio: 1.258965937
 Final Karmarkar-Karp time: 6.968e-05

SFC previous efficiency: 0.685834691
 Time take to run this function: 3.01e-07
SFC ratio: 1.208698663
 Final SFC time: 1.614e-05

SFC+Knapsack previous efficiency: 0.7945330188
SFC + Knapsack ratio: 1.13099563
 Final SFC+Knapsack_Combined time: 2.2171e-05

SFC+Painter previous efficiency: 0.7349190291
SFC+painterPartition efficiency: 0.8289674742
SFC+Painter ratio: 1.127971166
 Final SFC+Painter time: 2.0027e-05

Painter+Knapsack previous efficiency: 0.7945330188
Painter+Knapsack ratio: 1.13099563
 Final painter+Knapsack_Combined time: 1.7212e-05
Run 34
File weights 51 and ranks 51
Original previous efficiency: 0.7703095288
Original efficiency: 0.9737526546
Original ratio: 1.264105685
Knapsack previous efficiency: 0.8095597608
Knapsack ratio: 1.230644483
 Final Knapsack time: 1.1722e-05

Karmarkar-Karp previous efficiency: 0.7865521107
Karmarkar-Karp ratio: 1.266651367
 Final Karmarkar-Karp time: 7.1453e-05

SFC previous efficiency: 0.6801249343
 Time take to run this function: 3.31e-07
SFC ratio: 1.203898665
 Final SFC time: 1.6711e-05

SFC+Knapsack previous efficiency: 0.7744187304
SFC + Knapsack ratio: 1.168452476
 Final SFC+Knapsack_Combined time: 1.4527e-05

SFC+Painter previous efficiency: 0.7574444869
SFC+painterPartition efficiency: 0.8480394391
SFC+Painter ratio: 1.119606062
 Final SFC+Painter time: 1.9426e-05

Painter+Knapsack previous efficiency: 0.7744187304
Painter+Knapsack ratio: 1.168452476
 Final painter+Knapsack_Combined time: 1.6872e-05
Run 35
File weights 51 and ranks 51
Original previous efficiency: 0.781667791
Original efficiency: 0.9586700959
Original ratio: 1.226441855
Knapsack previous efficiency: 0.8069815243
Knapsack ratio: 1.232539778
 Final Knapsack time: 1.1231e-05

Karmarkar-Karp previous efficiency: 0.7944333939
Karmarkar-Karp ratio: 1.252007829
 Final Karmarkar-Karp time: 7.3918e-05

SFC previous efficiency: 0.6910835534
 Time take to run this function: 3.11e-07
SFC ratio: 1.154529442
 Final SFC time: 1.633e-05

SFC+Knapsack previous efficiency: 0.7628305988
SFC + Knapsack ratio: 1.180277882
 Final SFC+Knapsack_Combined time: 1.3916e-05

SFC+Painter previous efficiency: 0.7778569545
SFC+painterPartition efficiency: 0.8591379484
SFC+Painter ratio: 1.104493498
 Final SFC+Painter time: 1.9096e-05

Painter+Knapsack previous efficiency: 0.7628305988
Painter+Knapsack ratio: 1.180277882
 Final painter+Knapsack_Combined time: 1.6792e-05
Run 36
File weights 51 and ranks 51
Original previous efficiency: 0.7947937102
Original efficiency: 0.9304993766
Original ratio: 1.170743257
Knapsack previous efficiency: 0.8283887601
Knapsack ratio: 1.188615734
 Final Knapsack time: 1.1321e-05

Karmarkar-Karp previous efficiency: 0.8317503544
Karmarkar-Karp ratio: 1.183811836
 Final Karmarkar-Karp time: 8.1452e-05

SFC previous efficiency: 0.6988109613
 Time take to run this function: 3e-07
SFC ratio: 1.014657747
 Final SFC time: 1.6511e-05

SFC+Knapsack previous efficiency: 0.7817361948
SFC + Knapsack ratio: 1.141360153
 Final SFC+Knapsack_Combined time: 1.4567e-05

SFC+Painter previous efficiency: 0.7888636649
SFC+painterPartition efficiency: 0.8550953246
SFC+Painter ratio: 1.083958309
 Final SFC+Painter time: 1.9416e-05

Painter+Knapsack previous efficiency: 0.7817361948
Painter+Knapsack ratio: 1.141360153
 Final painter+Knapsack_Combined time: 1.6891e-05
Run 37
File weights 51 and ranks 51
Original previous efficiency: 0.8115584757
Original efficiency: 0.9073104924
Original ratio: 1.117985357
Knapsack previous efficiency: 0.844123122
Knapsack ratio: 1.140063325
 Final Knapsack time: 1.1662e-05

Karmarkar-Karp previous efficiency: 0.8555678571
Karmarkar-Karp ratio: 1.124812959
 Final Karmarkar-Karp time: 7.8586e-05

SFC previous efficiency: 0.7046120142
 Time take to run this function: 3.21e-07
SFC ratio: 1.018755965
 Final SFC time: 1.6221e-05

SFC+Knapsack previous efficiency: 0.7939402655
SFC + Knapsack ratio: 1.120889714
 Final SFC+Knapsack_Combined time: 1.4116e-05

SFC+Painter previous efficiency: 0.7976943663
SFC+painterPartition efficiency: 0.8476532637
SFC+Painter ratio: 1.062629122
 Final SFC+Painter time: 1.9225e-05

Painter+Knapsack previous efficiency: 0.7939402655
Painter+Knapsack ratio: 1.120889714
 Final painter+Knapsack_Combined time: 1.6511e-05
Run 38
File weights 51 and ranks 51
Original previous efficiency: 0.8294514699
Original efficiency: 0.8882894059
Original ratio: 1.07093596
Knapsack previous efficiency: 0.8599256156
Knapsack ratio: 1.0971801
 Final Knapsack time: 1.1091e-05

Karmarkar-Karp previous efficiency: 0.8740629305
Karmarkar-Karp ratio: 1.079434032
 Final Karmarkar-Karp time: 7.4949e-05

SFC previous efficiency: 0.7059862275
 Time take to run this function: 2.81e-07
SFC ratio: 1.028477404
 Final SFC time: 1.629e-05

SFC+Knapsack previous efficiency: 0.8036761794
SFC + Knapsack ratio: 1.103855068
 Final SFC+Knapsack_Combined time: 1.4226e-05

SFC+Painter previous efficiency: 0.8064625156
SFC+painterPartition efficiency: 0.8413147925
SFC+Painter ratio: 1.043216239
 Final SFC+Painter time: 1.9316e-05

Painter+Knapsack previous efficiency: 0.8036761794
Painter+Knapsack ratio: 1.103855068
 Final painter+Knapsack_Combined time: 1.7002e-05
Run 39
File weights 51 and ranks 51
Original previous efficiency: 0.845727285
Original efficiency: 0.8749019659
Original ratio: 1.034496559
Knapsack previous efficiency: 0.8738928847
Knapsack ratio: 1.064602465
 Final Knapsack time: 1.1702e-05

Karmarkar-Karp previous efficiency: 0.8907493562
Karmarkar-Karp ratio: 1.04445601
 Final Karmarkar-Karp time: 7.6613e-05

SFC previous efficiency: 0.6961581497
 Time take to run this function: 2.9e-07
SFC ratio: 1.05334984
 Final SFC time: 1.6451e-05

SFC+Knapsack previous efficiency: 0.8121916042
SFC + Knapsack ratio: 1.091225661
 Final SFC+Knapsack_Combined time: 1.4587e-05

SFC+Painter previous efficiency: 0.8112325863
SFC+painterPartition efficiency: 0.8508349514
SFC+Painter ratio: 1.048817523
 Final SFC+Painter time: 1.9216e-05

Painter+Knapsack previous efficiency: 0.8121916042
Painter+Knapsack ratio: 1.091225661
 Final painter+Knapsack_Combined time: 1.7172e-05
Run 40
File weights 51 and ranks 51
Original previous efficiency: 0.8572199229
Original efficiency: 0.8689446139
Original ratio: 1.013677577
Knapsack previous efficiency: 0.8819750007
Knapsack ratio: 1.052980023
 Final Knapsack time: 1.1531e-05

Karmarkar-Karp previous efficiency: 0.8979338226
Karmarkar-Karp ratio: 1.034265592
 Final Karmarkar-Karp time: 7.4859e-05

SFC previous efficiency: 0.689033403
 Time take to run this function: 2.7e-07
SFC ratio: 1.073086629
 Final SFC time: 1.6231e-05

SFC+Knapsack previous efficiency: 0.816921701
SFC + Knapsack ratio: 1.084252421
 Final SFC+Knapsack_Combined time: 1.4337e-05

SFC+Painter previous efficiency: 0.8123352608
SFC+painterPartition efficiency: 0.8606978925
SFC+Painter ratio: 1.05953531
 Final SFC+Painter time: 1.9416e-05

Painter+Knapsack previous efficiency: 0.816921701
Painter+Knapsack ratio: 1.084252421
 Final painter+Knapsack_Combined time: 1.6801e-05
Run 41
File weights 51 and ranks 51
Original previous efficiency: 0.8617510934
Original efficiency: 0.8683329683
Original ratio: 1.007637791
Knapsack previous efficiency: 0.8851306698
Knapsack ratio: 1.053525103
 Final Knapsack time: 1.0991e-05

Karmarkar-Karp previous efficiency: 0.9012927435
Karmarkar-Karp ratio: 1.034633184
 Final Karmarkar-Karp time: 7.9758e-05

SFC previous efficiency: 0.6791023505
 Time take to run this function: 2.9e-07
SFC ratio: 1.096322255
 Final SFC time: 1.648e-05

SFC+Knapsack previous efficiency: 0.8241352797
SFC + Knapsack ratio: 1.073872995
 Final SFC+Knapsack_Combined time: 1.4437e-05

SFC+Painter previous efficiency: 0.8099389212
SFC+painterPartition efficiency: 0.8728915747
SFC+Painter ratio: 1.077725186
 Final SFC+Painter time: 1.9266e-05

Painter+Knapsack previous efficiency: 0.8241352797
Painter+Knapsack ratio: 1.073872995
 Final painter+Knapsack_Combined time: 1.7172e-05
Run 42
File weights 51 and ranks 51
Original previous efficiency: 0.8653253694
Original efficiency: 0.8720017094
Original ratio: 1.00771541
Knapsack previous efficiency: 0.8876881032
Knapsack ratio: 1.059899604
 Final Knapsack time: 1.1001e-05

Karmarkar-Karp previous efficiency: 0.9005018681
Karmarkar-Karp ratio: 1.044817676
 Final Karmarkar-Karp time: 7.4058e-05

SFC previous efficiency: 0.6713985409
 Time take to run this function: 3.01e-07
SFC ratio: 1.114454684
 Final SFC time: 1.617e-05

SFC+Knapsack previous efficiency: 0.8286885362
SFC + Knapsack ratio: 1.063391105
 Final SFC+Knapsack_Combined time: 1.4317e-05

SFC+Painter previous efficiency: 0.8080012042
SFC+painterPartition efficiency: 0.8801439972
SFC+Painter ratio: 1.089285502
 Final SFC+Painter time: 1.9546e-05

Painter+Knapsack previous efficiency: 0.8286885362
Painter+Knapsack ratio: 1.063391105
 Final painter+Knapsack_Combined time: 1.7483e-05
Run 43
File weights 51 and ranks 51
Original previous efficiency: 0.8646645719
Original efficiency: 0.8762050489
Original ratio: 1.013346768
Knapsack previous efficiency: 0.8870268041
Knapsack ratio: 1.067963283
 Final Knapsack time: 1.1101e-05

Karmarkar-Karp previous efficiency: 0.8961639936
Karmarkar-Karp ratio: 1.057074447
 Final Karmarkar-Karp time: 7.8897e-05

SFC previous efficiency: 0.6662090641
 Time take to run this function: 2.91e-07
SFC ratio: 1.130518733
 Final SFC time: 1.6381e-05

SFC+Knapsack previous efficiency: 0.8338002798
SFC + Knapsack ratio: 1.055171548
 Final SFC+Knapsack_Combined time: 1.4337e-05

SFC+Painter previous efficiency: 0.8044379527
SFC+painterPartition efficiency: 0.8804052478
SFC+Painter ratio: 1.094435245
 Final SFC+Painter time: 1.9296e-05

Painter+Knapsack previous efficiency: 0.8338002798
Painter+Knapsack ratio: 1.055171548
 Final painter+Knapsack_Combined time: 1.6691e-05
Run 44
File weights 51 and ranks 51
Original previous efficiency: 0.8645525767
Original efficiency: 0.8820537105
Original ratio: 1.020242995
Knapsack previous efficiency: 0.885668863
Knapsack ratio: 1.076044813
 Final Knapsack time: 1.2102e-05

Karmarkar-Karp previous efficiency: 0.894908279
Karmarkar-Karp ratio: 1.064935266
 Final Karmarkar-Karp time: 7.6563e-05

SFC previous efficiency: 0.6622665735
 Time take to run this function: 3.1e-07
SFC ratio: 1.143706201
 Final SFC time: 1.6702e-05

SFC+Knapsack previous efficiency: 0.8359428711
SFC + Knapsack ratio: 1.050181439
 Final SFC+Knapsack_Combined time: 1.4697e-05

SFC+Painter previous efficiency: 0.8032252807
SFC+painterPartition efficiency: 0.8802734223
SFC+Painter ratio: 1.095923452
 Final SFC+Painter time: 2.0037e-05

Painter+Knapsack previous efficiency: 0.8359428711
Painter+Knapsack ratio: 1.050181439
 Final painter+Knapsack_Combined time: 1.7713e-05
Run 45
File weights 51 and ranks 51
Original previous efficiency: 0.862398796
Original efficiency: 0.8871514479
Original ratio: 1.028702095
Knapsack previous efficiency: 0.8824487555
Knapsack ratio: 1.085722063
 Final Knapsack time: 1.1151e-05

Karmarkar-Karp previous efficiency: 0.8926747881
Karmarkar-Karp ratio: 1.073284578
 Final Karmarkar-Karp time: 7.4559e-05

SFC previous efficiency: 0.6590274721
 Time take to run this function: 3.1e-07
SFC ratio: 1.152111963
 Final SFC time: 1.6341e-05

SFC+Knapsack previous efficiency: 0.8379813992
SFC + Knapsack ratio: 1.047093407
 Final SFC+Knapsack_Combined time: 1.4327e-05

SFC+Painter previous efficiency: 0.8011346784
SFC+painterPartition efficiency: 0.8801611694
SFC+Painter ratio: 1.098643203
 Final SFC+Painter time: 2.0118e-05

Painter+Knapsack previous efficiency: 0.8379813992
Painter+Knapsack ratio: 1.047093407
 Final painter+Knapsack_Combined time: 1.7733e-05
Run 46
File weights 51 and ranks 51
Original previous efficiency: 0.8608114626
Original efficiency: 0.8938246058
Original ratio: 1.038351189
Knapsack previous efficiency: 0.8795043511
Knapsack ratio: 1.093192009
 Final Knapsack time: 1.08e-05

Karmarkar-Karp previous efficiency: 0.8914532964
Karmarkar-Karp ratio: 1.07853898
 Final Karmarkar-Karp time: 7.5982e-05

SFC previous efficiency: 0.6563559805
 Time take to run this function: 2.81e-07
SFC ratio: 1.156834749
 Final SFC time: 1.6842e-05

SFC+Knapsack previous efficiency: 0.838750768
SFC + Knapsack ratio: 1.045886376
 Final SFC+Knapsack_Combined time: 1.4507e-05

SFC+Painter previous efficiency: 0.7997262138
SFC+painterPartition efficiency: 0.8798573095
SFC+Painter ratio: 1.100198161
 Final SFC+Painter time: 1.9386e-05

Painter+Knapsack previous efficiency: 0.838750768
Painter+Knapsack ratio: 1.045886376
 Final painter+Knapsack_Combined time: 1.6822e-05
Run 47
File weights 51 and ranks 51
Original previous efficiency: 0.8589232625
Original efficiency: 0.8974773139
Original ratio: 1.044886491
Knapsack previous efficiency: 0.8766817439
Knapsack ratio: 1.100916915
 Final Knapsack time: 1.1312e-05

Karmarkar-Karp previous efficiency: 0.8899828491
Karmarkar-Karp ratio: 1.084463327
 Final Karmarkar-Karp time: 7.479e-05

SFC previous efficiency: 0.6565223314
 Time take to run this function: 2.81e-07
SFC ratio: 1.157968178
 Final SFC time: 1.623e-05

SFC+Knapsack previous efficiency: 0.8397897048
SFC + Knapsack ratio: 1.044035822
 Final SFC+Knapsack_Combined time: 1.4537e-05

SFC+Painter previous efficiency: 0.7980844961
SFC+painterPartition efficiency: 0.8790020488
SFC+Painter ratio: 1.101389706
 Final SFC+Painter time: 1.9186e-05

Painter+Knapsack previous efficiency: 0.8397897048
Painter+Knapsack ratio: 1.044035822
 Final painter+Knapsack_Combined time: 1.6892e-05
Run 48
File weights 51 and ranks 51
Original previous efficiency: 0.8583495849
Original efficiency: 0.8943024803
Original ratio: 1.041886075
Knapsack previous efficiency: 0.8757272242
Knapsack ratio: 1.10431284
 Final Knapsack time: 1.107e-05

Karmarkar-Karp previous efficiency: 0.8894259851
Karmarkar-Karp ratio: 1.087304434
 Final Karmarkar-Karp time: 7.4058e-05

SFC previous efficiency: 0.6560150455
 Time take to run this function: 2.91e-07
SFC ratio: 1.159280907
 Final SFC time: 1.614e-05

SFC+Knapsack previous efficiency: 0.8407435189
SFC + Knapsack ratio: 1.043823839
 Final SFC+Knapsack_Combined time: 1.4698e-05

SFC+Painter previous efficiency: 0.7971289816
SFC+painterPartition efficiency: 0.8796763686
SFC+Painter ratio: 1.103555872
 Final SFC+Painter time: 1.9246e-05

Painter+Knapsack previous efficiency: 0.8407435189
Painter+Knapsack ratio: 1.043823839
 Final painter+Knapsack_Combined time: 1.6851e-05
Run 49
File weights 51 and ranks 51
Original previous efficiency: 0.858451603
Original efficiency: 0.8863672904
Original ratio: 1.03251865
Knapsack previous efficiency: 0.8763330117
Knapsack ratio: 1.105437837
 Final Knapsack time: 1.1271e-05

Karmarkar-Karp previous efficiency: 0.8825902424
Karmarkar-Karp ratio: 1.097600701
 Final Karmarkar-Karp time: 7.4479e-05

SFC previous efficiency: 0.6568483565
 Time take to run this function: 3.1e-07
SFC ratio: 1.159464821
 Final SFC time: 1.611e-05

SFC+Knapsack previous efficiency: 0.8425405733
SFC + Knapsack ratio: 1.042455765
 Final SFC+Knapsack_Combined time: 1.4517e-05

SFC+Painter previous efficiency: 0.7973210163
SFC+painterPartition efficiency: 0.8808216244
SFC+Painter ratio: 1.104726461
 Final SFC+Painter time: 1.8966e-05

Painter+Knapsack previous efficiency: 0.8425405733
Painter+Knapsack ratio: 1.042455765
 Final painter+Knapsack_Combined time: 1.6631e-05
Run 50
File weights 51 and ranks 51
Original previous efficiency: 0.8580636652
Original efficiency: 0.8828955647
Original ratio: 1.02893946
Knapsack previous efficiency: 0.8778334169
Knapsack ratio: 1.10506978
 Final Knapsack time: 1.1271e-05

Karmarkar-Karp previous efficiency: 0.8797423054
Karmarkar-Karp ratio: 1.10267197
 Final Karmarkar-Karp time: 9.4085e-05

SFC previous efficiency: 0.6579302689
 Time take to run this function: 3.31e-07
SFC ratio: 1.159599713
 Final SFC time: 1.6641e-05

SFC+Knapsack previous efficiency: 0.8439669441
SFC + Knapsack ratio: 1.042561961
 Final SFC+Knapsack_Combined time: 1.5379e-05

SFC+Painter previous efficiency: 0.7975371267
SFC+painterPartition efficiency: 0.8828357526
SFC+Painter ratio: 1.106952546
 Final SFC+Painter time: 1.9706e-05

Painter+Knapsack previous efficiency: 0.8439669441
Painter+Knapsack ratio: 1.042561961
 Final painter+Knapsack_Combined time: 1.7463e-05


TinyProfiler total time across processes [min...avg...max]: 0.1166 ... 0.1166 ... 0.1166

-------------------------------------------------------------------------------------
Name                                  NCalls  Excl. Min  Excl. Avg  Excl. Max   Max %
-------------------------------------------------------------------------------------
kk()                                      51   0.003475   0.003475   0.003475   2.98%
painterPartition()                       102   0.001011   0.001011   0.001011   0.87%
knapsack()                               255  0.0005171  0.0005171  0.0005171   0.44%
SFCProcessorMapDoIt()                     51  0.0004915  0.0004915  0.0004915   0.42%
SFCProcessorMapDoItCombined()             51  0.0002127  0.0002127  0.0002127   0.18%
SFCProcessorMapDoItCombinedPainter()      51  0.0001263  0.0001263  0.0001263   0.11%
Distribute()                             102  8.567e-05  8.567e-05  8.567e-05   0.07%
KKDoIt()                                  51   7.67e-05   7.67e-05   7.67e-05   0.07%
KnapSackDoIt()                            51  7.465e-05  7.465e-05  7.465e-05   0.06%
knapsack()swap                            96  1.129e-05  1.129e-05  1.129e-05   0.01%
-------------------------------------------------------------------------------------

-------------------------------------------------------------------------------------
Name                                  NCalls  Incl. Min  Incl. Avg  Incl. Max   Max %
-------------------------------------------------------------------------------------
KKDoIt()                                  51   0.003552   0.003552   0.003552   3.05%
kk()                                      51   0.003475   0.003475   0.003475   2.98%
painterPartition()                       102   0.001011   0.001011   0.001011   0.87%
SFCProcessorMapDoItCombinedPainter()      51  0.0005457  0.0005457  0.0005457   0.47%
SFCProcessorMapDoIt()                     51  0.0005439  0.0005439  0.0005439   0.47%
knapsack()                               255  0.0005284  0.0005284  0.0005284   0.45%
SFCProcessorMapDoItCombined()             51  0.0004315  0.0004315  0.0004315   0.37%
KnapSackDoIt()                            51  0.0002698  0.0002698  0.0002698   0.23%
Distribute()                             102  8.567e-05  8.567e-05  8.567e-05   0.07%
knapsack()swap                            96  1.129e-05  1.129e-05  1.129e-05   0.01%
-------------------------------------------------------------------------------------

Pinned Memory Usage:
----------------------------------------------------------------
Name                            Nalloc  Nfree   AvgMem    MaxMem
----------------------------------------------------------------
The_Pinned_Arena::Initialize()       1      1  237 KiB  8192 KiB
----------------------------------------------------------------

AMReX (25.06-22-g1d307c2c661a) finalized
