Initializing AMReX (25.06-22-g1d307c2c661a)...
OMP initialized with 256 OMP threads
AMReX (25.06-22-g1d307c2c661a) initialized
Starting running input_laser_ion running with 1 nodes and 4 ranks per node.
Total steps: 5000, intervals: 100 = 50 runs
Reading precomputed weights and ranks from file: /global/homes/j/jessd/lb_extractor/lb_inputs/laser_ion_smaller_8_boxes_4_ranks_timers_lb_data.txt
/global/homes/j/jessd/lb_extractor/lb_inputs/laser_ion_smaller_8_boxes_4_ranks_timers_lb_data.txt
Run 0: Weights size: 48
Run 1: Weights size: 48
Run 2: Weights size: 48
Run 3: Weights size: 48
Run 4: Weights size: 48
Run 5: Weights size: 48
Run 6: Weights size: 48
Run 7: Weights size: 48
Run 8: Weights size: 48
Run 9: Weights size: 48
Run 10: Weights size: 48
Run 11: Weights size: 48
Run 12: Weights size: 48
Run 13: Weights size: 48
Run 14: Weights size: 48
Run 15: Weights size: 48
Run 16: Weights size: 48
Run 17: Weights size: 48
Run 18: Weights size: 48
Run 19: Weights size: 48
Run 20: Weights size: 48
Run 21: Weights size: 48
Run 22: Weights size: 48
Run 23: Weights size: 48
Run 24: Weights size: 48
Run 25: Weights size: 48
Run 26: Weights size: 48
Run 27: Weights size: 48
Run 28: Weights size: 48
Run 29: Weights size: 48
Run 30: Weights size: 48
Run 31: Weights size: 48
Run 32: Weights size: 48
Run 33: Weights size: 48
Run 34: Weights size: 48
Run 35: Weights size: 48
Run 36: Weights size: 48
Run 37: Weights size: 48
Run 38: Weights size: 48
Run 39: Weights size: 48
Run 40: Weights size: 48
Run 41: Weights size: 48
Run 42: Weights size: 48
Run 43: Weights size: 48
Run 44: Weights size: 48
Run 45: Weights size: 48
Run 46: Weights size: 48
Run 47: Weights size: 48
Run 48: Weights size: 48
Run 49: Weights size: 48
Run 50: Weights size: 48
Run 0
File weights 51 and ranks 51
Original efficiency: 0.8055944476
Original ratio: inf
Knapsack ratio: inf
 Final Knapsack time: 3.233e-05

Karmarkar-Karp ratio: inf
 Final Karmarkar-Karp time: 7.5611e-05

 Time take to run this function: 4.71e-07
SFC ratio: inf
 Final SFC time: 2.7421e-05

SFC + Knapsack ratio: inf
 Final SFC+Knapsack_Combined time: 2.5618e-05

SFC+painterPartition efficiency: 0.9057163822
SFC+Painter ratio: inf
 Final SFC+Painter time: 3.9644e-05

Painter+Knapsack ratio: inf
 Final painter+Knapsack_Combined time: 2.7842e-05
Run 1
File weights 51 and ranks 51
Original previous efficiency: 0.4315318126
Original efficiency: 0.4315318126
Original ratio: 1
Knapsack previous efficiency: 0.8269663299
Knapsack ratio: 1.195507721
 Final Knapsack time: 1.073e-05

Karmarkar-Karp previous efficiency: 0.8379257892
Karmarkar-Karp ratio: 1.193018474
 Final Karmarkar-Karp time: 5.353e-05

SFC previous efficiency: 0.6111420414
 Time take to run this function: 3.3e-07
SFC ratio: 1.432500821
 Final SFC time: 1.7172e-05

SFC+Knapsack previous efficiency: 0.8269663299
SFC + Knapsack ratio: 1.195507721
 Final SFC+Knapsack_Combined time: 1.4417e-05

SFC+Painter previous efficiency: 0.6028378335
SFC+painterPartition efficiency: 0.9235341212
SFC+Painter ratio: 1.531977706
 Final SFC+Painter time: 2.0499e-05

Painter+Knapsack previous efficiency: 0.8269663299
Painter+Knapsack ratio: 1.195507721
 Final painter+Knapsack_Combined time: 1.7603e-05
Run 2
File weights 51 and ranks 51
Original previous efficiency: 0.4155710924
Original efficiency: 0.9580994772
Original ratio: 2.305500779
Knapsack previous efficiency: 0.8260018337
Knapsack ratio: 1.20305505
 Final Knapsack time: 9.998e-06

Karmarkar-Karp previous efficiency: 0.8388904274
Karmarkar-Karp ratio: 1.189579186
 Final Karmarkar-Karp time: 5.4782e-05

SFC previous efficiency: 0.8302316728
 Time take to run this function: 3.11e-07
SFC ratio: 1
 Final SFC time: 1.594e-05

SFC+Knapsack previous efficiency: 0.8260018337
SFC + Knapsack ratio: 1.20305505
 Final SFC+Knapsack_Combined time: 1.8013e-05

SFC+Painter previous efficiency: 0.8734778343
SFC+painterPartition efficiency: 0.9466048701
SFC+Painter ratio: 1.083719395
 Final SFC+Painter time: 3.0096e-05

Painter+Knapsack previous efficiency: 0.8260018337
Painter+Knapsack ratio: 1.20305505
 Final painter+Knapsack_Combined time: 1.8655e-05
Run 3
File weights 51 and ranks 51
Original previous efficiency: 0.9522621169
Original efficiency: 0.9522621169
Original ratio: 1
Knapsack previous efficiency: 0.9907958856
Knapsack ratio: 0.9975966178
 Final Knapsack time: 1.0219e-05

Karmarkar-Karp previous efficiency: 0.8352964337
Karmarkar-Karp ratio: 1.197010529
 Final Karmarkar-Karp time: 5.1136e-05

SFC previous efficiency: 0.8188649221
 Time take to run this function: 3.4e-07
SFC ratio: 1
 Final SFC time: 1.6029e-05

SFC+Knapsack previous efficiency: 0.9907958856
SFC + Knapsack ratio: 0.9975966178
 Final SFC+Knapsack_Combined time: 1.3465e-05

SFC+Painter previous efficiency: 0.8625002106
SFC+painterPartition efficiency: 0.9603247046
SFC+Painter ratio: 1.113419675
 Final SFC+Painter time: 1.9106e-05

Painter+Knapsack previous efficiency: 0.9907958856
Painter+Knapsack ratio: 0.9975966178
 Final painter+Knapsack_Combined time: 1.586e-05
Run 4
File weights 51 and ranks 51
Original previous efficiency: 0.955781589
Original efficiency: 0.955781589
Original ratio: 1
Knapsack previous efficiency: 0.9879153786
Knapsack ratio: 1.001223604
 Final Knapsack time: 9.568e-06

Karmarkar-Karp previous efficiency: 0.8363586403
Karmarkar-Karp ratio: 1.190521639
 Final Karmarkar-Karp time: 4.6517e-05

SFC previous efficiency: 0.8179432566
 Time take to run this function: 3.01e-07
SFC ratio: 1
 Final SFC time: 1.5669e-05

SFC+Knapsack previous efficiency: 0.9879153786
SFC + Knapsack ratio: 1.001223604
 Final SFC+Knapsack_Combined time: 1.2844e-05

SFC+Painter previous efficiency: 0.8608428977
SFC+painterPartition efficiency: 0.9599459775
SFC+Painter ratio: 1.115123305
 Final SFC+Painter time: 1.9015e-05

Painter+Knapsack previous efficiency: 0.9879153786
Painter+Knapsack ratio: 1.001223604
 Final painter+Knapsack_Combined time: 1.4978e-05
Run 5
File weights 51 and ranks 51
Original previous efficiency: 0.9673457877
Original efficiency: 0.9673457877
Original ratio: 1
Knapsack previous efficiency: 0.9830674608
Knapsack ratio: 1.004985221
 Final Knapsack time: 9.447e-06

Karmarkar-Karp previous efficiency: 0.8407651362
Karmarkar-Karp ratio: 1.185297861
 Final Karmarkar-Karp time: 4.9031e-05

SFC previous efficiency: 0.8232977242
 Time take to run this function: 2.81e-07
SFC ratio: 1
 Final SFC time: 1.5178e-05

SFC+Knapsack previous efficiency: 0.9830674608
SFC + Knapsack ratio: 1.004985221
 Final SFC+Knapsack_Combined time: 1.2603e-05

SFC+Painter previous efficiency: 0.864895018
SFC+painterPartition efficiency: 0.9620125768
SFC+Painter ratio: 1.112288263
 Final SFC+Painter time: 1.8564e-05

Painter+Knapsack previous efficiency: 0.9830674608
Painter+Knapsack ratio: 1.004985221
 Final painter+Knapsack_Combined time: 1.5068e-05
Run 6
File weights 51 and ranks 51
Original previous efficiency: 0.9689717333
Original efficiency: 0.9689717333
Original ratio: 1
Knapsack previous efficiency: 0.972404521
Knapsack ratio: 1.021878449
 Final Knapsack time: 9.718e-06

Karmarkar-Karp previous efficiency: 0.8426436477
Karmarkar-Karp ratio: 1.18357041
 Final Karmarkar-Karp time: 4.6377e-05

SFC previous efficiency: 0.8308210688
 Time take to run this function: 2.9e-07
SFC ratio: 1
 Final SFC time: 2.157e-05

SFC+Knapsack previous efficiency: 0.972404521
SFC + Knapsack ratio: 1.021878449
 Final SFC+Knapsack_Combined time: 1.4998e-05

SFC+Painter previous efficiency: 0.8738455095
SFC+painterPartition efficiency: 0.9629464688
SFC+Painter ratio: 1.101964201
 Final SFC+Painter time: 1.9537e-05

Painter+Knapsack previous efficiency: 0.972404521
Painter+Knapsack ratio: 1.021878449
 Final painter+Knapsack_Combined time: 1.588e-05
Run 7
File weights 51 and ranks 51
Original previous efficiency: 0.9678039012
Original efficiency: 0.9678039012
Original ratio: 1
Knapsack previous efficiency: 0.965480895
Knapsack ratio: 1.031454298
 Final Knapsack time: 9.859e-06

Karmarkar-Karp previous efficiency: 0.8469745099
Karmarkar-Karp ratio: 1.17984315
 Final Karmarkar-Karp time: 5.4141e-05

SFC previous efficiency: 0.8295191183
 Time take to run this function: 3.31e-07
SFC ratio: 1
 Final SFC time: 1.5869e-05

SFC+Knapsack previous efficiency: 0.965480895
SFC + Knapsack ratio: 1.031454298
 Final SFC+Knapsack_Combined time: 1.2824e-05

SFC+Painter previous efficiency: 0.8748985786
SFC+painterPartition efficiency: 0.9633304541
SFC+Painter ratio: 1.101076716
 Final SFC+Painter time: 1.8354e-05

Painter+Knapsack previous efficiency: 0.965480895
Painter+Knapsack ratio: 1.031454298
 Final painter+Knapsack_Combined time: 1.5229e-05
Run 8
File weights 51 and ranks 51
Original previous efficiency: 0.9685143416
Original efficiency: 0.9685143416
Original ratio: 1
Knapsack previous efficiency: 0.9690269838
Knapsack ratio: 1.02890048
 Final Knapsack time: 9.538e-06

Karmarkar-Karp previous efficiency: 0.847624203
Karmarkar-Karp ratio: 1.177813738
 Final Karmarkar-Karp time: 4.837e-05

SFC previous efficiency: 0.826681685
 Time take to run this function: 3.11e-07
SFC ratio: 1
 Final SFC time: 1.5439e-05

SFC+Knapsack previous efficiency: 0.9690269838
SFC + Knapsack ratio: 1.02890048
 Final SFC+Knapsack_Combined time: 1.2985e-05

SFC+Painter previous efficiency: 0.8702966399
SFC+painterPartition efficiency: 0.967689431
SFC+Painter ratio: 1.11190758
 Final SFC+Painter time: 1.9256e-05

Painter+Knapsack previous efficiency: 0.9690269838
Painter+Knapsack ratio: 1.02890048
 Final painter+Knapsack_Combined time: 1.6181e-05
Run 9
File weights 51 and ranks 51
Original previous efficiency: 0.9822630548
Original efficiency: 0.9822630548
Original ratio: 1
Knapsack previous efficiency: 0.9648752709
Knapsack ratio: 1.033879861
 Final Knapsack time: 9.728e-06

Karmarkar-Karp previous efficiency: 0.8483958077
Karmarkar-Karp ratio: 1.174024283
 Final Karmarkar-Karp time: 7.1884e-05

SFC previous efficiency: 0.82771265
 Time take to run this function: 3e-07
SFC ratio: 1
 Final SFC time: 1.5629e-05

SFC+Knapsack previous efficiency: 0.9648752709
SFC + Knapsack ratio: 1.033879861
 Final SFC+Knapsack_Combined time: 1.3115e-05

SFC+Painter previous efficiency: 0.8697304483
SFC+painterPartition efficiency: 0.9713613747
SFC+Painter ratio: 1.116853361
 Final SFC+Painter time: 1.8966e-05

Painter+Knapsack previous efficiency: 0.9648752709
Painter+Knapsack ratio: 1.033879861
 Final painter+Knapsack_Combined time: 1.9657e-05
Run 10
File weights 51 and ranks 51
Original previous efficiency: 0.980532347
Original efficiency: 0.980532347
Original ratio: 1
Knapsack previous efficiency: 0.9573867766
Knapsack ratio: 1.037150017
 Final Knapsack time: 1.0169e-05

Karmarkar-Karp previous efficiency: 0.846456933
Karmarkar-Karp ratio: 1.171653858
 Final Karmarkar-Karp time: 5.2247e-05

SFC previous efficiency: 0.8281526663
 Time take to run this function: 3e-07
SFC ratio: 1
 Final SFC time: 1.582e-05

SFC+Knapsack previous efficiency: 0.9573867766
SFC + Knapsack ratio: 1.037150017
 Final SFC+Knapsack_Combined time: 1.3355e-05

SFC+Painter previous efficiency: 0.8696584754
SFC+painterPartition efficiency: 0.9679420429
SFC+Painter ratio: 1.113013982
 Final SFC+Painter time: 1.9546e-05

Painter+Knapsack previous efficiency: 0.9573867766
Painter+Knapsack ratio: 1.037150017
 Final painter+Knapsack_Combined time: 1.5699e-05
Run 11
File weights 51 and ranks 51
Original previous efficiency: 0.971585206
Original efficiency: 0.971585206
Original ratio: 1
Knapsack previous efficiency: 0.9483912141
Knapsack ratio: 1.04869791
 Final Knapsack time: 9.648e-06

Karmarkar-Karp previous efficiency: 0.8480876641
Karmarkar-Karp ratio: 1.177500209
 Final Karmarkar-Karp time: 5.0154e-05

SFC previous efficiency: 0.8266807658
 Time take to run this function: 2.81e-07
SFC ratio: 1
 Final SFC time: 1.5409e-05

SFC+Knapsack previous efficiency: 0.9483912141
SFC + Knapsack ratio: 1.04869791
 Final SFC+Knapsack_Combined time: 1.4838e-05

SFC+Painter previous efficiency: 0.8680100933
SFC+painterPartition efficiency: 0.9718316011
SFC+Painter ratio: 1.119608641
 Final SFC+Painter time: 1.9386e-05

Painter+Knapsack previous efficiency: 0.9483912141
Painter+Knapsack ratio: 1.04869791
 Final painter+Knapsack_Combined time: 1.5789e-05
Run 12
File weights 51 and ranks 51
Original previous efficiency: 0.9611797591
Original efficiency: 0.9611797591
Original ratio: 1
Knapsack previous efficiency: 0.9414006074
Knapsack ratio: 1.056075679
 Final Knapsack time: 1.1151e-05

Karmarkar-Karp previous efficiency: 0.8493119442
Karmarkar-Karp ratio: 1.170621408
 Final Karmarkar-Karp time: 5.5183e-05

SFC previous efficiency: 0.8253826384
 Time take to run this function: 3.31e-07
SFC ratio: 1
 Final SFC time: 1.5709e-05

SFC+Knapsack previous efficiency: 0.9414006074
SFC + Knapsack ratio: 1.056075679
 Final SFC+Knapsack_Combined time: 1.3134e-05

SFC+Painter previous efficiency: 0.8701133361
SFC+painterPartition efficiency: 0.9706082307
SFC+Painter ratio: 1.115496327
 Final SFC+Painter time: 1.8955e-05

Painter+Knapsack previous efficiency: 0.9414006074
Painter+Knapsack ratio: 1.056075679
 Final painter+Knapsack_Combined time: 1.5148e-05
Run 13
File weights 51 and ranks 51
Original previous efficiency: 0.9575037745
Original efficiency: 0.9575037745
Original ratio: 1
Knapsack previous efficiency: 0.9478584306
Knapsack ratio: 1.052100678
 Final Knapsack time: 9.267e-06

Karmarkar-Karp previous efficiency: 0.8514239159
Karmarkar-Karp ratio: 1.173741922
 Final Karmarkar-Karp time: 4.9713e-05

SFC previous efficiency: 0.8293519432
 Time take to run this function: 2.71e-07
SFC ratio: 1
 Final SFC time: 1.5319e-05

SFC+Knapsack previous efficiency: 0.9478584306
SFC + Knapsack ratio: 1.052100678
 Final SFC+Knapsack_Combined time: 1.2523e-05

SFC+Painter previous efficiency: 0.8762055356
SFC+painterPartition efficiency: 0.9622006566
SFC+Painter ratio: 1.098144919
 Final SFC+Painter time: 1.8585e-05

Painter+Knapsack previous efficiency: 0.9478584306
Painter+Knapsack ratio: 1.052100678
 Final painter+Knapsack_Combined time: 1.5248e-05
Run 14
File weights 51 and ranks 51
Original previous efficiency: 0.9530988488
Original efficiency: 0.9530988488
Original ratio: 1
Knapsack previous efficiency: 0.9462552106
Knapsack ratio: 1.054662266
 Final Knapsack time: 9.508e-06

Karmarkar-Karp previous efficiency: 0.8467439438
Karmarkar-Karp ratio: 1.17905474
 Final Karmarkar-Karp time: 4.8711e-05

SFC previous efficiency: 0.8348489934
 Time take to run this function: 2.8e-07
SFC ratio: 1
 Final SFC time: 1.5328e-05

SFC+Knapsack previous efficiency: 0.9462552106
SFC + Knapsack ratio: 1.054662266
 Final SFC+Knapsack_Combined time: 1.2633e-05

SFC+Painter previous efficiency: 0.8848059166
SFC+painterPartition efficiency: 0.9643354602
SFC+Painter ratio: 1.089883603
 Final SFC+Painter time: 1.8544e-05

Painter+Knapsack previous efficiency: 0.9462552106
Painter+Knapsack ratio: 1.054662266
 Final painter+Knapsack_Combined time: 1.5288e-05
Run 15
File weights 51 and ranks 51
Original previous efficiency: 0.9436306455
Original efficiency: 0.9436306455
Original ratio: 1
Knapsack previous efficiency: 0.9439286364
Knapsack ratio: 1.055784104
 Final Knapsack time: 9.858e-06

Karmarkar-Karp previous efficiency: 0.8476941247
Karmarkar-Karp ratio: 1.175103426
 Final Karmarkar-Karp time: 5.0073e-05

SFC previous efficiency: 0.8296630277
 Time take to run this function: 2.91e-07
SFC ratio: 1
 Final SFC time: 1.5479e-05

SFC+Knapsack previous efficiency: 0.9439286364
SFC + Knapsack ratio: 1.055784104
 Final SFC+Knapsack_Combined time: 1.2804e-05

SFC+Painter previous efficiency: 0.8812015029
SFC+painterPartition efficiency: 0.9654835158
SFC+Painter ratio: 1.095644427
 Final SFC+Painter time: 1.9216e-05

Painter+Knapsack previous efficiency: 0.9439286364
Painter+Knapsack ratio: 1.055784104
 Final painter+Knapsack_Combined time: 1.5288e-05
Run 16
File weights 51 and ranks 51
Original previous efficiency: 0.9383216816
Original efficiency: 0.9383216816
Original ratio: 1
Knapsack previous efficiency: 0.9422265448
Knapsack ratio: 1.05736751
 Final Knapsack time: 9.167e-06

Karmarkar-Karp previous efficiency: 0.8461069307
Karmarkar-Karp ratio: 1.1800616
 Final Karmarkar-Karp time: 5.0524e-05

SFC previous efficiency: 0.8298056306
 Time take to run this function: 2.81e-07
SFC ratio: 1
 Final SFC time: 1.5289e-05

SFC+Knapsack previous efficiency: 0.9422265448
SFC + Knapsack ratio: 1.05736751
 Final SFC+Knapsack_Combined time: 1.2814e-05

SFC+Painter previous efficiency: 0.8825597184
SFC+painterPartition efficiency: 0.9580272485
SFC+Painter ratio: 1.085509828
 Final SFC+Painter time: 2.3253e-05

Painter+Knapsack previous efficiency: 0.9422265448
Painter+Knapsack ratio: 1.05736751
 Final painter+Knapsack_Combined time: 1.658e-05
Run 17
File weights 51 and ranks 51
Original previous efficiency: 0.9365063226
Original efficiency: 0.9365063226
Original ratio: 1
Knapsack previous efficiency: 0.9392457598
Knapsack ratio: 1.057961429
 Final Knapsack time: 9.357e-06

Karmarkar-Karp previous efficiency: 0.8401551273
Karmarkar-Karp ratio: 1.182098824
 Final Karmarkar-Karp time: 5.0785e-05

SFC previous efficiency: 0.8287642019
 Time take to run this function: 3.21e-07
SFC ratio: 1
 Final SFC time: 1.5579e-05

SFC+Knapsack previous efficiency: 0.9392457598
SFC + Knapsack ratio: 1.057961429
 Final SFC+Knapsack_Combined time: 1.2914e-05

SFC+Painter previous efficiency: 0.8816550173
SFC+painterPartition efficiency: 0.9614401341
SFC+Painter ratio: 1.090494712
 Final SFC+Painter time: 1.8634e-05

Painter+Knapsack previous efficiency: 0.9392457598
Painter+Knapsack ratio: 1.057961429
 Final painter+Knapsack_Combined time: 1.5118e-05
Run 18
File weights 51 and ranks 51
Original previous efficiency: 0.9307002032
Original efficiency: 0.9307002032
Original ratio: 1
Knapsack previous efficiency: 0.9362106736
Knapsack ratio: 1.063128418
 Final Knapsack time: 9.488e-06

Karmarkar-Karp previous efficiency: 0.8326200373
Karmarkar-Karp ratio: 1.199123978
 Final Karmarkar-Karp time: 5.2247e-05

SFC previous efficiency: 0.8316833166
 Time take to run this function: 2.81e-07
SFC ratio: 1
 Final SFC time: 1.5249e-05

SFC+Knapsack previous efficiency: 0.9362106736
SFC + Knapsack ratio: 1.063128418
 Final SFC+Knapsack_Combined time: 1.2644e-05

SFC+Painter previous efficiency: 0.8823994551
SFC+painterPartition efficiency: 0.9586238314
SFC+Painter ratio: 1.086383073
 Final SFC+Painter time: 1.8675e-05

Painter+Knapsack previous efficiency: 0.9362106736
Painter+Knapsack ratio: 1.063128418
 Final painter+Knapsack_Combined time: 1.5068e-05
Run 19
File weights 51 and ranks 51
Original previous efficiency: 0.9293637399
Original efficiency: 0.9293637399
Original ratio: 1
Knapsack previous efficiency: 0.9353427894
Knapsack ratio: 1.063638331
 Final Knapsack time: 9.218e-06

Karmarkar-Karp previous efficiency: 0.8318621201
Karmarkar-Karp ratio: 1.198735345
 Final Karmarkar-Karp time: 4.9863e-05

SFC previous efficiency: 0.8375074887
 Time take to run this function: 4.61e-07
SFC ratio: 1
 Final SFC time: 2.3043e-05

SFC+Knapsack previous efficiency: 0.9353427894
SFC + Knapsack ratio: 1.063638331
 Final SFC+Knapsack_Combined time: 1.3455e-05

SFC+Painter previous efficiency: 0.891571639
SFC+painterPartition efficiency: 0.9574473618
SFC+Painter ratio: 1.07388719
 Final SFC+Painter time: 1.9346e-05

Painter+Knapsack previous efficiency: 0.9353427894
Painter+Knapsack ratio: 1.063638331
 Final painter+Knapsack_Combined time: 1.5499e-05
Run 20
File weights 51 and ranks 51
Original previous efficiency: 0.9272512756
Original efficiency: 0.9272512756
Original ratio: 1
Knapsack previous efficiency: 0.9378176176
Knapsack ratio: 1.065449861
 Final Knapsack time: 9.618e-06

Karmarkar-Karp previous efficiency: 0.8287083212
Karmarkar-Karp ratio: 1.197536098
 Final Karmarkar-Karp time: 5.1045e-05

SFC previous efficiency: 0.8520635714
 Time take to run this function: 3.1e-07
SFC ratio: 1
 Final SFC time: 1.5609e-05

SFC+Knapsack previous efficiency: 0.9378176176
SFC + Knapsack ratio: 1.065449861
 Final SFC+Knapsack_Combined time: 1.2784e-05

SFC+Painter previous efficiency: 0.909708831
SFC+painterPartition efficiency: 0.9493971284
SFC+Painter ratio: 1.043627473
 Final SFC+Painter time: 1.9416e-05

Painter+Knapsack previous efficiency: 0.9378176176
Painter+Knapsack ratio: 1.065449861
 Final painter+Knapsack_Combined time: 1.5499e-05
Run 21
File weights 51 and ranks 51
Original previous efficiency: 0.9318954173
Original efficiency: 0.9318954173
Original ratio: 1
Knapsack previous efficiency: 0.9249304696
Knapsack ratio: 1.078904272
 Final Knapsack time: 9.558e-06

Karmarkar-Karp previous efficiency: 0.8264502535
Karmarkar-Karp ratio: 1.206162874
 Final Karmarkar-Karp time: 4.826e-05

SFC previous efficiency: 0.860110792
 Time take to run this function: 2.91e-07
SFC ratio: 1
 Final SFC time: 1.5419e-05

SFC+Knapsack previous efficiency: 0.9249304696
SFC + Knapsack ratio: 1.078904272
 Final SFC+Knapsack_Combined time: 1.2534e-05

SFC+Painter previous efficiency: 0.9182467118
SFC+painterPartition efficiency: 0.9454252636
SFC+Painter ratio: 1.029598311
 Final SFC+Painter time: 1.8785e-05

Painter+Knapsack previous efficiency: 0.9249304696
Painter+Knapsack ratio: 1.078904272
 Final painter+Knapsack_Combined time: 1.5168e-05
Run 22
File weights 51 and ranks 51
Original previous efficiency: 0.9270418313
Original efficiency: 0.9270418313
Original ratio: 1
Knapsack previous efficiency: 0.9125792867
Knapsack ratio: 1.093067469
 Final Knapsack time: 9.358e-06

Karmarkar-Karp previous efficiency: 0.9956699255
Karmarkar-Karp ratio: 1.002111059
 Final Karmarkar-Karp time: 5.1977e-05

SFC previous efficiency: 0.8642670435
 Time take to run this function: 2.8e-07
SFC ratio: 1
 Final SFC time: 1.5258e-05

SFC+Knapsack previous efficiency: 0.9125792867
SFC + Knapsack ratio: 1.093067469
 Final SFC+Knapsack_Combined time: 1.2604e-05

SFC+Painter previous efficiency: 0.9177301673
SFC+painterPartition efficiency: 0.9337421315
SFC+Painter ratio: 1.017447355
 Final SFC+Painter time: 1.8875e-05

Painter+Knapsack previous efficiency: 0.9125792867
Painter+Knapsack ratio: 1.093067469
 Final painter+Knapsack_Combined time: 1.5389e-05
Run 23
File weights 51 and ranks 51
Original previous efficiency: 0.9156146066
Original efficiency: 0.9156146066
Original ratio: 1
Knapsack previous efficiency: 0.9012568065
Knapsack ratio: 1.108041717
 Final Knapsack time: 2.6018e-05

Karmarkar-Karp previous efficiency: 0.9916666299
Karmarkar-Karp ratio: 1.006607834
 Final Karmarkar-Karp time: 5.0014e-05

SFC previous efficiency: 0.8621700833
 Time take to run this function: 3.11e-07
SFC ratio: 1
 Final SFC time: 1.5659e-05

SFC+Knapsack previous efficiency: 0.9012568065
SFC + Knapsack ratio: 1.108041717
 Final SFC+Knapsack_Combined time: 1.3305e-05

SFC+Painter previous efficiency: 0.9144141971
SFC+painterPartition efficiency: 0.9281968307
SFC+Painter ratio: 1.015072637
 Final SFC+Painter time: 1.9045e-05

Painter+Knapsack previous efficiency: 0.9012568065
Painter+Knapsack ratio: 1.108041717
 Final painter+Knapsack_Combined time: 1.5358e-05
Run 24
File weights 51 and ranks 51
Original previous efficiency: 0.9076144604
Original efficiency: 0.9076144604
Original ratio: 1
Knapsack previous efficiency: 0.8944064475
Knapsack ratio: 1.111765685
 Final Knapsack time: 9.537e-06

Karmarkar-Karp previous efficiency: 0.9861949159
Karmarkar-Karp ratio: 1.012467879
 Final Karmarkar-Karp time: 4.6677e-05

SFC previous efficiency: 0.8601086387
 Time take to run this function: 2.8e-07
SFC ratio: 1
 Final SFC time: 1.5318e-05

SFC+Knapsack previous efficiency: 0.8944064475
SFC + Knapsack ratio: 1.111765685
 Final SFC+Knapsack_Combined time: 1.2333e-05

SFC+Painter previous efficiency: 0.9091857788
SFC+painterPartition efficiency: 0.9247908608
SFC+Painter ratio: 1.017163799
 Final SFC+Painter time: 1.8755e-05

Painter+Knapsack previous efficiency: 0.8944064475
Painter+Knapsack ratio: 1.111765685
 Final painter+Knapsack_Combined time: 1.5209e-05
Run 25
File weights 51 and ranks 51
Original previous efficiency: 0.9009783441
Original efficiency: 0.9009783441
Original ratio: 1
Knapsack previous efficiency: 0.8891313971
Knapsack ratio: 1.119080513
 Final Knapsack time: 9.317e-06

Karmarkar-Karp previous efficiency: 0.9825687236
Karmarkar-Karp ratio: 1.010997179
 Final Karmarkar-Karp time: 4.7669e-05

SFC previous efficiency: 0.8558017458
 Time take to run this function: 2.7e-07
SFC ratio: 1
 Final SFC time: 1.5268e-05

SFC+Knapsack previous efficiency: 0.8891313971
SFC + Knapsack ratio: 1.119080513
 Final SFC+Knapsack_Combined time: 1.3335e-05

SFC+Painter previous efficiency: 0.9022041688
SFC+painterPartition efficiency: 0.9161294182
SFC+Painter ratio: 1.015434699
 Final SFC+Painter time: 1.8625e-05

Painter+Knapsack previous efficiency: 0.8891313971
Painter+Knapsack ratio: 1.119080513
 Final painter+Knapsack_Combined time: 1.5258e-05
Run 26
File weights 51 and ranks 51
Original previous efficiency: 0.8943494226
Original efficiency: 0.9853257806
Original ratio: 1.101723505
Knapsack previous efficiency: 0.8856699533
Knapsack ratio: 1.124531888
 Final Knapsack time: 9.287e-06

Karmarkar-Karp previous efficiency: 0.9810725151
Karmarkar-Karp ratio: 1.015585983
 Final Karmarkar-Karp time: 4.6807e-05

SFC previous efficiency: 0.8534841674
 Time take to run this function: 3.11e-07
SFC ratio: 1
 Final SFC time: 1.5279e-05

SFC+Knapsack previous efficiency: 0.8856699533
SFC + Knapsack ratio: 1.124531888
 Final SFC+Knapsack_Combined time: 1.2444e-05

SFC+Painter previous efficiency: 0.9003860674
SFC+painterPartition efficiency: 0.9131948492
SFC+Painter ratio: 1.014225877
 Final SFC+Painter time: 1.8745e-05

Painter+Knapsack previous efficiency: 0.8856699533
Painter+Knapsack ratio: 1.124531888
 Final painter+Knapsack_Combined time: 1.5669e-05
Run 27
File weights 51 and ranks 51
Original previous efficiency: 0.8842223458
Original efficiency: 0.9767762565
Original ratio: 1.104672666
Knapsack previous efficiency: 0.8830940493
Knapsack ratio: 1.126611161
 Final Knapsack time: 9.879e-06

Karmarkar-Karp previous efficiency: 0.9808624886
Karmarkar-Karp ratio: 1.017969311
 Final Karmarkar-Karp time: 4.4362e-05

SFC previous efficiency: 0.8451762234
 Time take to run this function: 3.01e-07
SFC ratio: 1
 Final SFC time: 1.5209e-05

SFC+Knapsack previous efficiency: 0.8830940493
SFC + Knapsack ratio: 1.126611161
 Final SFC+Knapsack_Combined time: 1.2774e-05

SFC+Painter previous efficiency: 0.895135951
SFC+painterPartition efficiency: 0.9092508782
SFC+Painter ratio: 1.015768473
 Final SFC+Painter time: 1.8474e-05

Painter+Knapsack previous efficiency: 0.8830940493
Painter+Knapsack ratio: 1.126611161
 Final painter+Knapsack_Combined time: 2.0027e-05
Run 28
File weights 51 and ranks 51
Original previous efficiency: 0.8794702281
Original efficiency: 0.9735324442
Original ratio: 1.106953269
Knapsack previous efficiency: 0.8845091369
Knapsack ratio: 1.128166336
 Final Knapsack time: 9.728e-06

Karmarkar-Karp previous efficiency: 0.9770392865
Karmarkar-Karp ratio: 1.019192414
 Final Karmarkar-Karp time: 4.7789e-05

SFC previous efficiency: 0.8434129881
 Time take to run this function: 3.01e-07
SFC ratio: 1
 Final SFC time: 1.606e-05

SFC+Knapsack previous efficiency: 0.8845091369
SFC + Knapsack ratio: 1.128166336
 Final SFC+Knapsack_Combined time: 1.3014e-05

SFC+Painter previous efficiency: 0.8974216832
SFC+painterPartition efficiency: 0.9110802349
SFC+Painter ratio: 1.01521977
 Final SFC+Painter time: 1.8925e-05

Painter+Knapsack previous efficiency: 0.8845091369
Painter+Knapsack ratio: 1.128166336
 Final painter+Knapsack_Combined time: 1.5349e-05
Run 29
File weights 51 and ranks 51
Original previous efficiency: 0.8762447058
Original efficiency: 0.9662575357
Original ratio: 1.102725676
Knapsack previous efficiency: 0.8857093693
Knapsack ratio: 1.125895919
 Final Knapsack time: 9.487e-06

Karmarkar-Karp previous efficiency: 0.965569457
Karmarkar-Karp ratio: 1.027539034
 Final Karmarkar-Karp time: 4.8931e-05

SFC previous efficiency: 0.8471515577
 Time take to run this function: 3.1e-07
SFC ratio: 1
 Final SFC time: 1.5488e-05

SFC+Knapsack previous efficiency: 0.8857093693
SFC + Knapsack ratio: 1.125895919
 Final SFC+Knapsack_Combined time: 1.2914e-05

SFC+Painter previous efficiency: 0.9040696407
SFC+painterPartition efficiency: 0.9201295917
SFC+Painter ratio: 1.017764064
 Final SFC+Painter time: 1.8785e-05

Painter+Knapsack previous efficiency: 0.8857093693
Painter+Knapsack ratio: 1.125895919
 Final painter+Knapsack_Combined time: 1.4918e-05
Run 30
File weights 51 and ranks 51
Original previous efficiency: 0.8800545437
Original efficiency: 0.9587917601
Original ratio: 1.089468564
Knapsack previous efficiency: 0.8909439629
Knapsack ratio: 1.115155872
 Final Knapsack time: 9.357e-06

Karmarkar-Karp previous efficiency: 0.9630587218
Karmarkar-Karp ratio: 1.030381477
 Final Karmarkar-Karp time: 4.7248e-05

SFC previous efficiency: 0.8489155801
 Time take to run this function: 3.2e-07
SFC ratio: 1
 Final SFC time: 1.5348e-05

SFC+Knapsack previous efficiency: 0.8909439629
SFC + Knapsack ratio: 1.115155872
 Final SFC+Knapsack_Combined time: 1.2593e-05

SFC+Painter previous efficiency: 0.9062668786
SFC+painterPartition efficiency: 0.9438594915
SFC+Painter ratio: 1.041480731
 Final SFC+Painter time: 1.8815e-05

Painter+Knapsack previous efficiency: 0.8909439629
Painter+Knapsack ratio: 1.115155872
 Final painter+Knapsack_Combined time: 1.4928e-05
Run 31
File weights 51 and ranks 51
Original previous efficiency: 0.8886589715
Original efficiency: 0.9514609509
Original ratio: 1.070670506
Knapsack previous efficiency: 0.898812582
Knapsack ratio: 1.109650939
 Final Knapsack time: 9.518e-06

Karmarkar-Karp previous efficiency: 0.9618152017
Karmarkar-Karp ratio: 1.032561762
 Final Karmarkar-Karp time: 5.1806e-05

SFC previous efficiency: 0.8511660733
 Time take to run this function: 2.91e-07
SFC ratio: 1
 Final SFC time: 1.5469e-05

SFC+Knapsack previous efficiency: 0.898812582
SFC + Knapsack ratio: 1.109650939
 Final SFC+Knapsack_Combined time: 1.2724e-05

SFC+Painter previous efficiency: 0.9114322492
SFC+painterPartition efficiency: 0.9398611169
SFC+Painter ratio: 1.031191422
 Final SFC+Painter time: 1.8665e-05

Painter+Knapsack previous efficiency: 0.898812582
Painter+Knapsack ratio: 1.109650939
 Final painter+Knapsack_Combined time: 1.5018e-05
Run 32
File weights 51 and ranks 51
Original previous efficiency: 0.8939818017
Original efficiency: 0.9530341796
Original ratio: 1.066055459
Knapsack previous efficiency: 0.8853955724
Knapsack ratio: 1.128061594
 Final Knapsack time: 9.338e-06

Karmarkar-Karp previous efficiency: 0.9488637095
Karmarkar-Karp ratio: 1.053308454
 Final Karmarkar-Karp time: 5.4e-05

SFC previous efficiency: 0.8576287389
 Time take to run this function: 2.71e-07
SFC ratio: 1
 Final SFC time: 1.5118e-05

SFC+Knapsack previous efficiency: 0.8853955724
SFC + Knapsack ratio: 1.128061594
 Final SFC+Knapsack_Combined time: 1.2754e-05

SFC+Painter previous efficiency: 0.9163430733
SFC+painterPartition efficiency: 0.9326016393
SFC+Painter ratio: 1.017742881
 Final SFC+Painter time: 1.9176e-05

Painter+Knapsack previous efficiency: 0.8853955724
Painter+Knapsack ratio: 1.128061594
 Final painter+Knapsack_Combined time: 1.5148e-05
Run 33
File weights 51 and ranks 51
Original previous efficiency: 0.899505905
Original efficiency: 0.9607936498
Original ratio: 1.0681349
Knapsack previous efficiency: 0.87361372
Knapsack ratio: 1.144504706
 Final Knapsack time: 9.468e-06

Karmarkar-Karp previous efficiency: 0.9357057082
Karmarkar-Karp ratio: 1.067841484
 Final Karmarkar-Karp time: 4.8921e-05

SFC previous efficiency: 0.8598987751
 Time take to run this function: 3.2e-07
SFC ratio: 1
 Final SFC time: 1.5529e-05

SFC+Knapsack previous efficiency: 0.87361372
SFC + Knapsack ratio: 1.144504706
 Final SFC+Knapsack_Combined time: 1.2503e-05

SFC+Painter previous efficiency: 0.9176123055
SFC+painterPartition efficiency: 0.9210746793
SFC+Painter ratio: 1.003773243
 Final SFC+Painter time: 1.9046e-05

Painter+Knapsack previous efficiency: 0.87361372
Painter+Knapsack ratio: 1.144504706
 Final painter+Knapsack_Combined time: 1.5108e-05
Run 34
File weights 51 and ranks 51
Original previous efficiency: 0.9038179887
Original efficiency: 0.9508778614
Original ratio: 1.052067865
Knapsack previous efficiency: 0.8683956824
Knapsack ratio: 1.15075494
 Final Knapsack time: 9.207e-06

Karmarkar-Karp previous efficiency: 0.9298213046
Karmarkar-Karp ratio: 1.074502602
 Final Karmarkar-Karp time: 5.393e-05

SFC previous efficiency: 0.8609554052
 Time take to run this function: 2.81e-07
SFC ratio: 1
 Final SFC time: 1.5409e-05

SFC+Knapsack previous efficiency: 0.8683956824
SFC + Knapsack ratio: 1.15075494
 Final SFC+Knapsack_Combined time: 1.2574e-05

SFC+Painter previous efficiency: 0.9100391905
SFC+painterPartition efficiency: 0.9100391905
SFC+Painter ratio: 1
 Final SFC+Painter time: 1.9115e-05

Painter+Knapsack previous efficiency: 0.8683956824
Painter+Knapsack ratio: 1.15075494
 Final painter+Knapsack_Combined time: 1.4947e-05
Run 35
File weights 51 and ranks 51
Original previous efficiency: 0.9116907549
Original efficiency: 0.9353880316
Original ratio: 1.02599267
Knapsack previous efficiency: 0.8667173063
Knapsack ratio: 1.141585409
 Final Knapsack time: 9.197e-06

Karmarkar-Karp previous efficiency: 0.9226746187
Karmarkar-Karp ratio: 1.082617108
 Final Karmarkar-Karp time: 5.1046e-05

SFC previous efficiency: 0.8590385533
 Time take to run this function: 2.91e-07
SFC ratio: 1
 Final SFC time: 1.5289e-05

SFC+Knapsack previous efficiency: 0.8667173063
SFC + Knapsack ratio: 1.141585409
 Final SFC+Knapsack_Combined time: 1.2343e-05

SFC+Painter previous efficiency: 0.8983694477
SFC+painterPartition efficiency: 0.8983694477
SFC+Painter ratio: 1
 Final SFC+Painter time: 1.8464e-05

Painter+Knapsack previous efficiency: 0.8667173063
Painter+Knapsack ratio: 1.141585409
 Final painter+Knapsack_Combined time: 1.4787e-05
Run 36
File weights 51 and ranks 51
Original previous efficiency: 0.9240133135
Original efficiency: 0.9612714427
Original ratio: 1.04032207
Knapsack previous efficiency: 0.8776287618
Knapsack ratio: 1.125805775
 Final Knapsack time: 9.077e-06

Karmarkar-Karp previous efficiency: 0.9386227849
Karmarkar-Karp ratio: 1.064678544
 Final Karmarkar-Karp time: 4.8611e-05

SFC previous efficiency: 0.840952787
 Time take to run this function: 2.91e-07
SFC ratio: 1
 Final SFC time: 1.5319e-05

SFC+Knapsack previous efficiency: 0.8776287618
SFC + Knapsack ratio: 1.125805775
 Final SFC+Knapsack_Combined time: 1.2513e-05

SFC+Painter previous efficiency: 0.8929550783
SFC+painterPartition efficiency: 0.8993654454
SFC+Painter ratio: 1.007178824
 Final SFC+Painter time: 1.8925e-05

Painter+Knapsack previous efficiency: 0.8776287618
Painter+Knapsack ratio: 1.125805775
 Final painter+Knapsack_Combined time: 1.4967e-05
Run 37
File weights 51 and ranks 51
Original previous efficiency: 0.9306051552
Original efficiency: 0.9846316973
Original ratio: 1.058055279
Knapsack previous efficiency: 0.8957318752
Knapsack ratio: 1.112250998
 Final Knapsack time: 8.977e-06

Karmarkar-Karp previous efficiency: 0.9557359585
Karmarkar-Karp ratio: 1.044724149
 Final Karmarkar-Karp time: 4.9062e-05

SFC previous efficiency: 0.8299843841
 Time take to run this function: 3.01e-07
SFC ratio: 0.9368025441
 Final SFC time: 1.5539e-05

SFC+Knapsack previous efficiency: 0.8957318752
SFC + Knapsack ratio: 1.112250998
 Final SFC+Knapsack_Combined time: 1.2473e-05

SFC+Painter previous efficiency: 0.8772247929
SFC+painterPartition efficiency: 0.9098986676
SFC+Painter ratio: 1.037246866
 Final SFC+Painter time: 1.8335e-05

Painter+Knapsack previous efficiency: 0.8957318752
Painter+Knapsack ratio: 1.112250998
 Final painter+Knapsack_Combined time: 1.5168e-05
Run 38
File weights 51 and ranks 51
Original previous efficiency: 0.9472989577
Original efficiency: 0.9840467624
Original ratio: 1.038792194
Knapsack previous efficiency: 0.9063883009
Knapsack ratio: 1.102902239
 Final Knapsack time: 9.548e-06

Karmarkar-Karp previous efficiency: 0.9700672016
Karmarkar-Karp ratio: 1.02948603
 Final Karmarkar-Karp time: 5.0634e-05

SFC previous efficiency: 0.8272460421
 Time take to run this function: 2.91e-07
SFC ratio: 0.9848329072
 Final SFC time: 1.5649e-05

SFC+Knapsack previous efficiency: 0.9063883009
SFC + Knapsack ratio: 1.102902239
 Final SFC+Knapsack_Combined time: 1.2753e-05

SFC+Painter previous efficiency: 0.8747031659
SFC+painterPartition efficiency: 0.9134769084
SFC+Painter ratio: 1.044327886
 Final SFC+Painter time: 1.8885e-05

Painter+Knapsack previous efficiency: 0.9063883009
Painter+Knapsack ratio: 1.102902239
 Final painter+Knapsack_Combined time: 1.5158e-05
Run 39
File weights 51 and ranks 51
Original previous efficiency: 0.9415837783
Original efficiency: 0.981975987
Original ratio: 1.042898157
Knapsack previous efficiency: 0.9137577662
Knapsack ratio: 1.093443519
 Final Knapsack time: 9.257e-06

Karmarkar-Karp previous efficiency: 0.9829139678
Karmarkar-Karp ratio: 1.017080482
 Final Karmarkar-Karp time: 4.7819e-05

SFC previous efficiency: 0.8234798993
 Time take to run this function: 2.81e-07
SFC ratio: 0.9860315179
 Final SFC time: 1.5279e-05

SFC+Knapsack previous efficiency: 0.9137577662
SFC + Knapsack ratio: 1.093443519
 Final SFC+Knapsack_Combined time: 1.2393e-05

SFC+Painter previous efficiency: 0.8708053025
SFC+painterPartition efficiency: 0.9150310279
SFC+Painter ratio: 1.050787157
 Final SFC+Painter time: 1.8544e-05

Painter+Knapsack previous efficiency: 0.9137577662
Painter+Knapsack ratio: 1.093443519
 Final painter+Knapsack_Combined time: 1.5028e-05
Run 40
File weights 51 and ranks 51
Original previous efficiency: 0.9392320538
Original efficiency: 0.9820092448
Original ratio: 1.045544858
Knapsack previous efficiency: 0.9177363514
Knapsack ratio: 1.086774912
 Final Knapsack time: 9.167e-06

Karmarkar-Karp previous efficiency: 0.9713324096
Karmarkar-Karp ratio: 1.02879604
 Final Karmarkar-Karp time: 4.8361e-05

SFC previous efficiency: 0.8204818398
 Time take to run this function: 2.8e-07
SFC ratio: 0.9870310618
 Final SFC time: 1.5378e-05

SFC+Knapsack previous efficiency: 0.9177363514
SFC + Knapsack ratio: 1.086774912
 Final SFC+Knapsack_Combined time: 1.2453e-05

SFC+Painter previous efficiency: 0.8655153739
SFC+painterPartition efficiency: 0.9229462145
SFC+Painter ratio: 1.066354501
 Final SFC+Painter time: 1.8755e-05

Painter+Knapsack previous efficiency: 0.9177363514
Painter+Knapsack ratio: 1.086774912
 Final painter+Knapsack_Combined time: 1.5219e-05
Run 41
File weights 51 and ranks 51
Original previous efficiency: 0.9365956254
Original efficiency: 0.9786128726
Original ratio: 1.044861674
Knapsack previous efficiency: 0.9198200694
Knapsack ratio: 1.084817486
 Final Knapsack time: 9.297e-06

Karmarkar-Karp previous efficiency: 0.9603243359
Karmarkar-Karp ratio: 1.040533463
 Final Karmarkar-Karp time: 5.0384e-05

SFC previous efficiency: 0.8187152797
 Time take to run this function: 2.81e-07
SFC ratio: 0.9843883239
 Final SFC time: 1.5459e-05

SFC+Knapsack previous efficiency: 0.9198200694
SFC + Knapsack ratio: 1.084817486
 Final SFC+Knapsack_Combined time: 1.2593e-05

SFC+Painter previous efficiency: 0.8645013184
SFC+painterPartition efficiency: 0.9256173232
SFC+Painter ratio: 1.070695097
 Final SFC+Painter time: 1.8565e-05

Painter+Knapsack previous efficiency: 0.9198200694
Painter+Knapsack ratio: 1.084817486
 Final painter+Knapsack_Combined time: 1.4828e-05
Run 42
File weights 51 and ranks 51
Original previous efficiency: 0.9311931323
Original efficiency: 0.980210123
Original ratio: 1.052638909
Knapsack previous efficiency: 0.9234107643
Knapsack ratio: 1.07903307
 Final Knapsack time: 9.228e-06

Karmarkar-Karp previous efficiency: 0.9522441201
Karmarkar-Karp ratio: 1.049065662
 Final Karmarkar-Karp time: 4.9432e-05

SFC previous efficiency: 0.8177073727
 Time take to run this function: 2.81e-07
SFC ratio: 0.981930865
 Final SFC time: 1.5308e-05

SFC+Knapsack previous efficiency: 0.9234107643
SFC + Knapsack ratio: 1.07903307
 Final SFC+Knapsack_Combined time: 1.3055e-05

SFC+Painter previous efficiency: 0.8631182821
SFC+painterPartition efficiency: 0.9273444016
SFC+Painter ratio: 1.074411724
 Final SFC+Painter time: 1.8745e-05

Painter+Knapsack previous efficiency: 0.9234107643
Painter+Knapsack ratio: 1.07903307
 Final painter+Knapsack_Combined time: 1.4948e-05
Run 43
File weights 51 and ranks 51
Original previous efficiency: 0.9274457324
Original efficiency: 0.9779918166
Original ratio: 1.054500315
Knapsack previous efficiency: 0.9240946422
Knapsack ratio: 1.078716877
 Final Knapsack time: 9.307e-06

Karmarkar-Karp previous efficiency: 0.9473949435
Karmarkar-Karp ratio: 1.054928598
 Final Karmarkar-Karp time: 5.0604e-05

SFC previous efficiency: 0.8174791514
 Time take to run this function: 6.81e-07
SFC ratio: 1
 Final SFC time: 1.9346e-05

SFC+Knapsack previous efficiency: 0.9240946422
SFC + Knapsack ratio: 1.078716877
 Final SFC+Knapsack_Combined time: 1.3585e-05

SFC+Painter previous efficiency: 0.8640923915
SFC+painterPartition efficiency: 0.9274315377
SFC+Painter ratio: 1.073301359
 Final SFC+Painter time: 1.9186e-05

Painter+Knapsack previous efficiency: 0.9240946422
Painter+Knapsack ratio: 1.078716877
 Final painter+Knapsack_Combined time: 1.5429e-05
Run 44
File weights 51 and ranks 51
Original previous efficiency: 0.9253656644
Original efficiency: 0.9791382877
Original ratio: 1.058109594
Knapsack previous efficiency: 0.9205204545
Knapsack ratio: 1.082032268
 Final Knapsack time: 9.357e-06

Karmarkar-Karp previous efficiency: 0.9461619198
Karmarkar-Karp ratio: 1.056759231
 Final Karmarkar-Karp time: 5.0605e-05

SFC previous efficiency: 0.8181252729
 Time take to run this function: 3e-07
SFC ratio: 1
 Final SFC time: 1.568e-05

SFC+Knapsack previous efficiency: 0.9205204545
SFC + Knapsack ratio: 1.082032268
 Final SFC+Knapsack_Combined time: 1.2994e-05

SFC+Painter previous efficiency: 0.8648457127
SFC+painterPartition efficiency: 0.9275896499
SFC+Painter ratio: 1.072549284
 Final SFC+Painter time: 2.3223e-05

Painter+Knapsack previous efficiency: 0.9205204545
Painter+Knapsack ratio: 1.082032268
 Final painter+Knapsack_Combined time: 1.6301e-05
Run 45
File weights 51 and ranks 51
Original previous efficiency: 0.9250640956
Original efficiency: 0.9770108583
Original ratio: 1.056154771
Knapsack previous efficiency: 0.9187320066
Knapsack ratio: 1.084346969
 Final Knapsack time: 9.538e-06

Karmarkar-Karp previous efficiency: 0.9452207323
Karmarkar-Karp ratio: 1.057520841
 Final Karmarkar-Karp time: 8.7784e-05

SFC previous efficiency: 0.8190957448
 Time take to run this function: 3e-07
SFC ratio: 1
 Final SFC time: 1.582e-05

SFC+Knapsack previous efficiency: 0.9187320066
SFC + Knapsack ratio: 1.084346969
 Final SFC+Knapsack_Combined time: 1.3145e-05

SFC+Painter previous efficiency: 0.8647703866
SFC+painterPartition efficiency: 0.9300358118
SFC+Painter ratio: 1.075471392
 Final SFC+Painter time: 1.8685e-05

Painter+Knapsack previous efficiency: 0.9187320066
Painter+Knapsack ratio: 1.084346969
 Final painter+Knapsack_Combined time: 3.0066e-05
Run 46
File weights 51 and ranks 51
Original previous efficiency: 0.9240350775
Original efficiency: 0.9756994299
Original ratio: 1.055911679
Knapsack previous efficiency: 0.9141240089
Knapsack ratio: 1.089443055
 Final Knapsack time: 9.738e-06

Karmarkar-Karp previous efficiency: 0.9452314006
Karmarkar-Karp ratio: 1.057637812
 Final Karmarkar-Karp time: 4.269e-05

SFC previous efficiency: 0.8182606376
 Time take to run this function: 2.9e-07
SFC ratio: 1
 Final SFC time: 1.5669e-05

SFC+Knapsack previous efficiency: 0.9141240089
SFC + Knapsack ratio: 1.089443055
 Final SFC+Knapsack_Combined time: 1.3154e-05

SFC+Painter previous efficiency: 0.8641161997
SFC+painterPartition efficiency: 0.9313960893
SFC+Painter ratio: 1.077859771
 Final SFC+Painter time: 1.9056e-05

Painter+Knapsack previous efficiency: 0.9141240089
Painter+Knapsack ratio: 1.089443055
 Final painter+Knapsack_Combined time: 1.5269e-05
Run 47
File weights 51 and ranks 51
Original previous efficiency: 0.9228149672
Original efficiency: 0.9757473537
Original ratio: 1.057359697
Knapsack previous efficiency: 0.9068052792
Knapsack ratio: 1.101984753
 Final Knapsack time: 9.577e-06

Karmarkar-Karp previous efficiency: 0.9388268669
Karmarkar-Karp ratio: 1.064772912
 Final Karmarkar-Karp time: 4.7308e-05

SFC previous efficiency: 0.822587809
 Time take to run this function: 2.9e-07
SFC ratio: 1
 Final SFC time: 1.5699e-05

SFC+Knapsack previous efficiency: 0.9068052792
SFC + Knapsack ratio: 1.101984753
 Final SFC+Knapsack_Combined time: 1.2864e-05

SFC+Painter previous efficiency: 0.869373381
SFC+painterPartition efficiency: 0.935938728
SFC+Painter ratio: 1.076567041
 Final SFC+Painter time: 1.8435e-05

Painter+Knapsack previous efficiency: 0.9068052792
Painter+Knapsack ratio: 1.101984753
 Final painter+Knapsack_Combined time: 1.5238e-05
Run 48
File weights 51 and ranks 51
Original previous efficiency: 0.9185396813
Original efficiency: 0.9737361549
Original ratio: 1.06009155
Knapsack previous efficiency: 0.9068954612
Knapsack ratio: 1.101729662
 Final Knapsack time: 9.277e-06

Karmarkar-Karp previous efficiency: 0.9363817155
Karmarkar-Karp ratio: 1.066935999
 Final Karmarkar-Karp time: 4.7478e-05

SFC previous efficiency: 0.8267445302
 Time take to run this function: 3e-07
SFC ratio: 1
 Final SFC time: 1.5278e-05

SFC+Knapsack previous efficiency: 0.9068954612
SFC + Knapsack ratio: 1.101729662
 Final SFC+Knapsack_Combined time: 1.2433e-05

SFC+Painter previous efficiency: 0.8744044194
SFC+painterPartition efficiency: 0.9295337685
SFC+Painter ratio: 1.063047885
 Final SFC+Painter time: 1.8624e-05

Painter+Knapsack previous efficiency: 0.9068954612
Painter+Knapsack ratio: 1.101729662
 Final painter+Knapsack_Combined time: 1.5038e-05
Run 49
File weights 51 and ranks 51
Original previous efficiency: 0.9197308462
Original efficiency: 0.9701901849
Original ratio: 1.054863158
Knapsack previous efficiency: 0.9094020336
Knapsack ratio: 1.099315661
 Final Knapsack time: 9.097e-06

Karmarkar-Karp previous efficiency: 0.9426814718
Karmarkar-Karp ratio: 1.060769627
 Final Karmarkar-Karp time: 4.5505e-05

SFC previous efficiency: 0.8259959432
 Time take to run this function: 2.7e-07
SFC ratio: 1
 Final SFC time: 1.5278e-05

SFC+Knapsack previous efficiency: 0.9094020336
SFC + Knapsack ratio: 1.099315661
 Final SFC+Knapsack_Combined time: 1.2834e-05

SFC+Painter previous efficiency: 0.8729379602
SFC+painterPartition efficiency: 0.9301547333
SFC+Painter ratio: 1.065545062
 Final SFC+Painter time: 1.8394e-05

Painter+Knapsack previous efficiency: 0.9094020336
Painter+Knapsack ratio: 1.099315661
 Final painter+Knapsack_Combined time: 1.5008e-05
Run 50
File weights 51 and ranks 51
Original previous efficiency: 0.9190512279
Original efficiency: 0.9640419957
Original ratio: 1.048953493
Knapsack previous efficiency: 0.9112577034
Knapsack ratio: 1.096572248
 Final Knapsack time: 9.368e-06

Karmarkar-Karp previous efficiency: 0.9410454954
Karmarkar-Karp ratio: 1.062511719
 Final Karmarkar-Karp time: 4.6187e-05

SFC previous efficiency: 0.8303057162
 Time take to run this function: 2.81e-07
SFC ratio: 1
 Final SFC time: 1.5369e-05

SFC+Knapsack previous efficiency: 0.9112577034
SFC + Knapsack ratio: 1.096572248
 Final SFC+Knapsack_Combined time: 1.2594e-05

SFC+Painter previous efficiency: 0.8791036624
SFC+painterPartition efficiency: 0.9197406509
SFC+Painter ratio: 1.04622548
 Final SFC+Painter time: 1.8655e-05

Painter+Knapsack previous efficiency: 0.9112577034
Painter+Knapsack ratio: 1.096572248
 Final painter+Knapsack_Combined time: 2.4616e-05


TinyProfiler total time across processes [min...avg...max]: 0.1065 ... 0.1065 ... 0.1065

-------------------------------------------------------------------------------------
Name                                  NCalls  Excl. Min  Excl. Avg  Excl. Max   Max %
-------------------------------------------------------------------------------------
kk()                                      51   0.002179   0.002179   0.002179   2.05%
painterPartition()                       102  0.0009632  0.0009632  0.0009632   0.90%
SFCProcessorMapDoIt()                     51  0.0004534  0.0004534  0.0004534   0.43%
knapsack()                               153  0.0003999  0.0003999  0.0003999   0.38%
SFCProcessorMapDoItCombined()             51  0.0001743  0.0001743  0.0001743   0.16%
SFCProcessorMapDoItCombinedPainter()      51  9.043e-05  9.043e-05  9.043e-05   0.08%
KKDoIt()                                  51  8.549e-05  8.549e-05  8.549e-05   0.08%
Distribute()                             102  6.596e-05  6.596e-05  6.596e-05   0.06%
KnapSackDoIt()                            51  4.373e-05  4.373e-05  4.373e-05   0.04%
-------------------------------------------------------------------------------------

-------------------------------------------------------------------------------------
Name                                  NCalls  Incl. Min  Incl. Avg  Incl. Max   Max %
-------------------------------------------------------------------------------------
KKDoIt()                                  51   0.002265   0.002265   0.002265   2.13%
kk()                                      51   0.002179   0.002179   0.002179   2.05%
painterPartition()                       102  0.0009632  0.0009632  0.0009632   0.90%
SFCProcessorMapDoItCombinedPainter()      51  0.0004945  0.0004945  0.0004945   0.46%
SFCProcessorMapDoIt()                     51   0.000494   0.000494   0.000494   0.46%
knapsack()                               153  0.0003999  0.0003999  0.0003999   0.38%
SFCProcessorMapDoItCombined()             51  0.0003446  0.0003446  0.0003446   0.32%
KnapSackDoIt()                            51  0.0001838  0.0001838  0.0001838   0.17%
Distribute()                             102  6.596e-05  6.596e-05  6.596e-05   0.06%
-------------------------------------------------------------------------------------

Pinned Memory Usage:
----------------------------------------------------------------
Name                            Nalloc  Nfree   AvgMem    MaxMem
----------------------------------------------------------------
The_Pinned_Arena::Initialize()       1      1  258 KiB  8192 KiB
----------------------------------------------------------------

AMReX (25.06-22-g1d307c2c661a) finalized
