Initializing AMReX (25.06-22-g1d307c2c661a)...
OMP initialized with 256 OMP threads
AMReX (25.06-22-g1d307c2c661a) initialized
Starting running input_laser_ion running with 12 nodes and 4 ranks per node.
Total steps: 5000, intervals: 100 = 50 runs
Reading precomputed weights and ranks from file: /global/homes/j/jessd/lb_extractor/lb_inputs/imp_20/laser_ion_8_boxes_48_ranks_timers_20_lb_data.txt
/global/homes/j/jessd/lb_extractor/lb_inputs/imp_20/laser_ion_8_boxes_48_ranks_timers_20_lb_data.txt
Run 0: Weights size: 435
Run 1: Weights size: 435
Run 2: Weights size: 435
Run 3: Weights size: 435
Run 4: Weights size: 435
Run 5: Weights size: 435
Run 6: Weights size: 435
Run 7: Weights size: 435
Run 8: Weights size: 435
Run 9: Weights size: 435
Run 10: Weights size: 435
Run 11: Weights size: 435
Run 12: Weights size: 435
Run 13: Weights size: 435
Run 14: Weights size: 435
Run 15: Weights size: 435
Run 16: Weights size: 435
Run 17: Weights size: 435
Run 18: Weights size: 435
Run 19: Weights size: 435
Run 20: Weights size: 435
Run 21: Weights size: 435
Run 22: Weights size: 435
Run 23: Weights size: 435
Run 24: Weights size: 435
Run 25: Weights size: 435
Run 26: Weights size: 435
Run 27: Weights size: 435
Run 28: Weights size: 435
Run 29: Weights size: 435
Run 30: Weights size: 435
Run 31: Weights size: 435
Run 32: Weights size: 435
Run 33: Weights size: 435
Run 34: Weights size: 435
Run 35: Weights size: 435
Run 36: Weights size: 435
Run 37: Weights size: 435
Run 38: Weights size: 435
Run 39: Weights size: 435
Run 40: Weights size: 435
Run 41: Weights size: 435
Run 42: Weights size: 435
Run 43: Weights size: 435
Run 44: Weights size: 435
Run 45: Weights size: 435
Run 46: Weights size: 435
Run 47: Weights size: 435
Run 48: Weights size: 435
Run 49: Weights size: 435
Run 50: Weights size: 435
Run 0
File weights 51 and ranks 51
Original efficiency: 0.5171832272
Original ratio: inf
Knapsack ratio: inf
 Final Knapsack time: 0.000108792

Karmarkar-Karp ratio: inf
 Final Karmarkar-Karp time: 0.006321868

 Time take to run this function: 7.420000001e-07
SFC ratio: inf
 Final SFC time: 8.1743e-05

SFC + Knapsack ratio: inf
 Final SFC+Knapsack_Combined time: 0.000110385

SFC+painterPartition efficiency: 0.5387267485
SFC+Painter ratio: inf
 Final SFC+Painter time: 0.000201736

Painter+Knapsack ratio: inf
 Final painter+Knapsack_Combined time: 0.000210983
Run 1
File weights 51 and ranks 51
Original previous efficiency: 0.3676042417
Original efficiency: 0.3676042417
Original ratio: 1
Knapsack previous efficiency: 0.3488108597
Knapsack ratio: 2.849972771
 Final Knapsack time: 7.3457e-05

Karmarkar-Karp previous efficiency: 0.3488108597
Karmarkar-Karp ratio: 2.856804037
 Final Karmarkar-Karp time: 0.003467711

SFC previous efficiency: 0.2506856446
 Time take to run this function: 6.81e-07
SFC ratio: 3.21142528
 Final SFC time: 6.1334e-05

SFC+Knapsack previous efficiency: 0.1618664929
SFC + Knapsack ratio: 5.326468751
 Final SFC+Knapsack_Combined time: 9.5808e-05

SFC+Painter previous efficiency: 0.1959909243
SFC+painterPartition efficiency: 0.8624961289
SFC+Painter ratio: 4.400694226
 Final SFC+Painter time: 0.000144429

Painter+Knapsack previous efficiency: 0.2579505292
Painter+Knapsack ratio: 3.342411505
 Final painter+Knapsack_Combined time: 0.000212586
Run 2
File weights 51 and ranks 51
Original previous efficiency: 0.3573229864
Original efficiency: 0.9053052192
Original ratio: 2.533576774
Knapsack previous efficiency: 0.9053052192
Knapsack ratio: 1.099279589
 Final Knapsack time: 7.2244e-05

Karmarkar-Karp previous efficiency: 0.8982638142
Karmarkar-Karp ratio: 1.109723033
 Final Karmarkar-Karp time: 0.003433767

SFC previous efficiency: 0.6885937397
 Time take to run this function: 6.21e-07
SFC ratio: 1.160158365
 Final SFC time: 6.2686e-05

SFC+Knapsack previous efficiency: 0.8018883298
SFC + Knapsack ratio: 1.042937574
 Final SFC+Knapsack_Combined time: 9.68e-05

SFC+Painter previous efficiency: 0.7725049614
SFC+painterPartition efficiency: 0.8741943248
SFC+Painter ratio: 1.131635871
 Final SFC+Painter time: 0.000155149

Painter+Knapsack previous efficiency: 0.8018883298
Painter+Knapsack ratio: 1.045620504
 Final painter+Knapsack_Combined time: 0.000169546
Run 3
File weights 51 and ranks 51
Original previous efficiency: 0.926897564
Original efficiency: 0.926897564
Original ratio: 1
Knapsack previous efficiency: 0.926897564
Knapsack ratio: 1.065934516
 Final Knapsack time: 7.1594e-05

Karmarkar-Karp previous efficiency: 0.925403924
Karmarkar-Karp ratio: 1.068365225
 Final Karmarkar-Karp time: 0.003210652

SFC previous efficiency: 0.716556892
 Time take to run this function: 5.31e-07
SFC ratio: 1.079951977
 Final SFC time: 6.0232e-05

SFC+Knapsack previous efficiency: 0.8173350535
SFC + Knapsack ratio: 1.007462501
 Final SFC+Knapsack_Combined time: 9.5257e-05

SFC+Painter previous efficiency: 0.8200487977
SFC+painterPartition efficiency: 0.8678487655
SFC+Painter ratio: 1.058289175
 Final SFC+Painter time: 0.000155089

Painter+Knapsack previous efficiency: 0.8173350535
Painter+Knapsack ratio: 1.007462501
 Final painter+Knapsack_Combined time: 0.000177872
Run 4
File weights 51 and ranks 51
Original previous efficiency: 0.9161292983
Original efficiency: 0.9161292983
Original ratio: 1
Knapsack previous efficiency: 0.9161292983
Knapsack ratio: 1.07853351
 Final Knapsack time: 7.1513e-05

Karmarkar-Karp previous efficiency: 0.9213157992
Karmarkar-Karp ratio: 1.075368567
 Final Karmarkar-Karp time: 0.00337606

SFC previous efficiency: 0.6992743482
 Time take to run this function: 5.71e-07
SFC ratio: 1.145123487
 Final SFC time: 6.1715e-05

SFC+Knapsack previous efficiency: 0.8214054883
SFC + Knapsack ratio: 1.007901178
 Final SFC+Knapsack_Combined time: 9.4255e-05

SFC+Painter previous efficiency: 0.8242144317
SFC+painterPartition efficiency: 0.8688932372
SFC+Painter ratio: 1.054207745
 Final SFC+Painter time: 0.000187399

Painter+Knapsack previous efficiency: 0.8214054883
Painter+Knapsack ratio: 1.007901178
 Final painter+Knapsack_Combined time: 0.000219269
Run 5
File weights 51 and ranks 51
Original previous efficiency: 0.9106588124
Original efficiency: 0.9106588124
Original ratio: 1
Knapsack previous efficiency: 0.9106588124
Knapsack ratio: 1.087108635
 Final Knapsack time: 9.8864e-05

Karmarkar-Karp previous efficiency: 0.9214973753
Karmarkar-Karp ratio: 1.077274346
 Final Karmarkar-Karp time: 0.003234416

SFC previous efficiency: 0.6870214407
 Time take to run this function: 3.81e-07
SFC ratio: 1.198606148
 Final SFC time: 5.0454e-05

SFC+Knapsack previous efficiency: 0.823652838
SFC + Knapsack ratio: 1.006745414
 Final SFC+Knapsack_Combined time: 7.8657e-05

SFC+Painter previous efficiency: 0.812937168
SFC+painterPartition efficiency: 0.8691022283
SFC+Painter ratio: 1.069089055
 Final SFC+Painter time: 0.000113351

Painter+Knapsack previous efficiency: 0.823652838
Painter+Knapsack ratio: 1.006745414
 Final painter+Knapsack_Combined time: 0.000130153
Run 6
File weights 51 and ranks 51
Original previous efficiency: 0.9017379378
Original efficiency: 0.9017379378
Original ratio: 1
Knapsack previous efficiency: 0.9017379378
Knapsack ratio: 1.097630043
 Final Knapsack time: 6.0443e-05

Karmarkar-Karp previous efficiency: 0.913287199
Karmarkar-Karp ratio: 1.086451511
 Final Karmarkar-Karp time: 0.002417584

SFC previous efficiency: 0.6783242108
 Time take to run this function: 3.7e-07
SFC ratio: 1.214100255
 Final SFC time: 4.9953e-05

SFC+Knapsack previous efficiency: 0.8218969411
SFC + Knapsack ratio: 1.010289413
 Final SFC+Knapsack_Combined time: 7.7064e-05

SFC+Painter previous efficiency: 0.8112365619
SFC+painterPartition efficiency: 0.8695408973
SFC+Painter ratio: 1.071870941
 Final SFC+Painter time: 0.000135292

Painter+Knapsack previous efficiency: 0.8218969411
Painter+Knapsack ratio: 1.010289413
 Final painter+Knapsack_Combined time: 0.000160268
Run 7
File weights 51 and ranks 51
Original previous efficiency: 0.8997180491
Original efficiency: 0.8997180491
Original ratio: 1
Knapsack previous efficiency: 0.8997180491
Knapsack ratio: 1.101305643
 Final Knapsack time: 6.1415e-05

Karmarkar-Karp previous efficiency: 0.9084043484
Karmarkar-Karp ratio: 1.092460584
 Final Karmarkar-Karp time: 0.002397957

SFC previous efficiency: 0.8221812257
 Time take to run this function: 3.91e-07
SFC ratio: 0.9738464902
 Final SFC time: 4.9272e-05

SFC+Knapsack previous efficiency: 0.8153162452
SFC + Knapsack ratio: 1.019223426
 Final SFC+Knapsack_Combined time: 7.8987e-05

SFC+Painter previous efficiency: 0.8078929726
SFC+painterPartition efficiency: 0.8732380337
SFC+Painter ratio: 1.080883314
 Final SFC+Painter time: 0.000110706

Painter+Knapsack previous efficiency: 0.8153162452
Painter+Knapsack ratio: 1.019223426
 Final painter+Knapsack_Combined time: 0.000130092
Run 8
File weights 51 and ranks 51
Original previous efficiency: 0.8733445387
Original efficiency: 0.9720844852
Original ratio: 1.113059557
Knapsack previous efficiency: 0.8733445387
Knapsack ratio: 1.137806982
 Final Knapsack time: 6.2858e-05

Karmarkar-Karp previous efficiency: 0.9074709259
Karmarkar-Karp ratio: 1.097800138
 Final Karmarkar-Karp time: 0.002463619

SFC previous efficiency: 0.8239321662
 Time take to run this function: 3.71e-07
SFC ratio: 0.9674622785
 Final SFC time: 5.0264e-05

SFC+Knapsack previous efficiency: 0.8107186398
SFC + Knapsack ratio: 1.029244407
 Final SFC+Knapsack_Combined time: 7.8236e-05

SFC+Painter previous efficiency: 0.7840224513
SFC+painterPartition efficiency: 0.866323643
SFC+Painter ratio: 1.104973004
 Final SFC+Painter time: 0.000112921

Painter+Knapsack previous efficiency: 0.8107186398
Painter+Knapsack ratio: 1.030026796
 Final painter+Knapsack_Combined time: 0.000132327
Run 9
File weights 51 and ranks 51
Original previous efficiency: 0.8858199757
Original efficiency: 0.9800991037
Original ratio: 1.106431477
Knapsack previous efficiency: 0.8858199757
Knapsack ratio: 1.120018742
 Final Knapsack time: 6.1374e-05

Karmarkar-Karp previous efficiency: 0.8999994182
Karmarkar-Karp ratio: 1.104858364
 Final Karmarkar-Karp time: 0.002432171

SFC previous efficiency: 0.8231468544
 Time take to run this function: 4.21e-07
SFC ratio: 1.002529348
 Final SFC time: 4.9642e-05

SFC+Knapsack previous efficiency: 0.8113379002
SFC + Knapsack ratio: 1.021914456
 Final SFC+Knapsack_Combined time: 7.8106e-05

SFC+Painter previous efficiency: 0.7817452839
SFC+painterPartition efficiency: 0.8658096021
SFC+Painter ratio: 1.107534155
 Final SFC+Painter time: 0.000107801

Painter+Knapsack previous efficiency: 0.8113379002
Painter+Knapsack ratio: 1.021914456
 Final painter+Knapsack_Combined time: 0.000130513
Run 10
File weights 51 and ranks 51
Original previous efficiency: 0.8903341843
Original efficiency: 0.9269632328
Original ratio: 1.041140786
Knapsack previous efficiency: 0.8903341843
Knapsack ratio: 1.114620171
 Final Knapsack time: 6.3087e-05

Karmarkar-Karp previous efficiency: 0.8932113521
Karmarkar-Karp ratio: 1.113893721
 Final Karmarkar-Karp time: 0.00243693

SFC previous efficiency: 0.8069093057
 Time take to run this function: 4.01e-07
SFC ratio: 0.9901498278
 Final SFC time: 4.9352e-05

SFC+Knapsack previous efficiency: 0.8042389799
SFC + Knapsack ratio: 1.032996392
 Final SFC+Knapsack_Combined time: 7.7535e-05

SFC+Painter previous efficiency: 0.7736792822
SFC+painterPartition efficiency: 0.8759892339
SFC+Painter ratio: 1.132238195
 Final SFC+Painter time: 0.000122659

Painter+Knapsack previous efficiency: 0.8042389799
Painter+Knapsack ratio: 1.032996392
 Final painter+Knapsack_Combined time: 0.000123801
Run 11
File weights 51 and ranks 51
Original previous efficiency: 0.897528632
Original efficiency: 0.8396489747
Original ratio: 0.9355121884
Knapsack previous efficiency: 0.897528632
Knapsack ratio: 1.108011087
 Final Knapsack time: 6.1865e-05

Karmarkar-Karp previous efficiency: 0.8510110443
Karmarkar-Karp ratio: 1.170746937
 Final Karmarkar-Karp time: 0.002400883

SFC previous efficiency: 0.7703630685
 Time take to run this function: 3.81e-07
SFC ratio: 1.040523896
 Final SFC time: 5.0013e-05

SFC+Knapsack previous efficiency: 0.768857883
SFC + Knapsack ratio: 1.082507459
 Final SFC+Knapsack_Combined time: 7.6713e-05

SFC+Painter previous efficiency: 0.7698670907
SFC+painterPartition efficiency: 0.8730149111
SFC+Painter ratio: 1.133981335
 Final SFC+Painter time: 0.000109484

Painter+Knapsack previous efficiency: 0.768857883
Painter+Knapsack ratio: 1.082507459
 Final painter+Knapsack_Combined time: 0.000129251
Run 12
File weights 51 and ranks 51
Original previous efficiency: 0.8737092206
Original efficiency: 0.9527867246
Original ratio: 1.090507805
Knapsack previous efficiency: 0.8737092206
Knapsack ratio: 1.137500317
 Final Knapsack time: 6.1635e-05

Karmarkar-Karp previous efficiency: 0.8104091779
Karmarkar-Karp ratio: 1.229412628
 Final Karmarkar-Karp time: 0.002405952

SFC previous efficiency: 0.7379780578
 Time take to run this function: 3.7e-07
SFC ratio: 1.098167424
 Final SFC time: 5.0423e-05

SFC+Knapsack previous efficiency: 0.7451263565
SFC + Knapsack ratio: 1.118789728
 Final SFC+Knapsack_Combined time: 7.7455e-05

SFC+Painter previous efficiency: 0.7690248428
SFC+painterPartition efficiency: 0.8545681091
SFC+Painter ratio: 1.111236025
 Final SFC+Painter time: 0.000109885

Painter+Knapsack previous efficiency: 0.7451263565
Painter+Knapsack ratio: 1.120123922
 Final painter+Knapsack_Combined time: 0.00012892
Run 13
File weights 51 and ranks 51
Original previous efficiency: 0.8710150078
Original efficiency: 0.9510489403
Original ratio: 1.091885825
Knapsack previous efficiency: 0.8710150078
Knapsack ratio: 1.141206983
 Final Knapsack time: 6.3949e-05

Karmarkar-Karp previous efficiency: 0.9851157377
Karmarkar-Karp ratio: 1.010830867
 Final Karmarkar-Karp time: 0.00256042

SFC previous efficiency: 0.7330090053
 Time take to run this function: 3.71e-07
SFC ratio: 1.113723031
 Final SFC time: 5.1145e-05

SFC+Knapsack previous efficiency: 0.7448357577
SFC + Knapsack ratio: 1.120009973
 Final SFC+Knapsack_Combined time: 7.8837e-05

SFC+Painter previous efficiency: 0.7606004504
SFC+painterPartition efficiency: 0.8533816063
SFC+Painter ratio: 1.121984093
 Final SFC+Painter time: 0.00011303

Painter+Knapsack previous efficiency: 0.7448357577
Painter+Knapsack ratio: 1.123638893
 Final painter+Knapsack_Combined time: 0.000129571
Run 14
File weights 51 and ranks 51
Original previous efficiency: 0.8683885162
Original efficiency: 0.9483805293
Original ratio: 1.092115466
Knapsack previous efficiency: 0.8683885162
Knapsack ratio: 1.145141522
 Final Knapsack time: 6.2647e-05

Karmarkar-Karp previous efficiency: 0.9761884898
Karmarkar-Karp ratio: 1.02124789
 Final Karmarkar-Karp time: 0.002286109

SFC previous efficiency: 0.7237995835
 Time take to run this function: 3.5e-07
SFC ratio: 1.128641366
 Final SFC time: 5.0073e-05

SFC+Knapsack previous efficiency: 0.7447535227
SFC + Knapsack ratio: 1.123458456
 Final SFC+Knapsack_Combined time: 7.6482e-05

SFC+Painter previous efficiency: 0.7468485647
SFC+painterPartition efficiency: 0.8555363328
SFC+Painter ratio: 1.145528522
 Final SFC+Painter time: 0.000114623

Painter+Knapsack previous efficiency: 0.7447535227
Painter+Knapsack ratio: 1.123458456
 Final painter+Knapsack_Combined time: 0.000138688
Run 15
File weights 51 and ranks 51
Original previous efficiency: 0.8699184027
Original efficiency: 0.9530283299
Original ratio: 1.095537612
Knapsack previous efficiency: 0.8699184027
Knapsack ratio: 1.141107769
 Final Knapsack time: 6.426e-05

Karmarkar-Karp previous efficiency: 0.9673225134
Karmarkar-Karp ratio: 1.030454259
 Final Karmarkar-Karp time: 0.002290257

SFC previous efficiency: 0.7303304011
 Time take to run this function: 3.6e-07
SFC ratio: 1.083758864
 Final SFC time: 4.9402e-05

SFC+Knapsack previous efficiency: 0.7473053556
SFC + Knapsack ratio: 1.11935245
 Final SFC+Knapsack_Combined time: 7.6903e-05

SFC+Painter previous efficiency: 0.7341697797
SFC+painterPartition efficiency: 0.8559832582
SFC+Painter ratio: 1.165920039
 Final SFC+Painter time: 0.000111588

Painter+Knapsack previous efficiency: 0.7473053556
Painter+Knapsack ratio: 1.11935245
 Final painter+Knapsack_Combined time: 0.000132066
Run 16
File weights 51 and ranks 51
Original previous efficiency: 0.8302740322
Original efficiency: 0.909985899
Original ratio: 1.096006696
Knapsack previous efficiency: 0.8302740322
Knapsack ratio: 1.19320161
 Final Knapsack time: 6.3248e-05

Karmarkar-Karp previous efficiency: 0.9475833736
Karmarkar-Karp ratio: 1.048042118
 Final Karmarkar-Karp time: 0.00241518

SFC previous efficiency: 0.7001628441
 Time take to run this function: 3.51e-07
SFC ratio: 1.149273852
 Final SFC time: 5.0404e-05

SFC+Knapsack previous efficiency: 0.7134991985
SFC + Knapsack ratio: 1.169269809
 Final SFC+Knapsack_Combined time: 7.7875e-05

SFC+Painter previous efficiency: 0.7200295092
SFC+painterPartition efficiency: 0.8764334059
SFC+Painter ratio: 1.217218731
 Final SFC+Painter time: 0.000110246

Painter+Knapsack previous efficiency: 0.7134991985
Painter+Knapsack ratio: 1.166870647
 Final painter+Knapsack_Combined time: 0.000123851
Run 17
File weights 51 and ranks 51
Original previous efficiency: 0.8148416413
Original efficiency: 0.8859714958
Original ratio: 1.087292856
Knapsack previous efficiency: 0.8148416413
Knapsack ratio: 1.21657557
 Final Knapsack time: 6.424e-05

Karmarkar-Karp previous efficiency: 0.9067051239
Karmarkar-Karp ratio: 1.094947418
 Final Karmarkar-Karp time: 0.002396435

SFC previous efficiency: 0.655191891
 Time take to run this function: 3.81e-07
SFC ratio: 1.201899017
 Final SFC time: 5.0624e-05

SFC+Knapsack previous efficiency: 0.7109630578
SFC + Knapsack ratio: 1.169549273
 Final SFC+Knapsack_Combined time: 7.7034e-05

SFC+Painter previous efficiency: 0.877098171
SFC+painterPartition efficiency: 0.877098171
SFC+Painter ratio: 1
 Final SFC+Painter time: 0.000109414

Painter+Knapsack previous efficiency: 0.7109630578
Painter+Knapsack ratio: 1.170969293
 Final painter+Knapsack_Combined time: 0.000129141
Run 18
File weights 51 and ranks 51
Original previous efficiency: 0.8168708618
Original efficiency: 0.9760618814
Original ratio: 1.194879053
Knapsack previous efficiency: 0.9760618814
Knapsack ratio: 1.015836546
 Final Knapsack time: 6.392e-05

Karmarkar-Karp previous efficiency: 0.9109542265
Karmarkar-Karp ratio: 1.089671277
 Final Karmarkar-Karp time: 0.00236687

SFC previous efficiency: 0.7915466362
 Time take to run this function: 3.5e-07
SFC ratio: 1
 Final SFC time: 4.9171e-05

SFC+Knapsack previous efficiency: 0.7119670607
SFC + Knapsack ratio: 1.167463356
 Final SFC+Knapsack_Combined time: 7.6733e-05

SFC+Painter previous efficiency: 0.8703393458
SFC+painterPartition efficiency: 0.8703393458
SFC+Painter ratio: 1
 Final SFC+Painter time: 0.000111247

Painter+Knapsack previous efficiency: 0.7119670607
Painter+Knapsack ratio: 1.169943089
 Final painter+Knapsack_Combined time: 0.000123019
Run 19
File weights 51 and ranks 51
Original previous efficiency: 0.8268165385
Original efficiency: 0.932173076
Original ratio: 1.127424323
Knapsack previous efficiency: 0.932173076
Knapsack ratio: 1.065395803
 Final Knapsack time: 6.459e-05

Karmarkar-Karp previous efficiency: 0.9042982247
Karmarkar-Karp ratio: 1.100437584
 Final Karmarkar-Karp time: 0.002380575

SFC previous efficiency: 0.7894948731
 Time take to run this function: 3.71e-07
SFC ratio: 1.002761717
 Final SFC time: 5.0164e-05

SFC+Knapsack previous efficiency: 0.7377909765
SFC + Knapsack ratio: 1.128938296
 Final SFC+Knapsack_Combined time: 7.7535e-05

SFC+Painter previous efficiency: 0.8724158777
SFC+painterPartition efficiency: 0.8724158777
SFC+Painter ratio: 1
 Final SFC+Painter time: 0.000115816

Painter+Knapsack previous efficiency: 0.7377909765
Painter+Knapsack ratio: 1.132282716
 Final painter+Knapsack_Combined time: 0.000130553
Run 20
File weights 51 and ranks 51
Original previous efficiency: 0.81792696
Original efficiency: 0.8850412792
Original ratio: 1.082054172
Knapsack previous efficiency: 0.8850412792
Knapsack ratio: 1.121948661
 Final Knapsack time: 0.0001663

Karmarkar-Karp previous efficiency: 0.8983710252
Karmarkar-Karp ratio: 1.104514843
 Final Karmarkar-Karp time: 0.002333557

SFC previous efficiency: 0.7634507341
 Time take to run this function: 3.8e-07
SFC ratio: 1.08287837
 Final SFC time: 5.0424e-05

SFC+Knapsack previous efficiency: 0.7465946341
SFC + Knapsack ratio: 1.112430837
 Final SFC+Knapsack_Combined time: 7.7695e-05

SFC+Painter previous efficiency: 0.8395459179
SFC+painterPartition efficiency: 0.8581760585
SFC+Painter ratio: 1.022190735
 Final SFC+Painter time: 0.000102701

Painter+Knapsack previous efficiency: 0.7465946341
Painter+Knapsack ratio: 1.11444741
 Final painter+Knapsack_Combined time: 0.000131114
Run 21
File weights 51 and ranks 51
Original previous efficiency: 0.8062273554
Original efficiency: 0.9498262866
Original ratio: 1.178112204
Knapsack previous efficiency: 0.8633787671
Knapsack ratio: 1.148355642
 Final Knapsack time: 6.5202e-05

Karmarkar-Karp previous efficiency: 0.8994825264
Karmarkar-Karp ratio: 1.102766574
 Final Karmarkar-Karp time: 0.002325423

SFC previous efficiency: 0.756070633
 Time take to run this function: 3.51e-07
SFC ratio: 1.078535274
 Final SFC time: 5.0414e-05

SFC+Knapsack previous efficiency: 0.7428828677
SFC + Knapsack ratio: 1.116978293
 Final SFC+Knapsack_Combined time: 7.7123e-05

SFC+Painter previous efficiency: 0.8154488476
SFC+painterPartition efficiency: 0.8596869319
SFC+Painter ratio: 1.054249981
 Final SFC+Painter time: 0.000116757

Painter+Knapsack previous efficiency: 0.7428828677
Painter+Knapsack ratio: 1.119205067
 Final painter+Knapsack_Combined time: 0.000226692
Run 22
File weights 51 and ranks 51
Original previous efficiency: 0.7942682193
Original efficiency: 0.9383077742
Original ratio: 1.181348758
Knapsack previous efficiency: 0.84795018
Knapsack ratio: 1.170867317
 Final Knapsack time: 0.000101769

Karmarkar-Karp previous efficiency: 0.8884088381
Karmarkar-Karp ratio: 1.118516377
 Final Karmarkar-Karp time: 0.002347133

SFC previous efficiency: 0.7424135934
 Time take to run this function: 3.61e-07
SFC ratio: 1.080833368
 Final SFC time: 5.0985e-05

SFC+Knapsack previous efficiency: 0.7252426801
SFC + Knapsack ratio: 1.146947404
 Final SFC+Knapsack_Combined time: 7.8356e-05

SFC+Painter previous efficiency: 0.8024253847
SFC+painterPartition efficiency: 0.8626224241
SFC+Painter ratio: 1.075018862
 Final SFC+Painter time: 0.000104725

Painter+Knapsack previous efficiency: 0.7252426801
Painter+Knapsack ratio: 1.150855802
 Final painter+Knapsack_Combined time: 0.000131485
Run 23
File weights 51 and ranks 51
Original previous efficiency: 0.7881358912
Original efficiency: 0.9175873399
Original ratio: 1.164250163
Knapsack previous efficiency: 0.8389488694
Knapsack ratio: 1.183176193
 Final Knapsack time: 6.5092e-05

Karmarkar-Karp previous efficiency: 0.8854170548
Karmarkar-Karp ratio: 1.119193469
 Final Karmarkar-Karp time: 0.002321956

SFC previous efficiency: 0.7430732952
 Time take to run this function: 3.7e-07
SFC ratio: 1.080615245
 Final SFC time: 5.0133e-05

SFC+Knapsack previous efficiency: 0.707028733
SFC + Knapsack ratio: 1.176697661
 Final SFC+Knapsack_Combined time: 7.7394e-05

SFC+Painter previous efficiency: 0.8029763309
SFC+painterPartition efficiency: 0.8631432491
SFC+Painter ratio: 1.074929878
 Final SFC+Painter time: 0.000101189

Painter+Knapsack previous efficiency: 0.707028733
Painter+Knapsack ratio: 1.176955539
 Final painter+Knapsack_Combined time: 0.000131044
Run 24
File weights 51 and ranks 51
Original previous efficiency: 0.7696798852
Original efficiency: 0.8941294803
Original ratio: 1.161690071
Knapsack previous efficiency: 0.8165393101
Knapsack ratio: 1.213931865
 Final Knapsack time: 6.439e-05

Karmarkar-Karp previous efficiency: 0.8575202736
Karmarkar-Karp ratio: 1.157489668
 Final Karmarkar-Karp time: 0.002343607

SFC previous efficiency: 0.7243189043
 Time take to run this function: 3.51e-07
SFC ratio: 1.116447655
 Final SFC time: 5.0294e-05

SFC+Knapsack previous efficiency: 0.6912961782
SFC + Knapsack ratio: 1.203675327
 Final SFC+Knapsack_Combined time: 7.6963e-05

SFC+Painter previous efficiency: 0.7848144929
SFC+painterPartition efficiency: 0.8622404846
SFC+Painter ratio: 1.09865515
 Final SFC+Painter time: 0.000114823

Painter+Knapsack previous efficiency: 0.6912961782
Painter+Knapsack ratio: 1.203675327
 Final painter+Knapsack_Combined time: 0.000128409
Run 25
File weights 51 and ranks 51
Original previous efficiency: 0.7455964049
Original efficiency: 0.9541454062
Original ratio: 1.279707627
Knapsack previous efficiency: 0.9541454062
Knapsack ratio: 1.040134171
 Final Knapsack time: 6.416e-05

Karmarkar-Karp previous efficiency: 0.8399351993
Karmarkar-Karp ratio: 1.179378772
 Final Karmarkar-Karp time: 0.002323248

SFC previous efficiency: 0.7096939362
 Time take to run this function: 3.41e-07
SFC ratio: 1.097728292
 Final SFC time: 5.8539e-05

SFC+Knapsack previous efficiency: 0.8315817823
SFC + Knapsack ratio: 1.003896568
 Final SFC+Knapsack_Combined time: 7.7034e-05

SFC+Painter previous efficiency: 0.7694909754
SFC+painterPartition efficiency: 0.8751378363
SFC+Painter ratio: 1.137294477
 Final SFC+Painter time: 0.000116557

Painter+Knapsack previous efficiency: 0.8315817823
Painter+Knapsack ratio: 1.003896568
 Final painter+Knapsack_Combined time: 0.000129882
Run 26
File weights 51 and ranks 51
Original previous efficiency: 0.9451249949
Original efficiency: 0.9451249949
Original ratio: 1
Knapsack previous efficiency: 0.9451249949
Knapsack ratio: 1.049977558
 Final Knapsack time: 6.4861e-05

Karmarkar-Karp previous efficiency: 0.8382079837
Karmarkar-Karp ratio: 1.179525612
 Final Karmarkar-Karp time: 0.002290909

SFC previous efficiency: 0.7072001247
 Time take to run this function: 3.71e-07
SFC ratio: 1.099544772
 Final SFC time: 4.9812e-05

SFC+Knapsack previous efficiency: 0.8291966906
SFC + Knapsack ratio: 1.005348572
 Final SFC+Knapsack_Combined time: 7.6392e-05

SFC+Painter previous efficiency: 0.7645059737
SFC+painterPartition efficiency: 0.8787384133
SFC+Painter ratio: 1.149419944
 Final SFC+Painter time: 0.000114723

Painter+Knapsack previous efficiency: 0.8291966906
Painter+Knapsack ratio: 1.005348572
 Final painter+Knapsack_Combined time: 0.000128109
Run 27
File weights 51 and ranks 51
Original previous efficiency: 0.9019893811
Original efficiency: 0.9019893811
Original ratio: 1
Knapsack previous efficiency: 0.9019893811
Knapsack ratio: 1.099407244
 Final Knapsack time: 6.4941e-05

Karmarkar-Karp previous efficiency: 0.8322446534
Karmarkar-Karp ratio: 1.187850288
 Final Karmarkar-Karp time: 0.002346783

SFC previous efficiency: 0.7170287684
 Time take to run this function: 3.5e-07
SFC ratio: 1.152437123
 Final SFC time: 5.0254e-05

SFC+Knapsack previous efficiency: 0.8001494156
SFC + Knapsack ratio: 1.037658094
 Final SFC+Knapsack_Combined time: 7.6272e-05

SFC+Painter previous efficiency: 0.7747898648
SFC+painterPartition efficiency: 0.874480042
SFC+Painter ratio: 1.128667374
 Final SFC+Painter time: 0.000113121

Painter+Knapsack previous efficiency: 0.8001494156
Painter+Knapsack ratio: 1.037658094
 Final painter+Knapsack_Combined time: 0.000122869
Run 28
File weights 51 and ranks 51
Original previous efficiency: 0.8869552654
Original efficiency: 0.8869552654
Original ratio: 1
Knapsack previous efficiency: 0.8869552654
Knapsack ratio: 1.118550226
 Final Knapsack time: 6.3698e-05

Karmarkar-Karp previous efficiency: 0.8411075664
Karmarkar-Karp ratio: 1.179768042
 Final Karmarkar-Karp time: 0.002264529

SFC previous efficiency: 0.7384088294
 Time take to run this function: 3.51e-07
SFC ratio: 1.117154664
 Final SFC time: 4.9552e-05

SFC+Knapsack previous efficiency: 0.7497383973
SFC + Knapsack ratio: 1.107525008
 Final SFC+Knapsack_Combined time: 7.5911e-05

SFC+Painter previous efficiency: 0.7977954328
SFC+painterPartition efficiency: 0.8843219879
SFC+Painter ratio: 1.10845707
 Final SFC+Painter time: 0.000113952

Painter+Knapsack previous efficiency: 0.7497383973
Painter+Knapsack ratio: 1.107525008
 Final painter+Knapsack_Combined time: 0.000129592
Run 29
File weights 51 and ranks 51
Original previous efficiency: 0.860452538
Original efficiency: 0.9635989458
Original ratio: 1.119874605
Knapsack previous efficiency: 0.860452538
Knapsack ratio: 1.153200543
 Final Knapsack time: 6.5171e-05

Karmarkar-Karp previous efficiency: 0.8329211151
Karmarkar-Karp ratio: 1.194084222
 Final Karmarkar-Karp time: 0.002285788

SFC previous efficiency: 0.7168544987
 Time take to run this function: 3.609999999e-07
SFC ratio: 1.094137176
 Final SFC time: 5.0263e-05

SFC+Knapsack previous efficiency: 0.7161323187
SFC + Knapsack ratio: 1.162663167
 Final SFC+Knapsack_Combined time: 7.5861e-05

SFC+Painter previous efficiency: 0.8073836938
SFC+painterPartition efficiency: 0.8771731825
SFC+Painter ratio: 1.086439061
 Final SFC+Painter time: 0.000113001

Painter+Knapsack previous efficiency: 0.7161323187
Painter+Knapsack ratio: 1.160802383
 Final painter+Knapsack_Combined time: 0.000129542
Run 30
File weights 51 and ranks 51
Original previous efficiency: 0.8557190139
Original efficiency: 0.9454084301
Original ratio: 1.10481176
Knapsack previous efficiency: 0.8557190139
Knapsack ratio: 1.159479564
 Final Knapsack time: 6.397e-05

Karmarkar-Karp previous efficiency: 0.8126597281
Karmarkar-Karp ratio: 1.221829198
 Final Karmarkar-Karp time: 0.002299664

SFC previous efficiency: 0.7019586666
 Time take to run this function: 3.81e-07
SFC ratio: 1.177258196
 Final SFC time: 4.9683e-05

SFC+Knapsack previous efficiency: 0.7002912064
SFC + Knapsack ratio: 1.186129641
 Final SFC+Knapsack_Combined time: 7.6342e-05

SFC+Painter previous efficiency: 0.7976006378
SFC+painterPartition efficiency: 0.8784280918
SFC+Painter ratio: 1.101338251
 Final SFC+Painter time: 0.00011821

Painter+Knapsack previous efficiency: 0.7002912064
Painter+Knapsack ratio: 1.188584026
 Final painter+Knapsack_Combined time: 0.000130163
Run 31
File weights 51 and ranks 51
Original previous efficiency: 0.8559128821
Original efficiency: 0.9390777239
Original ratio: 1.097165078
Knapsack previous efficiency: 0.8559128821
Knapsack ratio: 1.15991939
 Final Knapsack time: 6.487e-05

Karmarkar-Karp previous efficiency: 0.9722178973
Karmarkar-Karp ratio: 1.022970049
 Final Karmarkar-Karp time: 0.002364716

SFC previous efficiency: 0.6916849735
 Time take to run this function: 3.61e-07
SFC ratio: 1.186360328
 Final SFC time: 5.0184e-05

SFC+Knapsack previous efficiency: 0.6906001383
SFC + Knapsack ratio: 1.204489142
 Final SFC+Knapsack_Combined time: 7.6132e-05

SFC+Painter previous efficiency: 0.7827070902
SFC+painterPartition efficiency: 0.8734161157
SFC+Painter ratio: 1.115891406
 Final SFC+Painter time: 0.000113762

Painter+Knapsack previous efficiency: 0.6906001383
Painter+Knapsack ratio: 1.205807594
 Final painter+Knapsack_Combined time: 0.000131786
Run 32
File weights 51 and ranks 51
Original previous efficiency: 0.8369917609
Original efficiency: 0.9015506863
Original ratio: 1.077132092
Knapsack previous efficiency: 0.8369917609
Knapsack ratio: 1.186395655
 Final Knapsack time: 6.4951e-05

Karmarkar-Karp previous efficiency: 0.9389885537
Karmarkar-Karp ratio: 1.058774945
 Final Karmarkar-Karp time: 0.002258718

SFC previous efficiency: 0.6531136255
 Time take to run this function: 3.51e-07
SFC ratio: 1.246497433
 Final SFC time: 5.0664e-05

SFC+Knapsack previous efficiency: 0.8271041323
SFC + Knapsack ratio: 1.003979771
 Final SFC+Knapsack_Combined time: 8.7583e-05

SFC+Painter previous efficiency: 0.7462798513
SFC+painterPartition efficiency: 0.8661994232
SFC+Painter ratio: 1.160689816
 Final SFC+Painter time: 0.000112169

Painter+Knapsack previous efficiency: 0.8282941947
Painter+Knapsack ratio: 1.002990741
 Final painter+Knapsack_Combined time: 0.000130714
Run 33
File weights 51 and ranks 51
Original previous efficiency: 0.8540580652
Original efficiency: 0.9475736689
Original ratio: 1.109495604
Knapsack previous efficiency: 0.8540580652
Knapsack ratio: 1.162725014
 Final Knapsack time: 6.5012e-05

Karmarkar-Karp previous efficiency: 0.9250049763
Karmarkar-Karp ratio: 1.074725548
 Final Karmarkar-Karp time: 0.002295006

SFC previous efficiency: 0.794572689
 Time take to run this function: 4.01e-07
SFC ratio: 0.9687231829
 Final SFC time: 5.0364e-05

SFC+Knapsack previous efficiency: 0.8293108637
SFC + Knapsack ratio: 1.002363114
 Final SFC+Knapsack_Combined time: 7.6352e-05

SFC+Painter previous efficiency: 0.7176725552
SFC+painterPartition efficiency: 0.8937074702
SFC+Painter ratio: 1.245285839
 Final SFC+Painter time: 0.000109244

Painter+Knapsack previous efficiency: 0.8273329302
Painter+Knapsack ratio: 1.006074118
 Final painter+Knapsack_Combined time: 0.000132377
Run 34
File weights 51 and ranks 51
Original previous efficiency: 0.8554190056
Original efficiency: 0.9115367115
Original ratio: 1.065602594
Knapsack previous efficiency: 0.8554190056
Knapsack ratio: 1.160680084
 Final Knapsack time: 6.5221e-05

Karmarkar-Karp previous efficiency: 0.9144354323
Karmarkar-Karp ratio: 1.081422278
 Final Karmarkar-Karp time: 0.002638095

SFC previous efficiency: 0.7885792634
 Time take to run this function: 4.2e-07
SFC ratio: 0.9857609304
 Final SFC time: 5.3229e-05

SFC+Knapsack previous efficiency: 0.8261800911
SFC + Knapsack ratio: 1.006770837
 Final SFC+Knapsack_Combined time: 7.9939e-05

SFC+Painter previous efficiency: 0.8852274105
SFC+painterPartition efficiency: 0.8852274105
SFC+Painter ratio: 1
 Final SFC+Painter time: 0.000114333

Painter+Knapsack previous efficiency: 0.8261957192
Painter+Knapsack ratio: 1.006751793
 Final painter+Knapsack_Combined time: 0.000133209
Run 35
File weights 51 and ranks 51
Original previous efficiency: 0.8169244198
Original efficiency: 0.8948276082
Original ratio: 1.095361562
Knapsack previous efficiency: 0.8169244198
Knapsack ratio: 1.214391209
 Final Knapsack time: 6.5542e-05

Karmarkar-Karp previous efficiency: 0.8964141234
Karmarkar-Karp ratio: 1.107835081
 Final Karmarkar-Karp time: 0.002279386

SFC previous efficiency: 0.7970165378
 Time take to run this function: 3.81e-07
SFC ratio: 1
 Final SFC time: 4.9782e-05

SFC+Knapsack previous efficiency: 0.8197013366
SFC + Knapsack ratio: 1.016430973
 Final SFC+Knapsack_Combined time: 7.8196e-05

SFC+Painter previous efficiency: 0.8443048141
SFC+painterPartition efficiency: 0.8899558298
SFC+Painter ratio: 1.054069354
 Final SFC+Painter time: 0.000116076

Painter+Knapsack previous efficiency: 0.8194193485
Painter+Knapsack ratio: 1.016780759
 Final painter+Knapsack_Combined time: 0.000131195
Run 36
File weights 51 and ranks 51
Original previous efficiency: 0.7933477944
Original efficiency: 0.9674951304
Original ratio: 1.219509448
Knapsack previous efficiency: 0.9674951304
Knapsack ratio: 1.024996755
 Final Knapsack time: 6.5312e-05

Karmarkar-Karp previous efficiency: 0.8819217533
Karmarkar-Karp ratio: 1.124717803
 Final Karmarkar-Karp time: 0.00227545

SFC previous efficiency: 0.8112074098
 Time take to run this function: 3.6e-07
SFC ratio: 0.9490870604
 Final SFC time: 5.1286e-05

SFC+Knapsack previous efficiency: 0.8021625708
SFC + Knapsack ratio: 1.034428128
 Final SFC+Knapsack_Combined time: 7.7444e-05

SFC+Painter previous efficiency: 0.8236243341
SFC+painterPartition efficiency: 0.8783837443
SFC+Painter ratio: 1.066485906
 Final SFC+Painter time: 0.000110947

Painter+Knapsack previous efficiency: 0.8015641077
Painter+Knapsack ratio: 1.036577292
 Final painter+Knapsack_Combined time: 0.000169937
Run 37
File weights 51 and ranks 51
Original previous efficiency: 0.9438093249
Original efficiency: 0.9438093249
Original ratio: 1
Knapsack previous efficiency: 0.9438093249
Knapsack ratio: 1.050946564
 Final Knapsack time: 6.5031e-05

Karmarkar-Karp previous efficiency: 0.8728570171
Karmarkar-Karp ratio: 1.136528936
 Final Karmarkar-Karp time: 0.002285719

SFC previous efficiency: 0.8184939091
 Time take to run this function: 3.71e-07
SFC ratio: 0.943070147
 Final SFC time: 5.0274e-05

SFC+Knapsack previous efficiency: 0.7892642571
SFC + Knapsack ratio: 1.053926851
 Final SFC+Knapsack_Combined time: 7.7173e-05

SFC+Painter previous efficiency: 0.8303226198
SFC+painterPartition efficiency: 0.8766415984
SFC+Painter ratio: 1.055784315
 Final SFC+Painter time: 0.000111899

Painter+Knapsack previous efficiency: 0.788074341
Painter+Knapsack ratio: 1.057200531
 Final painter+Knapsack_Combined time: 0.00012887
Run 38
File weights 51 and ranks 51
Original previous efficiency: 0.9357878649
Original efficiency: 0.9357878649
Original ratio: 1
Knapsack previous efficiency: 0.9357878649
Knapsack ratio: 1.060226711
 Final Knapsack time: 6.4511e-05

Karmarkar-Karp previous efficiency: 0.872659989
Karmarkar-Karp ratio: 1.138546973
 Final Karmarkar-Karp time: 0.002269999

SFC previous efficiency: 0.825649684
 Time take to run this function: 3.81e-07
SFC ratio: 0.9396302251
 Final SFC time: 4.9993e-05

SFC+Knapsack previous efficiency: 0.7782592656
SFC + Knapsack ratio: 1.066543983
 Final SFC+Knapsack_Combined time: 7.7294e-05

SFC+Painter previous efficiency: 0.8354194402
SFC+painterPartition efficiency: 0.8865147959
SFC+Painter ratio: 1.06116132
 Final SFC+Painter time: 0.000104525

Painter+Knapsack previous efficiency: 0.7762045895
Painter+Knapsack ratio: 1.072419895
 Final painter+Knapsack_Combined time: 0.000127738
Run 39
File weights 51 and ranks 51
Original previous efficiency: 0.9114494717
Original efficiency: 0.9114494717
Original ratio: 1
Knapsack previous efficiency: 0.9114494717
Knapsack ratio: 1.087971212
 Final Knapsack time: 6.425e-05

Karmarkar-Karp previous efficiency: 0.8626547808
Karmarkar-Karp ratio: 1.152026369
 Final Karmarkar-Karp time: 0.00239371

SFC previous efficiency: 0.8273291381
 Time take to run this function: 4.01e-07
SFC ratio: 0.9691672432
 Final SFC time: 5.1776e-05

SFC+Knapsack previous efficiency: 0.7722002735
SFC + Knapsack ratio: 1.077458586
 Final SFC+Knapsack_Combined time: 7.9097e-05

SFC+Painter previous efficiency: 0.8197348689
SFC+painterPartition efficiency: 0.8783545023
SFC+Painter ratio: 1.071510479
 Final SFC+Painter time: 0.000105717

Painter+Knapsack previous efficiency: 0.7699038681
Painter+Knapsack ratio: 1.08267171
 Final painter+Knapsack_Combined time: 0.000130754
Run 40
File weights 51 and ranks 51
Original previous efficiency: 0.8792529834
Original efficiency: 0.8792529834
Original ratio: 1
Knapsack previous efficiency: 0.8792529834
Knapsack ratio: 1.12751684
 Final Knapsack time: 6.4661e-05

Karmarkar-Karp previous efficiency: 0.8309142857
Karmarkar-Karp ratio: 1.195192016
 Final Karmarkar-Karp time: 0.002307349

SFC previous efficiency: 0.8256064002
 Time take to run this function: 3.6e-07
SFC ratio: 0.9747696764
 Final SFC time: 4.9633e-05

SFC+Knapsack previous efficiency: 0.7651790513
SFC + Knapsack ratio: 1.083605413
 Final SFC+Knapsack_Combined time: 7.6523e-05

SFC+Painter previous efficiency: 0.7943289895
SFC+painterPartition efficiency: 0.877913592
SFC+Painter ratio: 1.10522668
 Final SFC+Painter time: 0.00011244

Painter+Knapsack previous efficiency: 0.7598052202
Painter+Knapsack ratio: 1.09402176
 Final painter+Knapsack_Combined time: 0.000131205
Run 41
File weights 51 and ranks 51
Original previous efficiency: 0.8663004112
Original efficiency: 0.9690717685
Original ratio: 1.11863247
Knapsack previous efficiency: 0.8663004112
Knapsack ratio: 1.143677437
 Final Knapsack time: 6.5482e-05

Karmarkar-Karp previous efficiency: 0.8209743396
Karmarkar-Karp ratio: 1.208452569
 Final Karmarkar-Karp time: 0.002313851

SFC previous efficiency: 0.8212406685
 Time take to run this function: 3.61e-07
SFC ratio: 0.9426357353
 Final SFC time: 5.0203e-05

SFC+Knapsack previous efficiency: 0.7610142423
SFC + Knapsack ratio: 1.094844379
 Final SFC+Knapsack_Combined time: 7.7455e-05

SFC+Painter previous efficiency: 0.789192947
SFC+painterPartition efficiency: 0.8864470805
SFC+Painter ratio: 1.123232391
 Final SFC+Painter time: 0.000117118

Painter+Knapsack previous efficiency: 0.7505369222
Painter+Knapsack ratio: 1.110128151
 Final painter+Knapsack_Combined time: 0.00012881
Run 42
File weights 51 and ranks 51
Original previous efficiency: 0.8560659265
Original efficiency: 0.9600780449
Original ratio: 1.121500127
Knapsack previous efficiency: 0.8560659265
Knapsack ratio: 1.158752302
 Final Knapsack time: 6.5923e-05

Karmarkar-Karp previous efficiency: 0.9700209219
Karmarkar-Karp ratio: 1.025832578
 Final Karmarkar-Karp time: 0.00234032

SFC previous efficiency: 0.8198586017
 Time take to run this function: 3.61e-07
SFC ratio: 0.9734981204
 Final SFC time: 0.000328261

SFC+Knapsack previous efficiency: 0.7528497397
SFC + Knapsack ratio: 1.10663188
 Final SFC+Knapsack_Combined time: 7.9768e-05

SFC+Painter previous efficiency: 0.7851936045
SFC+painterPartition efficiency: 0.8910299382
SFC+Painter ratio: 1.134790112
 Final SFC+Painter time: 0.000113802

Painter+Knapsack previous efficiency: 0.7404242236
Painter+Knapsack ratio: 1.125202953
 Final painter+Knapsack_Combined time: 0.000129832
Run 43
File weights 51 and ranks 51
Original previous efficiency: 0.859520645
Original efficiency: 0.9446116526
Original ratio: 1.098998213
Knapsack previous efficiency: 0.859520645
Knapsack ratio: 1.152483162
 Final Knapsack time: 6.6825e-05

Karmarkar-Karp previous efficiency: 0.9513722223
Karmarkar-Karp ratio: 1.040629218
 Final Karmarkar-Karp time: 0.002370696

SFC previous efficiency: 0.8129402285
 Time take to run this function: 3.71e-07
SFC ratio: 0.9836426017
 Final SFC time: 5.1125e-05

SFC+Knapsack previous efficiency: 0.7506522446
SFC + Knapsack ratio: 1.138472325
 Final SFC+Knapsack_Combined time: 7.7224e-05

SFC+Painter previous efficiency: 0.786648451
SFC+painterPartition efficiency: 0.881162178
SFC+Painter ratio: 1.12014735
 Final SFC+Painter time: 0.000108953

Painter+Knapsack previous efficiency: 0.7337070417
Painter+Knapsack ratio: 1.136056352
 Final painter+Knapsack_Combined time: 0.000130433
Run 44
File weights 51 and ranks 51
Original previous efficiency: 0.8547890797
Original efficiency: 0.9081985523
Original ratio: 1.062482633
Knapsack previous efficiency: 0.8547890797
Knapsack ratio: 1.157634934
 Final Knapsack time: 6.6424e-05

Karmarkar-Karp previous efficiency: 0.9189211621
Karmarkar-Karp ratio: 1.076887556
 Final Karmarkar-Karp time: 0.002305425

SFC previous efficiency: 0.7751028187
 Time take to run this function: 3.81e-07
SFC ratio: 1.016513049
 Final SFC time: 5.0324e-05

SFC+Knapsack previous efficiency: 0.7425671819
SFC + Knapsack ratio: 1.119696741
 Final SFC+Knapsack_Combined time: 7.6633e-05

SFC+Painter previous efficiency: 0.8175343549
SFC+painterPartition efficiency: 0.8867862202
SFC+Painter ratio: 1.084708202
 Final SFC+Painter time: 0.000114814

Painter+Knapsack previous efficiency: 0.7235381878
Painter+Knapsack ratio: 1.176124416
 Final painter+Knapsack_Combined time: 0.00012877
Run 45
File weights 51 and ranks 51
Original previous efficiency: 0.8266830251
Original efficiency: 0.8749554513
Original ratio: 1.058392908
Knapsack previous efficiency: 0.8266830251
Knapsack ratio: 1.198781591
 Final Knapsack time: 6.5252e-05

Karmarkar-Karp previous efficiency: 0.9009102378
Karmarkar-Karp ratio: 1.099708265
 Final Karmarkar-Karp time: 0.002611385

SFC previous efficiency: 0.755089143
 Time take to run this function: 3.8e-07
SFC ratio: 1.044490495
 Final SFC time: 5.2418e-05

SFC+Knapsack previous efficiency: 0.7420521191
SFC + Knapsack ratio: 1.148091464
 Final SFC+Knapsack_Combined time: 7.8947e-05

SFC+Painter previous efficiency: 0.8232773454
SFC+painterPartition efficiency: 0.8868252992
SFC+Painter ratio: 1.077188998
 Final SFC+Painter time: 0.000114644

Painter+Knapsack previous efficiency: 0.7181859304
Painter+Knapsack ratio: 1.186243935
 Final painter+Knapsack_Combined time: 0.000124331
Run 46
File weights 51 and ranks 51
Original previous efficiency: 0.8148323129
Original efficiency: 0.9666959368
Original ratio: 1.186374081
Knapsack previous efficiency: 0.8148323129
Knapsack ratio: 1.217622188
 Final Knapsack time: 6.5672e-05

Karmarkar-Karp previous efficiency: 0.9010842481
Karmarkar-Karp ratio: 1.103095183
 Final Karmarkar-Karp time: 0.002481583

SFC previous efficiency: 0.7296390542
 Time take to run this function: 3.91e-07
SFC ratio: 1.083144028
 Final SFC time: 5.1536e-05

SFC+Knapsack previous efficiency: 0.7350249968
SFC + Knapsack ratio: 1.157132851
 Final SFC+Knapsack_Combined time: 7.7464e-05

SFC+Painter previous efficiency: 0.8280457357
SFC+painterPartition efficiency: 0.8915742341
SFC+Painter ratio: 1.076721002
 Final SFC+Painter time: 0.000103833

Painter+Knapsack previous efficiency: 0.7079252682
Painter+Knapsack ratio: 1.201428468
 Final painter+Knapsack_Combined time: 0.00012889
Run 47
File weights 51 and ranks 51
Original previous efficiency: 0.8072320887
Original efficiency: 0.9343304159
Original ratio: 1.157449548
Knapsack previous efficiency: 0.9564857046
Knapsack ratio: 1.035747588
 Final Knapsack time: 6.5392e-05

Karmarkar-Karp previous efficiency: 0.8665614011
Karmarkar-Karp ratio: 1.145190259
 Final Karmarkar-Karp time: 0.002405201

SFC previous efficiency: 0.6915203628
 Time take to run this function: 3.91e-07
SFC ratio: 1.151475902
 Final SFC time: 5.1235e-05

SFC+Knapsack previous efficiency: 0.7282749313
SFC + Knapsack ratio: 1.162790373
 Final SFC+Knapsack_Combined time: 7.6192e-05

SFC+Painter previous efficiency: 0.8447865121
SFC+painterPartition efficiency: 0.8871429392
SFC+Painter ratio: 1.050138617
 Final SFC+Painter time: 0.000116537

Painter+Knapsack previous efficiency: 0.8449686006
Painter+Knapsack ratio: 0.9851482649
 Final painter+Knapsack_Combined time: 0.000121987
Run 48
File weights 51 and ranks 51
Original previous efficiency: 0.8095842336
Original efficiency: 0.9081403257
Original ratio: 1.121736674
Knapsack previous efficiency: 0.9304760457
Knapsack ratio: 1.065081529
 Final Knapsack time: 6.5302e-05

Karmarkar-Karp previous efficiency: 0.8498966071
Karmarkar-Karp ratio: 1.168688638
 Final Karmarkar-Karp time: 0.002394612

SFC previous efficiency: 0.6690315342
 Time take to run this function: 3.7e-07
SFC ratio: 1.201473496
 Final SFC time: 5.0063e-05

SFC+Knapsack previous efficiency: 0.7264037932
SFC + Knapsack ratio: 1.156234018
 Final SFC+Knapsack_Combined time: 7.542e-05

SFC+Painter previous efficiency: 0.8386628184
SFC+painterPartition efficiency: 0.8876210103
SFC+Painter ratio: 1.05837649
 Final SFC+Painter time: 0.000110406

Painter+Knapsack previous efficiency: 0.8344901785
Painter+Knapsack ratio: 1.016982845
 Final painter+Knapsack_Combined time: 0.000136294
Run 49
File weights 51 and ranks 51
Original previous efficiency: 0.8239483843
Original efficiency: 0.8805438122
Original ratio: 1.068688074
Knapsack previous efficiency: 0.9171916434
Knapsack ratio: 1.082122429
 Final Knapsack time: 6.5391e-05

Karmarkar-Karp previous efficiency: 0.8438066573
Karmarkar-Karp ratio: 1.175103301
 Final Karmarkar-Karp time: 0.002433203

SFC previous efficiency: 0.8011115254
 Time take to run this function: 3.91e-07
SFC ratio: 1
 Final SFC time: 5.0854e-05

SFC+Knapsack previous efficiency: 0.7225185009
SFC + Knapsack ratio: 1.193864315
 Final SFC+Knapsack_Combined time: 7.5941e-05

SFC+Painter previous efficiency: 0.827036649
SFC+painterPartition efficiency: 0.8898353448
SFC+Painter ratio: 1.07593218
 Final SFC+Painter time: 0.000114203

Painter+Knapsack previous efficiency: 0.8165086839
Painter+Knapsack ratio: 1.015258666
 Final painter+Knapsack_Combined time: 0.000126466
Run 50
File weights 51 and ranks 51
Original previous efficiency: 0.8367030897
Original efficiency: 0.9666845693
Original ratio: 1.155349587
Knapsack previous efficiency: 0.8825924536
Knapsack ratio: 1.124060763
 Final Knapsack time: 6.5772e-05

Karmarkar-Karp previous efficiency: 0.829479352
Karmarkar-Karp ratio: 1.19706708
 Final Karmarkar-Karp time: 0.002428765

SFC previous efficiency: 0.8143835354
 Time take to run this function: 3.71e-07
SFC ratio: 1.012156026
 Final SFC time: 5.0825e-05

SFC+Knapsack previous efficiency: 0.7155017787
SFC + Knapsack ratio: 1.249758825
 Final SFC+Knapsack_Combined time: 7.5992e-05

SFC+Painter previous efficiency: 0.8143916591
SFC+painterPartition efficiency: 0.8856460544
SFC+Painter ratio: 1.087494014
 Final SFC+Painter time: 0.00012353

Painter+Knapsack previous efficiency: 0.7962879821
Painter+Knapsack ratio: 1.122966417
 Final painter+Knapsack_Combined time: 0.000126325


TinyProfiler total time across processes [min...avg...max]: 0.2889 ... 0.2889 ... 0.2889

-------------------------------------------------------------------------------------
Name                                  NCalls  Excl. Min  Excl. Avg  Excl. Max   Max %
-------------------------------------------------------------------------------------
kk()                                      51     0.1285     0.1285     0.1285  44.48%
painterPartition()                       102   0.009741   0.009741   0.009741   3.37%
knapsack()                              1275   0.005528   0.005528   0.005528   1.91%
SFCProcessorMapDoIt()                     51    0.00216    0.00216    0.00216   0.75%
SFCProcessorMapDoItCombined()             51   0.001834   0.001834   0.001834   0.63%
SFCProcessorMapDoItCombinedPainter()      51  0.0008671  0.0008671  0.0008671   0.30%
Distribute()                             102  0.0005569  0.0005569  0.0005569   0.19%
KnapSackDoIt()                            51  0.0005174  0.0005174  0.0005174   0.18%
KKDoIt()                                  51   0.000395   0.000395   0.000395   0.14%
knapsack()swap                           318  7.784e-05  7.784e-05  7.784e-05   0.03%
-------------------------------------------------------------------------------------

-------------------------------------------------------------------------------------
Name                                  NCalls  Incl. Min  Incl. Avg  Incl. Max   Max %
-------------------------------------------------------------------------------------
KKDoIt()                                  51     0.1289     0.1289     0.1289  44.62%
kk()                                      51     0.1285     0.1285     0.1285  44.48%
painterPartition()                       102   0.009741   0.009741   0.009741   3.37%
SFCProcessorMapDoItCombinedPainter()      51   0.006508   0.006508   0.006508   2.25%
knapsack()                              1275   0.005606   0.005606   0.005606   1.94%
SFCProcessorMapDoItCombined()             51     0.0036     0.0036     0.0036   1.25%
KnapSackDoIt()                            51   0.003065   0.003065   0.003065   1.06%
SFCProcessorMapDoIt()                     51   0.002503   0.002503   0.002503   0.87%
Distribute()                             102  0.0005569  0.0005569  0.0005569   0.19%
knapsack()swap                           318  7.784e-05  7.784e-05  7.784e-05   0.03%
-------------------------------------------------------------------------------------

Pinned Memory Usage:
---------------------------------------------------------------
Name                            Nalloc  Nfree  AvgMem    MaxMem
---------------------------------------------------------------
The_Pinned_Arena::Initialize()       1      1  92 KiB  8192 KiB
---------------------------------------------------------------

AMReX (25.06-22-g1d307c2c661a) finalized
