Initializing AMReX (25.06-22-g1d307c2c661a)...
OMP initialized with 256 OMP threads
AMReX (25.06-22-g1d307c2c661a) initialized
Starting running input_laser_ion running with 12 nodes and 4 ranks per node.
Total steps: 5000, intervals: 100 = 50 runs
Reading precomputed weights and ranks from file: /global/homes/j/jessd/lb_extractor/lb_inputs/imp_20/laser_ion_8_boxes_48_ranks_20_lb_data.txt
/global/homes/j/jessd/lb_extractor/lb_inputs/imp_20/laser_ion_8_boxes_48_ranks_20_lb_data.txt
Run 0: Weights size: 435
Run 1: Weights size: 435
Run 2: Weights size: 435
Run 3: Weights size: 435
Run 4: Weights size: 435
Run 5: Weights size: 435
Run 6: Weights size: 435
Run 7: Weights size: 435
Run 8: Weights size: 435
Run 9: Weights size: 435
Run 10: Weights size: 435
Run 11: Weights size: 435
Run 12: Weights size: 435
Run 13: Weights size: 435
Run 14: Weights size: 435
Run 15: Weights size: 435
Run 16: Weights size: 435
Run 17: Weights size: 435
Run 18: Weights size: 435
Run 19: Weights size: 435
Run 20: Weights size: 435
Run 21: Weights size: 435
Run 22: Weights size: 435
Run 23: Weights size: 435
Run 24: Weights size: 435
Run 25: Weights size: 435
Run 26: Weights size: 435
Run 27: Weights size: 435
Run 28: Weights size: 435
Run 29: Weights size: 435
Run 30: Weights size: 435
Run 31: Weights size: 435
Run 32: Weights size: 435
Run 33: Weights size: 435
Run 34: Weights size: 435
Run 35: Weights size: 435
Run 36: Weights size: 435
Run 37: Weights size: 435
Run 38: Weights size: 435
Run 39: Weights size: 435
Run 40: Weights size: 435
Run 41: Weights size: 435
Run 42: Weights size: 435
Run 43: Weights size: 435
Run 44: Weights size: 435
Run 45: Weights size: 435
Run 46: Weights size: 435
Run 47: Weights size: 435
Run 48: Weights size: 435
Run 49: Weights size: 435
Run 50: Weights size: 435
Run 0
File weights 51 and ranks 51
Original efficiency: 0.3065989157
Original ratio: inf
Knapsack ratio: inf
 Final Knapsack time: 8.3856e-05

Karmarkar-Karp ratio: inf
 Final Karmarkar-Karp time: 0.004355184

 Time take to run this function: 2.385e-06
SFC ratio: inf
 Final SFC time: 8.2082e-05

SFC + Knapsack ratio: inf
 Final SFC+Knapsack_Combined time: 0.000100247

SFC+painterPartition efficiency: 0.9013306071
SFC+Painter ratio: inf
 Final SFC+Painter time: 0.000200443

Painter+Knapsack ratio: inf
 Final painter+Knapsack_Combined time: 0.000166089
Run 1
File weights 51 and ranks 51
Original previous efficiency: 0.3065995928
Original efficiency: 0.9376162197
Original ratio: 3.058113062
Knapsack previous efficiency: 0.9596122642
Knapsack ratio: 1.000169114
 Final Knapsack time: 6.5682e-05

Karmarkar-Karp previous efficiency: 0.9597105313
Karmarkar-Karp ratio: 1.000082936
 Final Karmarkar-Karp time: 0.004291586

SFC previous efficiency: 0.7884187156
 Time take to run this function: 4.31e-07
SFC ratio: 1
 Final SFC time: 6.6704e-05

SFC+Knapsack previous efficiency: 0.788577363
SFC + Knapsack ratio: 0.9999366638
 Final SFC+Knapsack_Combined time: 9.098e-05

SFC+Painter previous efficiency: 0.9011868045
SFC+painterPartition efficiency: 0.9015271048
SFC+Painter ratio: 1.000377614
 Final SFC+Painter time: 0.000205914

Painter+Knapsack previous efficiency: 0.9013429782
Painter+Knapsack ratio: 0.9999676885
 Final painter+Knapsack_Combined time: 0.000278549
Run 2
File weights 51 and ranks 51
Original previous efficiency: 0.9343373585
Original efficiency: 0.9343373585
Original ratio: 1
Knapsack previous efficiency: 0.953041727
Knapsack ratio: 1.006687245
 Final Knapsack time: 6.409e-05

Karmarkar-Karp previous efficiency: 0.9546676908
Karmarkar-Karp ratio: 1.005154514
 Final Karmarkar-Karp time: 0.003810339

SFC previous efficiency: 0.7884326853
 Time take to run this function: 4.11e-07
SFC ratio: 1
 Final SFC time: 7.3036e-05

SFC+Knapsack previous efficiency: 0.788681056
SFC + Knapsack ratio: 0.9999013164
 Final SFC+Knapsack_Combined time: 9.6079e-05

SFC+Painter previous efficiency: 0.900017066
SFC+painterPartition efficiency: 0.9074965569
SFC+Painter ratio: 1.008310388
 Final SFC+Painter time: 0.000134039

Painter+Knapsack previous efficiency: 0.9023513434
Painter+Knapsack ratio: 1.001467942
 Final painter+Knapsack_Combined time: 0.000154158
Run 3
File weights 51 and ranks 51
Original previous efficiency: 0.9321602043
Original efficiency: 0.9321602043
Original ratio: 1
Knapsack previous efficiency: 0.9521234087
Knapsack ratio: 1.006345902
 Final Knapsack time: 6.3138e-05

Karmarkar-Karp previous efficiency: 0.9522946795
Karmarkar-Karp ratio: 1.006440185
 Final Karmarkar-Karp time: 0.004248606

SFC previous efficiency: 0.7884366576
 Time take to run this function: 3.91e-07
SFC ratio: 1
 Final SFC time: 6.3258e-05

SFC+Knapsack previous efficiency: 0.7887568885
SFC + Knapsack ratio: 0.9998835681
 Final SFC+Knapsack_Combined time: 0.000186528

SFC+Painter previous efficiency: 0.8973820511
SFC+painterPartition efficiency: 0.9076602932
SFC+Painter ratio: 1.011453586
 Final SFC+Painter time: 0.000242532

Painter+Knapsack previous efficiency: 0.9048142373
Painter+Knapsack ratio: 1.001077445
 Final painter+Knapsack_Combined time: 0.000156602
Run 4
File weights 51 and ranks 51
Original previous efficiency: 0.9330114007
Original efficiency: 0.9330114007
Original ratio: 1
Knapsack previous efficiency: 0.9512289909
Knapsack ratio: 1.005901245
 Final Knapsack time: 6.7355e-05

Karmarkar-Karp previous efficiency: 0.950643589
Karmarkar-Karp ratio: 1.006991427
 Final Karmarkar-Karp time: 0.004317464

SFC previous efficiency: 0.7884322645
 Time take to run this function: 3.91e-07
SFC ratio: 1
 Final SFC time: 5.4051e-05

SFC+Knapsack previous efficiency: 0.788809004
SFC + Knapsack ratio: 0.9998679529
 Final SFC+Knapsack_Combined time: 8.6902e-05

SFC+Painter previous efficiency: 0.8932864429
SFC+painterPartition efficiency: 0.9080443526
SFC+Painter ratio: 1.016520915
 Final SFC+Painter time: 0.000116948

Painter+Knapsack previous efficiency: 0.9020615347
Painter+Knapsack ratio: 1.002955694
 Final painter+Knapsack_Combined time: 0.000165939
Run 5
File weights 51 and ranks 51
Original previous efficiency: 0.9321939077
Original efficiency: 0.9321939077
Original ratio: 1
Knapsack previous efficiency: 0.9496874801
Knapsack ratio: 1.006962575
 Final Knapsack time: 5.4321e-05

Karmarkar-Karp previous efficiency: 0.9487707484
Karmarkar-Karp ratio: 1.008866538
 Final Karmarkar-Karp time: 0.004609207

SFC previous efficiency: 0.7884260683
 Time take to run this function: 4.21e-07
SFC ratio: 1
 Final SFC time: 6.3699e-05

SFC+Knapsack previous efficiency: 0.7888538517
SFC + Knapsack ratio: 0.9998614061
 Final SFC+Knapsack_Combined time: 0.000152163

SFC+Painter previous efficiency: 0.8871962156
SFC+painterPartition efficiency: 0.9124419381
SFC+Painter ratio: 1.028455625
 Final SFC+Painter time: 0.000128279

Painter+Knapsack previous efficiency: 0.8978453832
Painter+Knapsack ratio: 1.00624595
 Final painter+Knapsack_Combined time: 0.000156812
Run 6
File weights 51 and ranks 51
Original previous efficiency: 0.9300039056
Original efficiency: 0.9300039056
Original ratio: 1
Knapsack previous efficiency: 0.9478492877
Knapsack ratio: 1.008645376
 Final Knapsack time: 0.000114523

Karmarkar-Karp previous efficiency: 0.9469507858
Karmarkar-Karp ratio: 1.010971586
 Final Karmarkar-Karp time: 0.004368308

SFC previous efficiency: 0.788413025
 Time take to run this function: 4.01e-07
SFC ratio: 1
 Final SFC time: 5.6745e-05

SFC+Knapsack previous efficiency: 0.7888806938
SFC + Knapsack ratio: 0.9998564628
 Final SFC+Knapsack_Combined time: 7.9027e-05

SFC+Painter previous efficiency: 0.8782901384
SFC+painterPartition efficiency: 0.9163780989
SFC+Painter ratio: 1.043366035
 Final SFC+Painter time: 0.000119353

Painter+Knapsack previous efficiency: 0.8926185154
Painter+Knapsack ratio: 1.010857933
 Final painter+Knapsack_Combined time: 0.000185455
Run 7
File weights 51 and ranks 51
Original previous efficiency: 0.9263989015
Original efficiency: 0.9263989015
Original ratio: 1
Knapsack previous efficiency: 0.9441210372
Knapsack ratio: 1.012364405
 Final Knapsack time: 6.429e-05

Karmarkar-Karp previous efficiency: 0.9443828197
Karmarkar-Karp ratio: 1.015618494
 Final Karmarkar-Karp time: 0.004427939

SFC previous efficiency: 0.7883998485
 Time take to run this function: 4.11e-07
SFC ratio: 1
 Final SFC time: 5.0654e-05

SFC+Knapsack previous efficiency: 0.7889107746
SFC + Knapsack ratio: 0.9998479165
 Final SFC+Knapsack_Combined time: 7.2595e-05

SFC+Painter previous efficiency: 0.8677282955
SFC+painterPartition efficiency: 0.9192654581
SFC+Painter ratio: 1.059393203
 Final SFC+Painter time: 0.000122979

Painter+Knapsack previous efficiency: 0.8880477588
Painter+Knapsack ratio: 1.012420806
 Final painter+Knapsack_Combined time: 0.000124372
Run 8
File weights 51 and ranks 51
Original previous efficiency: 0.9234174139
Original efficiency: 0.9234174139
Original ratio: 1
Knapsack previous efficiency: 0.9410134973
Knapsack ratio: 1.013335556
 Final Knapsack time: 5.1556e-05

Karmarkar-Karp previous efficiency: 0.9409207999
Karmarkar-Karp ratio: 1.019770367
 Final Karmarkar-Karp time: 0.003357766

SFC previous efficiency: 0.7883935202
 Time take to run this function: 3.91e-07
SFC ratio: 1
 Final SFC time: 4.9252e-05

SFC+Knapsack previous efficiency: 0.7889344566
SFC + Knapsack ratio: 0.9998416373
 Final SFC+Knapsack_Combined time: 7.0151e-05

SFC+Painter previous efficiency: 0.8595683873
SFC+painterPartition efficiency: 0.9195840375
SFC+Painter ratio: 1.069820681
 Final SFC+Painter time: 0.000110836

Painter+Knapsack previous efficiency: 0.8844147862
Painter+Knapsack ratio: 1.0117361
 Final painter+Knapsack_Combined time: 0.000119483
Run 9
File weights 51 and ranks 51
Original previous efficiency: 0.9225418611
Original efficiency: 0.9225418611
Original ratio: 1
Knapsack previous efficiency: 0.9367858872
Knapsack ratio: 1.014136205
 Final Knapsack time: 5.0764e-05

Karmarkar-Karp previous efficiency: 0.9346489
Karmarkar-Karp ratio: 1.025425867
 Final Karmarkar-Karp time: 0.003525789

SFC previous efficiency: 0.7883255212
 Time take to run this function: 3.81e-07
SFC ratio: 1
 Final SFC time: 4.8531e-05

SFC+Knapsack previous efficiency: 0.7889598648
SFC + Knapsack ratio: 0.9998390913
 Final SFC+Knapsack_Combined time: 6.954e-05

SFC+Painter previous efficiency: 0.8557432839
SFC+painterPartition efficiency: 0.9161350317
SFC+Painter ratio: 1.070572272
 Final SFC+Painter time: 0.000100758

Painter+Knapsack previous efficiency: 0.8806455095
Painter+Knapsack ratio: 1.011509902
 Final painter+Knapsack_Combined time: 0.000120093
Run 10
File weights 51 and ranks 51
Original previous efficiency: 0.9129360761
Original efficiency: 0.9129360761
Original ratio: 1
Knapsack previous efficiency: 0.9282145756
Knapsack ratio: 1.02069373
 Final Knapsack time: 5.0444e-05

Karmarkar-Karp previous efficiency: 0.9322461103
Karmarkar-Karp ratio: 1.029464047
 Final Karmarkar-Karp time: 0.003822281

SFC previous efficiency: 0.7880324662
 Time take to run this function: 3.8e-07
SFC ratio: 1
 Final SFC time: 4.9542e-05

SFC+Knapsack previous efficiency: 0.7889637958
SFC + Knapsack ratio: 0.9998337477
 Final SFC+Knapsack_Combined time: 7.0111e-05

SFC+Painter previous efficiency: 0.8610561061
SFC+painterPartition efficiency: 0.9027325115
SFC+Painter ratio: 1.048401498
 Final SFC+Painter time: 0.000100417

Painter+Knapsack previous efficiency: 0.8775395486
Painter+Knapsack ratio: 0.898914049
 Final painter+Knapsack_Combined time: 0.00012338
Run 11
File weights 51 and ranks 51
Original previous efficiency: 0.875966326
Original efficiency: 0.875966326
Original ratio: 1
Knapsack previous efficiency: 0.8861424813
Knapsack ratio: 1.082015843
 Final Knapsack time: 5.2057e-05

Karmarkar-Karp previous efficiency: 0.8951206293
Karmarkar-Karp ratio: 1.071434223
 Final Karmarkar-Karp time: 0.003538423

SFC previous efficiency: 0.7870994687
 Time take to run this function: 3.51e-07
SFC ratio: 1
 Final SFC time: 4.8531e-05

SFC+Knapsack previous efficiency: 0.7884223095
SFC + Knapsack ratio: 0.9998289345
 Final SFC+Knapsack_Combined time: 6.9119e-05

SFC+Painter previous efficiency: 0.7982123268
SFC+painterPartition efficiency: 0.8788804994
SFC+Painter ratio: 1.101061046
 Final SFC+Painter time: 0.000108843

Painter+Knapsack previous efficiency: 0.8513985086
Painter+Knapsack ratio: 1.053994712
 Final painter+Knapsack_Combined time: 0.000122318
Run 12
File weights 51 and ranks 51
Original previous efficiency: 0.8623886794
Original efficiency: 0.8623886794
Original ratio: 1
Knapsack previous efficiency: 0.8697080373
Knapsack ratio: 1.102151351
 Final Knapsack time: 5.2337e-05

Karmarkar-Karp previous efficiency: 0.8792719581
Karmarkar-Karp ratio: 1.090613287
 Final Karmarkar-Karp time: 0.003805149

SFC previous efficiency: 0.7738980022
 Time take to run this function: 1.804e-06
SFC ratio: 1.01716181
 Final SFC time: 9.0789e-05

SFC+Knapsack previous efficiency: 0.7882408271
SFC + Knapsack ratio: 0.9998266574
 Final SFC+Knapsack_Combined time: 7.6463e-05

SFC+Painter previous efficiency: 0.7738980022
SFC+painterPartition efficiency: 0.8791794402
SFC+Painter ratio: 1.136040457
 Final SFC+Painter time: 0.000101669

Painter+Knapsack previous efficiency: 0.8361613475
Painter+Knapsack ratio: 0.9425264559
 Final painter+Knapsack_Combined time: 0.000181098
Run 13
File weights 51 and ranks 51
Original previous efficiency: 0.8603981861
Original efficiency: 0.9467535074
Original ratio: 1.100366694
Knapsack previous efficiency: 0.867612608
Knapsack ratio: 1.104630777
 Final Knapsack time: 5.4211e-05

Karmarkar-Karp previous efficiency: 0.8773832772
Karmarkar-Karp ratio: 1.092790415
 Final Karmarkar-Karp time: 0.00369276

SFC previous efficiency: 0.7700743282
 Time take to run this function: 4.71e-07
SFC ratio: 1.022614751
 Final SFC time: 5.881e-05

SFC+Knapsack previous efficiency: 0.7861886505
SFC + Knapsack ratio: 1.002341408
 Final SFC+Knapsack_Combined time: 7.1663e-05

SFC+Painter previous efficiency: 0.7700743282
SFC+painterPartition efficiency: 0.8903009698
SFC+Painter ratio: 1.156123425
 Final SFC+Painter time: 9.9355e-05

Painter+Knapsack previous efficiency: 0.8341673451
Painter+Knapsack ratio: 0.9446898681
 Final painter+Knapsack_Combined time: 0.000121546
Run 14
File weights 51 and ranks 51
Original previous efficiency: 0.8620225404
Original efficiency: 0.9465629378
Original ratio: 1.098072143
Knapsack previous efficiency: 0.8690541058
Knapsack ratio: 1.102516387
 Final Knapsack time: 5.391e-05

Karmarkar-Karp previous efficiency: 0.8791887404
Karmarkar-Karp ratio: 1.090968622
 Final Karmarkar-Karp time: 0.003690676

SFC previous efficiency: 0.77186836
 Time take to run this function: 3.71e-07
SFC ratio: 1.019972552
 Final SFC time: 4.9893e-05

SFC+Knapsack previous efficiency: 0.787345461
SFC + Knapsack ratio: 1.000658069
 Final SFC+Knapsack_Combined time: 7.012e-05

SFC+Painter previous efficiency: 0.77186836
SFC+painterPartition efficiency: 0.8927604215
SFC+Painter ratio: 1.156622642
 Final SFC+Painter time: 0.000108002

Painter+Knapsack previous efficiency: 0.8354688729
Painter+Knapsack ratio: 0.9430196791
 Final painter+Knapsack_Combined time: 0.000121366
Run 15
File weights 51 and ranks 51
Original previous efficiency: 0.8628220746
Original efficiency: 0.9372361798
Original ratio: 1.086245018
Knapsack previous efficiency: 0.8712268924
Knapsack ratio: 1.096399291
 Final Knapsack time: 5.2017e-05

Karmarkar-Karp previous efficiency: 0.8811384087
Karmarkar-Karp ratio: 1.08510954
 Final Karmarkar-Karp time: 0.004268783

SFC previous efficiency: 0.7748882574
 Time take to run this function: 3.91e-07
SFC ratio: 1.005871939
 Final SFC time: 6.3708e-05

SFC+Knapsack previous efficiency: 0.7856338009
SFC + Knapsack ratio: 0.9998377038
 Final SFC+Knapsack_Combined time: 8.581e-05

SFC+Painter previous efficiency: 0.7771458796
SFC+painterPartition efficiency: 0.8962979376
SFC+Painter ratio: 1.153320067
 Final SFC+Painter time: 0.000146192

Painter+Knapsack previous efficiency: 0.8373368142
Painter+Knapsack ratio: 0.9381007525
 Final painter+Knapsack_Combined time: 0.000154187
Run 16
File weights 51 and ranks 51
Original previous efficiency: 0.8142306426
Original efficiency: 0.9404604131
Original ratio: 1.155029501
Knapsack previous efficiency: 0.8287608729
Knapsack ratio: 1.148618759
 Final Knapsack time: 6.954e-05

Karmarkar-Karp previous efficiency: 0.8309263722
Karmarkar-Karp ratio: 1.147529193
 Final Karmarkar-Karp time: 0.004456393

SFC previous efficiency: 0.708257748
 Time take to run this function: 4.51e-07
SFC ratio: 1.09319762
 Final SFC time: 6.3659e-05

SFC+Knapsack previous efficiency: 0.7247891587
SFC + Knapsack ratio: 1.080069419
 Final SFC+Knapsack_Combined time: 8.7934e-05

SFC+Painter previous efficiency: 0.7111141992
SFC+painterPartition efficiency: 0.8875123008
SFC+Painter ratio: 1.248058753
 Final SFC+Painter time: 0.000119102

Painter+Knapsack previous efficiency: 0.7978921187
Painter+Knapsack ratio: 1.143280658
 Final painter+Knapsack_Combined time: 0.000148918
Run 17
File weights 51 and ranks 51
Original previous efficiency: 0.8143110042
Original efficiency: 0.9397124614
Original ratio: 1.153997007
Knapsack previous efficiency: 0.8295102386
Knapsack ratio: 1.146662617
 Final Knapsack time: 7.1654e-05

Karmarkar-Karp previous efficiency: 0.8310789443
Karmarkar-Karp ratio: 1.146496052
 Final Karmarkar-Karp time: 0.005279075

SFC previous efficiency: 0.6939052484
 Time take to run this function: 3.91e-07
SFC ratio: 1.126314217
 Final SFC time: 6.8878e-05

SFC+Knapsack previous efficiency: 0.7155142629
SFC + Knapsack ratio: 1.093260632
 Final SFC+Knapsack_Combined time: 9.148e-05

SFC+Painter previous efficiency: 0.8675165752
SFC+painterPartition efficiency: 0.8728152053
SFC+Painter ratio: 1.006107814
 Final SFC+Painter time: 0.000136214

Painter+Knapsack previous efficiency: 0.7809074881
Painter+Knapsack ratio: 1.167210956
 Final painter+Knapsack_Combined time: 0.000190825
Run 18
File weights 51 and ranks 51
Original previous efficiency: 0.8177097264
Original efficiency: 0.9392576834
Original ratio: 1.148644382
Knapsack previous efficiency: 0.8320706661
Knapsack ratio: 1.142581992
 Final Knapsack time: 6.5392e-05

Karmarkar-Karp previous efficiency: 0.8353715345
Karmarkar-Karp ratio: 1.140505568
 Final Karmarkar-Karp time: 0.004702722

SFC previous efficiency: 0.6979361311
 Time take to run this function: 1.863e-06
SFC ratio: 1.127022508
 Final SFC time: 6.6323e-05

SFC+Knapsack previous efficiency: 0.7178306546
SFC + Knapsack ratio: 1.269169557
 Final SFC+Knapsack_Combined time: 0.000112159

SFC+Painter previous efficiency: 0.856209107
SFC+painterPartition efficiency: 0.8784133094
SFC+Painter ratio: 1.025933154
 Final SFC+Painter time: 0.000136885

Painter+Knapsack previous efficiency: 0.7831695717
Painter+Knapsack ratio: 1.163270842
 Final painter+Knapsack_Combined time: 0.000164918
Run 19
File weights 51 and ranks 51
Original previous efficiency: 0.8203662729
Original efficiency: 0.9388487776
Original ratio: 1.144426348
Knapsack previous efficiency: 0.8381776891
Knapsack ratio: 1.133706544
 Final Knapsack time: 6.423e-05

Karmarkar-Karp previous efficiency: 0.8113546101
Karmarkar-Karp ratio: 1.174572479
 Final Karmarkar-Karp time: 0.004618805

SFC previous efficiency: 0.7111908844
 Time take to run this function: 3.81e-07
SFC ratio: 1.098687709
 Final SFC time: 5.6736e-05

SFC+Knapsack previous efficiency: 0.8549643808
SFC + Knapsack ratio: 0.9912323327
 Final SFC+Knapsack_Combined time: 7.0842e-05

SFC+Painter previous efficiency: 0.8467863666
SFC+painterPartition efficiency: 0.8621459239
SFC+Painter ratio: 1.018138645
 Final SFC+Painter time: 0.000131705

Painter+Knapsack previous efficiency: 0.7814973711
Painter+Knapsack ratio: 1.158729881
 Final painter+Knapsack_Combined time: 0.00016613
Run 20
File weights 51 and ranks 51
Original previous efficiency: 0.8227099314
Original efficiency: 0.9180258484
Original ratio: 1.115856043
Knapsack previous efficiency: 0.8473611194
Knapsack ratio: 1.121064146
 Final Knapsack time: 0.00032727

Karmarkar-Karp previous efficiency: 0.8185924005
Karmarkar-Karp ratio: 1.164816012
 Final Karmarkar-Karp time: 0.004580274

SFC previous efficiency: 0.73463529
 Time take to run this function: 4.2e-07
SFC ratio: 1.084808075
 Final SFC time: 6.7686e-05

SFC+Knapsack previous efficiency: 0.8337893675
SFC + Knapsack ratio: 1.047549078
 Final SFC+Knapsack_Combined time: 9.8433e-05

SFC+Painter previous efficiency: 0.8337939998
SFC+painterPartition efficiency: 0.8618938178
SFC+Painter ratio: 1.033701152
 Final SFC+Painter time: 0.000130623

Painter+Knapsack previous efficiency: 0.7878776992
Painter+Knapsack ratio: 1.13427515
 Final painter+Knapsack_Combined time: 0.000142045
Run 21
File weights 51 and ranks 51
Original previous efficiency: 0.8244414788
Original efficiency: 0.8970904256
Original ratio: 1.088118986
Knapsack previous efficiency: 0.8555152895
Knapsack ratio: 1.109260863
 Final Knapsack time: 7.1854e-05

Karmarkar-Karp previous efficiency: 0.8214317177
Karmarkar-Karp ratio: 1.162495193
 Final Karmarkar-Karp time: 0.004618795

SFC previous efficiency: 0.7516707558
 Time take to run this function: 4.31e-07
SFC ratio: 1.06172822
 Final SFC time: 8.5329e-05

SFC+Knapsack previous efficiency: 0.8234218596
SFC + Knapsack ratio: 1.061954094
 Final SFC+Knapsack_Combined time: 9.7261e-05

SFC+Painter previous efficiency: 0.8234283533
SFC+painterPartition efficiency: 0.8625453934
SFC+Painter ratio: 1.047505093
 Final SFC+Painter time: 0.000137146

Painter+Knapsack previous efficiency: 0.7890838748
Painter+Knapsack ratio: 1.142500424
 Final painter+Knapsack_Combined time: 0.00015064
Run 22
File weights 51 and ranks 51
Original previous efficiency: 0.8203677297
Original efficiency: 0.88706696
Original ratio: 1.081304064
Knapsack previous efficiency: 0.849600935
Knapsack ratio: 1.116078765
 Final Knapsack time: 7.1183e-05

Karmarkar-Karp previous efficiency: 0.8221005054
Karmarkar-Karp ratio: 1.158168834
 Final Karmarkar-Karp time: 0.004961223

SFC previous efficiency: 0.7494208517
 Time take to run this function: 4.01e-07
SFC ratio: 0.9918121095
 Final SFC time: 6.8938e-05

SFC+Knapsack previous efficiency: 0.8179359724
SFC + Knapsack ratio: 1.052449651
 Final SFC+Knapsack_Combined time: 8.2233e-05

SFC+Painter previous efficiency: 0.8179334532
SFC+painterPartition efficiency: 0.8592253326
SFC+Painter ratio: 1.050483177
 Final SFC+Painter time: 0.000136715

Painter+Knapsack previous efficiency: 0.7808930197
Painter+Knapsack ratio: 1.163686064
 Final painter+Knapsack_Combined time: 0.000159507
Run 23
File weights 51 and ranks 51
Original previous efficiency: 0.821162543
Original efficiency: 0.8807597754
Original ratio: 1.072576657
Knapsack previous efficiency: 0.847183972
Knapsack ratio: 1.118838317
 Final Knapsack time: 7.2535e-05

Karmarkar-Karp previous efficiency: 0.8260923926
Karmarkar-Karp ratio: 1.15237679
 Final Karmarkar-Karp time: 0.004768785

SFC previous efficiency: 0.7433888973
 Time take to run this function: 4.3e-07
SFC ratio: 1.001816006
 Final SFC time: 6.8808e-05

SFC+Knapsack previous efficiency: 0.8156862027
SFC + Knapsack ratio: 1.057999334
 Final SFC+Knapsack_Combined time: 9.0378e-05

SFC+Painter previous efficiency: 0.8156840382
SFC+painterPartition efficiency: 0.8567522865
SFC+Painter ratio: 1.050348231
 Final SFC+Painter time: 0.000142326

Painter+Knapsack previous efficiency: 0.7752261262
Painter+Knapsack ratio: 1.171741715
 Final painter+Knapsack_Combined time: 0.000160579
Run 24
File weights 51 and ranks 51
Original previous efficiency: 0.8033661715
Original efficiency: 0.9475457788
Original ratio: 1.179469353
Knapsack previous efficiency: 0.8171698454
Knapsack ratio: 1.159547204
 Final Knapsack time: 7.3687e-05

Karmarkar-Karp previous efficiency: 0.8258290786
Karmarkar-Karp ratio: 1.169746484
 Final Karmarkar-Karp time: 0.004999645

SFC previous efficiency: 0.7184526715
 Time take to run this function: 3.91e-07
SFC ratio: 1.077187701
 Final SFC time: 6.6434e-05

SFC+Knapsack previous efficiency: 0.7878115949
SFC + Knapsack ratio: 1.152593167
 Final SFC+Knapsack_Combined time: 8.7723e-05

SFC+Painter previous efficiency: 0.7878090435
SFC+painterPartition efficiency: 0.8618946753
SFC+Painter ratio: 1.094040088
 Final SFC+Painter time: 0.000132607

Painter+Knapsack previous efficiency: 0.782402927
Painter+Knapsack ratio: 1.16056092
 Final painter+Knapsack_Combined time: 0.000145682
Run 25
File weights 51 and ranks 51
Original previous efficiency: 0.7977478336
Original efficiency: 0.947321232
Original ratio: 1.187494584
Knapsack previous efficiency: 0.8145673055
Knapsack ratio: 1.163155076
 Final Knapsack time: 5.4651e-05

Karmarkar-Karp previous efficiency: 0.8281602624
Karmarkar-Karp ratio: 1.168322276
 Final Karmarkar-Karp time: 0.003681318

SFC previous efficiency: 0.6968600019
 Time take to run this function: 3.609999999e-07
SFC ratio: 1.143150687
 Final SFC time: 5.0223e-05

SFC+Knapsack previous efficiency: 0.7853992392
SFC + Knapsack ratio: 1.149797395
 Final SFC+Knapsack_Combined time: 7.0642e-05

SFC+Painter previous efficiency: 0.7853920523
SFC+painterPartition efficiency: 0.8594417251
SFC+Painter ratio: 1.094283705
 Final SFC+Painter time: 0.000128009

Painter+Knapsack previous efficiency: 0.7779226361
Painter+Knapsack ratio: 1.160848081
 Final painter+Knapsack_Combined time: 0.000124782
Run 26
File weights 51 and ranks 51
Original previous efficiency: 0.793276826
Original efficiency: 0.9470951717
Original ratio: 1.193902482
Knapsack previous efficiency: 0.8115823166
Knapsack ratio: 1.167160814
 Final Knapsack time: 5.7027e-05

Karmarkar-Karp previous efficiency: 0.8284359596
Karmarkar-Karp ratio: 1.176937789
 Final Karmarkar-Karp time: 0.003926214

SFC previous efficiency: 0.690800343
 Time take to run this function: 4.11e-07
SFC ratio: 1.166516422
 Final SFC time: 5.1596e-05

SFC+Knapsack previous efficiency: 0.7834290678
SFC + Knapsack ratio: 1.158446089
 Final SFC+Knapsack_Combined time: 7.4138e-05

SFC+Painter previous efficiency: 0.7834162353
SFC+painterPartition efficiency: 0.853596346
SFC+Painter ratio: 1.08958215
 Final SFC+Painter time: 0.000116447

Painter+Knapsack previous efficiency: 0.7744917473
Painter+Knapsack ratio: 1.171814087
 Final painter+Knapsack_Combined time: 0.000124141
Run 27
File weights 51 and ranks 51
Original previous efficiency: 0.7890179012
Original efficiency: 0.9250342312
Original ratio: 1.172386875
Knapsack previous efficiency: 0.8105555254
Knapsack ratio: 1.16789882
 Final Knapsack time: 5.6125e-05

Karmarkar-Karp previous efficiency: 0.8236576131
Karmarkar-Karp ratio: 1.191584655
 Final Karmarkar-Karp time: 0.004140173

SFC previous efficiency: 0.685572905
 Time take to run this function: 3.8e-07
SFC ratio: 1.160692576
 Final SFC time: 6.3308e-05

SFC+Knapsack previous efficiency: 0.7897128797
SFC + Knapsack ratio: 1.120998918
 Final SFC+Knapsack_Combined time: 0.000102041

SFC+Painter previous efficiency: 0.7957393814
SFC+painterPartition efficiency: 0.8401218098
SFC+Painter ratio: 1.055775081
 Final SFC+Painter time: 0.000152233

Painter+Knapsack previous efficiency: 0.7769858962
Painter+Knapsack ratio: 1.139360815
 Final painter+Knapsack_Combined time: 0.000166029
Run 28
File weights 51 and ranks 51
Original previous efficiency: 0.7944378027
Original efficiency: 0.8959908275
Original ratio: 1.127830051
Knapsack previous efficiency: 0.8083730289
Knapsack ratio: 1.170585321
 Final Knapsack time: 6.9179e-05

Karmarkar-Karp previous efficiency: 0.8178854466
Karmarkar-Karp ratio: 1.202792177
 Final Karmarkar-Karp time: 0.004713823

SFC previous efficiency: 0.700096125
 Time take to run this function: 1.853e-06
SFC ratio: 1.077975996
 Final SFC time: 7.0161e-05

SFC+Knapsack previous efficiency: 0.7973721799
SFC + Knapsack ratio: 1.123503311
 Final SFC+Knapsack_Combined time: 9.3144e-05

SFC+Painter previous efficiency: 0.7860558924
SFC+painterPartition efficiency: 0.8399091069
SFC+Painter ratio: 1.068510668
 Final SFC+Painter time: 0.000130834

Painter+Knapsack previous efficiency: 0.7930470198
Painter+Knapsack ratio: 1.13206057
 Final painter+Knapsack_Combined time: 0.00017168
Run 29
File weights 51 and ranks 51
Original previous efficiency: 0.7989558067
Original efficiency: 0.8779796198
Original ratio: 1.098908866
Knapsack previous efficiency: 0.8073738616
Knapsack ratio: 1.171636369
 Final Knapsack time: 5.5283e-05

Karmarkar-Karp previous efficiency: 0.9785206293
Karmarkar-Karp ratio: 1.009913132
 Final Karmarkar-Karp time: 0.004619797

SFC previous efficiency: 0.7223112605
 Time take to run this function: 4.41e-07
SFC ratio: 1.074115929
 Final SFC time: 6.3969e-05

SFC+Knapsack previous efficiency: 0.8139392539
SFC + Knapsack ratio: 1.074985965
 Final SFC+Knapsack_Combined time: 9.4927e-05

SFC+Painter previous efficiency: 0.7758460306
SFC+painterPartition efficiency: 0.858215295
SFC+Painter ratio: 1.106167024
 Final SFC+Painter time: 0.000143307

Painter+Knapsack previous efficiency: 0.8079847852
Painter+Knapsack ratio: 1.102355365
 Final painter+Knapsack_Combined time: 0.000161581
Run 30
File weights 51 and ranks 51
Original previous efficiency: 0.7991192805
Original efficiency: 0.8694101243
Original ratio: 1.08796039
Knapsack previous efficiency: 0.8061107274
Knapsack ratio: 1.173094499
 Final Knapsack time: 6.2867e-05

Karmarkar-Karp previous efficiency: 0.9601182282
Karmarkar-Karp ratio: 1.029664109
 Final Karmarkar-Karp time: 0.005462016

SFC previous efficiency: 0.7331629069
 Time take to run this function: 3.909999999e-07
SFC ratio: 1.100799463
 Final SFC time: 6.8067e-05

SFC+Knapsack previous efficiency: 0.7949401934
SFC + Knapsack ratio: 1.082302164
 Final SFC+Knapsack_Combined time: 0.00012901

SFC+Painter previous efficiency: 0.7615083794
SFC+painterPartition efficiency: 0.857977775
SFC+Painter ratio: 1.126681988
 Final SFC+Painter time: 0.000149469

Painter+Knapsack previous efficiency: 0.8083909314
Painter+Knapsack ratio: 1.103335366
 Final painter+Knapsack_Combined time: 0.00017707
Run 31
File weights 51 and ranks 51
Original previous efficiency: 0.7976086125
Original efficiency: 0.8646884047
Original ratio: 1.084101138
Knapsack previous efficiency: 0.8055039854
Knapsack ratio: 1.173827658
 Final Knapsack time: 7.6252e-05

Karmarkar-Karp previous efficiency: 0.9417737128
Karmarkar-Karp ratio: 1.049593829
 Final Karmarkar-Karp time: 0.004898827

SFC previous efficiency: 0.7420947972
 Time take to run this function: 4.610000001e-07
SFC ratio: 1.077718352
 Final SFC time: 7.0601e-05

SFC+Knapsack previous efficiency: 0.7851634176
SFC + Knapsack ratio: 1.086933509
 Final SFC+Knapsack_Combined time: 0.000115866

SFC+Painter previous efficiency: 0.746999789
SFC+painterPartition efficiency: 0.8534288056
SFC+Painter ratio: 1.142475297
 Final SFC+Painter time: 0.000133188

Painter+Knapsack previous efficiency: 0.7967569814
Painter+Knapsack ratio: 1.117088455
 Final painter+Knapsack_Combined time: 0.000164477
Run 32
File weights 51 and ranks 51
Original previous efficiency: 0.8105730332
Original efficiency: 0.9453486552
Original ratio: 1.166272028
Knapsack previous efficiency: 0.804708052
Knapsack ratio: 1.174772208
 Final Knapsack time: 7.7345e-05

Karmarkar-Karp previous efficiency: 0.8969776518
Karmarkar-Karp ratio: 1.101813839
 Final Karmarkar-Karp time: 0.004649503

SFC previous efficiency: 0.7770585273
 Time take to run this function: 6.61e-07
SFC ratio: 1.005210761
 Final SFC time: 7.2044e-05

SFC+Knapsack previous efficiency: 0.7414316689
SFC + Knapsack ratio: 1.19761121
 Final SFC+Knapsack_Combined time: 9.9826e-05

SFC+Painter previous efficiency: 0.7135013226
SFC+painterPartition efficiency: 0.8412059102
SFC+Painter ratio: 1.178982972
 Final SFC+Painter time: 0.000143467

Painter+Knapsack previous efficiency: 0.7854645457
Painter+Knapsack ratio: 1.153299539
 Final painter+Knapsack_Combined time: 0.00015546
Run 33
File weights 51 and ranks 51
Original previous efficiency: 0.803654956
Original efficiency: 0.9449620604
Original ratio: 1.175830564
Knapsack previous efficiency: 0.8033179029
Knapsack ratio: 1.176303485
 Final Knapsack time: 7.7594e-05

Karmarkar-Karp previous efficiency: 0.8812336488
Karmarkar-Karp ratio: 1.121018804
 Final Karmarkar-Karp time: 0.004885281

SFC previous efficiency: 0.77391623
 Time take to run this function: 4.01e-07
SFC ratio: 1.014798572
 Final SFC time: 6.985e-05

SFC+Knapsack previous efficiency: 0.7205430572
SFC + Knapsack ratio: 1.218802007
 Final SFC+Knapsack_Combined time: 9.3585e-05

SFC+Painter previous efficiency: 0.7088154882
SFC+painterPartition efficiency: 0.8471920549
SFC+Painter ratio: 1.195222267
 Final SFC+Painter time: 0.000137176

Painter+Knapsack previous efficiency: 0.7686222598
Painter+Knapsack ratio: 1.177034126
 Final painter+Knapsack_Combined time: 0.000225971
Run 34
File weights 51 and ranks 51
Original previous efficiency: 0.7955250735
Original efficiency: 0.9414500319
Original ratio: 1.183432255
Knapsack previous efficiency: 0.8026470614
Knapsack ratio: 1.176999378
 Final Knapsack time: 6.5112e-05

Karmarkar-Karp previous efficiency: 0.8563371319
Karmarkar-Karp ratio: 1.153328033
 Final Karmarkar-Karp time: 0.004698283

SFC previous efficiency: 0.7495686202
 Time take to run this function: 4.01e-07
SFC ratio: 1.043308038
 Final SFC time: 5.2267e-05

SFC+Knapsack previous efficiency: 0.8550431951
SFC + Knapsack ratio: 1.000004701
 Final SFC+Knapsack_Combined time: 7.1453e-05

SFC+Painter previous efficiency: 0.7067571874
SFC+painterPartition efficiency: 0.8571144748
SFC+Painter ratio: 1.212742495
 Final SFC+Painter time: 0.000146172

Painter+Knapsack previous efficiency: 0.7601107278
Painter+Knapsack ratio: 1.188043466
 Final painter+Knapsack_Combined time: 0.000176148
Run 35
File weights 51 and ranks 51
Original previous efficiency: 0.7905313186
Original efficiency: 0.9151547629
Original ratio: 1.15764517
Knapsack previous efficiency: 0.8135666816
Knapsack ratio: 1.160807953
 Final Knapsack time: 7.3697e-05

Karmarkar-Karp previous efficiency: 0.829001154
Karmarkar-Karp ratio: 1.190967625
 Final Karmarkar-Karp time: 0.004649082

SFC previous efficiency: 0.7297765736
 Time take to run this function: 4.21e-07
SFC ratio: 1.0972159
 Final SFC time: 6.8488e-05

SFC+Knapsack previous efficiency: 0.8264134109
SFC + Knapsack ratio: 1.080255838
 Final SFC+Knapsack_Combined time: 9.8774e-05

SFC+Painter previous efficiency: 0.8568412379
SFC+painterPartition efficiency: 0.8593356566
SFC+Painter ratio: 1.00291118
 Final SFC+Painter time: 0.000378836

Painter+Knapsack previous efficiency: 0.7517015408
Painter+Knapsack ratio: 1.187622831
 Final painter+Knapsack_Combined time: 0.000171249
Run 36
File weights 51 and ranks 51
Original previous efficiency: 0.7997446038
Original efficiency: 0.8954933136
Original ratio: 1.119724109
Knapsack previous efficiency: 0.8019902777
Knapsack ratio: 1.177240232
 Final Knapsack time: 7.6122e-05

Karmarkar-Karp previous efficiency: 0.8374036393
Karmarkar-Karp ratio: 1.178690246
 Final Karmarkar-Karp time: 0.004597666

SFC previous efficiency: 0.7140766524
 Time take to run this function: 4.31e-07
SFC ratio: 1.100230854
 Final SFC time: 7.1783e-05

SFC+Knapsack previous efficiency: 0.8194782937
SFC + Knapsack ratio: 1.077096126
 Final SFC+Knapsack_Combined time: 0.000100587

SFC+Painter previous efficiency: 0.8273045247
SFC+painterPartition efficiency: 0.8606404102
SFC+Painter ratio: 1.040294577
 Final SFC+Painter time: 0.000142435

Painter+Knapsack previous efficiency: 0.7388295288
Painter+Knapsack ratio: 1.194669218
 Final painter+Knapsack_Combined time: 0.000163414
Run 37
File weights 51 and ranks 51
Original previous efficiency: 0.8090016025
Original efficiency: 0.8783168459
Original ratio: 1.085679983
Knapsack previous efficiency: 0.7945527561
Knapsack ratio: 1.188013509
 Final Knapsack time: 7.4098e-05

Karmarkar-Karp previous efficiency: 0.8455179347
Karmarkar-Karp ratio: 1.16714963
 Final Karmarkar-Karp time: 0.004321

SFC previous efficiency: 0.7030519839
 Time take to run this function: 3.9e-07
SFC ratio: 1.050746318
 Final SFC time: 6.9079e-05

SFC+Knapsack previous efficiency: 0.8164700472
SFC + Knapsack ratio: 1.082607712
 Final SFC+Knapsack_Combined time: 9.3464e-05

SFC+Painter previous efficiency: 0.7974644743
SFC+painterPartition efficiency: 0.8589532886
SFC+Painter ratio: 1.077105396
 Final SFC+Painter time: 0.000145451

Painter+Knapsack previous efficiency: 0.7274500034
Painter+Knapsack ratio: 1.215089375
 Final painter+Knapsack_Combined time: 0.000130153
Run 38
File weights 51 and ranks 51
Original previous efficiency: 0.80151605
Original efficiency: 0.8713224359
Original ratio: 1.087092936
Knapsack previous efficiency: 0.7882451985
Knapsack ratio: 1.196769348
 Final Knapsack time: 5.6806e-05

Karmarkar-Karp previous efficiency: 0.8533351434
Karmarkar-Karp ratio: 1.15585446
 Final Karmarkar-Karp time: 0.004880493

SFC previous efficiency: 0.7024930078
 Time take to run this function: 3.8e-07
SFC ratio: 1.054041456
 Final SFC time: 7.1212e-05

SFC+Knapsack previous efficiency: 0.813735337
SFC + Knapsack ratio: 1.070470822
 Final SFC+Knapsack_Combined time: 0.00010174

SFC+Painter previous efficiency: 0.784858835
SFC+painterPartition efficiency: 0.848527067
SFC+Painter ratio: 1.081120616
 Final SFC+Painter time: 0.000142075

Painter+Knapsack previous efficiency: 0.8711074838
Painter+Knapsack ratio: 0.9999683746
 Final painter+Knapsack_Combined time: 0.000132407
Run 39
File weights 51 and ranks 51
Original previous efficiency: 0.7953057995
Original efficiency: 0.9429166582
Original ratio: 1.185602643
Knapsack previous efficiency: 0.7760356879
Knapsack ratio: 1.215042512
 Final Knapsack time: 7.502e-05

Karmarkar-Karp previous efficiency: 0.8739747321
Karmarkar-Karp ratio: 1.12790213
 Final Karmarkar-Karp time: 0.004571116

SFC previous efficiency: 0.7014625276
 Time take to run this function: 3.900000001e-07
SFC ratio: 1.08504375
 Final SFC time: 6.8137e-05

SFC+Knapsack previous efficiency: 0.8157080241
SFC + Knapsack ratio: 1.067443168
 Final SFC+Knapsack_Combined time: 8.8996e-05

SFC+Painter previous efficiency: 0.7426251683
SFC+painterPartition efficiency: 0.8399499351
SFC+Painter ratio: 1.131055034
 Final SFC+Painter time: 0.000147405

Painter+Knapsack previous efficiency: 0.8611110673
Painter+Knapsack ratio: 1.011161034
 Final painter+Knapsack_Combined time: 0.000163284
Run 40
File weights 51 and ranks 51
Original previous efficiency: 0.7763052634
Original efficiency: 0.942662288
Original ratio: 1.21429331
Knapsack previous efficiency: 0.942663359
Knapsack ratio: 1.000000488
 Final Knapsack time: 7.3087e-05

Karmarkar-Karp previous efficiency: 0.8777830732
Karmarkar-Karp ratio: 1.122872581
 Final Karmarkar-Karp time: 0.004585503

SFC previous efficiency: 0.7010957764
 Time take to run this function: 3.9e-07
SFC ratio: 1.07231416
 Final SFC time: 7.2625e-05

SFC+Knapsack previous efficiency: 0.7964942836
SFC + Knapsack ratio: 1.102831044
 Final SFC+Knapsack_Combined time: 0.00010199

SFC+Painter previous efficiency: 0.7247658499
SFC+painterPartition efficiency: 0.838349645
SFC+Painter ratio: 1.156717918
 Final SFC+Painter time: 0.000315488

Painter+Knapsack previous efficiency: 0.8363578077
Painter+Knapsack ratio: 1.050266541
 Final painter+Knapsack_Combined time: 0.000264913
Run 41
File weights 51 and ranks 51
Original previous efficiency: 0.9410546196
Original efficiency: 0.9410546196
Original ratio: 1
Knapsack previous efficiency: 0.9410546196
Knapsack ratio: 1.001285662
 Final Knapsack time: 0.000131736

Karmarkar-Karp previous efficiency: 0.8812184405
Karmarkar-Karp ratio: 1.117849706
 Final Karmarkar-Karp time: 0.004971953

SFC previous efficiency: 0.7062275984
 Time take to run this function: 5.719999999e-07
SFC ratio: 1.05770118
 Final SFC time: 6.6274e-05

SFC+Knapsack previous efficiency: 0.7848108377
SFC + Knapsack ratio: 1.094552298
 Final SFC+Knapsack_Combined time: 0.000109674

SFC+Painter previous efficiency: 0.7203410087
SFC+painterPartition efficiency: 0.8465352699
SFC+Painter ratio: 1.175186835
 Final SFC+Painter time: 0.000164306

Painter+Knapsack previous efficiency: 0.8176325122
Painter+Knapsack ratio: 1.050614418
 Final painter+Knapsack_Combined time: 0.00019829
Run 42
File weights 51 and ranks 51
Original previous efficiency: 0.9293106634
Original efficiency: 0.9293106634
Original ratio: 1
Knapsack previous efficiency: 0.9395305857
Knapsack ratio: 1.002461116
 Final Knapsack time: 8.3485e-05

Karmarkar-Karp previous efficiency: 0.8791330322
Karmarkar-Karp ratio: 1.120143017
 Final Karmarkar-Karp time: 0.003795591

SFC previous efficiency: 0.7036786006
 Time take to run this function: 3.8e-07
SFC ratio: 1.08893332
 Final SFC time: 0.000868939

SFC+Knapsack previous efficiency: 0.7667705054
SFC + Knapsack ratio: 1.119899935
 Final SFC+Knapsack_Combined time: 7.5671e-05

SFC+Painter previous efficiency: 0.712407255
SFC+painterPartition efficiency: 0.8448910776
SFC+Painter ratio: 1.185966414
 Final SFC+Painter time: 0.000103833

Painter+Knapsack previous efficiency: 0.8125271292
Painter+Knapsack ratio: 1.05683393
 Final painter+Knapsack_Combined time: 0.000126185
Run 43
File weights 51 and ranks 51
Original previous efficiency: 0.9166339721
Original efficiency: 0.9166339721
Original ratio: 1
Knapsack previous efficiency: 0.9166339721
Knapsack ratio: 1.026907902
 Final Knapsack time: 5.4211e-05

Karmarkar-Karp previous efficiency: 0.8737334662
Karmarkar-Karp ratio: 1.12642123
 Final Karmarkar-Karp time: 0.003578818

SFC previous efficiency: 0.7189649879
 Time take to run this function: 4.01e-07
SFC ratio: 1.072770378
 Final SFC time: 5.1176e-05

SFC+Knapsack previous efficiency: 0.7540495376
SFC + Knapsack ratio: 1.141003451
 Final SFC+Knapsack_Combined time: 7.2405e-05

SFC+Painter previous efficiency: 0.703459077
SFC+painterPartition efficiency: 0.8525266127
SFC+Painter ratio: 1.211906478
 Final SFC+Painter time: 0.000109023

Painter+Knapsack previous efficiency: 0.8076224302
Painter+Knapsack ratio: 1.096394287
 Final painter+Knapsack_Combined time: 0.000124632
Run 44
File weights 51 and ranks 51
Original previous efficiency: 0.8883277102
Original efficiency: 0.8883277102
Original ratio: 1
Knapsack previous efficiency: 0.8883277102
Knapsack ratio: 1.058154097
 Final Knapsack time: 0.000104275

Karmarkar-Karp previous efficiency: 0.8501655728
Karmarkar-Karp ratio: 1.15609199
 Final Karmarkar-Karp time: 0.00354839

SFC previous efficiency: 0.730619375
 Time take to run this function: 4.11e-07
SFC ratio: 1.076663149
 Final SFC time: 5.2147e-05

SFC+Knapsack previous efficiency: 0.7581129425
SFC + Knapsack ratio: 1.136138499
 Final SFC+Knapsack_Combined time: 7.2405e-05

SFC+Painter previous efficiency: 0.836556612
SFC+painterPartition efficiency: 0.836556612
SFC+Painter ratio: 1
 Final SFC+Painter time: 0.000111537

Painter+Knapsack previous efficiency: 0.8052766752
Painter+Knapsack ratio: 1.097338098
 Final painter+Knapsack_Combined time: 0.000124112
Run 45
File weights 51 and ranks 51
Original previous efficiency: 0.870267287
Original efficiency: 0.870267287
Original ratio: 1
Knapsack previous efficiency: 0.870267287
Knapsack ratio: 1.071364455
 Final Knapsack time: 5.5253e-05

Karmarkar-Karp previous efficiency: 0.8373182143
Karmarkar-Karp ratio: 1.16403268
 Final Karmarkar-Karp time: 0.003516801

SFC previous efficiency: 0.7337822625
 Time take to run this function: 3.909999999e-07
SFC ratio: 1.085187892
 Final SFC time: 5.0514e-05

SFC+Knapsack previous efficiency: 0.7613650455
SFC + Knapsack ratio: 1.133947327
 Final SFC+Knapsack_Combined time: 7.1193e-05

SFC+Painter previous efficiency: 0.8170951206
SFC+painterPartition efficiency: 0.8379957127
SFC+Painter ratio: 1.025579142
 Final SFC+Painter time: 0.000106849

Painter+Knapsack previous efficiency: 0.8098953945
Painter+Knapsack ratio: 1.06599922
 Final painter+Knapsack_Combined time: 0.000124853
Run 46
File weights 51 and ranks 51
Original previous efficiency: 0.8577689303
Original efficiency: 0.8577689303
Original ratio: 1
Knapsack previous efficiency: 0.8577689303
Knapsack ratio: 1.083816357
 Final Knapsack time: 5.6275e-05

Karmarkar-Karp previous efficiency: 0.8464451804
Karmarkar-Karp ratio: 1.148456382
 Final Karmarkar-Karp time: 0.003484131

SFC previous efficiency: 0.7393773506
 Time take to run this function: 3.91e-07
SFC ratio: 1.087472619
 Final SFC time: 5.0674e-05

SFC+Knapsack previous efficiency: 0.7679495443
SFC + Knapsack ratio: 1.126877469
 Final SFC+Knapsack_Combined time: 7.0692e-05

SFC+Painter previous efficiency: 0.7935355849
SFC+painterPartition efficiency: 0.8512661118
SFC+Painter ratio: 1.072751025
 Final SFC+Painter time: 0.000111699

Painter+Knapsack previous efficiency: 0.8016082077
Painter+Knapsack ratio: 1.079561101
 Final painter+Knapsack_Combined time: 0.000124943
Run 47
File weights 51 and ranks 51
Original previous efficiency: 0.8278357757
Original efficiency: 0.9329052987
Original ratio: 1.126920733
Knapsack previous efficiency: 0.8278357757
Knapsack ratio: 1.126920733
 Final Knapsack time: 5.5123e-05

Karmarkar-Karp previous efficiency: 0.8642305981
Karmarkar-Karp ratio: 1.126199081
 Final Karmarkar-Karp time: 0.003574389

SFC previous efficiency: 0.7497759667
 Time take to run this function: 4.410000001e-07
SFC ratio: 1.023455511
 Final SFC time: 5.1316e-05

SFC+Knapsack previous efficiency: 0.7878549767
SFC + Knapsack ratio: 1.082926509
 Final SFC+Knapsack_Combined time: 7.1523e-05

SFC+Painter previous efficiency: 0.7459879539
SFC+painterPartition efficiency: 0.8353824767
SFC+Painter ratio: 1.119833735
 Final SFC+Painter time: 0.000111518

Painter+Knapsack previous efficiency: 0.7843536917
Painter+Knapsack ratio: 1.087760597
 Final painter+Knapsack_Combined time: 0.000122779
Run 48
File weights 51 and ranks 51
Original previous efficiency: 0.8144538487
Original efficiency: 0.9191295437
Original ratio: 1.128522562
Knapsack previous efficiency: 0.8144538487
Knapsack ratio: 1.150161259
 Final Knapsack time: 5.6085e-05

Karmarkar-Karp previous efficiency: 0.8721785525
Karmarkar-Karp ratio: 1.117524669
 Final Karmarkar-Karp time: 0.003575672

SFC previous efficiency: 0.7681414827
 Time take to run this function: 4.01e-07
SFC ratio: 1
 Final SFC time: 5.1375e-05

SFC+Knapsack previous efficiency: 0.7953134386
SFC + Knapsack ratio: 1.09125362
 Final SFC+Knapsack_Combined time: 7.1292e-05

SFC+Painter previous efficiency: 0.731533162
SFC+painterPartition efficiency: 0.8359397686
SFC+Painter ratio: 1.142722999
 Final SFC+Painter time: 0.000109113

Painter+Knapsack previous efficiency: 0.7652514414
Painter+Knapsack ratio: 1.134122227
 Final painter+Knapsack_Combined time: 0.000122148
Run 49
File weights 51 and ranks 51
Original previous efficiency: 0.7962298259
Original efficiency: 0.8994560338
Original ratio: 1.129643734
Knapsack previous efficiency: 0.7962298259
Knapsack ratio: 1.174710428
 Final Knapsack time: 5.4732e-05

Karmarkar-Karp previous efficiency: 0.8624954856
Karmarkar-Karp ratio: 1.132012352
 Final Karmarkar-Karp time: 0.003736701

SFC previous efficiency: 0.7686777429
 Time take to run this function: 3.909999999e-07
SFC ratio: 1.011428172
 Final SFC time: 5.2738e-05

SFC+Knapsack previous efficiency: 0.7775859318
SFC + Knapsack ratio: 1.107164956
 Final SFC+Knapsack_Combined time: 7.3397e-05

SFC+Painter previous efficiency: 0.7256591111
SFC+painterPartition efficiency: 0.8412160459
SFC+Painter ratio: 1.159244104
 Final SFC+Painter time: 0.000111177

Painter+Knapsack previous efficiency: 0.7599377766
Painter+Knapsack ratio: 1.132876823
 Final painter+Knapsack_Combined time: 0.000125594
Run 50
File weights 51 and ranks 51
Original previous efficiency: 0.7720387882
Original efficiency: 0.8854969385
Original ratio: 1.146959132
Knapsack previous efficiency: 0.7720387882
Knapsack ratio: 1.2101668
 Final Knapsack time: 5.5413e-05

Karmarkar-Karp previous efficiency: 0.8498372729
Karmarkar-Karp ratio: 1.147108989
 Final Karmarkar-Karp time: 0.003632998

SFC previous efficiency: 0.7598477387
 Time take to run this function: 3.710000001e-07
SFC ratio: 1.00477059
 Final SFC time: 5.1857e-05

SFC+Knapsack previous efficiency: 0.7636057749
SFC + Knapsack ratio: 1.108736145
 Final SFC+Knapsack_Combined time: 7.1784e-05

SFC+Painter previous efficiency: 0.7216674923
SFC+painterPartition efficiency: 0.8462193294
SFC+Painter ratio: 1.172588953
 Final SFC+Painter time: 0.000104174

Painter+Knapsack previous efficiency: 0.7682002855
Painter+Knapsack ratio: 1.102104932
 Final painter+Knapsack_Combined time: 0.000126385


TinyProfiler total time across processes [min...avg...max]: 0.377 ... 0.377 ... 0.377

-------------------------------------------------------------------------------------
Name                                  NCalls  Excl. Min  Excl. Avg  Excl. Max   Max %
-------------------------------------------------------------------------------------
kk()                                      51     0.2164     0.2164     0.2164  57.39%
painterPartition()                       102    0.01136    0.01136    0.01136   3.01%
knapsack()                              1275   0.005251   0.005251   0.005251   1.39%
SFCProcessorMapDoIt()                     51   0.003117   0.003117   0.003117   0.83%
SFCProcessorMapDoItCombined()             51   0.002311   0.002311   0.002311   0.61%
SFCProcessorMapDoItCombinedPainter()      51   0.001062   0.001062   0.001062   0.28%
KnapSackDoIt()                            51  0.0007852  0.0007852  0.0007852   0.21%
Distribute()                             102  0.0006581  0.0006581  0.0006581   0.17%
KKDoIt()                                  51   0.000537   0.000537   0.000537   0.14%
knapsack()swap                           163  3.871e-05  3.871e-05  3.871e-05   0.01%
-------------------------------------------------------------------------------------

-------------------------------------------------------------------------------------
Name                                  NCalls  Incl. Min  Incl. Avg  Incl. Max   Max %
-------------------------------------------------------------------------------------
KKDoIt()                                  51     0.2169     0.2169     0.2169  57.53%
kk()                                      51     0.2164     0.2164     0.2164  57.39%
painterPartition()                       102    0.01136    0.01136    0.01136   3.01%
SFCProcessorMapDoItCombinedPainter()      51   0.007292   0.007292   0.007292   1.93%
knapsack()                              1275   0.005289   0.005289   0.005289   1.40%
SFCProcessorMapDoItCombined()             51   0.004042   0.004042   0.004042   1.07%
SFCProcessorMapDoIt()                     51   0.003526   0.003526   0.003526   0.94%
KnapSackDoIt()                            51   0.003175   0.003175   0.003175   0.84%
Distribute()                             102  0.0006581  0.0006581  0.0006581   0.17%
knapsack()swap                           163  3.871e-05  3.871e-05  3.871e-05   0.01%
-------------------------------------------------------------------------------------

Pinned Memory Usage:
---------------------------------------------------------------
Name                            Nalloc  Nfree  AvgMem    MaxMem
---------------------------------------------------------------
The_Pinned_Arena::Initialize()       1      1  74 KiB  8192 KiB
---------------------------------------------------------------

AMReX (25.06-22-g1d307c2c661a) finalized
