Initializing AMReX (25.06-22-g1d307c2c661a)...
OMP initialized with 256 OMP threads
AMReX (25.06-22-g1d307c2c661a) initialized
Starting running input_laser_ion running with 6 nodes and 4 ranks per node.
Total steps: 5000, intervals: 100 = 50 runs
Reading precomputed weights and ranks from file: /global/homes/j/jessd/lb_extractor/lb_inputs/imp_20/laser_ion_16_boxes_24_ranks_20_lb_data.txt
/global/homes/j/jessd/lb_extractor/lb_inputs/imp_20/laser_ion_16_boxes_24_ranks_20_lb_data.txt
Run 0: Weights size: 435
Run 1: Weights size: 435
Run 2: Weights size: 435
Run 3: Weights size: 435
Run 4: Weights size: 435
Run 5: Weights size: 435
Run 6: Weights size: 435
Run 7: Weights size: 435
Run 8: Weights size: 435
Run 9: Weights size: 435
Run 10: Weights size: 435
Run 11: Weights size: 435
Run 12: Weights size: 435
Run 13: Weights size: 435
Run 14: Weights size: 435
Run 15: Weights size: 435
Run 16: Weights size: 435
Run 17: Weights size: 435
Run 18: Weights size: 435
Run 19: Weights size: 435
Run 20: Weights size: 435
Run 21: Weights size: 435
Run 22: Weights size: 435
Run 23: Weights size: 435
Run 24: Weights size: 435
Run 25: Weights size: 435
Run 26: Weights size: 435
Run 27: Weights size: 435
Run 28: Weights size: 435
Run 29: Weights size: 435
Run 30: Weights size: 435
Run 31: Weights size: 435
Run 32: Weights size: 435
Run 33: Weights size: 435
Run 34: Weights size: 435
Run 35: Weights size: 435
Run 36: Weights size: 435
Run 37: Weights size: 435
Run 38: Weights size: 435
Run 39: Weights size: 435
Run 40: Weights size: 435
Run 41: Weights size: 435
Run 42: Weights size: 435
Run 43: Weights size: 435
Run 44: Weights size: 435
Run 45: Weights size: 435
Run 46: Weights size: 435
Run 47: Weights size: 435
Run 48: Weights size: 435
Run 49: Weights size: 435
Run 50: Weights size: 435
Run 0
File weights 51 and ranks 51
Original efficiency: 0.31536747
Original ratio: inf
Knapsack ratio: inf
 Final Knapsack time: 6.6003e-05

Karmarkar-Karp ratio: inf
 Final Karmarkar-Karp time: 0.001429123

 Time take to run this function: 8.41e-07
SFC ratio: inf
 Final SFC time: 6.5412e-05

SFC + Knapsack ratio: inf
 Final SFC+Knapsack_Combined time: 8.6341e-05

SFC+painterPartition efficiency: 0.9198304557
SFC+Painter ratio: inf
 Final SFC+Painter time: 0.000137756

Painter+Knapsack ratio: inf
 Final painter+Knapsack_Combined time: 0.000132898
Run 1
File weights 51 and ranks 51
Original previous efficiency: 0.3153648748
Original efficiency: 0.9889878159
Original ratio: 3.136011315
Knapsack previous efficiency: 0.9990484144
Knapsack ratio: 1.000088278
 Final Knapsack time: 5.341e-05

Karmarkar-Karp previous efficiency: 0.9990619165
Karmarkar-Karp ratio: 1.000162548
 Final Karmarkar-Karp time: 0.001206287

SFC previous efficiency: 0.9010634604
 Time take to run this function: 4e-07
SFC ratio: 1
 Final SFC time: 4.5725e-05

SFC+Knapsack previous efficiency: 0.9198018821
SFC + Knapsack ratio: 1.000070308
 Final SFC+Knapsack_Combined time: 8.1973e-05

SFC+Painter previous efficiency: 0.9197927977
SFC+painterPartition efficiency: 0.9198003083
SFC+Painter ratio: 1.000008166
 Final SFC+Painter time: 0.000120344

Painter+Knapsack previous efficiency: 0.9197877189
Painter+Knapsack ratio: 1.00008493
 Final painter+Knapsack_Combined time: 0.000146173
Run 2
File weights 51 and ranks 51
Original previous efficiency: 0.9859371761
Original efficiency: 0.9859371761
Original ratio: 1
Knapsack previous efficiency: 0.9962057335
Knapsack ratio: 1.002950089
 Final Knapsack time: 5.0905e-05

Karmarkar-Karp previous efficiency: 0.9961634313
Karmarkar-Karp ratio: 1.003298598
 Final Karmarkar-Karp time: 0.001423192

SFC previous efficiency: 0.9010448432
 Time take to run this function: 4.01e-07
SFC ratio: 1
 Final SFC time: 4.5144e-05

SFC+Knapsack previous efficiency: 0.9197815443
SFC + Knapsack ratio: 1.000104533
 Final SFC+Knapsack_Combined time: 7.6062e-05

SFC+Painter previous efficiency: 0.9191523605
SFC+painterPartition efficiency: 0.9197706717
SFC+Painter ratio: 1.000672697
 Final SFC+Painter time: 0.00010229

Painter+Knapsack previous efficiency: 0.9197683829
Painter+Knapsack ratio: 1.000118222
 Final painter+Knapsack_Combined time: 0.000114584
Run 3
File weights 51 and ranks 51
Original previous efficiency: 0.986385882
Original efficiency: 0.986385882
Original ratio: 1
Knapsack previous efficiency: 0.9958782445
Knapsack ratio: 1.00313761
 Final Knapsack time: 4.0726e-05

Karmarkar-Karp previous efficiency: 0.995417114
Karmarkar-Karp ratio: 1.003992642
 Final Karmarkar-Karp time: 0.001151716

SFC previous efficiency: 0.9008694227
 Time take to run this function: 3.5e-07
SFC ratio: 1
 Final SFC time: 4.3922e-05

SFC+Knapsack previous efficiency: 0.9197415858
SFC + Knapsack ratio: 1.000141247
 Final SFC+Knapsack_Combined time: 6.0152e-05

SFC+Painter previous efficiency: 0.9174110914
SFC+painterPartition efficiency: 0.9197466644
SFC+Painter ratio: 1.00254583
 Final SFC+Painter time: 0.000110486

Painter+Knapsack previous efficiency: 0.9197335036
Painter+Knapsack ratio: 1.000151592
 Final painter+Knapsack_Combined time: 0.000112449
Run 4
File weights 51 and ranks 51
Original previous efficiency: 0.9859331877
Original efficiency: 0.9859331877
Original ratio: 1
Knapsack previous efficiency: 0.9949869583
Knapsack ratio: 1.004010162
 Final Knapsack time: 3.9494e-05

Karmarkar-Karp previous efficiency: 0.9950026124
Karmarkar-Karp ratio: 1.004147083
 Final Karmarkar-Karp time: 0.001158829

SFC previous efficiency: 0.9006657353
 Time take to run this function: 3.81e-07
SFC ratio: 1
 Final SFC time: 4.338e-05

SFC+Knapsack previous efficiency: 0.9197147403
SFC + Knapsack ratio: 1.000157817
 Final SFC+Knapsack_Combined time: 5.9951e-05

SFC+Painter previous efficiency: 0.9178636253
SFC+painterPartition efficiency: 0.9197196755
SFC+Painter ratio: 1.002022142
 Final SFC+Painter time: 0.000104504

Painter+Knapsack previous efficiency: 0.9197057998
Painter+Knapsack ratio: 1.000167539
 Final painter+Knapsack_Combined time: 0.000114092
Run 5
File weights 51 and ranks 51
Original previous efficiency: 0.9855032118
Original efficiency: 0.9855032118
Original ratio: 1
Knapsack previous efficiency: 0.9940167438
Knapsack ratio: 1.004918696
 Final Knapsack time: 4.0085e-05

Karmarkar-Karp previous efficiency: 0.9946042016
Karmarkar-Karp ratio: 1.004630706
 Final Karmarkar-Karp time: 0.001142969

SFC previous efficiency: 0.9005657242
 Time take to run this function: 3.4e-07
SFC ratio: 1
 Final SFC time: 4.2549e-05

SFC+Knapsack previous efficiency: 0.919687646
SFC + Knapsack ratio: 1.000098698
 Final SFC+Knapsack_Combined time: 6.0402e-05

SFC+Painter previous efficiency: 0.9187479416
SFC+painterPartition efficiency: 0.9196962288
SFC+Painter ratio: 1.001032152
 Final SFC+Painter time: 0.000101579

Painter+Knapsack previous efficiency: 0.9196664756
Painter+Knapsack ratio: 1.000193521
 Final painter+Knapsack_Combined time: 0.000111938
Run 6
File weights 51 and ranks 51
Original previous efficiency: 0.9845558528
Original efficiency: 0.9845558528
Original ratio: 1
Knapsack previous efficiency: 0.9925996112
Knapsack ratio: 1.006343555
 Final Knapsack time: 4.0435e-05

Karmarkar-Karp previous efficiency: 0.9935894244
Karmarkar-Karp ratio: 1.00593424
 Final Karmarkar-Karp time: 0.001224041

SFC previous efficiency: 0.900484785
 Time take to run this function: 3.41e-07
SFC ratio: 1
 Final SFC time: 4.2229e-05

SFC+Knapsack previous efficiency: 0.9196569587
SFC + Knapsack ratio: 1.000103753
 Final SFC+Knapsack_Combined time: 5.8469e-05

SFC+Painter previous efficiency: 0.9196583175
SFC+painterPartition efficiency: 0.9196749104
SFC+Painter ratio: 1.000018042
 Final SFC+Painter time: 0.000103653

Painter+Knapsack previous efficiency: 0.9196440853
Painter+Knapsack ratio: 1.000196477
 Final painter+Knapsack_Combined time: 0.000113852
Run 7
File weights 51 and ranks 51
Original previous efficiency: 0.982997958
Original efficiency: 0.982997958
Original ratio: 1
Knapsack previous efficiency: 0.9917398801
Knapsack ratio: 1.007259829
 Final Knapsack time: 4.1227e-05

Karmarkar-Karp previous efficiency: 0.9917188024
Karmarkar-Karp ratio: 1.007680662
 Final Karmarkar-Karp time: 0.00126661

SFC previous efficiency: 0.9003740749
 Time take to run this function: 3.31e-07
SFC ratio: 1
 Final SFC time: 4.2499e-05

SFC+Knapsack previous efficiency: 0.9196391823
SFC + Knapsack ratio: 1.000185745
 Final SFC+Knapsack_Combined time: 5.9421e-05

SFC+Painter previous efficiency: 0.9196280969
SFC+painterPartition efficiency: 0.9196534861
SFC+Painter ratio: 1.000027608
 Final SFC+Painter time: 0.00010199

Painter+Knapsack previous efficiency: 0.9196220896
Painter+Knapsack ratio: 1.000204335
 Final painter+Knapsack_Combined time: 0.000113231
Run 8
File weights 51 and ranks 51
Original previous efficiency: 0.9817221496
Original efficiency: 0.9817221496
Original ratio: 1
Knapsack previous efficiency: 0.9900882497
Knapsack ratio: 1.009091535
 Final Knapsack time: 4.1608e-05

Karmarkar-Karp previous efficiency: 0.9902057308
Karmarkar-Karp ratio: 1.008966483
 Final Karmarkar-Karp time: 0.001230062

SFC previous efficiency: 0.9000891629
 Time take to run this function: 3.41e-07
SFC ratio: 1
 Final SFC time: 4.28e-05

SFC+Knapsack previous efficiency: 0.9196042623
SFC + Knapsack ratio: 1.000196325
 Final SFC+Knapsack_Combined time: 5.9421e-05

SFC+Painter previous efficiency: 0.9189162819
SFC+painterPartition efficiency: 0.9196242868
SFC+Painter ratio: 1.000770478
 Final SFC+Painter time: 0.000105176

Painter+Knapsack previous efficiency: 0.9195835948
Painter+Knapsack ratio: 1.000218804
 Final painter+Knapsack_Combined time: 0.000114263
Run 9
File weights 51 and ranks 51
Original previous efficiency: 0.9776640511
Original efficiency: 0.9776640511
Original ratio: 1
Knapsack previous efficiency: 0.9857847623
Knapsack ratio: 1.013229265
 Final Knapsack time: 4.2019e-05

Karmarkar-Karp previous efficiency: 0.9894995763
Karmarkar-Karp ratio: 1.010055012
 Final Karmarkar-Karp time: 0.001227727

SFC previous efficiency: 0.8993194988
 Time take to run this function: 3.11e-07
SFC ratio: 1
 Final SFC time: 4.1718e-05

SFC+Knapsack previous efficiency: 0.917870967
SFC + Knapsack ratio: 1.001958487
 Final SFC+Knapsack_Combined time: 5.7817e-05

SFC+Painter previous efficiency: 0.9144016721
SFC+painterPartition efficiency: 0.9195787033
SFC+Painter ratio: 1.00566166
 Final SFC+Painter time: 0.000105136

Painter+Knapsack previous efficiency: 0.9177557007
Painter+Knapsack ratio: 1.002084329
 Final painter+Knapsack_Combined time: 0.000113702
Run 10
File weights 51 and ranks 51
Original previous efficiency: 0.9668384573
Original efficiency: 0.9668384573
Original ratio: 1
Knapsack previous efficiency: 0.9752217874
Knapsack ratio: 1.023824201
 Final Knapsack time: 4.2029e-05

Karmarkar-Karp previous efficiency: 0.9782166297
Karmarkar-Karp ratio: 1.020931647
 Final Karmarkar-Karp time: 0.001178024

SFC previous efficiency: 0.8820019065
 Time take to run this function: 3.81e-07
SFC ratio: 1.018468261
 Final SFC time: 4.29e-05

SFC+Knapsack previous efficiency: 0.9047375896
SFC + Knapsack ratio: 1.016463504
 Final SFC+Knapsack_Combined time: 5.9171e-05

SFC+Painter previous efficiency: 0.8820019065
SFC+painterPartition efficiency: 0.9195483475
SFC+Painter ratio: 1.042569569
 Final SFC+Painter time: 0.000107791

Painter+Knapsack previous efficiency: 0.9046291921
Painter+Knapsack ratio: 1.016585302
 Final painter+Knapsack_Combined time: 0.000114964
Run 11
File weights 51 and ranks 51
Original previous efficiency: 0.9403873391
Original efficiency: 0.9403873391
Original ratio: 1
Knapsack previous efficiency: 0.9602784081
Knapsack ratio: 1.039996235
 Final Knapsack time: 4.1387e-05

Karmarkar-Karp previous efficiency: 0.955375282
Karmarkar-Karp ratio: 1.045119926
 Final Karmarkar-Karp time: 0.00111151

SFC previous efficiency: 0.8344059626
 Time take to run this function: 3.11e-07
SFC ratio: 1.074660747
 Final SFC time: 4.1989e-05

SFC+Knapsack previous efficiency: 0.8839269426
SFC + Knapsack ratio: 1.039614795
 Final SFC+Knapsack_Combined time: 5.7598e-05

SFC+Painter previous efficiency: 0.8344059626
SFC+painterPartition efficiency: 0.9188605561
SFC+Painter ratio: 1.101215232
 Final SFC+Painter time: 0.000108051

Painter+Knapsack previous efficiency: 0.8838332477
Painter+Knapsack ratio: 1.03972646
 Final painter+Knapsack_Combined time: 0.000116817
Run 12
File weights 51 and ranks 51
Original previous efficiency: 0.9273361987
Original efficiency: 0.9273361987
Original ratio: 1
Knapsack previous efficiency: 0.9527563771
Knapsack ratio: 1.048156739
 Final Knapsack time: 4.1838e-05

Karmarkar-Karp previous efficiency: 0.9462818089
Karmarkar-Karp ratio: 1.055202618
 Final Karmarkar-Karp time: 0.001126399

SFC previous efficiency: 0.8165471993
 Time take to run this function: 3.31e-07
SFC ratio: 1.0976792
 Final SFC time: 4.2088e-05

SFC+Knapsack previous efficiency: 0.8755267941
SFC + Knapsack ratio: 1.049709028
 Final SFC+Knapsack_Combined time: 5.9261e-05

SFC+Painter previous efficiency: 0.8165471993
SFC+painterPartition efficiency: 0.9185958103
SFC+Painter ratio: 1.124975765
 Final SFC+Painter time: 0.000141714

Painter+Knapsack previous efficiency: 0.8754216097
Painter+Knapsack ratio: 1.049835154
 Final painter+Knapsack_Combined time: 0.000130834
Run 13
File weights 51 and ranks 51
Original previous efficiency: 0.9240032444
Original efficiency: 0.9240032444
Original ratio: 1
Knapsack previous efficiency: 0.9481392084
Knapsack ratio: 1.053124443
 Final Knapsack time: 4.2219e-05

Karmarkar-Karp previous efficiency: 0.9439098506
Karmarkar-Karp ratio: 1.058095928
 Final Karmarkar-Karp time: 0.001130537

SFC previous efficiency: 0.812853324
 Time take to run this function: 3.51e-07
SFC ratio: 1.084883058
 Final SFC time: 4.304e-05

SFC+Knapsack previous efficiency: 0.8743783375
SFC + Knapsack ratio: 1.050938308
 Final SFC+Knapsack_Combined time: 5.904e-05

SFC+Painter previous efficiency: 0.812853324
SFC+painterPartition efficiency: 0.9184451011
SFC+Painter ratio: 1.129902621
 Final SFC+Painter time: 0.000103493

Painter+Knapsack previous efficiency: 0.8742777474
Painter+Knapsack ratio: 1.051059223
 Final painter+Knapsack_Combined time: 0.00011261
Run 14
File weights 51 and ranks 51
Original previous efficiency: 0.9254897981
Original efficiency: 0.9254897981
Original ratio: 1
Knapsack previous efficiency: 0.9446302301
Knapsack ratio: 1.056907692
 Final Knapsack time: 4.276e-05

Karmarkar-Karp previous efficiency: 0.9437965459
Karmarkar-Karp ratio: 1.057833403
 Final Karmarkar-Karp time: 0.001077036

SFC previous efficiency: 0.8137522602
 Time take to run this function: 3.41e-07
SFC ratio: 1.083415045
 Final SFC time: 4.2308e-05

SFC+Knapsack previous efficiency: 0.8749807447
SFC + Knapsack ratio: 1.049962857
 Final SFC+Knapsack_Combined time: 5.7658e-05

SFC+Painter previous efficiency: 0.8137522602
SFC+painterPartition efficiency: 0.9181963744
SFC+Painter ratio: 1.128348785
 Final SFC+Painter time: 0.000104324

Painter+Knapsack previous efficiency: 0.8748722102
Painter+Knapsack ratio: 1.050093113
 Final painter+Knapsack_Combined time: 0.000116447
Run 15
File weights 51 and ranks 51
Original previous efficiency: 0.9269288474
Original efficiency: 0.9269288474
Original ratio: 1
Knapsack previous efficiency: 0.941665138
Knapsack ratio: 1.060469409
 Final Knapsack time: 4.1547e-05

Karmarkar-Karp previous efficiency: 0.9430627226
Karmarkar-Karp ratio: 1.059388961
 Final Karmarkar-Karp time: 0.001112533

SFC previous efficiency: 0.817629298
 Time take to run this function: 5.82e-07
SFC ratio: 1.074988263
 Final SFC time: 4.3291e-05

SFC+Knapsack previous efficiency: 0.8747367548
SFC + Knapsack ratio: 1.04708725
 Final SFC+Knapsack_Combined time: 6.0082e-05

SFC+Painter previous efficiency: 0.817629298
SFC+painterPartition efficiency: 0.9153978854
SFC+Painter ratio: 1.11957569
 Final SFC+Painter time: 0.000103132

Painter+Knapsack previous efficiency: 0.8746397123
Painter+Knapsack ratio: 1.047203426
 Final painter+Knapsack_Combined time: 0.000110666
Run 16
File weights 51 and ranks 51
Original previous efficiency: 0.9008374744
Original efficiency: 0.9949094235
Original ratio: 1.104427216
Knapsack previous efficiency: 0.9131101338
Knapsack ratio: 1.093318976
 Final Knapsack time: 4.2579e-05

Karmarkar-Karp previous efficiency: 0.9129120357
Karmarkar-Karp ratio: 1.094085217
 Final Karmarkar-Karp time: 0.001119706

SFC previous efficiency: 0.760786608
 Time take to run this function: 3.21e-07
SFC ratio: 1.151312374
 Final SFC time: 4.2379e-05

SFC+Knapsack previous efficiency: 0.8513504263
SFC + Knapsack ratio: 1.072119063
 Final SFC+Knapsack_Combined time: 5.8619e-05

SFC+Painter previous efficiency: 0.760786608
SFC+painterPartition efficiency: 0.9122605637
SFC+Painter ratio: 1.199101764
 Final SFC+Painter time: 0.000103223

Painter+Knapsack previous efficiency: 0.8512431717
Painter+Knapsack ratio: 1.07225373
 Final painter+Knapsack_Combined time: 0.000110636
Run 17
File weights 51 and ranks 51
Original previous efficiency: 0.8985345994
Original efficiency: 0.9878988583
Original ratio: 1.099455557
Knapsack previous efficiency: 0.9043206528
Knapsack ratio: 1.10406276
 Final Knapsack time: 4.3461e-05

Karmarkar-Karp previous efficiency: 0.9116833378
Karmarkar-Karp ratio: 1.095806213
 Final Karmarkar-Karp time: 0.001047571

SFC previous efficiency: 0.7554187842
 Time take to run this function: 3.31e-07
SFC ratio: 1.158570228
 Final SFC time: 4.3802e-05

SFC+Knapsack previous efficiency: 0.8513976809
SFC + Knapsack ratio: 1.071227851
 Final SFC+Knapsack_Combined time: 5.8619e-05

SFC+Painter previous efficiency: 0.7554187842
SFC+painterPartition efficiency: 0.9115133999
SFC+Painter ratio: 1.20663322
 Final SFC+Painter time: 0.000101308

Painter+Knapsack previous efficiency: 0.8512896479
Painter+Knapsack ratio: 1.071363796
 Final painter+Knapsack_Combined time: 0.000110025
Run 18
File weights 51 and ranks 51
Original previous efficiency: 0.8963342356
Original efficiency: 0.9814900597
Original ratio: 1.095004543
Knapsack previous efficiency: 0.9030278005
Knapsack ratio: 1.105621313
 Final Knapsack time: 4.3522e-05

Karmarkar-Karp previous efficiency: 0.912851662
Karmarkar-Karp ratio: 1.094285811
 Final Karmarkar-Karp time: 0.001076015

SFC previous efficiency: 0.7573918324
 Time take to run this function: 3.51e-07
SFC ratio: 1.202883632
 Final SFC time: 4.2048e-05

SFC+Knapsack previous efficiency: 0.8525184412
SFC + Knapsack ratio: 1.069328408
 Final SFC+Knapsack_Combined time: 6.0362e-05

SFC+Painter previous efficiency: 0.9110725191
SFC+painterPartition efficiency: 0.9110725191
SFC+Painter ratio: 1
 Final SFC+Painter time: 9.5809e-05

Painter+Knapsack previous efficiency: 0.8524105055
Painter+Knapsack ratio: 1.069463228
 Final painter+Knapsack_Combined time: 0.000103833
Run 19
File weights 51 and ranks 51
Original previous efficiency: 0.9202087583
Original efficiency: 0.9712315713
Original ratio: 1.055446998
Knapsack previous efficiency: 0.8964724228
Knapsack ratio: 1.113818876
 Final Knapsack time: 4.3351e-05

Karmarkar-Karp previous efficiency: 0.9263157527
Karmarkar-Karp ratio: 1.077770596
 Final Karmarkar-Karp time: 0.001072007

SFC previous efficiency: 0.9106646393
 Time take to run this function: 3.5e-07
SFC ratio: 1
 Final SFC time: 4.2579e-05

SFC+Knapsack previous efficiency: 0.8734611636
SFC + Knapsack ratio: 1.040117139
 Final SFC+Knapsack_Combined time: 5.8509e-05

SFC+Painter previous efficiency: 0.9106686055
SFC+painterPartition efficiency: 0.9106781668
SFC+Painter ratio: 1.000010499
 Final SFC+Painter time: 9.4286e-05

Painter+Knapsack previous efficiency: 0.8554319451
Painter+Knapsack ratio: 1.065128393
 Final painter+Knapsack_Combined time: 0.000104965
Run 20
File weights 51 and ranks 51
Original previous efficiency: 0.9327394454
Original efficiency: 0.9534593091
Original ratio: 1.022213989
Knapsack previous efficiency: 0.884742193
Knapsack ratio: 1.128743236
 Final Knapsack time: 4.3511e-05

Karmarkar-Karp previous efficiency: 0.9230811885
Karmarkar-Karp ratio: 1.082143611
 Final Karmarkar-Karp time: 0.001077227

SFC previous efficiency: 0.9103763685
 Time take to run this function: 3.6e-07
SFC ratio: 0.9999650053
 Final SFC time: 4.1918e-05

SFC+Knapsack previous efficiency: 0.852923631
SFC + Knapsack ratio: 1.067952856
 Final SFC+Knapsack_Combined time: 5.8749e-05

SFC+Painter previous efficiency: 0.9103810414
SFC+painterPartition efficiency: 0.910390316
SFC+Painter ratio: 1.000010188
 Final SFC+Painter time: 9.8203e-05

Painter+Knapsack previous efficiency: 0.8550647999
Painter+Knapsack ratio: 1.065279672
 Final painter+Knapsack_Combined time: 0.00010735
Run 21
File weights 51 and ranks 51
Original previous efficiency: 0.9269891775
Original efficiency: 0.9448436269
Original ratio: 1.019260688
Knapsack previous efficiency: 0.8805025207
Knapsack ratio: 1.134750236
 Final Knapsack time: 4.3491e-05

Karmarkar-Karp previous efficiency: 0.9120030631
Karmarkar-Karp ratio: 1.094801238
 Final Karmarkar-Karp time: 0.001133532

SFC previous efficiency: 0.9083520625
 Time take to run this function: 3.61e-07
SFC ratio: 1.001172362
 Final SFC time: 4.4944e-05

SFC+Knapsack previous efficiency: 0.8381635192
SFC + Knapsack ratio: 1.085688703
 Final SFC+Knapsack_Combined time: 6.0273e-05

SFC+Painter previous efficiency: 0.9094584246
SFC+painterPartition efficiency: 0.9094672658
SFC+Painter ratio: 1.000009721
 Final SFC+Painter time: 0.000103332

Painter+Knapsack previous efficiency: 0.8552821519
Painter+Knapsack ratio: 1.06395844
 Final painter+Knapsack_Combined time: 0.00011288
Run 22
File weights 51 and ranks 51
Original previous efficiency: 0.9186645281
Original efficiency: 0.9400311331
Original ratio: 1.023258332
Knapsack previous efficiency: 0.8835541258
Knapsack ratio: 1.130123229
 Final Knapsack time: 4.3862e-05

Karmarkar-Karp previous efficiency: 0.9055006566
Karmarkar-Karp ratio: 1.102736989
 Final Karmarkar-Karp time: 0.001062038

SFC previous efficiency: 0.9016044434
 Time take to run this function: 3.21e-07
SFC ratio: 1.00783554
 Final SFC time: 4.275e-05

SFC+Knapsack previous efficiency: 0.8271948251
SFC + Knapsack ratio: 1.099223181
 Final SFC+Knapsack_Combined time: 5.8719e-05

SFC+Painter previous efficiency: 0.9087229197
SFC+painterPartition efficiency: 0.9087369124
SFC+Painter ratio: 1.000015398
 Final SFC+Painter time: 9.9124e-05

Painter+Knapsack previous efficiency: 0.8532625429
Painter+Knapsack ratio: 1.065641208
 Final painter+Knapsack_Combined time: 0.000173834
Run 23
File weights 51 and ranks 51
Original previous efficiency: 0.9223946171
Original efficiency: 0.9406531118
Original ratio: 1.019794667
Knapsack previous efficiency: 0.8931230258
Knapsack ratio: 1.117942145
 Final Knapsack time: 4.3542e-05

Karmarkar-Karp previous efficiency: 0.8985448003
Karmarkar-Karp ratio: 1.111857944
 Final Karmarkar-Karp time: 0.001073661

SFC previous efficiency: 0.9017344958
 Time take to run this function: 3.4e-07
SFC ratio: 1.007312001
 Final SFC time: 4.3e-05

SFC+Knapsack previous efficiency: 0.8250005636
SFC + Knapsack ratio: 1.101758373
 Final SFC+Knapsack_Combined time: 5.8509e-05

SFC+Painter previous efficiency: 0.9083724122
SFC+painterPartition efficiency: 0.9084795201
SFC+Painter ratio: 1.000117912
 Final SFC+Painter time: 0.000109284

Painter+Knapsack previous efficiency: 0.854598822
Painter+Knapsack ratio: 1.063599967
 Final painter+Knapsack_Combined time: 0.000113211
Run 24
File weights 51 and ranks 51
Original previous efficiency: 0.9239784728
Original efficiency: 0.9217951592
Original ratio: 0.9976370514
Knapsack previous efficiency: 0.880326935
Knapsack ratio: 1.134303402
 Final Knapsack time: 4.3912e-05

Karmarkar-Karp previous efficiency: 0.8835675343
Karmarkar-Karp ratio: 1.129948046
 Final Karmarkar-Karp time: 0.001071837

SFC previous efficiency: 0.8910695608
 Time take to run this function: 3.71e-07
SFC ratio: 1.018982614
 Final SFC time: 4.3361e-05

SFC+Knapsack previous efficiency: 0.8059956414
SFC + Knapsack ratio: 1.137270243
 Final SFC+Knapsack_Combined time: 5.883e-05

SFC+Painter previous efficiency: 0.9080313486
SFC+painterPartition efficiency: 0.9081485173
SFC+Painter ratio: 1.000129036
 Final SFC+Painter time: 0.000100187

Painter+Knapsack previous efficiency: 0.8525047503
Painter+Knapsack ratio: 1.075225515
 Final painter+Knapsack_Combined time: 0.000108923
Run 25
File weights 51 and ranks 51
Original previous efficiency: 0.9216547024
Original efficiency: 0.9123867164
Original ratio: 0.9899441884
Knapsack previous efficiency: 0.8795411146
Knapsack ratio: 1.13495074
 Final Knapsack time: 4.4402e-05

Karmarkar-Karp previous efficiency: 0.88010995
Karmarkar-Karp ratio: 1.134737634
 Final Karmarkar-Karp time: 0.001088047

SFC previous efficiency: 0.8736006049
 Time take to run this function: 3.11e-07
SFC ratio: 1.039087007
 Final SFC time: 4.2229e-05

SFC+Knapsack previous efficiency: 0.7914108512
SFC + Knapsack ratio: 1.158974851
 Final SFC+Knapsack_Combined time: 6.987e-05

SFC+Painter previous efficiency: 0.9077946188
SFC+painterPartition efficiency: 0.9079139462
SFC+Painter ratio: 1.000131448
 Final SFC+Painter time: 9.9776e-05

Painter+Knapsack previous efficiency: 0.851210592
Painter+Knapsack ratio: 1.077553877
 Final painter+Knapsack_Combined time: 0.000108051
Run 26
File weights 51 and ranks 51
Original previous efficiency: 0.920117163
Original efficiency: 0.914794111
Original ratio: 0.9942148106
Knapsack previous efficiency: 0.8820813117
Knapsack ratio: 1.131962435
 Final Knapsack time: 4.4122e-05

Karmarkar-Karp previous efficiency: 0.876424105
Karmarkar-Karp ratio: 1.139385215
 Final Karmarkar-Karp time: 0.00103061

SFC previous efficiency: 0.872680975
 Time take to run this function: 3.2e-07
SFC ratio: 1.039934112
 Final SFC time: 4.2259e-05

SFC+Knapsack previous efficiency: 0.7878882767
SFC + Knapsack ratio: 1.166776359
 Final SFC+Knapsack_Combined time: 5.7727e-05

SFC+Painter previous efficiency: 0.9075751791
SFC+painterPartition efficiency: 0.9076833244
SFC+Painter ratio: 1.000119158
 Final SFC+Painter time: 9.2292e-05

Painter+Knapsack previous efficiency: 0.851850526
Painter+Knapsack ratio: 1.079167515
 Final painter+Knapsack_Combined time: 0.000102521
Run 27
File weights 51 and ranks 51
Original previous efficiency: 0.9276434865
Original efficiency: 0.910023144
Original ratio: 0.9810052647
Knapsack previous efficiency: 0.8858989102
Knapsack ratio: 1.127314105
 Final Knapsack time: 4.4373e-05

Karmarkar-Karp previous efficiency: 0.870093698
Karmarkar-Karp ratio: 1.147531481
 Final Karmarkar-Karp time: 0.001079952

SFC previous efficiency: 0.8776519232
 Time take to run this function: 3.4e-07
SFC ratio: 1.018142577
 Final SFC time: 4.2249e-05

SFC+Knapsack previous efficiency: 0.7931141572
SFC + Knapsack ratio: 1.157861934
 Final SFC+Knapsack_Combined time: 5.882e-05

SFC+Painter previous efficiency: 0.8953665152
SFC+painterPartition efficiency: 0.907971586
SFC+Painter ratio: 1.014078113
 Final SFC+Painter time: 9.5839e-05

Painter+Knapsack previous efficiency: 0.856471047
Painter+Knapsack ratio: 1.072209849
 Final painter+Knapsack_Combined time: 0.000104896
Run 28
File weights 51 and ranks 51
Original previous efficiency: 0.9204838039
Original efficiency: 0.9987962625
Original ratio: 1.085077498
Knapsack previous efficiency: 0.884684467
Knapsack ratio: 1.129154035
 Final Knapsack time: 4.4283e-05

Karmarkar-Karp previous efficiency: 0.8709651861
Karmarkar-Karp ratio: 1.146812221
 Final Karmarkar-Karp time: 0.001016815

SFC previous efficiency: 0.8494968195
 Time take to run this function: 3.41e-07
SFC ratio: 1.058124129
 Final SFC time: 4.1928e-05

SFC+Knapsack previous efficiency: 0.7962189407
SFC + Knapsack ratio: 1.154268968
 Final SFC+Knapsack_Combined time: 5.8499e-05

SFC+Painter previous efficiency: 0.8988730824
SFC+painterPartition efficiency: 0.9076923963
SFC+Painter ratio: 1.009811523
 Final SFC+Painter time: 9.5467e-05

Painter+Knapsack previous efficiency: 0.8545413754
Painter+Knapsack ratio: 1.07549013
 Final painter+Knapsack_Combined time: 0.000103863
Run 29
File weights 51 and ranks 51
Original previous efficiency: 0.9128845461
Original efficiency: 0.9878125073
Original ratio: 1.082078245
Knapsack previous efficiency: 0.883462041
Knapsack ratio: 1.130293961
 Final Knapsack time: 4.4263e-05

Karmarkar-Karp previous efficiency: 0.8697666171
Karmarkar-Karp ratio: 1.147980392
 Final Karmarkar-Karp time: 0.001037764

SFC previous efficiency: 0.825159662
 Time take to run this function: 3.51e-07
SFC ratio: 1.098550465
 Final SFC time: 4.246e-05

SFC+Knapsack previous efficiency: 0.8057947139
SFC + Knapsack ratio: 1.142301065
 Final SFC+Knapsack_Combined time: 5.7918e-05

SFC+Painter previous efficiency: 0.9065031469
SFC+painterPartition efficiency: 0.9074013503
SFC+Painter ratio: 1.000990844
 Final SFC+Painter time: 9.2252e-05

Painter+Knapsack previous efficiency: 0.8531290387
Painter+Knapsack ratio: 1.078889495
 Final painter+Knapsack_Combined time: 0.000102812
Run 30
File weights 51 and ranks 51
Original previous efficiency: 0.9028248806
Original efficiency: 0.9783063425
Original ratio: 1.083605873
Knapsack previous efficiency: 0.8797590095
Knapsack ratio: 1.13540496
 Final Knapsack time: 4.3441e-05

Karmarkar-Karp previous efficiency: 0.8776143228
Karmarkar-Karp ratio: 1.137983561
 Final Karmarkar-Karp time: 0.001059263

SFC previous efficiency: 0.8087613815
 Time take to run this function: 3.21e-07
SFC ratio: 1.120513177
 Final SFC time: 4.2549e-05

SFC+Knapsack previous efficiency: 0.8038592563
SFC + Knapsack ratio: 1.144861795
 Final SFC+Knapsack_Combined time: 5.8339e-05

SFC+Painter previous efficiency: 0.9062446289
SFC+painterPartition efficiency: 0.9071862156
SFC+Painter ratio: 1.001038998
 Final SFC+Painter time: 0.00010783

Painter+Knapsack previous efficiency: 0.8542544393
Painter+Knapsack ratio: 1.074013842
 Final painter+Knapsack_Combined time: 0.000115475
Run 31
File weights 51 and ranks 51
Original previous efficiency: 0.8955415417
Original efficiency: 0.9738207827
Original ratio: 1.08740995
Knapsack previous efficiency: 0.8729327983
Knapsack ratio: 1.14421239
 Final Knapsack time: 4.3941e-05

Karmarkar-Karp previous efficiency: 0.8759546166
Karmarkar-Karp ratio: 1.140471397
 Final Karmarkar-Karp time: 0.001058221

SFC previous efficiency: 0.7980082821
 Time take to run this function: 3.4e-07
SFC ratio: 1.135428228
 Final SFC time: 4.2789e-05

SFC+Knapsack previous efficiency: 0.7982804491
SFC + Knapsack ratio: 1.153194608
 Final SFC+Knapsack_Combined time: 5.8088e-05

SFC+Painter previous efficiency: 0.9060971247
SFC+painterPartition efficiency: 0.9071035158
SFC+Painter ratio: 1.001110688
 Final SFC+Painter time: 0.000100798

Painter+Knapsack previous efficiency: 0.8565122426
Painter+Knapsack ratio: 1.066724357
 Final painter+Knapsack_Combined time: 0.000110325
Run 32
File weights 51 and ranks 51
Original previous efficiency: 0.8881022405
Original efficiency: 0.9519849974
Original ratio: 1.07193176
Knapsack previous efficiency: 0.8623627586
Knapsack ratio: 1.158386014
 Final Knapsack time: 4.4693e-05

Karmarkar-Karp previous efficiency: 0.8722943335
Karmarkar-Karp ratio: 1.14456004
 Final Karmarkar-Karp time: 0.001091974

SFC previous efficiency: 0.760916217
 Time take to run this function: 3.5e-07
SFC ratio: 1.190544312
 Final SFC time: 4.2238e-05

SFC+Knapsack previous efficiency: 0.8098152579
SFC + Knapsack ratio: 1.120502397
 Final SFC+Knapsack_Combined time: 5.7848e-05

SFC+Painter previous efficiency: 0.9059166625
SFC+painterPartition efficiency: 0.9069580258
SFC+Painter ratio: 1.001149513
 Final SFC+Painter time: 0.000103764

Painter+Knapsack previous efficiency: 0.8581020975
Painter+Knapsack ratio: 1.073881937
 Final painter+Knapsack_Combined time: 0.000114694
Run 33
File weights 51 and ranks 51
Original previous efficiency: 0.8782150013
Original efficiency: 0.943857244
Original ratio: 1.074745071
Knapsack previous efficiency: 0.8656697027
Knapsack ratio: 1.153313203
 Final Knapsack time: 4.3251e-05

Karmarkar-Karp previous efficiency: 0.8711213422
Karmarkar-Karp ratio: 1.146600664
 Final Karmarkar-Karp time: 0.00111077

SFC previous efficiency: 0.7449341328
 Time take to run this function: 3.51e-07
SFC ratio: 1.211737987
 Final SFC time: 4.289e-05

SFC+Knapsack previous efficiency: 0.8071141825
SFC + Knapsack ratio: 1.124736272
 Final SFC+Knapsack_Combined time: 6.0923e-05

SFC+Painter previous efficiency: 0.9026649869
SFC+painterPartition efficiency: 0.9066096985
SFC+Painter ratio: 1.004370073
 Final SFC+Painter time: 9.5058e-05

Painter+Knapsack previous efficiency: 0.8502232746
Painter+Knapsack ratio: 1.083380714
 Final painter+Knapsack_Combined time: 0.000105297
Run 34
File weights 51 and ranks 51
Original previous efficiency: 0.8688619304
Original efficiency: 0.9295543323
Original ratio: 1.069852758
Knapsack previous efficiency: 0.8645530899
Knapsack ratio: 1.155229254
 Final Knapsack time: 4.4393e-05

Karmarkar-Karp previous efficiency: 0.8667671419
Karmarkar-Karp ratio: 1.152501752
 Final Karmarkar-Karp time: 0.001313167

SFC previous efficiency: 0.891972015
 Time take to run this function: 4.21e-07
SFC ratio: 0.9888162961
 Final SFC time: 4.7398e-05

SFC+Knapsack previous efficiency: 0.8019412681
SFC + Knapsack ratio: 1.133340265
 Final SFC+Knapsack_Combined time: 6.1505e-05

SFC+Painter previous efficiency: 0.891972015
SFC+painterPartition efficiency: 0.907582006
SFC+Painter ratio: 1.017500539
 Final SFC+Painter time: 9.5137e-05

Painter+Knapsack previous efficiency: 0.8414960903
Painter+Knapsack ratio: 1.080067204
 Final painter+Knapsack_Combined time: 0.000106338
Run 35
File weights 51 and ranks 51
Original previous efficiency: 0.8558138772
Original efficiency: 0.9254425948
Original ratio: 1.08135965
Knapsack previous efficiency: 0.8589960704
Knapsack ratio: 1.162199065
 Final Knapsack time: 4.5555e-05

Karmarkar-Karp previous efficiency: 0.858219406
Karmarkar-Karp ratio: 1.163174767
 Final Karmarkar-Karp time: 0.001111411

SFC previous efficiency: 0.8832193706
 Time take to run this function: 3.21e-07
SFC ratio: 1.002319297
 Final SFC time: 4.277e-05

SFC+Knapsack previous efficiency: 0.7978476214
SFC + Knapsack ratio: 1.141906239
 Final SFC+Knapsack_Combined time: 5.9851e-05

SFC+Painter previous efficiency: 0.8832193706
SFC+painterPartition efficiency: 0.9098332562
SFC+Painter ratio: 1.030132815
 Final SFC+Painter time: 0.00018804

Painter+Knapsack previous efficiency: 0.8293718924
Painter+Knapsack ratio: 1.098502595
 Final painter+Knapsack_Combined time: 0.000105106
Run 36
File weights 51 and ranks 51
Original previous efficiency: 0.8458159569
Original efficiency: 0.9149077359
Original ratio: 1.08168654
Knapsack previous efficiency: 0.8576167252
Knapsack ratio: 1.165076594
 Final Knapsack time: 4.4012e-05

Karmarkar-Karp previous efficiency: 0.8504504447
Karmarkar-Karp ratio: 1.174129553
 Final Karmarkar-Karp time: 0.001163598

SFC previous efficiency: 0.864210595
 Time take to run this function: 3.5e-07
SFC ratio: 1
 Final SFC time: 4.3551e-05

SFC+Knapsack previous efficiency: 0.7883200304
SFC + Knapsack ratio: 1.149652473
 Final SFC+Knapsack_Combined time: 5.9661e-05

SFC+Painter previous efficiency: 0.876936847
SFC+painterPartition efficiency: 0.9119904363
SFC+Painter ratio: 1.039972764
 Final SFC+Painter time: 9.4747e-05

Painter+Knapsack previous efficiency: 0.8169701982
Painter+Knapsack ratio: 1.094233518
 Final painter+Knapsack_Combined time: 0.000105346
Run 37
File weights 51 and ranks 51
Original previous efficiency: 0.8392845655
Original efficiency: 0.9986926924
Original ratio: 1.189933347
Knapsack previous efficiency: 0.8572810287
Knapsack ratio: 1.164853707
 Final Knapsack time: 4.785e-05

Karmarkar-Karp previous efficiency: 0.8368650801
Karmarkar-Karp ratio: 1.193493157
 Final Karmarkar-Karp time: 0.00111092

SFC previous efficiency: 0.8475063428
 Time take to run this function: 3.61e-07
SFC ratio: 1.039992049
 Final SFC time: 4.306e-05

SFC+Knapsack previous efficiency: 0.7829548323
SFC + Knapsack ratio: 1.152052447
 Final SFC+Knapsack_Combined time: 6.3819e-05

SFC+Painter previous efficiency: 0.8721728927
SFC+painterPartition efficiency: 0.9180230035
SFC+Painter ratio: 1.052569979
 Final SFC+Painter time: 9.3334e-05

Painter+Knapsack previous efficiency: 0.8085267634
Painter+Knapsack ratio: 1.106629971
 Final painter+Knapsack_Combined time: 0.000104555
Run 38
File weights 51 and ranks 51
Original previous efficiency: 0.8411521903
Original efficiency: 0.9818583223
Original ratio: 1.167277853
Knapsack previous efficiency: 0.8591307072
Knapsack ratio: 1.162513165
 Final Knapsack time: 4.5745e-05

Karmarkar-Karp previous efficiency: 0.8255952181
Karmarkar-Karp ratio: 1.210026456
 Final Karmarkar-Karp time: 0.00111672

SFC previous efficiency: 0.8400870184
 Time take to run this function: 3.51e-07
SFC ratio: 1.042240187
 Final SFC time: 4.3622e-05

SFC+Knapsack previous efficiency: 0.7832834148
SFC + Knapsack ratio: 1.153440775
 Final SFC+Knapsack_Combined time: 5.9721e-05

SFC+Painter previous efficiency: 0.8754998707
SFC+painterPartition efficiency: 0.9179977875
SFC+Painter ratio: 1.048541317
 Final SFC+Painter time: 9.4296e-05

Painter+Knapsack previous efficiency: 0.8055521462
Painter+Knapsack ratio: 1.109744809
 Final painter+Knapsack_Combined time: 0.000104665
Run 39
File weights 51 and ranks 51
Original previous efficiency: 0.8434841344
Original efficiency: 0.9691744312
Original ratio: 1.149013232
Knapsack previous efficiency: 0.8507477117
Knapsack ratio: 1.173781306
 Final Knapsack time: 4.4563e-05

Karmarkar-Karp previous efficiency: 0.9819304098
Karmarkar-Karp ratio: 1.017579624
 Final Karmarkar-Karp time: 0.001097635

SFC previous efficiency: 0.8151158611
 Time take to run this function: 3.21e-07
SFC ratio: 1.068315189
 Final SFC time: 4.2479e-05

SFC+Knapsack previous efficiency: 0.7827524338
SFC + Knapsack ratio: 1.154442467
 Final SFC+Knapsack_Combined time: 5.7908e-05

SFC+Painter previous efficiency: 0.8708033312
SFC+painterPartition efficiency: 0.9185830389
SFC+Painter ratio: 1.05486854
 Final SFC+Painter time: 0.000111268

Painter+Knapsack previous efficiency: 0.8019178528
Painter+Knapsack ratio: 1.112373288
 Final painter+Knapsack_Combined time: 0.000125363
Run 40
File weights 51 and ranks 51
Original previous efficiency: 0.8446086397
Original efficiency: 0.9458725383
Original ratio: 1.119894462
Knapsack previous efficiency: 0.8552393293
Knapsack ratio: 1.167263778
 Final Knapsack time: 4.4293e-05

Karmarkar-Karp previous efficiency: 0.9693659608
Karmarkar-Karp ratio: 1.02988856
 Final Karmarkar-Karp time: 0.001159741

SFC previous efficiency: 0.8041947999
 Time take to run this function: 3.11e-07
SFC ratio: 1.123193646
 Final SFC time: 4.256e-05

SFC+Knapsack previous efficiency: 0.779565563
SFC + Knapsack ratio: 1.160568258
 Final SFC+Knapsack_Combined time: 5.8489e-05

SFC+Painter previous efficiency: 0.8665437542
SFC+painterPartition efficiency: 0.9175855545
SFC+Painter ratio: 1.058902739
 Final SFC+Painter time: 0.000107931

Painter+Knapsack previous efficiency: 0.7960604993
Painter+Knapsack ratio: 1.12415004
 Final painter+Knapsack_Combined time: 0.000119203
Run 41
File weights 51 and ranks 51
Original previous efficiency: 0.8505136325
Original efficiency: 0.9277271583
Original ratio: 1.090784583
Knapsack previous efficiency: 0.8525441228
Knapsack ratio: 1.171353888
 Final Knapsack time: 4.5364e-05

Karmarkar-Karp previous efficiency: 0.962107096
Karmarkar-Karp ratio: 1.038269428
 Final Karmarkar-Karp time: 0.001088077

SFC previous efficiency: 0.8012511803
 Time take to run this function: 3.4e-07
SFC ratio: 1.126815381
 Final SFC time: 4.2449e-05

SFC+Knapsack previous efficiency: 0.7766509069
SFC + Knapsack ratio: 1.165044049
 Final SFC+Knapsack_Combined time: 5.8509e-05

SFC+Painter previous efficiency: 0.8615398028
SFC+painterPartition efficiency: 0.9141026865
SFC+Painter ratio: 1.061010395
 Final SFC+Painter time: 0.000106458

Painter+Knapsack previous efficiency: 0.7910009932
Painter+Knapsack ratio: 1.130270791
 Final painter+Knapsack_Combined time: 0.000115716
Run 42
File weights 51 and ranks 51
Original previous efficiency: 0.8617100507
Original efficiency: 0.9211920556
Original ratio: 1.069027865
Knapsack previous efficiency: 0.8468418985
Knapsack ratio: 1.179175836
 Final Knapsack time: 4.4513e-05

Karmarkar-Karp previous efficiency: 0.9472684567
Karmarkar-Karp ratio: 1.054056082
 Final Karmarkar-Karp time: 0.001146446

SFC previous efficiency: 0.7993843393
 Time take to run this function: 3.21e-07
SFC ratio: 1.084540247
 Final SFC time: 4.3211e-05

SFC+Knapsack previous efficiency: 0.7793611763
SFC + Knapsack ratio: 1.161405214
 Final SFC+Knapsack_Combined time: 5.8529e-05

SFC+Painter previous efficiency: 0.8570463317
SFC+painterPartition efficiency: 0.90381015
SFC+Painter ratio: 1.054563933
 Final SFC+Painter time: 0.000106729

Painter+Knapsack previous efficiency: 0.7905271864
Painter+Knapsack ratio: 1.131228062
 Final painter+Knapsack_Combined time: 0.000115314
Run 43
File weights 51 and ranks 51
Original previous efficiency: 0.8803695055
Original efficiency: 0.9163612726
Original ratio: 1.040882569
Knapsack previous efficiency: 0.841801476
Knapsack ratio: 1.185692829
 Final Knapsack time: 4.4904e-05

Karmarkar-Karp previous efficiency: 0.9292283847
Karmarkar-Karp ratio: 1.075062842
 Final Karmarkar-Karp time: 0.001165912

SFC previous efficiency: 0.80834921
 Time take to run this function: 3.5e-07
SFC ratio: 1.099995693
 Final SFC time: 4.3411e-05

SFC+Knapsack previous efficiency: 0.7980267372
SFC + Knapsack ratio: 1.134921823
 Final SFC+Knapsack_Combined time: 5.914e-05

SFC+Painter previous efficiency: 0.8561014085
SFC+painterPartition efficiency: 0.9029441179
SFC+Painter ratio: 1.054716309
 Final SFC+Painter time: 9.5278e-05

Painter+Knapsack previous efficiency: 0.7981941779
Painter+Knapsack ratio: 1.119872739
 Final painter+Knapsack_Combined time: 0.000103633
Run 44
File weights 51 and ranks 51
Original previous efficiency: 0.8818121887
Original efficiency: 0.9097825205
Original ratio: 1.031719149
Knapsack previous efficiency: 0.8397111538
Knapsack ratio: 1.189426128
 Final Knapsack time: 4.4904e-05

Karmarkar-Karp previous efficiency: 0.9154279871
Karmarkar-Karp ratio: 1.090930682
 Final Karmarkar-Karp time: 0.001081575

SFC previous efficiency: 0.8211974864
 Time take to run this function: 3.11e-07
SFC ratio: 1.086124179
 Final SFC time: 4.294e-05

SFC+Knapsack previous efficiency: 0.8226142767
SFC + Knapsack ratio: 1.10821466
 Final SFC+Knapsack_Combined time: 5.8769e-05

SFC+Painter previous efficiency: 0.8577926147
SFC+painterPartition efficiency: 0.908908031
SFC+Painter ratio: 1.059589481
 Final SFC+Painter time: 0.000118441

Painter+Knapsack previous efficiency: 0.8151624348
Painter+Knapsack ratio: 1.092395762
 Final painter+Knapsack_Combined time: 0.000142475
Run 45
File weights 51 and ranks 51
Original previous efficiency: 0.8845326484
Original efficiency: 0.9985826863
Original ratio: 1.128938189
Knapsack previous efficiency: 0.8442749337
Knapsack ratio: 1.182854613
 Final Knapsack time: 4.7078e-05

Karmarkar-Karp previous efficiency: 0.9086824418
Karmarkar-Karp ratio: 1.098989175
 Final Karmarkar-Karp time: 0.001590894

SFC previous efficiency: 0.8249702178
 Time take to run this function: 5.91e-07
SFC ratio: 1.089135549
 Final SFC time: 4.6367e-05

SFC+Knapsack previous efficiency: 0.833305688
SFC + Knapsack ratio: 1.083016874
 Final SFC+Knapsack_Combined time: 8.8945e-05

SFC+Painter previous efficiency: 0.8600507711
SFC+painterPartition efficiency: 0.9093272507
SFC+Painter ratio: 1.05729485
 Final SFC+Painter time: 0.000163725

Painter+Knapsack previous efficiency: 0.8207990757
Painter+Knapsack ratio: 1.081044956
 Final painter+Knapsack_Combined time: 0.000154918
Run 46
File weights 51 and ranks 51
Original previous efficiency: 0.8854229646
Original efficiency: 0.9902013701
Original ratio: 1.118337122
Knapsack previous efficiency: 0.8529831725
Knapsack ratio: 1.171040874
 Final Knapsack time: 4.6247e-05

Karmarkar-Karp previous efficiency: 0.9143049553
Karmarkar-Karp ratio: 1.091866795
 Final Karmarkar-Karp time: 0.001632551

SFC previous efficiency: 0.8298377476
 Time take to run this function: 4.51e-07
SFC ratio: 1.030458525
 Final SFC time: 4.828e-05

SFC+Knapsack previous efficiency: 0.8358369447
SFC + Knapsack ratio: 1.135467675
 Final SFC+Knapsack_Combined time: 6.464e-05

SFC+Painter previous efficiency: 0.8580135713
SFC+painterPartition efficiency: 0.9097282933
SFC+Painter ratio: 1.060272616
 Final SFC+Painter time: 9.9105e-05

Painter+Knapsack previous efficiency: 0.8258788792
Painter+Knapsack ratio: 1.071941734
 Final painter+Knapsack_Combined time: 0.000110867
Run 47
File weights 51 and ranks 51
Original previous efficiency: 0.8882671867
Original efficiency: 0.9692987045
Original ratio: 1.091224261
Knapsack previous efficiency: 0.8583153593
Knapsack ratio: 1.163499412
 Final Knapsack time: 4.4683e-05

Karmarkar-Karp previous efficiency: 0.9266439256
Karmarkar-Karp ratio: 1.077996613
 Final Karmarkar-Karp time: 0.00146561

SFC previous efficiency: 0.8470864881
 Time take to run this function: 3.71e-07
SFC ratio: 1.083781204
 Final SFC time: 4.6146e-05

SFC+Knapsack previous efficiency: 0.8358042674
SFC + Knapsack ratio: 1.146276786
 Final SFC+Knapsack_Combined time: 6.3268e-05

SFC+Painter previous efficiency: 0.8540783222
SFC+painterPartition efficiency: 0.9238622198
SFC+Painter ratio: 1.081706672
 Final SFC+Painter time: 0.000110476

Painter+Knapsack previous efficiency: 0.8373278603
Painter+Knapsack ratio: 1.124547159
 Final painter+Knapsack_Combined time: 0.000132797
Run 48
File weights 51 and ranks 51
Original previous efficiency: 0.8773185396
Original efficiency: 0.9620037324
Original ratio: 1.096527303
Knapsack previous efficiency: 0.865097647
Knapsack ratio: 1.154530267
 Final Knapsack time: 4.5855e-05

Karmarkar-Karp previous efficiency: 0.9413956027
Karmarkar-Karp ratio: 1.060998238
 Final Karmarkar-Karp time: 0.001053592

SFC previous efficiency: 0.8394763176
 Time take to run this function: 3.41e-07
SFC ratio: 1.09245956
 Final SFC time: 4.4323e-05

SFC+Knapsack previous efficiency: 0.8306106789
SFC + Knapsack ratio: 1.149571347
 Final SFC+Knapsack_Combined time: 6.0673e-05

SFC+Painter previous efficiency: 0.8498957527
SFC+painterPartition efficiency: 0.9347062684
SFC+Painter ratio: 1.099789316
 Final SFC+Painter time: 9.4466e-05

Painter+Knapsack previous efficiency: 0.8552562822
Painter+Knapsack ratio: 1.095060269
 Final painter+Knapsack_Combined time: 0.000104985
Run 49
File weights 51 and ranks 51
Original previous efficiency: 0.8660818578
Original efficiency: 0.9568144961
Original ratio: 1.104762197
Knapsack previous efficiency: 0.8894483849
Knapsack ratio: 1.12287105
 Final Knapsack time: 4.5094e-05

Karmarkar-Karp previous efficiency: 0.9284573319
Karmarkar-Karp ratio: 1.07633082
 Final Karmarkar-Karp time: 0.00103012

SFC previous efficiency: 0.826624478
 Time take to run this function: 3.11e-07
SFC ratio: 1.107212538
 Final SFC time: 4.3932e-05

SFC+Knapsack previous efficiency: 0.8249716009
SFC + Knapsack ratio: 1.150831741
 Final SFC+Knapsack_Combined time: 5.9822e-05

SFC+Painter previous efficiency: 0.8450376469
SFC+painterPartition efficiency: 0.9303771751
SFC+Painter ratio: 1.100989025
 Final SFC+Painter time: 9.3915e-05

Painter+Knapsack previous efficiency: 0.8693481901
Painter+Knapsack ratio: 1.014961787
 Final painter+Knapsack_Combined time: 0.000106869
Run 50
File weights 51 and ranks 51
Original previous efficiency: 0.8577245469
Original efficiency: 0.949495047
Original ratio: 1.106992974
Knapsack previous efficiency: 0.8949864396
Knapsack ratio: 1.115385178
 Final Knapsack time: 4.4583e-05

Karmarkar-Karp previous efficiency: 0.9143783855
Karmarkar-Karp ratio: 1.091707323
 Final Karmarkar-Karp time: 0.001104749

SFC previous efficiency: 0.8150070306
 Time take to run this function: 3.3e-07
SFC ratio: 1.121826034
 Final SFC time: 4.3701e-05

SFC+Knapsack previous efficiency: 0.8214959399
SFC + Knapsack ratio: 1.149780802
 Final SFC+Knapsack_Combined time: 5.9872e-05

SFC+Painter previous efficiency: 0.8400865561
SFC+painterPartition efficiency: 0.9280148342
SFC+Painter ratio: 1.104665736
 Final SFC+Painter time: 9.2672e-05

Painter+Knapsack previous efficiency: 0.8629843966
Painter+Knapsack ratio: 1.018999343
 Final painter+Knapsack_Combined time: 0.000104625


TinyProfiler total time across processes [min...avg...max]: 0.1547 ... 0.1547 ... 0.1547

-------------------------------------------------------------------------------------
Name                                  NCalls  Excl. Min  Excl. Avg  Excl. Max   Max %
-------------------------------------------------------------------------------------
kk()                                      51    0.05788    0.05788    0.05788  37.41%
painterPartition()                       102   0.008928   0.008928   0.008928   5.77%
knapsack()                               663    0.00356    0.00356    0.00356   2.30%
SFCProcessorMapDoIt()                     51   0.001641   0.001641   0.001641   1.06%
SFCProcessorMapDoItCombined()             51   0.001588   0.001588   0.001588   1.03%
SFCProcessorMapDoItCombinedPainter()      51  0.0006245  0.0006245  0.0006245   0.40%
KKDoIt()                                  51  0.0004408  0.0004408  0.0004408   0.28%
Distribute()                             102  0.0003997  0.0003997  0.0003997   0.26%
KnapSackDoIt()                            51  0.0002563  0.0002563  0.0002563   0.17%
knapsack()swap                            35  8.455e-06  8.455e-06  8.455e-06   0.01%
-------------------------------------------------------------------------------------

-------------------------------------------------------------------------------------
Name                                  NCalls  Incl. Min  Incl. Avg  Incl. Max   Max %
-------------------------------------------------------------------------------------
KKDoIt()                                  51    0.05832    0.05832    0.05832  37.69%
kk()                                      51    0.05788    0.05788    0.05788  37.41%
painterPartition()                       102   0.008928   0.008928   0.008928   5.77%
SFCProcessorMapDoItCombinedPainter()      51   0.005447   0.005447   0.005447   3.52%
knapsack()                               663   0.003568   0.003568   0.003568   2.31%
SFCProcessorMapDoItCombined()             51    0.00274    0.00274    0.00274   1.77%
KnapSackDoIt()                            51   0.001908   0.001908   0.001908   1.23%
SFCProcessorMapDoIt()                     51   0.001876   0.001876   0.001876   1.21%
Distribute()                             102  0.0003997  0.0003997  0.0003997   0.26%
knapsack()swap                            35  8.455e-06  8.455e-06  8.455e-06   0.01%
-------------------------------------------------------------------------------------

Pinned Memory Usage:
----------------------------------------------------------------
Name                            Nalloc  Nfree   AvgMem    MaxMem
----------------------------------------------------------------
The_Pinned_Arena::Initialize()       1      1  212 KiB  8192 KiB
----------------------------------------------------------------

AMReX (25.06-22-g1d307c2c661a) finalized
