Initializing AMReX (25.06-22-g1d307c2c661a)...
OMP initialized with 256 OMP threads
AMReX (25.06-22-g1d307c2c661a) initialized
Starting running input_laser_ion running with 2 nodes and 4 ranks per node.
Total steps: 5000, intervals: 100 = 50 runs
Reading precomputed weights and ranks from file: /global/homes/j/jessd/lb_extractor/lb_inputs/imp_20/laser_ion_smaller_4_boxes_8_ranks_20_lb_data.txt
/global/homes/j/jessd/lb_extractor/lb_inputs/imp_20/laser_ion_smaller_4_boxes_8_ranks_20_lb_data.txt
Run 0: Weights size: 48
Run 1: Weights size: 48
Run 2: Weights size: 48
Run 3: Weights size: 48
Run 4: Weights size: 48
Run 5: Weights size: 48
Run 6: Weights size: 48
Run 7: Weights size: 48
Run 8: Weights size: 48
Run 9: Weights size: 48
Run 10: Weights size: 48
Run 11: Weights size: 48
Run 12: Weights size: 48
Run 13: Weights size: 48
Run 14: Weights size: 48
Run 15: Weights size: 48
Run 16: Weights size: 48
Run 17: Weights size: 48
Run 18: Weights size: 48
Run 19: Weights size: 48
Run 20: Weights size: 48
Run 21: Weights size: 48
Run 22: Weights size: 48
Run 23: Weights size: 48
Run 24: Weights size: 48
Run 25: Weights size: 48
Run 26: Weights size: 48
Run 27: Weights size: 48
Run 28: Weights size: 48
Run 29: Weights size: 48
Run 30: Weights size: 48
Run 31: Weights size: 48
Run 32: Weights size: 48
Run 33: Weights size: 48
Run 34: Weights size: 48
Run 35: Weights size: 48
Run 36: Weights size: 48
Run 37: Weights size: 48
Run 38: Weights size: 48
Run 39: Weights size: 48
Run 40: Weights size: 48
Run 41: Weights size: 48
Run 42: Weights size: 48
Run 43: Weights size: 48
Run 44: Weights size: 48
Run 45: Weights size: 48
Run 46: Weights size: 48
Run 47: Weights size: 48
Run 48: Weights size: 48
Run 49: Weights size: 48
Run 50: Weights size: 48
Run 0
File weights 51 and ranks 51
Original efficiency: 0.3186647986
Original ratio: inf
Knapsack ratio: inf
 Final Knapsack time: 3.725e-05

Karmarkar-Karp ratio: inf
 Final Karmarkar-Karp time: 0.000125384

 Time take to run this function: 8.62e-07
SFC ratio: inf
 Final SFC time: 3.4053e-05

SFC + Knapsack ratio: inf
 Final SFC+Knapsack_Combined time: 3.6508e-05

SFC+painterPartition efficiency: 0.8118243548
SFC+Painter ratio: inf
 Final SFC+Painter time: 5.1827e-05

Painter+Knapsack ratio: inf
 Final painter+Knapsack_Combined time: 3.5697e-05
Run 1
File weights 51 and ranks 51
Original previous efficiency: 0.3184924937
Original efficiency: 0.3184924937
Original ratio: 1
Knapsack previous efficiency: 0.9717151628
Knapsack ratio: 1.000471826
 Final Knapsack time: 1.7042e-05

Karmarkar-Karp previous efficiency: 0.971629925
Karmarkar-Karp ratio: 1.000559594
 Final Karmarkar-Karp time: 0.000104094

SFC previous efficiency: 0.7386215348
 Time take to run this function: 4.61e-07
SFC ratio: 1
 Final SFC time: 2.1109e-05

SFC+Knapsack previous efficiency: 0.8511415532
SFC + Knapsack ratio: 1.000798191
 Final SFC+Knapsack_Combined time: 1.9536e-05

SFC+Painter previous efficiency: 0.8114321269
SFC+painterPartition efficiency: 0.8114321269
SFC+Painter ratio: 1
 Final SFC+Painter time: 3.1719e-05

Painter+Knapsack previous efficiency: 0.8511415532
Painter+Knapsack ratio: 1.000798191
 Final painter+Knapsack_Combined time: 2.4425e-05
Run 2
File weights 51 and ranks 51
Original previous efficiency: 0.3178943502
Original efficiency: 0.9735981106
Original ratio: 3.062646788
Knapsack previous efficiency: 0.9703069001
Knapsack ratio: 1.00371656
 Final Knapsack time: 1.3896e-05

Karmarkar-Karp previous efficiency: 0.9706197669
Karmarkar-Karp ratio: 1.003393025
 Final Karmarkar-Karp time: 0.000100036

SFC previous efficiency: 0.7371981607
 Time take to run this function: 4.21e-07
SFC ratio: 1
 Final SFC time: 1.9988e-05

SFC+Knapsack previous efficiency: 0.8544057025
SFC + Knapsack ratio: 1.004350581
 Final SFC+Knapsack_Combined time: 1.8014e-05

SFC+Painter previous efficiency: 0.8096345988
SFC+painterPartition efficiency: 0.8096345988
SFC+Painter ratio: 1
 Final SFC+Painter time: 2.5187e-05

Painter+Knapsack previous efficiency: 0.8544057025
Painter+Knapsack ratio: 1.004350581
 Final painter+Knapsack_Combined time: 2.2862e-05
Run 3
File weights 51 and ranks 51
Original previous efficiency: 0.973195089
Original efficiency: 0.973195089
Original ratio: 1
Knapsack previous efficiency: 0.9677874728
Knapsack ratio: 1.007690639
 Final Knapsack time: 1.3064e-05

Karmarkar-Karp previous efficiency: 0.9719392191
Karmarkar-Karp ratio: 1.003386177
 Final Karmarkar-Karp time: 0.000101038

SFC previous efficiency: 0.7353455493
 Time take to run this function: 5.01e-07
SFC ratio: 1
 Final SFC time: 1.9917e-05

SFC+Knapsack previous efficiency: 0.8586457258
SFC + Knapsack ratio: 1.00810968
 Final SFC+Knapsack_Combined time: 1.7753e-05

SFC+Painter previous efficiency: 0.8073245844
SFC+painterPartition efficiency: 0.8073245844
SFC+Painter ratio: 1
 Final SFC+Painter time: 2.4916e-05

Painter+Knapsack previous efficiency: 0.8586457258
Painter+Knapsack ratio: 1.00810968
 Final painter+Knapsack_Combined time: 2.2452e-05
Run 4
File weights 51 and ranks 51
Original previous efficiency: 0.9731499685
Original efficiency: 0.9731499685
Original ratio: 1
Knapsack previous efficiency: 0.9624808971
Knapsack ratio: 1.013424944
 Final Knapsack time: 1.3065e-05

Karmarkar-Karp previous efficiency: 0.9626204025
Karmarkar-Karp ratio: 1.013278076
 Final Karmarkar-Karp time: 0.000103794

SFC previous efficiency: 0.7324777315
 Time take to run this function: 4.51e-07
SFC ratio: 1
 Final SFC time: 2.0048e-05

SFC+Knapsack previous efficiency: 0.870599051
SFC + Knapsack ratio: 1.000131105
 Final SFC+Knapsack_Combined time: 1.7593e-05

SFC+Painter previous efficiency: 0.8038688729
SFC+painterPartition efficiency: 0.8056416475
SFC+Painter ratio: 1.002205303
 Final SFC+Painter time: 2.5598e-05

Painter+Knapsack previous efficiency: 0.870599051
Painter+Knapsack ratio: 1.000131105
 Final painter+Knapsack_Combined time: 2.2352e-05
Run 5
File weights 51 and ranks 51
Original previous efficiency: 0.9613547067
Original efficiency: 0.9613547067
Original ratio: 1
Knapsack previous efficiency: 0.952597314
Knapsack ratio: 1.040713204
 Final Knapsack time: 1.3205e-05

Karmarkar-Karp previous efficiency: 0.9670758833
Karmarkar-Karp ratio: 1.025132174
 Final Karmarkar-Karp time: 0.000111117

SFC previous efficiency: 0.7252380753
 Time take to run this function: 4.21e-07
SFC ratio: 0.9557136802
 Final SFC time: 2.0418e-05

SFC+Knapsack previous efficiency: 0.8760988892
SFC + Knapsack ratio: 1.025808973
 Final SFC+Knapsack_Combined time: 1.7372e-05

SFC+Painter previous efficiency: 0.7956094461
SFC+painterPartition efficiency: 0.8193613656
SFC+Painter ratio: 1.029853742
 Final SFC+Painter time: 2.4887e-05

Painter+Knapsack previous efficiency: 0.8760988892
Painter+Knapsack ratio: 1.025808973
 Final painter+Knapsack_Combined time: 2.2202e-05
Run 6
File weights 51 and ranks 51
Original previous efficiency: 0.9587740407
Original efficiency: 0.9587740407
Original ratio: 1
Knapsack previous efficiency: 0.9463249612
Knapsack ratio: 1.045828393
 Final Knapsack time: 1.2764e-05

Karmarkar-Karp previous efficiency: 0.9709600411
Karmarkar-Karp ratio: 1.019293763
 Final Karmarkar-Karp time: 0.000158706

SFC previous efficiency: 0.7233062383
 Time take to run this function: 4.81e-07
SFC ratio: 0.9587723354
 Final SFC time: 2.0779e-05

SFC+Knapsack previous efficiency: 0.8704316807
SFC + Knapsack ratio: 1.043102785
 Final SFC+Knapsack_Combined time: 1.8024e-05

SFC+Painter previous efficiency: 0.7933974793
SFC+painterPartition efficiency: 0.8191510199
SFC+Painter ratio: 1.032459821
 Final SFC+Painter time: 2.5858e-05

Painter+Knapsack previous efficiency: 0.8704316807
Painter+Knapsack ratio: 1.043102785
 Final painter+Knapsack_Combined time: 2.2482e-05
Run 7
File weights 51 and ranks 51
Original previous efficiency: 0.9531928678
Original efficiency: 0.9531928678
Original ratio: 1
Knapsack previous efficiency: 0.9440511032
Knapsack ratio: 1.046033603
 Final Knapsack time: 1.3104e-05

Karmarkar-Karp previous efficiency: 0.9785724773
Karmarkar-Karp ratio: 1.009132384
 Final Karmarkar-Karp time: 0.000101309

SFC previous efficiency: 0.719960266
 Time take to run this function: 3.91e-07
SFC ratio: 0.9688391428
 Final SFC time: 2.0448e-05

SFC+Knapsack previous efficiency: 0.8686308349
SFC + Knapsack ratio: 1.054933456
 Final SFC+Knapsack_Combined time: 1.7243e-05

SFC+Painter previous efficiency: 0.7894661852
SFC+painterPartition efficiency: 0.818927452
SFC+Painter ratio: 1.037317959
 Final SFC+Painter time: 2.4837e-05

Painter+Knapsack previous efficiency: 0.8686308349
Painter+Knapsack ratio: 1.054933456
 Final painter+Knapsack_Combined time: 2.2061e-05
Run 8
File weights 51 and ranks 51
Original previous efficiency: 0.9537892523
Original efficiency: 0.9537892523
Original ratio: 1
Knapsack previous efficiency: 0.9409188957
Knapsack ratio: 1.048456936
 Final Knapsack time: 1.2673e-05

Karmarkar-Karp previous efficiency: 0.9771079579
Karmarkar-Karp ratio: 1.009625328
 Final Karmarkar-Karp time: 9.9575e-05

SFC previous efficiency: 0.7206642547
 Time take to run this function: 4.51e-07
SFC ratio: 0.9665598845
 Final SFC time: 1.9797e-05

SFC+Knapsack previous efficiency: 0.8645244223
SFC + Knapsack ratio: 1.064679672
 Final SFC+Knapsack_Combined time: 1.7473e-05

SFC+Painter previous efficiency: 0.7903601539
SFC+painterPartition efficiency: 0.8194892484
SFC+Painter ratio: 1.036855469
 Final SFC+Painter time: 3.3833e-05

Painter+Knapsack previous efficiency: 0.8645244223
Painter+Knapsack ratio: 1.064679672
 Final painter+Knapsack_Combined time: 2.2863e-05
Run 9
File weights 51 and ranks 51
Original previous efficiency: 0.9288668316
Original efficiency: 0.9288668316
Original ratio: 1
Knapsack previous efficiency: 0.9447345591
Knapsack ratio: 1.025019203
 Final Knapsack time: 1.3425e-05

Karmarkar-Karp previous efficiency: 0.9607205098
Karmarkar-Karp ratio: 1.007963351
 Final Karmarkar-Karp time: 0.000103292

SFC previous efficiency: 0.7192162506
 Time take to run this function: 4.21e-07
SFC ratio: 0.9921935466
 Final SFC time: 2.4325e-05

SFC+Knapsack previous efficiency: 0.8635508852
SFC + Knapsack ratio: 1.07590304
 Final SFC+Knapsack_Combined time: 1.7713e-05

SFC+Painter previous efficiency: 0.7886727275
SFC+painterPartition efficiency: 0.8105835112
SFC+Painter ratio: 1.027781845
 Final SFC+Painter time: 2.5387e-05

Painter+Knapsack previous efficiency: 0.8635508852
Painter+Knapsack ratio: 1.07590304
 Final painter+Knapsack_Combined time: 2.4185e-05
Run 10
File weights 51 and ranks 51
Original previous efficiency: 0.9048994917
Original efficiency: 0.9048994917
Original ratio: 1
Knapsack previous efficiency: 0.9336271894
Knapsack ratio: 1.025133825
 Final Knapsack time: 1.4687e-05

Karmarkar-Karp previous efficiency: 0.9351254946
Karmarkar-Karp ratio: 1.023491304
 Final Karmarkar-Karp time: 0.000104745

SFC previous efficiency: 0.7179424356
 Time take to run this function: 4.21e-07
SFC ratio: 0.9922018972
 Final SFC time: 2.0328e-05

SFC+Knapsack previous efficiency: 0.8629505856
SFC + Knapsack ratio: 1.094004891
 Final SFC+Knapsack_Combined time: 1.9747e-05

SFC+Painter previous efficiency: 0.7871295094
SFC+painterPartition efficiency: 0.7871295094
SFC+Painter ratio: 1
 Final SFC+Painter time: 2.5167e-05

Painter+Knapsack previous efficiency: 0.8629505856
Painter+Knapsack ratio: 1.094004891
 Final painter+Knapsack_Combined time: 2.2942e-05
Run 11
File weights 51 and ranks 51
Original previous efficiency: 0.9003850518
Original efficiency: 0.9003850518
Original ratio: 1
Knapsack previous efficiency: 0.9287814041
Knapsack ratio: 1.029543629
 Final Knapsack time: 1.3705e-05

Karmarkar-Karp previous efficiency: 0.930337474
Karmarkar-Karp ratio: 1.027821628
 Final Karmarkar-Karp time: 0.000105858

SFC previous efficiency: 0.7183683204
 Time take to run this function: 4.11e-07
SFC ratio: 0.9921892337
 Final SFC time: 2.2853e-05

SFC+Knapsack previous efficiency: 0.8604093304
SFC + Knapsack ratio: 1.089609314
 Final SFC+Knapsack_Combined time: 2.2272e-05

SFC+Painter previous efficiency: 0.7876629649
SFC+painterPartition efficiency: 0.7876629649
SFC+Painter ratio: 1
 Final SFC+Painter time: 2.3083e-05

Painter+Knapsack previous efficiency: 0.8604093304
Painter+Knapsack ratio: 1.089609314
 Final painter+Knapsack_Combined time: 1.7532e-05
Run 12
File weights 51 and ranks 51
Original previous efficiency: 0.8968768832
Original efficiency: 0.8968768832
Original ratio: 1
Knapsack previous efficiency: 0.9250429802
Knapsack ratio: 1.032342342
 Final Knapsack time: 1.3805e-05

Karmarkar-Karp previous efficiency: 0.9266326274
Karmarkar-Karp ratio: 1.030571349
 Final Karmarkar-Karp time: 8.2694e-05

SFC previous efficiency: 0.7124958591
 Time take to run this function: 3.01e-07
SFC ratio: 0.992242543
 Final SFC time: 1.6301e-05

SFC+Knapsack previous efficiency: 0.8713096626
SFC + Knapsack ratio: 1.071664995
 Final SFC+Knapsack_Combined time: 1.4016e-05

SFC+Painter previous efficiency: 0.7806498546
SFC+painterPartition efficiency: 0.7806498546
SFC+Painter ratio: 1
 Final SFC+Painter time: 3.5115e-05

Painter+Knapsack previous efficiency: 0.8713096626
Painter+Knapsack ratio: 1.071664995
 Final painter+Knapsack_Combined time: 1.8163e-05
Run 13
File weights 51 and ranks 51
Original previous efficiency: 0.8936863944
Original efficiency: 0.8936863944
Original ratio: 1
Knapsack previous efficiency: 0.9216302851
Knapsack ratio: 1.033873704
 Final Knapsack time: 1.3205e-05

Karmarkar-Karp previous efficiency: 0.9232670512
Karmarkar-Karp ratio: 1.032040855
 Final Karmarkar-Karp time: 0.000149609

SFC previous efficiency: 0.707778486
 Time take to run this function: 3.3e-07
SFC ratio: 0.9922835547
 Final SFC time: 2.1731e-05

SFC+Knapsack previous efficiency: 0.8811633284
SFC + Knapsack ratio: 1.055798631
 Final SFC+Knapsack_Combined time: 1.5879e-05

SFC+Painter previous efficiency: 0.7749934254
SFC+painterPartition efficiency: 0.7749934254
SFC+Painter ratio: 1
 Final SFC+Painter time: 2.1099e-05

Painter+Knapsack previous efficiency: 0.8811633284
Painter+Knapsack ratio: 1.055798631
 Final painter+Knapsack_Combined time: 1.9496e-05
Run 14
File weights 51 and ranks 51
Original previous efficiency: 0.8895551226
Original efficiency: 0.8895551226
Original ratio: 1
Knapsack previous efficiency: 0.9172655204
Knapsack ratio: 1.033474278
 Final Knapsack time: 1.7523e-05

Karmarkar-Karp previous efficiency: 0.9189554318
Karmarkar-Karp ratio: 1.031573772
 Final Karmarkar-Karp time: 8.0429e-05

SFC previous efficiency: 0.7114842431
 Time take to run this function: 2.8e-07
SFC ratio: 0.9922188084
 Final SFC time: 1.6631e-05

SFC+Knapsack previous efficiency: 0.8873509879
SFC + Knapsack ratio: 1.043492399
 Final SFC+Knapsack_Combined time: 1.5208e-05

SFC+Painter previous efficiency: 0.7727556622
SFC+painterPartition efficiency: 0.7727556622
SFC+Painter ratio: 1
 Final SFC+Painter time: 2.162e-05

Painter+Knapsack previous efficiency: 0.8873509879
Painter+Knapsack ratio: 1.043492399
 Final painter+Knapsack_Combined time: 1.7202e-05
Run 15
File weights 51 and ranks 51
Original previous efficiency: 0.8857145238
Original efficiency: 0.8857145238
Original ratio: 1
Knapsack previous efficiency: 0.9132326455
Knapsack ratio: 1.030038747
 Final Knapsack time: 1.091e-05

Karmarkar-Karp previous efficiency: 0.9149534228
Karmarkar-Karp ratio: 1.028101526
 Final Karmarkar-Karp time: 0.000124582

SFC previous efficiency: 0.7181121887
 Time take to run this function: 3.01e-07
SFC ratio: 0.9843672104
 Final SFC time: 1.7242e-05

SFC+Knapsack previous efficiency: 0.8873377737
SFC + Knapsack ratio: 1.038931883
 Final SFC+Knapsack_Combined time: 1.5809e-05

SFC+Painter previous efficiency: 0.7665852845
SFC+painterPartition efficiency: 0.7665852845
SFC+Painter ratio: 1
 Final SFC+Painter time: 2.2652e-05

Painter+Knapsack previous efficiency: 0.8873377737
Painter+Knapsack ratio: 1.038931883
 Final painter+Knapsack_Combined time: 1.8264e-05
Run 16
File weights 51 and ranks 51
Original previous efficiency: 0.8818874222
Original efficiency: 0.8818874222
Original ratio: 1
Knapsack previous efficiency: 0.9092200464
Knapsack ratio: 1.030454466
 Final Knapsack time: 1.2133e-05

Karmarkar-Karp previous efficiency: 0.9070282561
Karmarkar-Karp ratio: 1.03294451
 Final Karmarkar-Karp time: 8.1932e-05

SFC previous efficiency: 0.7245459495
 Time take to run this function: 2.8e-07
SFC ratio: 0.9841758066
 Final SFC time: 1.9786e-05

SFC+Knapsack previous efficiency: 0.8884413417
SFC + Knapsack ratio: 1.03310649
 Final SFC+Knapsack_Combined time: 1.4447e-05

SFC+Painter previous efficiency: 0.7604153216
SFC+painterPartition efficiency: 0.7604153216
SFC+Painter ratio: 1
 Final SFC+Painter time: 1.9746e-05

Painter+Knapsack previous efficiency: 0.8884413417
Painter+Knapsack ratio: 1.03310649
 Final painter+Knapsack_Combined time: 1.9827e-05
Run 17
File weights 51 and ranks 51
Original previous efficiency: 0.878935375
Original efficiency: 0.878935375
Original ratio: 1
Knapsack previous efficiency: 0.9061206994
Knapsack ratio: 1.041365834
 Final Knapsack time: 1.1352e-05

Karmarkar-Karp previous efficiency: 0.8973962312
Karmarkar-Karp ratio: 1.051489972
 Final Karmarkar-Karp time: 7.9678e-05

SFC previous efficiency: 0.7301930267
 Time take to run this function: 2.81e-07
SFC ratio: 0.9840080312
 Final SFC time: 1.612e-05

SFC+Knapsack previous efficiency: 0.889446927
SFC + Knapsack ratio: 1.028464071
 Final SFC+Knapsack_Combined time: 1.3806e-05

SFC+Painter previous efficiency: 0.7532966209
SFC+painterPartition efficiency: 0.7532966209
SFC+Painter ratio: 1
 Final SFC+Painter time: 5.6195e-05

Painter+Knapsack previous efficiency: 0.889446927
Painter+Knapsack ratio: 1.028464071
 Final painter+Knapsack_Combined time: 4.5515e-05
Run 18
File weights 51 and ranks 51
Original previous efficiency: 0.8779777563
Original efficiency: 0.8779777563
Original ratio: 1
Knapsack previous efficiency: 0.9050901415
Knapsack ratio: 1.047282627
 Final Knapsack time: 2.0127e-05

Karmarkar-Karp previous efficiency: 0.8924668989
Karmarkar-Karp ratio: 1.062095616
 Final Karmarkar-Karp time: 8.1171e-05

SFC previous efficiency: 0.7297166244
 Time take to run this function: 3e-07
SFC ratio: 0.9840015011
 Final SFC time: 2.141e-05

SFC+Knapsack previous efficiency: 0.8895961907
SFC + Knapsack ratio: 1.027166591
 Final SFC+Knapsack_Combined time: 1.5408e-05

SFC+Painter previous efficiency: 0.7497348594
SFC+painterPartition efficiency: 0.7497348594
SFC+Painter ratio: 1
 Final SFC+Painter time: 2.0638e-05

Painter+Knapsack previous efficiency: 0.8895961907
Painter+Knapsack ratio: 1.027166591
 Final painter+Knapsack_Combined time: 1.9706e-05
Run 19
File weights 51 and ranks 51
Original previous efficiency: 0.8905386239
Original efficiency: 0.8905386239
Original ratio: 1
Knapsack previous efficiency: 0.9089496584
Knapsack ratio: 1.038165807
 Final Knapsack time: 1.1662e-05

Karmarkar-Karp previous efficiency: 0.8886210305
Karmarkar-Karp ratio: 1.061915511
 Final Karmarkar-Karp time: 7.9358e-05

SFC previous efficiency: 0.729928973
 Time take to run this function: 2.8e-07
SFC ratio: 0.9736248306
 Final SFC time: 1.61e-05

SFC+Knapsack previous efficiency: 0.8892462505
SFC + Knapsack ratio: 1.017912954
 Final SFC+Knapsack_Combined time: 1.4307e-05

SFC+Painter previous efficiency: 0.7468841327
SFC+painterPartition efficiency: 0.7539799887
SFC+Painter ratio: 1.009500611
 Final SFC+Painter time: 3.3152e-05

Painter+Knapsack previous efficiency: 0.8892462505
Painter+Knapsack ratio: 1.017912954
 Final painter+Knapsack_Combined time: 3.3032e-05
Run 20
File weights 51 and ranks 51
Original previous efficiency: 0.902772595
Original efficiency: 0.902772595
Original ratio: 1
Knapsack previous efficiency: 0.8879023048
Knapsack ratio: 1.059592024
 Final Knapsack time: 1.1983e-05

Karmarkar-Karp previous efficiency: 0.8749794679
Karmarkar-Karp ratio: 1.075241459
 Final Karmarkar-Karp time: 7.9969e-05

SFC previous efficiency: 0.7324587847
 Time take to run this function: 3.01e-07
SFC ratio: 1
 Final SFC time: 2.0258e-05

SFC+Knapsack previous efficiency: 0.8828428683
SFC + Knapsack ratio: 1.030088477
 Final SFC+Knapsack_Combined time: 1.587e-05

SFC+Painter previous efficiency: 0.7502509614
SFC+painterPartition efficiency: 0.7762053122
SFC+Painter ratio: 1.034594225
 Final SFC+Painter time: 2.164e-05

Painter+Knapsack previous efficiency: 0.8828428683
Painter+Knapsack ratio: 1.030088477
 Final painter+Knapsack_Combined time: 1.7343e-05
Run 21
File weights 51 and ranks 51
Original previous efficiency: 0.8983691791
Original efficiency: 0.8983691791
Original ratio: 1
Knapsack previous efficiency: 0.8755661579
Knapsack ratio: 1.079585216
 Final Knapsack time: 1.3586e-05

Karmarkar-Karp previous efficiency: 0.8801992251
Karmarkar-Karp ratio: 1.073902649
 Final Karmarkar-Karp time: 8.7614e-05

SFC previous efficiency: 0.7326903497
 Time take to run this function: 3.11e-07
SFC ratio: 1
 Final SFC time: 2.3684e-05

SFC+Knapsack previous efficiency: 0.880204502
SFC + Knapsack ratio: 1.036758121
 Final SFC+Knapsack_Combined time: 2.2232e-05

SFC+Painter previous efficiency: 0.7501099013
SFC+painterPartition efficiency: 0.7845510644
SFC+Painter ratio: 1.045914823
 Final SFC+Painter time: 2.142e-05

Painter+Knapsack previous efficiency: 0.880204502
Painter+Knapsack ratio: 1.036758121
 Final painter+Knapsack_Combined time: 2.0047e-05
Run 22
File weights 51 and ranks 51
Original previous efficiency: 0.8928937089
Original efficiency: 0.8928937089
Original ratio: 1
Knapsack previous efficiency: 0.870586692
Knapsack ratio: 1.088456287
 Final Knapsack time: 1.073e-05

Karmarkar-Karp previous efficiency: 0.889367799
Karmarkar-Karp ratio: 1.065470955
 Final Karmarkar-Karp time: 7.525e-05

SFC previous efficiency: 0.7342716488
 Time take to run this function: 3e-07
SFC ratio: 1
 Final SFC time: 1.8374e-05

SFC+Knapsack previous efficiency: 0.8777646753
SFC + Knapsack ratio: 1.039922484
 Final SFC+Knapsack_Combined time: 1.4086e-05

SFC+Painter previous efficiency: 0.7438826593
SFC+painterPartition efficiency: 0.7851139909
SFC+Painter ratio: 1.055427198
 Final SFC+Painter time: 2.147e-05

Painter+Knapsack previous efficiency: 0.8777646753
Painter+Knapsack ratio: 1.039922484
 Final painter+Knapsack_Combined time: 1.7112e-05
Run 23
File weights 51 and ranks 51
Original previous efficiency: 0.8867235371
Original efficiency: 0.8867235371
Original ratio: 1
Knapsack previous efficiency: 0.8736528643
Knapsack ratio: 1.083721038
 Final Knapsack time: 1.1552e-05

Karmarkar-Karp previous efficiency: 0.8971503951
Karmarkar-Karp ratio: 1.05533698
 Final Karmarkar-Karp time: 7.4428e-05

SFC previous efficiency: 0.7345579454
 Time take to run this function: 2.81e-07
SFC ratio: 1
 Final SFC time: 1.61e-05

SFC+Knapsack previous efficiency: 0.8768309054
SFC + Knapsack ratio: 1.041842517
 Final SFC+Knapsack_Combined time: 1.3776e-05

SFC+Painter previous efficiency: 0.7463212346
SFC+painterPartition efficiency: 0.7796888763
SFC+Painter ratio: 1.04470949
 Final SFC+Painter time: 2.3284e-05

Painter+Knapsack previous efficiency: 0.8768309054
Painter+Knapsack ratio: 1.041842517
 Final painter+Knapsack_Combined time: 1.6641e-05
Run 24
File weights 51 and ranks 51
Original previous efficiency: 0.8846446426
Original efficiency: 0.8846446426
Original ratio: 1
Knapsack previous efficiency: 0.8815896144
Knapsack ratio: 1.08473911
 Final Knapsack time: 1.1692e-05

Karmarkar-Karp previous efficiency: 0.8911934728
Karmarkar-Karp ratio: 1.073049526
 Final Karmarkar-Karp time: 0.000129642

SFC previous efficiency: 0.7354229577
 Time take to run this function: 3.81e-07
SFC ratio: 1
 Final SFC time: 1.7713e-05

SFC+Knapsack previous efficiency: 0.8772532452
SFC + Knapsack ratio: 1.042425566
 Final SFC+Knapsack_Combined time: 1.5479e-05

SFC+Painter previous efficiency: 0.7471911192
SFC+painterPartition efficiency: 0.7713589968
SFC+Painter ratio: 1.032344974
 Final SFC+Painter time: 2.2381e-05

Painter+Knapsack previous efficiency: 0.8772532452
Painter+Knapsack ratio: 1.042425566
 Final painter+Knapsack_Combined time: 1.7793e-05
Run 25
File weights 51 and ranks 51
Original previous efficiency: 0.8853267082
Original efficiency: 0.8853267082
Original ratio: 1
Knapsack previous efficiency: 0.8921384668
Knapsack ratio: 1.079330231
 Final Knapsack time: 1.1441e-05

Karmarkar-Karp previous efficiency: 0.8819944989
Karmarkar-Karp ratio: 1.09174379
 Final Karmarkar-Karp time: 9.132e-05

SFC previous efficiency: 0.7356442892
 Time take to run this function: 3.01e-07
SFC ratio: 1
 Final SFC time: 1.7382e-05

SFC+Knapsack previous efficiency: 0.8783977262
SFC + Knapsack ratio: 1.040171822
 Final SFC+Knapsack_Combined time: 1.5288e-05

SFC+Painter previous efficiency: 0.7395577579
SFC+painterPartition efficiency: 0.7636120631
SFC+Painter ratio: 1.032525256
 Final SFC+Painter time: 4.7168e-05

Painter+Knapsack previous efficiency: 0.8783977262
Painter+Knapsack ratio: 1.040171822
 Final painter+Knapsack_Combined time: 2.3493e-05
Run 26
File weights 51 and ranks 51
Original previous efficiency: 0.8785517908
Original efficiency: 0.8785517908
Original ratio: 1
Knapsack previous efficiency: 0.8941542982
Knapsack ratio: 1.083295801
 Final Knapsack time: 1.2093e-05

Karmarkar-Karp previous efficiency: 0.8714604295
Karmarkar-Karp ratio: 1.111506115
 Final Karmarkar-Karp time: 7.8076e-05

SFC previous efficiency: 0.7362777879
 Time take to run this function: 3.11e-07
SFC ratio: 1
 Final SFC time: 1.9546e-05

SFC+Knapsack previous efficiency: 0.8804558313
SFC + Knapsack ratio: 1.02619445
 Final SFC+Knapsack_Combined time: 1.646e-05

SFC+Painter previous efficiency: 0.7305764733
SFC+painterPartition efficiency: 0.758671478
SFC+Painter ratio: 1.03845594
 Final SFC+Painter time: 2.0629e-05

Painter+Knapsack previous efficiency: 0.8804558313
Painter+Knapsack ratio: 1.02619445
 Final painter+Knapsack_Combined time: 1.9015e-05
Run 27
File weights 51 and ranks 51
Original previous efficiency: 0.8668232359
Original efficiency: 0.9721762936
Original ratio: 1.121539264
Knapsack previous efficiency: 0.891215946
Knapsack ratio: 1.099300082
 Final Knapsack time: 1.1552e-05

Karmarkar-Karp previous efficiency: 0.8584788732
Karmarkar-Karp ratio: 1.141220586
 Final Karmarkar-Karp time: 7.9288e-05

SFC previous efficiency: 0.7362044245
 Time take to run this function: 2.81e-07
SFC ratio: 1
 Final SFC time: 1.6461e-05

SFC+Knapsack previous efficiency: 0.8779373885
SFC + Knapsack ratio: 1.016874391
 Final SFC+Knapsack_Combined time: 2.157e-05

SFC+Painter previous efficiency: 0.7199038102
SFC+painterPartition efficiency: 0.7550113039
SFC+Painter ratio: 1.048766923
 Final SFC+Painter time: 3.5386e-05

Painter+Knapsack previous efficiency: 0.8779373885
Painter+Knapsack ratio: 1.016874391
 Final painter+Knapsack_Combined time: 2.0779e-05
Run 28
File weights 51 and ranks 51
Original previous efficiency: 0.8543535957
Original efficiency: 0.9757972247
Original ratio: 1.142146799
Knapsack previous efficiency: 0.8887142527
Knapsack ratio: 1.121615183
 Final Knapsack time: 1.1081e-05

Karmarkar-Karp previous efficiency: 0.8463573924
Karmarkar-Karp ratio: 1.177747614
 Final Karmarkar-Karp time: 0.00013403

SFC previous efficiency: 0.7360892048
 Time take to run this function: 4.11e-07
SFC ratio: 1
 Final SFC time: 3.732e-05

SFC+Knapsack previous efficiency: 0.8690949198
SFC + Knapsack ratio: 1.022109483
 Final SFC+Knapsack_Combined time: 1.6481e-05

SFC+Painter previous efficiency: 0.7089170771
SFC+painterPartition efficiency: 0.7523008818
SFC+Painter ratio: 1.061197291
 Final SFC+Painter time: 2.647e-05

Painter+Knapsack previous efficiency: 0.8690949198
Painter+Knapsack ratio: 1.022109483
 Final painter+Knapsack_Combined time: 2.9355e-05
Run 29
File weights 51 and ranks 51
Original previous efficiency: 0.8386578686
Original efficiency: 0.9678368663
Original ratio: 1.154030627
Knapsack previous efficiency: 0.8840476624
Knapsack ratio: 1.121129041
 Final Knapsack time: 1.661e-05

Karmarkar-Karp previous efficiency: 0.836654652
Karmarkar-Karp ratio: 1.184636343
 Final Karmarkar-Karp time: 8.7243e-05

SFC previous efficiency: 0.7322345624
 Time take to run this function: 3.71e-07
SFC ratio: 1
 Final SFC time: 2.0869e-05

SFC+Knapsack previous efficiency: 0.8598511965
SFC + Knapsack ratio: 1.032693552
 Final SFC+Knapsack_Combined time: 2.8203e-05

SFC+Painter previous efficiency: 0.6983632962
SFC+painterPartition efficiency: 0.7511946506
SFC+Painter ratio: 1.075650245
 Final SFC+Painter time: 2.3183e-05

Painter+Knapsack previous efficiency: 0.8598511965
Painter+Knapsack ratio: 1.032693552
 Final painter+Knapsack_Combined time: 2.0078e-05
Run 30
File weights 51 and ranks 51
Original previous efficiency: 0.8244125634
Original efficiency: 0.9547930365
Original ratio: 1.158149547
Knapsack previous efficiency: 0.8697632399
Knapsack ratio: 1.146088468
 Final Knapsack time: 1.4798e-05

Karmarkar-Karp previous efficiency: 0.8315225108
Karmarkar-Karp ratio: 1.19879571
 Final Karmarkar-Karp time: 6.939e-05

SFC previous efficiency: 0.7210733324
 Time take to run this function: 3.11e-07
SFC ratio: 1.048251441
 Final SFC time: 1.8234e-05

SFC+Knapsack previous efficiency: 0.8453159484
SFC + Knapsack ratio: 1.05292093
 Final SFC+Knapsack_Combined time: 1.5319e-05

SFC+Painter previous efficiency: 0.6955923057
SFC+painterPartition efficiency: 0.7558661594
SFC+Painter ratio: 1.086651122
 Final SFC+Painter time: 2.0919e-05

Painter+Knapsack previous efficiency: 0.8453159484
Painter+Knapsack ratio: 1.05292093
 Final painter+Knapsack_Combined time: 1.9496e-05
Run 31
File weights 51 and ranks 51
Original previous efficiency: 0.8085740268
Original efficiency: 0.932822184
Original ratio: 1.153663305
Knapsack previous efficiency: 0.8495992473
Knapsack ratio: 1.173126309
 Final Knapsack time: 2.8253e-05

Karmarkar-Karp previous efficiency: 0.8149160716
Karmarkar-Karp ratio: 1.2230637
 Final Karmarkar-Karp time: 7.5681e-05

SFC previous efficiency: 0.7058206251
 Time take to run this function: 3.11e-07
SFC ratio: 1.109169579
 Final SFC time: 1.7653e-05

SFC+Knapsack previous efficiency: 0.8299300998
SFC + Knapsack ratio: 1.072106097
 Final SFC+Knapsack_Combined time: 1.7142e-05

SFC+Painter previous efficiency: 0.7022981622
SFC+painterPartition efficiency: 0.7828747658
SFC+Painter ratio: 1.114732756
 Final SFC+Painter time: 2.0538e-05

Painter+Knapsack previous efficiency: 0.8299300998
Painter+Knapsack ratio: 1.072106097
 Final painter+Knapsack_Combined time: 1.9817e-05
Run 32
File weights 51 and ranks 51
Original previous efficiency: 0.7933697245
Original efficiency: 0.9090417602
Original ratio: 1.145798399
Knapsack previous efficiency: 0.8370659041
Knapsack ratio: 1.18989963
 Final Knapsack time: 1.2082e-05

Karmarkar-Karp previous efficiency: 0.9650211559
Karmarkar-Karp ratio: 1.03322017
 Final Karmarkar-Karp time: 7.0402e-05

SFC previous efficiency: 0.6963695076
 Time take to run this function: 2.61e-07
SFC ratio: 1.158137705
 Final SFC time: 1.8184e-05

SFC+Knapsack previous efficiency: 0.8140343357
SFC + Knapsack ratio: 1.094501211
 Final SFC+Knapsack_Combined time: 1.4687e-05

SFC+Painter previous efficiency: 0.7134284975
SFC+painterPartition efficiency: 0.8064917836
SFC+Painter ratio: 1.130445148
 Final SFC+Painter time: 2.7551e-05

Painter+Knapsack previous efficiency: 0.8140343357
Painter+Knapsack ratio: 1.094501211
 Final painter+Knapsack_Combined time: 2.2041e-05
Run 33
File weights 51 and ranks 51
Original previous efficiency: 0.7803577157
Original efficiency: 0.8798908518
Original ratio: 1.12754809
Knapsack previous efficiency: 0.8221320774
Knapsack ratio: 1.213416664
 Final Knapsack time: 1.3215e-05

Karmarkar-Karp previous efficiency: 0.9283916372
Karmarkar-Karp ratio: 1.074534412
 Final Karmarkar-Karp time: 7.9949e-05

SFC previous efficiency: 0.685834691
 Time take to run this function: 3.01e-07
SFC ratio: 1.208698663
 Final SFC time: 1.6561e-05

SFC+Knapsack previous efficiency: 0.7945330188
SFC + Knapsack ratio: 1.13099563
 Final SFC+Knapsack_Combined time: 1.6892e-05

SFC+Painter previous efficiency: 0.7349190291
SFC+painterPartition efficiency: 0.8289674742
SFC+Painter ratio: 1.127971166
 Final SFC+Painter time: 2.0118e-05

Painter+Knapsack previous efficiency: 0.7945330188
Painter+Knapsack ratio: 1.13099563
 Final painter+Knapsack_Combined time: 1.7112e-05
Run 34
File weights 51 and ranks 51
Original previous efficiency: 0.7703095288
Original efficiency: 0.9737526546
Original ratio: 1.264105685
Knapsack previous efficiency: 0.9737526546
Knapsack ratio: 1.023134827
 Final Knapsack time: 1.1492e-05

Karmarkar-Karp previous efficiency: 0.8994677933
Karmarkar-Karp ratio: 1.107640889
 Final Karmarkar-Karp time: 7.2625e-05

SFC previous efficiency: 0.8188015005
 Time take to run this function: 2.8e-07
SFC ratio: 1
 Final SFC time: 2.5418e-05

SFC+Knapsack previous efficiency: 0.7744187304
SFC + Knapsack ratio: 1.168452476
 Final SFC+Knapsack_Combined time: 1.9456e-05

SFC+Painter previous efficiency: 0.7574444869
SFC+painterPartition efficiency: 0.8480394391
SFC+Painter ratio: 1.119606062
 Final SFC+Painter time: 2.7721e-05

Painter+Knapsack previous efficiency: 0.7744187304
Painter+Knapsack ratio: 1.168452476
 Final painter+Knapsack_Combined time: 1.8084e-05
Run 35
File weights 51 and ranks 51
Original previous efficiency: 0.9586700959
Original efficiency: 0.9586700959
Original ratio: 1
Knapsack previous efficiency: 0.9586700959
Knapsack ratio: 1.03751732
 Final Knapsack time: 1.3164e-05

Karmarkar-Karp previous efficiency: 0.8993245282
Karmarkar-Karp ratio: 1.105982099
 Final Karmarkar-Karp time: 7.4669e-05

SFC previous efficiency: 0.7978763095
 Time take to run this function: 3e-07
SFC ratio: 1
 Final SFC time: 1.627e-05

SFC+Knapsack previous efficiency: 0.7628305988
SFC + Knapsack ratio: 1.180277882
 Final SFC+Knapsack_Combined time: 1.5729e-05

SFC+Painter previous efficiency: 0.7778569545
SFC+painterPartition efficiency: 0.8591379484
SFC+Painter ratio: 1.104493498
 Final SFC+Painter time: 2.149e-05

Painter+Knapsack previous efficiency: 0.7628305988
Painter+Knapsack ratio: 1.180277882
 Final painter+Knapsack_Combined time: 1.7062e-05
Run 36
File weights 51 and ranks 51
Original previous efficiency: 0.9304993766
Original efficiency: 0.9304993766
Original ratio: 1
Knapsack previous efficiency: 0.9304993766
Knapsack ratio: 1.05818009
 Final Knapsack time: 1.1451e-05

Karmarkar-Karp previous efficiency: 0.8746761797
Karmarkar-Karp ratio: 1.125714792
 Final Karmarkar-Karp time: 8.4929e-05

SFC previous efficiency: 0.7739333655
 Time take to run this function: 3.01e-07
SFC ratio: 0.916169256
 Final SFC time: 1.8846e-05

SFC+Knapsack previous efficiency: 0.7817361948
SFC + Knapsack ratio: 1.141360153
 Final SFC+Knapsack_Combined time: 1.4717e-05

SFC+Painter previous efficiency: 0.7888636649
SFC+painterPartition efficiency: 0.8550953246
SFC+Painter ratio: 1.083958309
 Final SFC+Painter time: 1.9476e-05

Painter+Knapsack previous efficiency: 0.7817361948
Painter+Knapsack ratio: 1.141360153
 Final painter+Knapsack_Combined time: 1.8905e-05
Run 37
File weights 51 and ranks 51
Original previous efficiency: 0.9073104924
Original efficiency: 0.9073104924
Original ratio: 1
Knapsack previous efficiency: 0.9073104924
Knapsack ratio: 1.060666465
 Final Knapsack time: 1.2904e-05

Karmarkar-Karp previous efficiency: 0.8567267578
Karmarkar-Karp ratio: 1.123291416
 Final Karmarkar-Karp time: 0.000130513

SFC previous efficiency: 0.7590987252
 Time take to run this function: 3.099999999e-07
SFC ratio: 0.9456315349
 Final SFC time: 1.9246e-05

SFC+Knapsack previous efficiency: 0.7939402655
SFC + Knapsack ratio: 1.120889714
 Final SFC+Knapsack_Combined time: 1.618e-05

SFC+Painter previous efficiency: 0.7976943663
SFC+painterPartition efficiency: 0.8476532637
SFC+Painter ratio: 1.062629122
 Final SFC+Painter time: 2.5438e-05

Painter+Knapsack previous efficiency: 0.7939402655
Painter+Knapsack ratio: 1.120889714
 Final painter+Knapsack_Combined time: 1.8335e-05
Run 38
File weights 51 and ranks 51
Original previous efficiency: 0.8882894059
Original efficiency: 0.8882894059
Original ratio: 1
Knapsack previous efficiency: 0.8882894059
Knapsack ratio: 1.062146263
 Final Knapsack time: 1.3815e-05

Karmarkar-Karp previous efficiency: 0.8477407606
Karmarkar-Karp ratio: 1.112950228
 Final Karmarkar-Karp time: 8.2003e-05

SFC previous efficiency: 0.7484364366
 Time take to run this function: 2.81e-07
SFC ratio: 0.9701436852
 Final SFC time: 1.628e-05

SFC+Knapsack previous efficiency: 0.8036761794
SFC + Knapsack ratio: 1.103855068
 Final SFC+Knapsack_Combined time: 1.6571e-05

SFC+Painter previous efficiency: 0.8064625156
SFC+painterPartition efficiency: 0.8413147925
SFC+Painter ratio: 1.043216239
 Final SFC+Painter time: 1.9637e-05

Painter+Knapsack previous efficiency: 0.8036761794
Painter+Knapsack ratio: 1.103855068
 Final painter+Knapsack_Combined time: 1.7814e-05
Run 39
File weights 51 and ranks 51
Original previous efficiency: 0.8749019659
Original efficiency: 0.8749019659
Original ratio: 1
Knapsack previous efficiency: 0.8749019659
Knapsack ratio: 1.063374589
 Final Knapsack time: 1.1712e-05

Karmarkar-Karp previous efficiency: 0.844144286
Karmarkar-Karp ratio: 1.102120259
 Final Karmarkar-Karp time: 7.9248e-05

SFC previous efficiency: 0.7428775464
 Time take to run this function: 2.9e-07
SFC ratio: 0.987104913
 Final SFC time: 2.127e-05

SFC+Knapsack previous efficiency: 0.8121916042
SFC + Knapsack ratio: 1.091225661
 Final SFC+Knapsack_Combined time: 1.4787e-05

SFC+Painter previous efficiency: 0.8112325863
SFC+painterPartition efficiency: 0.8508349514
SFC+Painter ratio: 1.048817523
 Final SFC+Painter time: 1.9396e-05

Painter+Knapsack previous efficiency: 0.8121916042
Painter+Knapsack ratio: 1.091225661
 Final painter+Knapsack_Combined time: 1.8855e-05
Run 40
File weights 51 and ranks 51
Original previous efficiency: 0.8689446139
Original efficiency: 0.8689446139
Original ratio: 1
Knapsack previous efficiency: 0.8689446139
Knapsack ratio: 1.06877014
 Final Knapsack time: 1.2303e-05

Karmarkar-Karp previous efficiency: 0.8504010181
Karmarkar-Karp ratio: 1.092075429
 Final Karmarkar-Karp time: 8.5309e-05

SFC previous efficiency: 0.7413626256
 Time take to run this function: 2.91e-07
SFC ratio: 0.9973426039
 Final SFC time: 1.6902e-05

SFC+Knapsack previous efficiency: 0.816921701
SFC + Knapsack ratio: 1.084252421
 Final SFC+Knapsack_Combined time: 1.4688e-05

SFC+Painter previous efficiency: 0.8123352608
SFC+painterPartition efficiency: 0.8606978925
SFC+Painter ratio: 1.05953531
 Final SFC+Painter time: 2.126e-05

Painter+Knapsack previous efficiency: 0.816921701
Painter+Knapsack ratio: 1.084252421
 Final painter+Knapsack_Combined time: 1.7112e-05
Run 41
File weights 51 and ranks 51
Original previous efficiency: 0.8683329683
Original efficiency: 0.8683329683
Original ratio: 1
Knapsack previous efficiency: 0.8683329683
Knapsack ratio: 1.073905304
 Final Knapsack time: 1.2974e-05

Karmarkar-Karp previous efficiency: 0.8613158675
Karmarkar-Karp ratio: 1.082654361
 Final Karmarkar-Karp time: 7.7374e-05

SFC previous efficiency: 0.7445150204
 Time take to run this function: 2.5e-07
SFC ratio: 1
 Final SFC time: 1.5879e-05

SFC+Knapsack previous efficiency: 0.8241352797
SFC + Knapsack ratio: 1.073872995
 Final SFC+Knapsack_Combined time: 1.4286e-05

SFC+Painter previous efficiency: 0.8099389212
SFC+painterPartition efficiency: 0.8728915747
SFC+Painter ratio: 1.077725186
 Final SFC+Painter time: 2.1269e-05

Painter+Knapsack previous efficiency: 0.8241352797
Painter+Knapsack ratio: 1.073872995
 Final painter+Knapsack_Combined time: 1.7162e-05
Run 42
File weights 51 and ranks 51
Original previous efficiency: 0.8720017094
Original efficiency: 0.8720017094
Original ratio: 1
Knapsack previous efficiency: 0.8720017094
Knapsack ratio: 1.078966083
 Final Knapsack time: 1.092e-05

Karmarkar-Karp previous efficiency: 0.8747062691
Karmarkar-Karp ratio: 1.075629959
 Final Karmarkar-Karp time: 7.5922e-05

SFC previous efficiency: 0.7482432484
 Time take to run this function: 2.6e-07
SFC ratio: 1
 Final SFC time: 1.569e-05

SFC+Knapsack previous efficiency: 0.8286885362
SFC + Knapsack ratio: 1.063391105
 Final SFC+Knapsack_Combined time: 1.613e-05

SFC+Painter previous efficiency: 0.8080012042
SFC+painterPartition efficiency: 0.8801439972
SFC+Painter ratio: 1.089285502
 Final SFC+Painter time: 1.9477e-05

Painter+Knapsack previous efficiency: 0.8286885362
Painter+Knapsack ratio: 1.063391105
 Final painter+Knapsack_Combined time: 1.8725e-05
Run 43
File weights 51 and ranks 51
Original previous efficiency: 0.8762050489
Original efficiency: 0.8762050489
Original ratio: 1
Knapsack previous efficiency: 0.8762050489
Knapsack ratio: 1.081153389
 Final Knapsack time: 1.082e-05

Karmarkar-Karp previous efficiency: 0.885879731
Karmarkar-Karp ratio: 1.069346125
 Final Karmarkar-Karp time: 7.6743e-05

SFC previous efficiency: 0.7531618272
 Time take to run this function: 2.6e-07
SFC ratio: 1
 Final SFC time: 2.0889e-05

SFC+Knapsack previous efficiency: 0.8338002798
SFC + Knapsack ratio: 1.055171548
 Final SFC+Knapsack_Combined time: 1.4447e-05

SFC+Painter previous efficiency: 0.8044379527
SFC+painterPartition efficiency: 0.8804052478
SFC+Painter ratio: 1.094435245
 Final SFC+Painter time: 2.0067e-05

Painter+Knapsack previous efficiency: 0.8338002798
Painter+Knapsack ratio: 1.055171548
 Final painter+Knapsack_Combined time: 1.7653e-05
Run 44
File weights 51 and ranks 51
Original previous efficiency: 0.8820537105
Original efficiency: 0.8820537105
Original ratio: 1
Knapsack previous efficiency: 0.8820537105
Knapsack ratio: 1.08045505
 Final Knapsack time: 1.3745e-05

Karmarkar-Karp previous efficiency: 0.8948527568
Karmarkar-Karp ratio: 1.065001341
 Final Karmarkar-Karp time: 7.4839e-05

SFC previous efficiency: 0.7574383867
 Time take to run this function: 2.8e-07
SFC ratio: 1
 Final SFC time: 1.588e-05

SFC+Knapsack previous efficiency: 0.8359428711
SFC + Knapsack ratio: 1.050181439
 Final SFC+Knapsack_Combined time: 1.4166e-05

SFC+Painter previous efficiency: 0.8032252807
SFC+painterPartition efficiency: 0.8802734223
SFC+Painter ratio: 1.095923452
 Final SFC+Painter time: 2.1149e-05

Painter+Knapsack previous efficiency: 0.8359428711
Painter+Knapsack ratio: 1.050181439
 Final painter+Knapsack_Combined time: 1.6962e-05
Run 45
File weights 51 and ranks 51
Original previous efficiency: 0.8871514479
Original efficiency: 0.8871514479
Original ratio: 1
Knapsack previous efficiency: 0.8871514479
Knapsack ratio: 1.07996677
 Final Knapsack time: 1.083e-05

Karmarkar-Karp previous efficiency: 0.9016834261
Karmarkar-Karp ratio: 1.062561489
 Final Karmarkar-Karp time: 8.9907e-05

SFC previous efficiency: 0.7613821813
 Time take to run this function: 2.7e-07
SFC ratio: 0.9972303703
 Final SFC time: 1.9997e-05

SFC+Knapsack previous efficiency: 0.8379813992
SFC + Knapsack ratio: 1.047093407
 Final SFC+Knapsack_Combined time: 1.4327e-05

SFC+Painter previous efficiency: 0.8011346784
SFC+painterPartition efficiency: 0.8801611694
SFC+Painter ratio: 1.098643203
 Final SFC+Painter time: 1.8975e-05

Painter+Knapsack previous efficiency: 0.8379813992
Painter+Knapsack ratio: 1.047093407
 Final painter+Knapsack_Combined time: 1.8224e-05
Run 46
File weights 51 and ranks 51
Original previous efficiency: 0.8938246058
Original efficiency: 0.8938246058
Original ratio: 1
Knapsack previous efficiency: 0.8938246058
Knapsack ratio: 1.075677624
 Final Knapsack time: 1.077e-05

Karmarkar-Karp previous efficiency: 0.9059136884
Karmarkar-Karp ratio: 1.061323105
 Final Karmarkar-Karp time: 7.7043e-05

SFC previous efficiency: 0.7653675982
 Time take to run this function: 2.7e-07
SFC ratio: 0.9920663058
 Final SFC time: 1.9797e-05

SFC+Knapsack previous efficiency: 0.838750768
SFC + Knapsack ratio: 1.045886376
 Final SFC+Knapsack_Combined time: 1.4307e-05

SFC+Painter previous efficiency: 0.7997262138
SFC+painterPartition efficiency: 0.8798573095
SFC+Painter ratio: 1.100198161
 Final SFC+Painter time: 1.9075e-05

Painter+Knapsack previous efficiency: 0.838750768
Painter+Knapsack ratio: 1.045886376
 Final painter+Knapsack_Combined time: 1.8384e-05
Run 47
File weights 51 and ranks 51
Original previous efficiency: 0.8974773139
Original efficiency: 0.8974773139
Original ratio: 1
Knapsack previous efficiency: 0.8974773139
Knapsack ratio: 1.075407419
 Final Knapsack time: 1.3024e-05

Karmarkar-Karp previous efficiency: 0.9097264986
Karmarkar-Karp ratio: 1.060927392
 Final Karmarkar-Karp time: 7.6923e-05

SFC previous efficiency: 0.7681220615
 Time take to run this function: 2.71e-07
SFC ratio: 0.9897280735
 Final SFC time: 1.605e-05

SFC+Knapsack previous efficiency: 0.8397897048
SFC + Knapsack ratio: 1.044035822
 Final SFC+Knapsack_Combined time: 1.4247e-05

SFC+Painter previous efficiency: 0.7980844961
SFC+painterPartition efficiency: 0.8790020488
SFC+Painter ratio: 1.101389706
 Final SFC+Painter time: 2.0989e-05

Painter+Knapsack previous efficiency: 0.8397897048
Painter+Knapsack ratio: 1.044035822
 Final painter+Knapsack_Combined time: 1.6952e-05
Run 48
File weights 51 and ranks 51
Original previous efficiency: 0.8943024803
Original efficiency: 0.8943024803
Original ratio: 1
Knapsack previous efficiency: 0.8943024803
Knapsack ratio: 1.081375529
 Final Knapsack time: 1.1131e-05

Karmarkar-Karp previous efficiency: 0.9103412829
Karmarkar-Karp ratio: 1.062323368
 Final Karmarkar-Karp time: 7.5671e-05

SFC previous efficiency: 0.7707939575
 Time take to run this function: 2.5e-07
SFC ratio: 0.9866524114
 Final SFC time: 1.5759e-05

SFC+Knapsack previous efficiency: 0.8407435189
SFC + Knapsack ratio: 1.043823839
 Final SFC+Knapsack_Combined time: 1.6821e-05

SFC+Painter previous efficiency: 0.7971289816
SFC+painterPartition efficiency: 0.8796763686
SFC+Painter ratio: 1.103555872
 Final SFC+Painter time: 1.8925e-05

Painter+Knapsack previous efficiency: 0.8407435189
Painter+Knapsack ratio: 1.043823839
 Final painter+Knapsack_Combined time: 1.6731e-05
Run 49
File weights 51 and ranks 51
Original previous efficiency: 0.8863672904
Original efficiency: 0.8863672904
Original ratio: 1
Knapsack previous efficiency: 0.8863672904
Knapsack ratio: 1.092923531
 Final Knapsack time: 1.1241e-05

Karmarkar-Karp previous efficiency: 0.9081699533
Karmarkar-Karp ratio: 1.066685443
 Final Karmarkar-Karp time: 7.4819e-05

SFC previous efficiency: 0.7724167063
 Time take to run this function: 2.71e-07
SFC ratio: 0.9859866517
 Final SFC time: 1.9847e-05

SFC+Knapsack previous efficiency: 0.8425405733
SFC + Knapsack ratio: 1.042455765
 Final SFC+Knapsack_Combined time: 1.4998e-05

SFC+Painter previous efficiency: 0.7973210163
SFC+painterPartition efficiency: 0.8808216244
SFC+Painter ratio: 1.104726461
 Final SFC+Painter time: 2.0668e-05

Painter+Knapsack previous efficiency: 0.8425405733
Painter+Knapsack ratio: 1.042455765
 Final painter+Knapsack_Combined time: 1.7893e-05
Run 50
File weights 51 and ranks 51
Original previous efficiency: 0.8828955647
Original efficiency: 0.8828955647
Original ratio: 1
Knapsack previous efficiency: 0.8828955647
Knapsack ratio: 1.09873378
 Final Knapsack time: 1.4126e-05

Karmarkar-Karp previous efficiency: 0.9062137569
Karmarkar-Karp ratio: 1.070461769
 Final Karmarkar-Karp time: 7.9118e-05

SFC previous efficiency: 0.7734892453
 Time take to run this function: 2.71e-07
SFC ratio: 0.9863559907
 Final SFC time: 1.627e-05

SFC+Knapsack previous efficiency: 0.8439669441
SFC + Knapsack ratio: 1.042561961
 Final SFC+Knapsack_Combined time: 1.4387e-05

SFC+Painter previous efficiency: 0.7975371267
SFC+painterPartition efficiency: 0.8828357526
SFC+Painter ratio: 1.106952546
 Final SFC+Painter time: 2.131e-05

Painter+Knapsack previous efficiency: 0.8439669441
Painter+Knapsack ratio: 1.042561961
 Final painter+Knapsack_Combined time: 1.7072e-05


TinyProfiler total time across processes [min...avg...max]: 0.04565 ... 0.04565 ... 0.04565

-------------------------------------------------------------------------------------
Name                                  NCalls  Excl. Min  Excl. Avg  Excl. Max   Max %
-------------------------------------------------------------------------------------
kk()                                      51   0.004088   0.004088   0.004088   8.95%
painterPartition()                       102   0.001206   0.001206   0.001206   2.64%
knapsack()                               255  0.0005848  0.0005848  0.0005848   1.28%
SFCProcessorMapDoIt()                     51  0.0005605  0.0005605  0.0005605   1.23%
SFCProcessorMapDoItCombined()             51  0.0002436  0.0002436  0.0002436   0.53%
SFCProcessorMapDoItCombinedPainter()      51  0.0001468  0.0001468  0.0001468   0.32%
Distribute()                             102  9.517e-05  9.517e-05  9.517e-05   0.21%
KKDoIt()                                  51   8.05e-05   8.05e-05   8.05e-05   0.18%
KnapSackDoIt()                            51  7.783e-05  7.783e-05  7.783e-05   0.17%
knapsack()swap                            96  1.219e-05  1.219e-05  1.219e-05   0.03%
-------------------------------------------------------------------------------------

-------------------------------------------------------------------------------------
Name                                  NCalls  Incl. Min  Incl. Avg  Incl. Max   Max %
-------------------------------------------------------------------------------------
KKDoIt()                                  51   0.004168   0.004168   0.004168   9.13%
kk()                                      51   0.004088   0.004088   0.004088   8.95%
painterPartition()                       102   0.001206   0.001206   0.001206   2.64%
SFCProcessorMapDoItCombinedPainter()      51  0.0006585  0.0006585  0.0006585   1.44%
SFCProcessorMapDoIt()                     51   0.000617   0.000617   0.000617   1.35%
knapsack()                               255   0.000597   0.000597   0.000597   1.31%
SFCProcessorMapDoItCombined()             51  0.0004752  0.0004752  0.0004752   1.04%
KnapSackDoIt()                            51  0.0003045  0.0003045  0.0003045   0.67%
Distribute()                             102  9.517e-05  9.517e-05  9.517e-05   0.21%
knapsack()swap                            96  1.219e-05  1.219e-05  1.219e-05   0.03%
-------------------------------------------------------------------------------------

Pinned Memory Usage:
----------------------------------------------------------------
Name                            Nalloc  Nfree   AvgMem    MaxMem
----------------------------------------------------------------
The_Pinned_Arena::Initialize()       1      1  603 KiB  8192 KiB
----------------------------------------------------------------

AMReX (25.06-22-g1d307c2c661a) finalized
