Initializing AMReX (25.06-22-g1d307c2c661a)...
OMP initialized with 256 OMP threads
AMReX (25.06-22-g1d307c2c661a) initialized
Starting running input_laser_ion running with 6 nodes and 4 ranks per node.
Total steps: 5000, intervals: 100 = 50 runs
Reading precomputed weights and ranks from file: /global/homes/j/jessd/lb_extractor/lb_inputs/imp_20/laser_ion_16_boxes_24_ranks_timers_20_lb_data.txt
/global/homes/j/jessd/lb_extractor/lb_inputs/imp_20/laser_ion_16_boxes_24_ranks_timers_20_lb_data.txt
Run 0: Weights size: 435
Run 1: Weights size: 435
Run 2: Weights size: 435
Run 3: Weights size: 435
Run 4: Weights size: 435
Run 5: Weights size: 435
Run 6: Weights size: 435
Run 7: Weights size: 435
Run 8: Weights size: 435
Run 9: Weights size: 435
Run 10: Weights size: 435
Run 11: Weights size: 435
Run 12: Weights size: 435
Run 13: Weights size: 435
Run 14: Weights size: 435
Run 15: Weights size: 435
Run 16: Weights size: 435
Run 17: Weights size: 435
Run 18: Weights size: 435
Run 19: Weights size: 435
Run 20: Weights size: 435
Run 21: Weights size: 435
Run 22: Weights size: 435
Run 23: Weights size: 435
Run 24: Weights size: 435
Run 25: Weights size: 435
Run 26: Weights size: 435
Run 27: Weights size: 435
Run 28: Weights size: 435
Run 29: Weights size: 435
Run 30: Weights size: 435
Run 31: Weights size: 435
Run 32: Weights size: 435
Run 33: Weights size: 435
Run 34: Weights size: 435
Run 35: Weights size: 435
Run 36: Weights size: 435
Run 37: Weights size: 435
Run 38: Weights size: 435
Run 39: Weights size: 435
Run 40: Weights size: 435
Run 41: Weights size: 435
Run 42: Weights size: 435
Run 43: Weights size: 435
Run 44: Weights size: 435
Run 45: Weights size: 435
Run 46: Weights size: 435
Run 47: Weights size: 435
Run 48: Weights size: 435
Run 49: Weights size: 435
Run 50: Weights size: 435
Run 0
File weights 51 and ranks 51
Original efficiency: 0.6836648685
Original ratio: inf
Knapsack ratio: inf
 Final Knapsack time: 9.0689e-05

Karmarkar-Karp ratio: inf
 Final Karmarkar-Karp time: 0.003647035

 Time take to run this function: 8.21e-07
SFC ratio: inf
 Final SFC time: 7.8146e-05

SFC + Knapsack ratio: inf
 Final SFC+Knapsack_Combined time: 0.000152745

SFC+painterPartition efficiency: 0.7589474061
SFC+Painter ratio: inf
 Final SFC+Painter time: 0.000227554

Painter+Knapsack ratio: inf
 Final painter+Knapsack_Combined time: 0.000205613
Run 1
File weights 51 and ranks 51
Original previous efficiency: 0.3807560633
Original efficiency: 0.3807560633
Original ratio: 1
Knapsack previous efficiency: 0.5681018323
Knapsack ratio: 1.750000486
 Final Knapsack time: 6.992e-05

Karmarkar-Karp previous efficiency: 0.5681018323
Karmarkar-Karp ratio: 1.757392291
 Final Karmarkar-Karp time: 0.001686262

SFC previous efficiency: 0.2680544581
 Time take to run this function: 5.71e-07
SFC ratio: 3.53346881
 Final SFC time: 5.7738e-05

SFC+Knapsack previous efficiency: 0.2537070623
SFC + Knapsack ratio: 3.73200163
 Final SFC+Knapsack_Combined time: 8.6541e-05

SFC+Painter previous efficiency: 0.3010712185
SFC+painterPartition efficiency: 0.9551858687
SFC+Painter ratio: 3.172624316
 Final SFC+Painter time: 0.000156461

Painter+Knapsack previous efficiency: 0.2537070623
Painter+Knapsack ratio: 3.732487099
 Final painter+Knapsack_Combined time: 0.000174796
Run 2
File weights 51 and ranks 51
Original previous efficiency: 0.3705463722
Original efficiency: 0.9666283429
Original ratio: 2.608656879
Knapsack previous efficiency: 0.9666283429
Knapsack ratio: 1.030339952
 Final Knapsack time: 6.2447e-05

Karmarkar-Karp previous efficiency: 0.9623396071
Karmarkar-Karp ratio: 1.036972643
 Final Karmarkar-Karp time: 0.001571288

SFC previous efficiency: 0.910212629
 Time take to run this function: 6.32e-07
SFC ratio: 1.014370807
 Final SFC time: 5.7528e-05

SFC+Knapsack previous efficiency: 0.8822269222
SFC + Knapsack ratio: 1.058091514
 Final SFC+Knapsack_Combined time: 8.558e-05

SFC+Painter previous efficiency: 0.910212629
SFC+painterPartition efficiency: 0.9349289627
SFC+Painter ratio: 1.027154461
 Final SFC+Painter time: 0.000148667

Painter+Knapsack previous efficiency: 0.8830404753
Painter+Knapsack ratio: 1.057116685
 Final painter+Knapsack_Combined time: 0.000176028
Run 3
File weights 51 and ranks 51
Original previous efficiency: 0.9639857944
Original efficiency: 0.9639857944
Original ratio: 1
Knapsack previous efficiency: 0.9639857944
Knapsack ratio: 1.031373091
 Final Knapsack time: 6.0993e-05

Karmarkar-Karp previous efficiency: 0.9693528367
Karmarkar-Karp ratio: 1.031343488
 Final Karmarkar-Karp time: 0.001568632

SFC previous efficiency: 0.9051207288
 Time take to run this function: 5.61e-07
SFC ratio: 1.009915507
 Final SFC time: 5.6315e-05

SFC+Knapsack previous efficiency: 0.8937450252
SFC + Knapsack ratio: 1.040142114
 Final SFC+Knapsack_Combined time: 8.572e-05

SFC+Painter previous efficiency: 0.9051207288
SFC+painterPartition efficiency: 0.9299897978
SFC+Painter ratio: 1.027475969
 Final SFC+Painter time: 0.000165248

Painter+Knapsack previous efficiency: 0.8929305293
Painter+Knapsack ratio: 1.04109089
 Final painter+Knapsack_Combined time: 0.000189503
Run 4
File weights 51 and ranks 51
Original previous efficiency: 0.95510982
Original efficiency: 0.95510982
Original ratio: 1
Knapsack previous efficiency: 0.95510982
Knapsack ratio: 1.040679354
 Final Knapsack time: 6.3118e-05

Karmarkar-Karp previous efficiency: 0.9703167904
Karmarkar-Karp ratio: 1.028609825
 Final Karmarkar-Karp time: 0.001482352

SFC previous efficiency: 0.8975521664
 Time take to run this function: 5.41e-07
SFC ratio: 1.020145117
 Final SFC time: 5.6355e-05

SFC+Knapsack previous efficiency: 0.8863215122
SFC + Knapsack ratio: 1.052283639
 Final SFC+Knapsack_Combined time: 8.5289e-05

SFC+Painter previous efficiency: 0.8975521664
SFC+painterPartition efficiency: 0.9337480468
SFC+Painter ratio: 1.040327328
 Final SFC+Painter time: 0.000152054

Painter+Knapsack previous efficiency: 0.8866499803
Painter+Knapsack ratio: 1.052345689
 Final painter+Knapsack_Combined time: 0.000177541
Run 5
File weights 51 and ranks 51
Original previous efficiency: 0.9542877974
Original efficiency: 0.9542877974
Original ratio: 1
Knapsack previous efficiency: 0.9542877974
Knapsack ratio: 1.040463837
 Final Knapsack time: 6.7526e-05

Karmarkar-Karp previous efficiency: 0.9686898264
Karmarkar-Karp ratio: 1.028439074
 Final Karmarkar-Karp time: 0.001466222

SFC previous efficiency: 0.8932798938
 Time take to run this function: 5.41e-07
SFC ratio: 1.023447436
 Final SFC time: 5.5273e-05

SFC+Knapsack previous efficiency: 0.8792814501
SFC + Knapsack ratio: 1.052965347
 Final SFC+Knapsack_Combined time: 8.4737e-05

SFC+Painter previous efficiency: 0.8932798938
SFC+painterPartition efficiency: 0.9360509245
SFC+Painter ratio: 1.047880884
 Final SFC+Painter time: 0.000153165

Painter+Knapsack previous efficiency: 0.8793655034
Painter+Knapsack ratio: 1.065218505
 Final painter+Knapsack_Combined time: 0.000177671
Run 6
File weights 51 and ranks 51
Original previous efficiency: 0.94787085
Original efficiency: 0.94787085
Original ratio: 1
Knapsack previous efficiency: 0.94787085
Knapsack ratio: 1.047454922
 Final Knapsack time: 6.3127e-05

Karmarkar-Karp previous efficiency: 0.9677512873
Karmarkar-Karp ratio: 1.030477754
 Final Karmarkar-Karp time: 0.001488904

SFC previous efficiency: 0.8907934442
 Time take to run this function: 6.01e-07
SFC ratio: 1.029050706
 Final SFC time: 5.5563e-05

SFC+Knapsack previous efficiency: 0.8750612663
SFC + Knapsack ratio: 1.071855173
 Final SFC+Knapsack_Combined time: 8.4818e-05

SFC+Painter previous efficiency: 0.8907934442
SFC+painterPartition efficiency: 0.9377530398
SFC+Painter ratio: 1.052716593
 Final SFC+Painter time: 0.00015023

Painter+Knapsack previous efficiency: 0.8753661314
Painter+Knapsack ratio: 1.072126029
 Final painter+Knapsack_Combined time: 0.000173844
Run 7
File weights 51 and ranks 51
Original previous efficiency: 0.9444243417
Original efficiency: 0.9444243417
Original ratio: 1
Knapsack previous efficiency: 0.9444243417
Knapsack ratio: 1.052813704
 Final Knapsack time: 6.2696e-05

Karmarkar-Karp previous efficiency: 0.9636704444
Karmarkar-Karp ratio: 1.036042218
 Final Karmarkar-Karp time: 0.001491839

SFC previous efficiency: 0.8879524823
 Time take to run this function: 6.41e-07
SFC ratio: 1.031862578
 Final SFC time: 5.5664e-05

SFC+Knapsack previous efficiency: 0.8717476891
SFC + Knapsack ratio: 1.076671209
 Final SFC+Knapsack_Combined time: 0.000105847

SFC+Painter previous efficiency: 0.8879524823
SFC+painterPartition efficiency: 0.9379467188
SFC+Painter ratio: 1.056302829
 Final SFC+Painter time: 0.000152244

Painter+Knapsack previous efficiency: 0.8716515944
Painter+Knapsack ratio: 1.077171428
 Final painter+Knapsack_Combined time: 0.000175417
Run 8
File weights 51 and ranks 51
Original previous efficiency: 0.9460711233
Original efficiency: 0.9460711233
Original ratio: 1
Knapsack previous efficiency: 0.9460711233
Knapsack ratio: 1.050893288
 Final Knapsack time: 6.2967e-05

Karmarkar-Karp previous efficiency: 0.9581788852
Karmarkar-Karp ratio: 1.039786444
 Final Karmarkar-Karp time: 0.001533237

SFC previous efficiency: 0.8806404775
 Time take to run this function: 5.41e-07
SFC ratio: 1.038054194
 Final SFC time: 5.6245e-05

SFC+Knapsack previous efficiency: 0.8685491572
SFC + Knapsack ratio: 1.082907854
 Final SFC+Knapsack_Combined time: 8.555e-05

SFC+Painter previous efficiency: 0.8806404775
SFC+painterPartition efficiency: 0.9404211799
SFC+Painter ratio: 1.06788321
 Final SFC+Painter time: 0.000151612

Painter+Knapsack previous efficiency: 0.8681636513
Painter+Knapsack ratio: 1.083715784
 Final painter+Knapsack_Combined time: 0.00018783
Run 9
File weights 51 and ranks 51
Original previous efficiency: 0.9434541151
Original efficiency: 0.9434541151
Original ratio: 1
Knapsack previous efficiency: 0.9434541151
Knapsack ratio: 1.052488951
 Final Knapsack time: 6.5412e-05

Karmarkar-Karp previous efficiency: 0.9573812297
Karmarkar-Karp ratio: 1.040516954
 Final Karmarkar-Karp time: 0.00157254

SFC previous efficiency: 0.8751054009
 Time take to run this function: 5.91e-07
SFC ratio: 1.021607357
 Final SFC time: 5.8679e-05

SFC+Knapsack previous efficiency: 0.8632023813
SFC + Knapsack ratio: 1.089644436
 Final SFC+Knapsack_Combined time: 9.4035e-05

SFC+Painter previous efficiency: 0.8751054009
SFC+painterPartition efficiency: 0.9403704194
SFC+Painter ratio: 1.074579609
 Final SFC+Painter time: 0.00016606

Painter+Knapsack previous efficiency: 0.8610378925
Painter+Knapsack ratio: 1.092284157
 Final painter+Knapsack_Combined time: 0.000193741
Run 10
File weights 51 and ranks 51
Original previous efficiency: 0.9508644038
Original efficiency: 0.9508644038
Original ratio: 1
Knapsack previous efficiency: 0.9508644038
Knapsack ratio: 1.048975249
 Final Knapsack time: 6.9119e-05

Karmarkar-Karp previous efficiency: 0.9557709571
Karmarkar-Karp ratio: 1.042775318
 Final Karmarkar-Karp time: 0.001649122

SFC previous efficiency: 0.8536308734
 Time take to run this function: 6.11e-07
SFC ratio: 1.047657855
 Final SFC time: 5.8919e-05

SFC+Knapsack previous efficiency: 0.8656718475
SFC + Knapsack ratio: 1.071363789
 Final SFC+Knapsack_Combined time: 9.2803e-05

SFC+Painter previous efficiency: 0.8536308734
SFC+painterPartition efficiency: 0.943591254
SFC+Painter ratio: 1.105385575
 Final SFC+Painter time: 0.000142596

Painter+Knapsack previous efficiency: 0.8604993713
Painter+Knapsack ratio: 1.095559252
 Final painter+Knapsack_Combined time: 0.000172231
Run 11
File weights 51 and ranks 51
Original previous efficiency: 0.9448503831
Original efficiency: 0.9448503831
Original ratio: 1
Knapsack previous efficiency: 0.9448503831
Knapsack ratio: 1.051852441
 Final Knapsack time: 6.8468e-05

Karmarkar-Karp previous efficiency: 0.9305740183
Karmarkar-Karp ratio: 1.073949513
 Final Karmarkar-Karp time: 0.001752144

SFC previous efficiency: 0.8211047905
 Time take to run this function: 5.11e-07
SFC ratio: 1.073639254
 Final SFC time: 5.6215e-05

SFC+Knapsack previous efficiency: 0.8769880289
SFC + Knapsack ratio: 1.078298167
 Final SFC+Knapsack_Combined time: 8.5579e-05

SFC+Painter previous efficiency: 0.8211047905
SFC+painterPartition efficiency: 0.944264036
SFC+Painter ratio: 1.149992117
 Final SFC+Painter time: 0.000149568

Painter+Knapsack previous efficiency: 0.862985147
Painter+Knapsack ratio: 1.095794739
 Final painter+Knapsack_Combined time: 0.000176459
Run 12
File weights 51 and ranks 51
Original previous efficiency: 0.9353734075
Original efficiency: 0.9353734075
Original ratio: 1
Knapsack previous efficiency: 0.9353734075
Knapsack ratio: 1.064553595
 Final Knapsack time: 6.4019e-05

Karmarkar-Karp previous efficiency: 0.9152536935
Karmarkar-Karp ratio: 1.091270023
 Final Karmarkar-Karp time: 0.001541792

SFC previous efficiency: 0.7991668546
 Time take to run this function: 6.21e-07
SFC ratio: 1.118164865
 Final SFC time: 5.6455e-05

SFC+Knapsack previous efficiency: 0.8552617561
SFC + Knapsack ratio: 1.105934002
 Final SFC+Knapsack_Combined time: 8.4798e-05

SFC+Painter previous efficiency: 0.7991668546
SFC+painterPartition efficiency: 0.9460141773
SFC+Painter ratio: 1.183750517
 Final SFC+Painter time: 0.000201305

Painter+Knapsack previous efficiency: 0.8642097998
Painter+Knapsack ratio: 1.094483141
 Final painter+Knapsack_Combined time: 0.000185315
Run 13
File weights 51 and ranks 51
Original previous efficiency: 0.9323592836
Original efficiency: 0.9323592836
Original ratio: 1
Knapsack previous efficiency: 0.9323592836
Knapsack ratio: 1.067724131
 Final Knapsack time: 6.396e-05

Karmarkar-Karp previous efficiency: 0.9163361969
Karmarkar-Karp ratio: 1.08913303
 Final Karmarkar-Karp time: 0.001534058

SFC previous efficiency: 0.7947824083
 Time take to run this function: 5.62e-07
SFC ratio: 1.124033053
 Final SFC time: 5.6406e-05

SFC+Knapsack previous efficiency: 0.8493657627
SFC + Knapsack ratio: 1.110638132
 Final SFC+Knapsack_Combined time: 8.4958e-05

SFC+Painter previous efficiency: 0.7947824083
SFC+painterPartition efficiency: 0.9440151187
SFC+Painter ratio: 1.187765493
 Final SFC+Painter time: 0.000153175

Painter+Knapsack previous efficiency: 0.8622602046
Painter+Knapsack ratio: 1.094029388
 Final painter+Knapsack_Combined time: 0.000180997
Run 14
File weights 51 and ranks 51
Original previous efficiency: 0.9263503096
Original efficiency: 0.9263503096
Original ratio: 1
Knapsack previous efficiency: 0.9263503096
Knapsack ratio: 1.074167554
 Final Knapsack time: 6.397e-05

Karmarkar-Karp previous efficiency: 0.9103964967
Karmarkar-Karp ratio: 1.096300044
 Final Karmarkar-Karp time: 0.001514462

SFC previous efficiency: 0.787757746
 Time take to run this function: 5.41e-07
SFC ratio: 1.133393207
 Final SFC time: 5.6605e-05

SFC+Knapsack previous efficiency: 0.8442569206
SFC + Knapsack ratio: 1.121920428
 Final SFC+Knapsack_Combined time: 8.561e-05

SFC+Painter previous efficiency: 0.787757746
SFC+painterPartition efficiency: 0.9470160098
SFC+Painter ratio: 1.202166547
 Final SFC+Painter time: 0.00013949

Painter+Knapsack previous efficiency: 0.856983954
Painter+Knapsack ratio: 1.105258834
 Final painter+Knapsack_Combined time: 0.000163855
Run 15
File weights 51 and ranks 51
Original previous efficiency: 0.9241836585
Original efficiency: 0.9241836585
Original ratio: 1
Knapsack previous efficiency: 0.9241836585
Knapsack ratio: 1.076966534
 Final Knapsack time: 6.4009e-05

Karmarkar-Karp previous efficiency: 0.9166161656
Karmarkar-Karp ratio: 1.088009992
 Final Karmarkar-Karp time: 0.001510795

SFC previous efficiency: 0.7883437378
 Time take to run this function: 5.61e-07
SFC ratio: 1.130524397
 Final SFC time: 5.5694e-05

SFC+Knapsack previous efficiency: 0.84586478
SFC + Knapsack ratio: 1.117899873
 Final SFC+Knapsack_Combined time: 8.4016e-05

SFC+Painter previous efficiency: 0.9411491878
SFC+painterPartition efficiency: 0.9441491673
SFC+Painter ratio: 1.003187571
 Final SFC+Painter time: 0.000138558

Painter+Knapsack previous efficiency: 0.849655141
Painter+Knapsack ratio: 1.112912857
 Final painter+Knapsack_Combined time: 0.000164116
Run 16
File weights 51 and ranks 51
Original previous efficiency: 0.9021832384
Original efficiency: 0.9021832384
Original ratio: 1
Knapsack previous efficiency: 0.9021832384
Knapsack ratio: 1.102334106
 Final Knapsack time: 6.4661e-05

Karmarkar-Karp previous efficiency: 0.8947250065
Karmarkar-Karp ratio: 1.115450317
 Final Karmarkar-Karp time: 0.001370243

SFC previous efficiency: 0.756591799
 Time take to run this function: 3.81e-07
SFC ratio: 1.177100616
 Final SFC time: 4.4723e-05

SFC+Knapsack previous efficiency: 0.8076347247
SFC + Knapsack ratio: 1.165283148
 Final SFC+Knapsack_Combined time: 6.6694e-05

SFC+Painter previous efficiency: 0.9066571779
SFC+painterPartition efficiency: 0.9420377696
SFC+Painter ratio: 1.03902312
 Final SFC+Painter time: 9.2503e-05

Painter+Knapsack previous efficiency: 0.8512345195
Painter+Knapsack ratio: 1.106436096
 Final painter+Knapsack_Combined time: 0.000111357
Run 17
File weights 51 and ranks 51
Original previous efficiency: 0.8954265393
Original efficiency: 0.9728092364
Original ratio: 1.086419928
Knapsack previous efficiency: 0.8954265393
Knapsack ratio: 1.110601567
 Final Knapsack time: 5.1727e-05

Karmarkar-Karp previous efficiency: 0.8879619261
Karmarkar-Karp ratio: 1.122025592
 Final Karmarkar-Karp time: 0.000994102

SFC previous efficiency: 0.7309370259
 Time take to run this function: 3.4e-07
SFC ratio: 1.216988122
 Final SFC time: 4.3531e-05

SFC+Knapsack previous efficiency: 0.7797857753
SFC + Knapsack ratio: 1.205905362
 Final SFC+Knapsack_Combined time: 6.6564e-05

SFC+Painter previous efficiency: 0.896036799
SFC+painterPartition efficiency: 0.9418192543
SFC+Painter ratio: 1.051094392
 Final SFC+Painter time: 9.2543e-05

Painter+Knapsack previous efficiency: 0.8365786895
Painter+Knapsack ratio: 1.124222245
 Final painter+Knapsack_Combined time: 0.00011265
Run 18
File weights 51 and ranks 51
Original previous efficiency: 0.8934282475
Original efficiency: 0.9620408486
Original ratio: 1.076796991
Knapsack previous efficiency: 0.8934282475
Knapsack ratio: 1.112236086
 Final Knapsack time: 5.1556e-05

Karmarkar-Karp previous efficiency: 0.8940212585
Karmarkar-Karp ratio: 1.113699748
 Final Karmarkar-Karp time: 0.000975678

SFC previous efficiency: 0.8883148894
 Time take to run this function: 6.02e-07
SFC ratio: 1.034003387
 Final SFC time: 5.1275e-05

SFC+Knapsack previous efficiency: 0.938420727
SFC + Knapsack ratio: 1.00022712
 Final SFC+Knapsack_Combined time: 6.6053e-05

SFC+Painter previous efficiency: 0.8978980011
SFC+painterPartition efficiency: 0.9391039886
SFC+Painter ratio: 1.045891613
 Final SFC+Painter time: 9.2192e-05

Painter+Knapsack previous efficiency: 0.8311818516
Painter+Knapsack ratio: 1.12838956
 Final painter+Knapsack_Combined time: 0.000110195
Run 19
File weights 51 and ranks 51
Original previous efficiency: 0.8886100208
Original efficiency: 0.9555296195
Original ratio: 1.075308175
Knapsack previous efficiency: 0.8886100208
Knapsack ratio: 1.121099066
 Final Knapsack time: 5.0814e-05

Karmarkar-Karp previous efficiency: 0.8941911574
Karmarkar-Karp ratio: 1.113169917
 Final Karmarkar-Karp time: 0.000984003

SFC previous efficiency: 0.8898284593
 Time take to run this function: 3.4e-07
SFC ratio: 1.006070422
 Final SFC time: 4.4273e-05

SFC+Knapsack previous efficiency: 0.9205577911
SFC + Knapsack ratio: 1.018146266
 Final SFC+Knapsack_Combined time: 6.433e-05

SFC+Painter previous efficiency: 0.8948149491
SFC+painterPartition efficiency: 0.9407403232
SFC+Painter ratio: 1.051323879
 Final SFC+Painter time: 0.000105286

Painter+Knapsack previous efficiency: 0.8323559824
Painter+Knapsack ratio: 1.108591223
 Final painter+Knapsack_Combined time: 0.00011252
Run 20
File weights 51 and ranks 51
Original previous efficiency: 0.8816161399
Original efficiency: 0.9479517253
Original ratio: 1.075243161
Knapsack previous efficiency: 0.8816161399
Knapsack ratio: 1.128910451
 Final Knapsack time: 5.1917e-05

Karmarkar-Karp previous efficiency: 0.8876752954
Karmarkar-Karp ratio: 1.122649645
 Final Karmarkar-Karp time: 0.000988341

SFC previous efficiency: 0.8899219789
 Time take to run this function: 3.41e-07
SFC ratio: 1
 Final SFC time: 4.3682e-05

SFC+Knapsack previous efficiency: 0.902909331
SFC + Knapsack ratio: 1.042159318
 Final SFC+Knapsack_Combined time: 6.4921e-05

SFC+Painter previous efficiency: 0.891274071
SFC+painterPartition efficiency: 0.9413331299
SFC+Painter ratio: 1.05616573
 Final SFC+Painter time: 0.000102842

Painter+Knapsack previous efficiency: 0.8264089833
Painter+Knapsack ratio: 1.138631588
 Final painter+Knapsack_Combined time: 0.000118241
Run 21
File weights 51 and ranks 51
Original previous efficiency: 0.885238403
Original efficiency: 0.9311154892
Original ratio: 1.051824555
Knapsack previous efficiency: 0.885238403
Knapsack ratio: 1.123595818
 Final Knapsack time: 5.2228e-05

Karmarkar-Karp previous efficiency: 0.8970363918
Karmarkar-Karp ratio: 1.109105795
 Final Karmarkar-Karp time: 0.000966401

SFC previous efficiency: 0.8716830328
 Time take to run this function: 3.5e-07
SFC ratio: 1.051830338
 Final SFC time: 4.279e-05

SFC+Knapsack previous efficiency: 0.891524337
SFC + Knapsack ratio: 1.052912773
 Final SFC+Knapsack_Combined time: 6.474e-05

SFC+Painter previous efficiency: 0.8716830328
SFC+painterPartition efficiency: 0.9387693094
SFC+Painter ratio: 1.076961779
 Final SFC+Painter time: 9.3525e-05

Painter+Knapsack previous efficiency: 0.8219808024
Painter+Knapsack ratio: 1.141994264
 Final painter+Knapsack_Combined time: 0.00012358
Run 22
File weights 51 and ranks 51
Original previous efficiency: 0.8760187529
Original efficiency: 0.9262283957
Original ratio: 1.057315717
Knapsack previous efficiency: 0.8760187529
Knapsack ratio: 1.136443761
 Final Knapsack time: 5.2067e-05

Karmarkar-Karp previous efficiency: 0.8896522071
Karmarkar-Karp ratio: 1.12128115
 Final Karmarkar-Karp time: 0.000955951

SFC previous efficiency: 0.8436982882
 Time take to run this function: 3.4e-07
SFC ratio: 1.090280152
 Final SFC time: 4.3201e-05

SFC+Knapsack previous efficiency: 0.8844380797
SFC + Knapsack ratio: 1.059798501
 Final SFC+Knapsack_Combined time: 6.3539e-05

SFC+Painter previous efficiency: 0.8436982882
SFC+painterPartition efficiency: 0.9376333565
SFC+Painter ratio: 1.111337275
 Final SFC+Painter time: 0.000103322

Painter+Knapsack previous efficiency: 0.8147710445
Painter+Knapsack ratio: 1.151197096
 Final painter+Knapsack_Combined time: 0.000196295
Run 23
File weights 51 and ranks 51
Original previous efficiency: 0.8749332969
Original efficiency: 0.9231170693
Original ratio: 1.055071367
Knapsack previous efficiency: 0.8749332969
Knapsack ratio: 1.138478742
 Final Knapsack time: 5.1576e-05

Karmarkar-Karp previous efficiency: 0.8807473339
Karmarkar-Karp ratio: 1.132795578
 Final Karmarkar-Karp time: 0.000968023

SFC previous efficiency: 0.8307814996
 Time take to run this function: 3.4e-07
SFC ratio: 1.071048901
 Final SFC time: 4.3972e-05

SFC+Knapsack previous efficiency: 0.8819443865
SFC + Knapsack ratio: 1.064435241
 Final SFC+Knapsack_Combined time: 6.5082e-05

SFC+Painter previous efficiency: 0.8307814996
SFC+painterPartition efficiency: 0.9382297236
SFC+Painter ratio: 1.129333915
 Final SFC+Painter time: 0.000102301

Painter+Knapsack previous efficiency: 0.8096032195
Painter+Knapsack ratio: 1.161235558
 Final painter+Knapsack_Combined time: 0.000117268
Run 24
File weights 51 and ranks 51
Original previous efficiency: 0.8667116523
Original efficiency: 0.9167889268
Original ratio: 1.057778471
Knapsack previous efficiency: 0.8667116523
Knapsack ratio: 1.148484359
 Final Knapsack time: 5.0865e-05

Karmarkar-Karp previous efficiency: 0.871551908
Karmarkar-Karp ratio: 1.145672959
 Final Karmarkar-Karp time: 0.001005343

SFC previous efficiency: 0.8146856094
 Time take to run this function: 3.41e-07
SFC ratio: 1.112986759
 Final SFC time: 4.4112e-05

SFC+Knapsack previous efficiency: 0.8683442907
SFC + Knapsack ratio: 1.068970184
 Final SFC+Knapsack_Combined time: 6.5462e-05

SFC+Painter previous efficiency: 0.8146856094
SFC+painterPartition efficiency: 0.9415577189
SFC+Painter ratio: 1.155731374
 Final SFC+Painter time: 9.8644e-05

Painter+Knapsack previous efficiency: 0.807842155
Painter+Knapsack ratio: 1.162949167
 Final painter+Knapsack_Combined time: 0.000116367
Run 25
File weights 51 and ranks 51
Original previous efficiency: 0.8713728402
Original efficiency: 0.8885684173
Original ratio: 1.019733892
Knapsack previous efficiency: 0.8713728402
Knapsack ratio: 1.141838898
 Final Knapsack time: 5.1345e-05

Karmarkar-Karp previous efficiency: 0.8585456347
Karmarkar-Karp ratio: 1.159630274
 Final Karmarkar-Karp time: 0.001033906

SFC previous efficiency: 0.7858341222
 Time take to run this function: 3.51e-07
SFC ratio: 1.131491626
 Final SFC time: 4.3752e-05

SFC+Knapsack previous efficiency: 0.8608252892
SFC + Knapsack ratio: 1.089827263
 Final SFC+Knapsack_Combined time: 6.6294e-05

SFC+Painter previous efficiency: 0.7858341222
SFC+painterPartition efficiency: 0.9386111903
SFC+Painter ratio: 1.194413889
 Final SFC+Painter time: 0.000103192

Painter+Knapsack previous efficiency: 0.7958048722
Painter+Knapsack ratio: 1.180391312
 Final painter+Knapsack_Combined time: 0.000120605
Run 26
File weights 51 and ranks 51
Original previous efficiency: 0.8649727316
Original efficiency: 0.9777470988
Original ratio: 1.130379101
Knapsack previous efficiency: 0.8649727316
Knapsack ratio: 1.151301652
 Final Knapsack time: 5.1817e-05

Karmarkar-Karp previous efficiency: 0.8425864734
Karmarkar-Karp ratio: 1.184243595
 Final Karmarkar-Karp time: 0.001029038

SFC previous efficiency: 0.7747688827
 Time take to run this function: 3.4e-07
SFC ratio: 1.14777178
 Final SFC time: 4.3181e-05

SFC+Knapsack previous efficiency: 0.8551639267
SFC + Knapsack ratio: 1.098404179
 Final SFC+Knapsack_Combined time: 6.5252e-05

SFC+Painter previous efficiency: 0.7747688827
SFC+painterPartition efficiency: 0.937445176
SFC+Painter ratio: 1.20996751
 Final SFC+Painter time: 0.000108933

Painter+Knapsack previous efficiency: 0.788934942
Painter+Knapsack ratio: 1.190927855
 Final painter+Knapsack_Combined time: 0.000125253
Run 27
File weights 51 and ranks 51
Original previous efficiency: 0.8564614481
Original efficiency: 0.9555050342
Original ratio: 1.115642784
Knapsack previous efficiency: 0.8564614481
Knapsack ratio: 1.163450051
 Final Knapsack time: 5.0785e-05

Karmarkar-Karp previous efficiency: 0.8247948691
Karmarkar-Karp ratio: 1.209029837
 Final Karmarkar-Karp time: 0.001015843

SFC previous efficiency: 0.7598796001
 Time take to run this function: 3.41e-07
SFC ratio: 1.181575895
 Final SFC time: 4.3751e-05

SFC+Knapsack previous efficiency: 0.8552250656
SFC + Knapsack ratio: 1.090958119
 Final SFC+Knapsack_Combined time: 6.6755e-05

SFC+Painter previous efficiency: 0.9209052366
SFC+painterPartition efficiency: 0.9370834731
SFC+Painter ratio: 1.017567754
 Final SFC+Painter time: 0.000108272

Painter+Knapsack previous efficiency: 0.7786989791
Painter+Knapsack ratio: 1.198171249
 Final painter+Knapsack_Combined time: 0.000125494
Run 28
File weights 51 and ranks 51
Original previous efficiency: 0.8743537082
Original efficiency: 0.9504582716
Original ratio: 1.087040934
Knapsack previous efficiency: 0.8743537082
Knapsack ratio: 1.139047425
 Final Knapsack time: 5.1957e-05

Karmarkar-Karp previous efficiency: 0.979827356
Karmarkar-Karp ratio: 1.016367371
 Final Karmarkar-Karp time: 0.000990987

SFC previous efficiency: 0.7470622612
 Time take to run this function: 3.51e-07
SFC ratio: 1.178197973
 Final SFC time: 4.3642e-05

SFC+Knapsack previous efficiency: 0.8512132206
SFC + Knapsack ratio: 1.070026788
 Final SFC+Knapsack_Combined time: 6.5823e-05

SFC+Painter previous efficiency: 0.8785323959
SFC+painterPartition efficiency: 0.9370124673
SFC+Painter ratio: 1.06656564
 Final SFC+Painter time: 0.000105697

Painter+Knapsack previous efficiency: 0.7763513384
Painter+Knapsack ratio: 1.173207159
 Final painter+Knapsack_Combined time: 0.000123039
Run 29
File weights 51 and ranks 51
Original previous efficiency: 0.8667690764
Original efficiency: 0.9478597171
Original ratio: 1.093555069
Knapsack previous efficiency: 0.8667690764
Knapsack ratio: 1.147938206
 Final Knapsack time: 5.1867e-05

Karmarkar-Karp previous efficiency: 0.9697778165
Karmarkar-Karp ratio: 1.028099452
 Final Karmarkar-Karp time: 0.000962644

SFC previous efficiency: 0.7519028144
 Time take to run this function: 3.51e-07
SFC ratio: 1.184732061
 Final SFC time: 4.311e-05

SFC+Knapsack previous efficiency: 0.8522853367
SFC + Knapsack ratio: 1.054694864
 Final SFC+Knapsack_Combined time: 6.6244e-05

SFC+Painter previous efficiency: 0.850773776
SFC+painterPartition efficiency: 0.9379442162
SFC+Painter ratio: 1.102460187
 Final SFC+Painter time: 0.000109173

Painter+Knapsack previous efficiency: 0.7871869097
Painter+Knapsack ratio: 1.141915543
 Final painter+Knapsack_Combined time: 0.000137636
Run 30
File weights 51 and ranks 51
Original previous efficiency: 0.8557733516
Original efficiency: 0.9479122531
Original ratio: 1.107667411
Knapsack previous efficiency: 0.8557733516
Knapsack ratio: 1.162935112
 Final Knapsack time: 5.1987e-05

Karmarkar-Karp previous efficiency: 0.9628798241
Karmarkar-Karp ratio: 1.03531447
 Final Karmarkar-Karp time: 0.000981558

SFC previous efficiency: 0.751290466
 Time take to run this function: 3.5e-07
SFC ratio: 1.221689532
 Final SFC time: 4.3461e-05

SFC+Knapsack previous efficiency: 0.8503456245
SFC + Knapsack ratio: 1.048213808
 Final SFC+Knapsack_Combined time: 6.6244e-05

SFC+Painter previous efficiency: 0.8258128166
SFC+painterPartition efficiency: 0.9341587541
SFC+Painter ratio: 1.131199147
 Final SFC+Painter time: 9.3564e-05

Painter+Knapsack previous efficiency: 0.7914460442
Painter+Knapsack ratio: 1.126222099
 Final painter+Knapsack_Combined time: 0.000110456
Run 31
File weights 51 and ranks 51
Original previous efficiency: 0.8370076442
Original efficiency: 0.9450040692
Original ratio: 1.129026808
Knapsack previous efficiency: 0.8370076442
Knapsack ratio: 1.188856019
 Final Knapsack time: 5.1746e-05

Karmarkar-Karp previous efficiency: 0.9563835062
Karmarkar-Karp ratio: 1.043363214
 Final Karmarkar-Karp time: 0.001018989

SFC previous efficiency: 0.9193048905
 Time take to run this function: 3.31e-07
SFC ratio: 0.9694334234
 Final SFC time: 4.3301e-05

SFC+Knapsack previous efficiency: 0.849190789
SFC + Knapsack ratio: 1.049214527
 Final SFC+Knapsack_Combined time: 6.4931e-05

SFC+Painter previous efficiency: 0.8108039171
SFC+painterPartition efficiency: 0.9330267099
SFC+Painter ratio: 1.150742726
 Final SFC+Painter time: 9.9355e-05

Painter+Knapsack previous efficiency: 0.7861600201
Painter+Knapsack ratio: 1.133335822
 Final painter+Knapsack_Combined time: 0.000133218
Run 32
File weights 51 and ranks 51
Original previous efficiency: 0.8240980873
Original efficiency: 0.928772571
Original ratio: 1.127017021
Knapsack previous efficiency: 0.8240980873
Knapsack ratio: 1.207661792
 Final Knapsack time: 5.2608e-05

Karmarkar-Karp previous efficiency: 0.9361109251
Karmarkar-Karp ratio: 1.065019717
 Final Karmarkar-Karp time: 0.001020792

SFC previous efficiency: 0.8820559791
 Time take to run this function: 3.6e-07
SFC ratio: 1
 Final SFC time: 4.4894e-05

SFC+Knapsack previous efficiency: 0.8461557882
SFC + Knapsack ratio: 1.051490014
 Final SFC+Knapsack_Combined time: 6.6323e-05

SFC+Painter previous efficiency: 0.7689370947
SFC+painterPartition efficiency: 0.9383812901
SFC+Painter ratio: 1.220361583
 Final SFC+Painter time: 0.000114383

Painter+Knapsack previous efficiency: 0.7907192551
Painter+Knapsack ratio: 1.144319449
 Final painter+Knapsack_Combined time: 0.000132507
Run 33
File weights 51 and ranks 51
Original previous efficiency: 0.8061081153
Original efficiency: 0.9093569749
Original ratio: 1.128083141
Knapsack previous efficiency: 0.9856041483
Knapsack ratio: 1.010584466
 Final Knapsack time: 5.1586e-05

Karmarkar-Karp previous efficiency: 0.9276383422
Karmarkar-Karp ratio: 1.074106521
 Final Karmarkar-Karp time: 0.000997469

SFC previous efficiency: 0.8586098678
 Time take to run this function: 3.61e-07
SFC ratio: 1.034122873
 Final SFC time: 4.3952e-05

SFC+Knapsack previous efficiency: 0.8469885842
SFC + Knapsack ratio: 1.061859466
 Final SFC+Knapsack_Combined time: 6.6404e-05

SFC+Painter previous efficiency: 0.9372132175
SFC+painterPartition efficiency: 0.9372132175
SFC+Painter ratio: 1
 Final SFC+Painter time: 0.000106137

Painter+Knapsack previous efficiency: 0.7930194178
Painter+Knapsack ratio: 1.196809857
 Final painter+Knapsack_Combined time: 0.000122969
Run 34
File weights 51 and ranks 51
Original previous efficiency: 0.7806247595
Original efficiency: 0.8887372341
Original ratio: 1.138494806
Knapsack previous efficiency: 0.977443515
Knapsack ratio: 1.017698003
 Final Knapsack time: 5.2327e-05

Karmarkar-Karp previous efficiency: 0.9195599058
Karmarkar-Karp ratio: 1.082135082
 Final Karmarkar-Karp time: 0.001017586

SFC previous efficiency: 0.8486259187
 Time take to run this function: 3.41e-07
SFC ratio: 1.039332573
 Final SFC time: 4.4242e-05

SFC+Knapsack previous efficiency: 0.8455209895
SFC + Knapsack ratio: 1.055300615
 Final SFC+Knapsack_Combined time: 6.5492e-05

SFC+Painter previous efficiency: 0.9361272749
SFC+painterPartition efficiency: 0.9395997064
SFC+Painter ratio: 1.003709358
 Final SFC+Painter time: 9.2763e-05

Painter+Knapsack previous efficiency: 0.785835168
Painter+Knapsack ratio: 1.193059453
 Final painter+Knapsack_Combined time: 0.000111037
Run 35
File weights 51 and ranks 51
Original previous efficiency: 0.7533036168
Original efficiency: 0.9647092632
Original ratio: 1.280638035
Knapsack previous efficiency: 0.9669099385
Knapsack ratio: 1.03103246
 Final Knapsack time: 6.5973e-05

Karmarkar-Karp previous efficiency: 0.907974472
Karmarkar-Karp ratio: 1.096936716
 Final Karmarkar-Karp time: 0.001028196

SFC previous efficiency: 0.8497075078
 Time take to run this function: 3.51e-07
SFC ratio: 1.029792471
 Final SFC time: 4.5134e-05

SFC+Knapsack previous efficiency: 0.8441475332
SFC + Knapsack ratio: 1.110683119
 Final SFC+Knapsack_Combined time: 6.6404e-05

SFC+Painter previous efficiency: 0.9275458302
SFC+painterPartition efficiency: 0.9346286833
SFC+Painter ratio: 1.007636122
 Final SFC+Painter time: 9.5889e-05

Painter+Knapsack previous efficiency: 0.7852450145
Painter+Knapsack ratio: 1.193947238
 Final painter+Knapsack_Combined time: 0.000111167
Run 36
File weights 51 and ranks 51
Original previous efficiency: 0.9381060551
Original efficiency: 0.9381060551
Original ratio: 1
Knapsack previous efficiency: 0.9423351732
Knapsack ratio: 1.055424082
 Final Knapsack time: 5.2207e-05

Karmarkar-Karp previous efficiency: 0.9103896603
Karmarkar-Karp ratio: 1.093521571
 Final Karmarkar-Karp time: 0.000984675

SFC previous efficiency: 0.8596812114
 Time take to run this function: 3.3e-07
SFC ratio: 1
 Final SFC time: 4.2419e-05

SFC+Knapsack previous efficiency: 0.8464382815
SFC + Knapsack ratio: 1.107009972
 Final SFC+Knapsack_Combined time: 6.5241e-05

SFC+Painter previous efficiency: 0.899055919
SFC+painterPartition efficiency: 0.9244840976
SFC+Painter ratio: 1.0282832
 Final SFC+Painter time: 0.000108352

Painter+Knapsack previous efficiency: 0.7871732834
Painter+Knapsack ratio: 1.188486803
 Final painter+Knapsack_Combined time: 0.000111387
Run 37
File weights 51 and ranks 51
Original previous efficiency: 0.9209123914
Original efficiency: 0.9209123914
Original ratio: 1
Knapsack previous efficiency: 0.9233130049
Knapsack ratio: 1.077690472
 Final Knapsack time: 5.2829e-05

Karmarkar-Karp previous efficiency: 0.910153849
Karmarkar-Karp ratio: 1.09552644
 Final Karmarkar-Karp time: 0.000968274

SFC previous efficiency: 0.8548601801
 Time take to run this function: 3.4e-07
SFC ratio: 1.014251713
 Final SFC time: 4.327e-05

SFC+Knapsack previous efficiency: 0.8485339383
SFC + Knapsack ratio: 1.109119735
 Final SFC+Knapsack_Combined time: 6.939e-05

SFC+Painter previous efficiency: 0.8786517258
SFC+painterPartition efficiency: 0.9158855182
SFC+Painter ratio: 1.042376053
 Final SFC+Painter time: 9.4376e-05

Painter+Knapsack previous efficiency: 0.7856461034
Painter+Knapsack ratio: 1.197900342
 Final painter+Knapsack_Combined time: 0.000121997
Run 38
File weights 51 and ranks 51
Original previous efficiency: 0.9071960386
Original efficiency: 0.9071960386
Original ratio: 1
Knapsack previous efficiency: 0.9212512923
Knapsack ratio: 1.080552022
 Final Knapsack time: 5.3079e-05

Karmarkar-Karp previous efficiency: 0.9179007163
Karmarkar-Karp ratio: 1.086543895
 Final Karmarkar-Karp time: 0.001013999

SFC previous efficiency: 0.8605800633
 Time take to run this function: 3.3e-07
SFC ratio: 1.007217317
 Final SFC time: 4.3852e-05

SFC+Knapsack previous efficiency: 0.84648555
SFC + Knapsack ratio: 1.112938864
 Final SFC+Knapsack_Combined time: 6.6855e-05

SFC+Painter previous efficiency: 0.8655317427
SFC+painterPartition efficiency: 0.9209822599
SFC+Painter ratio: 1.064065261
 Final SFC+Painter time: 9.3895e-05

Painter+Knapsack previous efficiency: 0.7909661008
Painter+Knapsack ratio: 1.190835315
 Final painter+Knapsack_Combined time: 0.00011282
Run 39
File weights 51 and ranks 51
Original previous efficiency: 0.8950711249
Original efficiency: 0.8950711249
Original ratio: 1
Knapsack previous efficiency: 0.9143727429
Knapsack ratio: 1.088317588
 Final Knapsack time: 5.2147e-05

Karmarkar-Karp previous efficiency: 0.9256227616
Karmarkar-Karp ratio: 1.078762572
 Final Karmarkar-Karp time: 0.000997489

SFC previous efficiency: 0.8606698061
 Time take to run this function: 3.4e-07
SFC ratio: 1.029657185
 Final SFC time: 4.3972e-05

SFC+Knapsack previous efficiency: 0.8466846252
SFC + Knapsack ratio: 1.106885446
 Final SFC+Knapsack_Combined time: 6.7445e-05

SFC+Painter previous efficiency: 0.8444406467
SFC+painterPartition efficiency: 0.9172635777
SFC+Painter ratio: 1.086238069
 Final SFC+Painter time: 9.5187e-05

Painter+Knapsack previous efficiency: 0.7942500762
Painter+Knapsack ratio: 1.18079263
 Final painter+Knapsack_Combined time: 0.000110366
Run 40
File weights 51 and ranks 51
Original previous efficiency: 0.8763870137
Original efficiency: 0.9720172222
Original ratio: 1.109118696
Knapsack previous efficiency: 0.9031021663
Knapsack ratio: 1.102290085
 Final Knapsack time: 5.1335e-05

Karmarkar-Karp previous efficiency: 0.9189214665
Karmarkar-Karp ratio: 1.085310313
 Final Karmarkar-Karp time: 0.000999422

SFC previous efficiency: 0.8635232982
 Time take to run this function: 3.41e-07
SFC ratio: 1.022929833
 Final SFC time: 4.328e-05

SFC+Knapsack previous efficiency: 0.837811885
SFC + Knapsack ratio: 1.111143913
 Final SFC+Knapsack_Combined time: 6.6694e-05

SFC+Painter previous efficiency: 0.8203781264
SFC+painterPartition efficiency: 0.9138837543
SFC+Painter ratio: 1.113978695
 Final SFC+Painter time: 9.3724e-05

Painter+Knapsack previous efficiency: 0.7986668052
Painter+Knapsack ratio: 1.171192839
 Final painter+Knapsack_Combined time: 0.000110576
Run 41
File weights 51 and ranks 51
Original previous efficiency: 0.868213407
Original efficiency: 0.9653731137
Original ratio: 1.111907632
Knapsack previous efficiency: 0.8998630791
Knapsack ratio: 1.104972833
 Final Knapsack time: 5.2488e-05

Karmarkar-Karp previous efficiency: 0.9137536202
Karmarkar-Karp ratio: 1.091354108
 Final Karmarkar-Karp time: 0.000988021

SFC previous efficiency: 0.8734554592
 Time take to run this function: 3.41e-07
SFC ratio: 1.014993091
 Final SFC time: 4.2409e-05

SFC+Knapsack previous efficiency: 0.8405890245
SFC + Knapsack ratio: 1.108543365
 Final SFC+Knapsack_Combined time: 6.5332e-05

SFC+Painter previous efficiency: 0.815004924
SFC+painterPartition efficiency: 0.9169028104
SFC+Painter ratio: 1.125027326
 Final SFC+Painter time: 9.4385e-05

Painter+Knapsack previous efficiency: 0.8012735149
Painter+Knapsack ratio: 1.162935463
 Final painter+Knapsack_Combined time: 0.000115936
Run 42
File weights 51 and ranks 51
Original previous efficiency: 0.8715750061
Original efficiency: 0.9460737934
Original ratio: 1.085476048
Knapsack previous efficiency: 0.9030504417
Knapsack ratio: 1.101704271
 Final Knapsack time: 5.3149e-05

Karmarkar-Karp previous efficiency: 0.8959576943
Karmarkar-Karp ratio: 1.114046002
 Final Karmarkar-Karp time: 0.001014159

SFC previous efficiency: 0.8633269641
 Time take to run this function: 3.6e-07
SFC ratio: 1.029914713
 Final SFC time: 4.4313e-05

SFC+Knapsack previous efficiency: 0.8310867998
SFC + Knapsack ratio: 1.122346216
 Final SFC+Knapsack_Combined time: 6.5882e-05

SFC+Painter previous efficiency: 0.8081669656
SFC+painterPartition efficiency: 0.9138674723
SFC+Painter ratio: 1.130790432
 Final SFC+Painter time: 9.2733e-05

Painter+Knapsack previous efficiency: 0.7992141507
Painter+Knapsack ratio: 1.167105367
 Final painter+Knapsack_Combined time: 0.000109093
Run 43
File weights 51 and ranks 51
Original previous efficiency: 0.8823988348
Original efficiency: 0.9388895178
Original ratio: 1.064019444
Knapsack previous efficiency: 0.8967031854
Knapsack ratio: 1.110158048
 Final Knapsack time: 5.2007e-05

Karmarkar-Karp previous efficiency: 0.8919369121
Karmarkar-Karp ratio: 1.118674072
 Final Karmarkar-Karp time: 0.000992018

SFC previous efficiency: 0.8482947499
 Time take to run this function: 3.4e-07
SFC ratio: 1.043633339
 Final SFC time: 4.3682e-05

SFC+Knapsack previous efficiency: 0.8161519204
SFC + Knapsack ratio: 1.141080875
 Final SFC+Knapsack_Combined time: 6.5412e-05

SFC+Painter previous efficiency: 0.7973754373
SFC+painterPartition efficiency: 0.9218030472
SFC+Painter ratio: 1.156046455
 Final SFC+Painter time: 9.3895e-05

Painter+Knapsack previous efficiency: 0.7915107701
Painter+Knapsack ratio: 1.179822789
 Final painter+Knapsack_Combined time: 0.000142315
Run 44
File weights 51 and ranks 51
Original previous efficiency: 0.8965958925
Original efficiency: 0.9258892194
Original ratio: 1.032671717
Knapsack previous efficiency: 0.9029333215
Knapsack ratio: 1.100443193
 Final Knapsack time: 5.2548e-05

Karmarkar-Karp previous efficiency: 0.8907116553
Karmarkar-Karp ratio: 1.120053584
 Final Karmarkar-Karp time: 0.000995404

SFC previous efficiency: 0.8344678191
 Time take to run this function: 3.6e-07
SFC ratio: 1.058953581
 Final SFC time: 4.4513e-05

SFC+Knapsack previous efficiency: 0.8074360639
SFC + Knapsack ratio: 1.186794251
 Final SFC+Knapsack_Combined time: 7.6462e-05

SFC+Painter previous efficiency: 0.7849202963
SFC+painterPartition efficiency: 0.9211776743
SFC+Painter ratio: 1.173593903
 Final SFC+Painter time: 9.9976e-05

Painter+Knapsack previous efficiency: 0.7844463506
Painter+Knapsack ratio: 1.181206253
 Final painter+Knapsack_Combined time: 0.000116587
Run 45
File weights 51 and ranks 51
Original previous efficiency: 0.9066611882
Original efficiency: 0.9110853364
Original ratio: 1.004879605
Knapsack previous efficiency: 0.9096411666
Knapsack ratio: 1.093697968
 Final Knapsack time: 5.2277e-05

Karmarkar-Karp previous efficiency: 0.8884929577
Karmarkar-Karp ratio: 1.122200373
 Final Karmarkar-Karp time: 0.001026582

SFC previous efficiency: 0.821405686
 Time take to run this function: 3.41e-07
SFC ratio: 1.055400191
 Final SFC time: 4.3411e-05

SFC+Knapsack previous efficiency: 0.8076933378
SFC + Knapsack ratio: 1.177493751
 Final SFC+Knapsack_Combined time: 6.5593e-05

SFC+Painter previous efficiency: 0.7791469805
SFC+painterPartition efficiency: 0.926199543
SFC+Painter ratio: 1.18873533
 Final SFC+Painter time: 9.3585e-05

Painter+Knapsack previous efficiency: 0.7803229169
Painter+Knapsack ratio: 1.218795242
 Final painter+Knapsack_Combined time: 0.000119262
Run 46
File weights 51 and ranks 51
Original previous efficiency: 0.9005265662
Original efficiency: 0.9099554617
Original ratio: 1.010470425
Knapsack previous efficiency: 0.9072604896
Knapsack ratio: 1.096462929
 Final Knapsack time: 5.2678e-05

Karmarkar-Karp previous efficiency: 0.8914321909
Karmarkar-Karp ratio: 1.119243805
 Final Karmarkar-Karp time: 0.001017295

SFC previous efficiency: 0.8117581638
 Time take to run this function: 3.51e-07
SFC ratio: 1.067756439
 Final SFC time: 4.4122e-05

SFC+Knapsack previous efficiency: 0.8067174597
SFC + Knapsack ratio: 1.178901491
 Final SFC+Knapsack_Combined time: 7.3377e-05

SFC+Painter previous efficiency: 0.7739622627
SFC+painterPartition efficiency: 0.9396088805
SFC+Painter ratio: 1.214024153
 Final SFC+Painter time: 9.3865e-05

Painter+Knapsack previous efficiency: 0.9475047213
Painter+Knapsack ratio: 0.9886018544
 Final painter+Knapsack_Combined time: 0.000110636
Run 47
File weights 51 and ranks 51
Original previous efficiency: 0.8993851744
Original efficiency: 0.918803374
Original ratio: 1.021590527
Knapsack previous efficiency: 0.9158713788
Knapsack ratio: 1.08728981
 Final Knapsack time: 6.7185e-05

Karmarkar-Karp previous efficiency: 0.9013416642
Karmarkar-Karp ratio: 1.106594229
 Final Karmarkar-Karp time: 0.000974716

SFC previous efficiency: 0.7955385225
 Time take to run this function: 3.6e-07
SFC ratio: 1.121881658
 Final SFC time: 4.4022e-05

SFC+Knapsack previous efficiency: 0.8028911401
SFC + Knapsack ratio: 1.182973354
 Final SFC+Knapsack_Combined time: 6.5693e-05

SFC+Painter previous efficiency: 0.9441045757
SFC+painterPartition efficiency: 0.9441045757
SFC+Painter ratio: 1
 Final SFC+Painter time: 9.3164e-05

Painter+Knapsack previous efficiency: 0.9427572502
Painter+Knapsack ratio: 1.007469128
 Final painter+Knapsack_Combined time: 0.000109574
Run 48
File weights 51 and ranks 51
Original previous efficiency: 0.8921796012
Original efficiency: 0.9220360602
Original ratio: 1.033464629
Knapsack previous efficiency: 0.9296040653
Knapsack ratio: 1.070468872
 Final Knapsack time: 5.1847e-05

Karmarkar-Karp previous efficiency: 0.9002730643
Karmarkar-Karp ratio: 1.106509467
 Final Karmarkar-Karp time: 0.001020331

SFC previous efficiency: 0.7781012732
 Time take to run this function: 3.51e-07
SFC ratio: 1.144466402
 Final SFC time: 4.3962e-05

SFC+Knapsack previous efficiency: 0.8028228056
SFC + Knapsack ratio: 1.182852392
 Final SFC+Knapsack_Combined time: 6.6765e-05

SFC+Painter previous efficiency: 0.9302790064
SFC+painterPartition efficiency: 0.9302790064
SFC+Painter ratio: 1
 Final SFC+Painter time: 0.000108562

Painter+Knapsack previous efficiency: 0.9194713412
Painter+Knapsack ratio: 1.032790076
 Final painter+Knapsack_Combined time: 0.000124152
Run 49
File weights 51 and ranks 51
Original previous efficiency: 0.9074750605
Original efficiency: 0.9177696223
Original ratio: 1.011344182
Knapsack previous efficiency: 0.9292751323
Knapsack ratio: 1.071144712
 Final Knapsack time: 6.0032e-05

Karmarkar-Karp previous efficiency: 0.8805334118
Karmarkar-Karp ratio: 1.129305093
 Final Karmarkar-Karp time: 0.000999993

SFC previous efficiency: 0.7640238742
 Time take to run this function: 3.51e-07
SFC ratio: 1.159676891
 Final SFC time: 4.4012e-05

SFC+Knapsack previous efficiency: 0.8027211066
SFC + Knapsack ratio: 1.175460436
 Final SFC+Knapsack_Combined time: 6.6454e-05

SFC+Painter previous efficiency: 0.9009690555
SFC+painterPartition efficiency: 0.9139165161
SFC+Painter ratio: 1.014370594
 Final SFC+Painter time: 9.9716e-05

Painter+Knapsack previous efficiency: 0.9315989393
Painter+Knapsack ratio: 1.01284669
 Final painter+Knapsack_Combined time: 0.000116006
Run 50
File weights 51 and ranks 51
Original previous efficiency: 0.9022638112
Original efficiency: 0.9229093989
Original ratio: 1.022881986
Knapsack previous efficiency: 0.9264094091
Knapsack ratio: 1.075315613
 Final Knapsack time: 5.2498e-05

Karmarkar-Karp previous efficiency: 0.8547970136
Karmarkar-Karp ratio: 1.163928119
 Final Karmarkar-Karp time: 0.000973334

SFC previous efficiency: 0.7553644862
 Time take to run this function: 3.8e-07
SFC ratio: 1.167749082
 Final SFC time: 4.3581e-05

SFC+Knapsack previous efficiency: 0.8114513376
SFC + Knapsack ratio: 1.156098605
 Final SFC+Knapsack_Combined time: 6.6093e-05

SFC+Painter previous efficiency: 0.882076185
SFC+painterPartition efficiency: 0.9081707678
SFC+Painter ratio: 1.029583139
 Final SFC+Painter time: 0.000108722

Painter+Knapsack previous efficiency: 0.9385144204
Painter+Knapsack ratio: 1.017010531
 Final painter+Knapsack_Combined time: 0.000134501


TinyProfiler total time across processes [min...avg...max]: 0.1662 ... 0.1662 ... 0.1662

-------------------------------------------------------------------------------------
Name                                  NCalls  Excl. Min  Excl. Avg  Excl. Max   Max %
-------------------------------------------------------------------------------------
kk()                                      51    0.06121    0.06121    0.06121  36.83%
painterPartition()                       102    0.01009    0.01009    0.01009   6.07%
knapsack()                               663   0.005084   0.005084   0.005084   3.06%
SFCProcessorMapDoIt()                     51   0.001802   0.001802   0.001802   1.08%
SFCProcessorMapDoItCombined()             51    0.00173    0.00173    0.00173   1.04%
SFCProcessorMapDoItCombinedPainter()      51  0.0006854  0.0006854  0.0006854   0.41%
Distribute()                             102  0.0004504  0.0004504  0.0004504   0.27%
KKDoIt()                                  51  0.0003847  0.0003847  0.0003847   0.23%
KnapSackDoIt()                            51  0.0002828  0.0002828  0.0002828   0.17%
knapsack()swap                             1   5.71e-07   5.71e-07   5.71e-07   0.00%
-------------------------------------------------------------------------------------

-------------------------------------------------------------------------------------
Name                                  NCalls  Incl. Min  Incl. Avg  Incl. Max   Max %
-------------------------------------------------------------------------------------
KKDoIt()                                  51     0.0616     0.0616     0.0616  37.06%
kk()                                      51    0.06121    0.06121    0.06121  36.83%
painterPartition()                       102    0.01009    0.01009    0.01009   6.07%
SFCProcessorMapDoItCombinedPainter()      51   0.006567   0.006567   0.006567   3.95%
knapsack()                               663   0.005084   0.005084   0.005084   3.06%
SFCProcessorMapDoItCombined()             51   0.003342   0.003342   0.003342   2.01%
KnapSackDoIt()                            51   0.002519   0.002519   0.002519   1.52%
SFCProcessorMapDoIt()                     51   0.002079   0.002079   0.002079   1.25%
Distribute()                             102  0.0004504  0.0004504  0.0004504   0.27%
knapsack()swap                             1   5.71e-07   5.71e-07   5.71e-07   0.00%
-------------------------------------------------------------------------------------

Pinned Memory Usage:
----------------------------------------------------------------
Name                            Nalloc  Nfree   AvgMem    MaxMem
----------------------------------------------------------------
The_Pinned_Arena::Initialize()       1      1  175 KiB  8192 KiB
----------------------------------------------------------------

AMReX (25.06-22-g1d307c2c661a) finalized
