Initializing AMReX (25.06-22-g1d307c2c661a)...
OMP initialized with 256 OMP threads
AMReX (25.06-22-g1d307c2c661a) initialized
Starting running input_laser_ion running with 6 nodes and 4 ranks per node.
Total steps: 5000, intervals: 100 = 50 runs
Reading precomputed weights and ranks from file: /global/homes/j/jessd/lb_extractor/lb_inputs/imp_30/laser_ion_16_boxes_24_ranks_30_lb_data.txt
/global/homes/j/jessd/lb_extractor/lb_inputs/imp_30/laser_ion_16_boxes_24_ranks_30_lb_data.txt
Run 0: Weights size: 435
Run 1: Weights size: 435
Run 2: Weights size: 435
Run 3: Weights size: 435
Run 4: Weights size: 435
Run 5: Weights size: 435
Run 6: Weights size: 435
Run 7: Weights size: 435
Run 8: Weights size: 435
Run 9: Weights size: 435
Run 10: Weights size: 435
Run 11: Weights size: 435
Run 12: Weights size: 435
Run 13: Weights size: 435
Run 14: Weights size: 435
Run 15: Weights size: 435
Run 16: Weights size: 435
Run 17: Weights size: 435
Run 18: Weights size: 435
Run 19: Weights size: 435
Run 20: Weights size: 435
Run 21: Weights size: 435
Run 22: Weights size: 435
Run 23: Weights size: 435
Run 24: Weights size: 435
Run 25: Weights size: 435
Run 26: Weights size: 435
Run 27: Weights size: 435
Run 28: Weights size: 435
Run 29: Weights size: 435
Run 30: Weights size: 435
Run 31: Weights size: 435
Run 32: Weights size: 435
Run 33: Weights size: 435
Run 34: Weights size: 435
Run 35: Weights size: 435
Run 36: Weights size: 435
Run 37: Weights size: 435
Run 38: Weights size: 435
Run 39: Weights size: 435
Run 40: Weights size: 435
Run 41: Weights size: 435
Run 42: Weights size: 435
Run 43: Weights size: 435
Run 44: Weights size: 435
Run 45: Weights size: 435
Run 46: Weights size: 435
Run 47: Weights size: 435
Run 48: Weights size: 435
Run 49: Weights size: 435
Run 50: Weights size: 435
Run 0
File weights 51 and ranks 51
Original efficiency: 0.31536747
Original ratio: inf
Knapsack ratio: inf
 Final Knapsack time: 6.2296e-05

Karmarkar-Karp ratio: inf
 Final Karmarkar-Karp time: 0.001237235

 Time take to run this function: 4.51e-07
SFC ratio: inf
 Final SFC time: 5.6806e-05

SFC + Knapsack ratio: inf
 Final SFC+Knapsack_Combined time: 7.2895e-05

SFC+painterPartition efficiency: 0.9198304557
SFC+Painter ratio: inf
 Final SFC+Painter time: 0.000126676

Painter+Knapsack ratio: inf
 Final painter+Knapsack_Combined time: 0.000117479
Run 1
File weights 51 and ranks 51
Original previous efficiency: 0.3153648748
Original efficiency: 0.9889878159
Original ratio: 3.136011315
Knapsack previous efficiency: 0.9990484144
Knapsack ratio: 1.000088278
 Final Knapsack time: 4.287e-05

Karmarkar-Karp previous efficiency: 0.9990619165
Karmarkar-Karp ratio: 1.000162548
 Final Karmarkar-Karp time: 0.063059114

SFC previous efficiency: 0.9010634604
 Time take to run this function: 9.91e-07
SFC ratio: 1
 Final SFC time: 0.000163395

SFC+Knapsack previous efficiency: 0.9198018821
SFC + Knapsack ratio: 1.000070308
 Final SFC+Knapsack_Combined time: 6.9479e-05

SFC+Painter previous efficiency: 0.9197927977
SFC+painterPartition efficiency: 0.9198003083
SFC+Painter ratio: 1.000008166
 Final SFC+Painter time: 0.000126866

Painter+Knapsack previous efficiency: 0.9197877189
Painter+Knapsack ratio: 1.00008493
 Final painter+Knapsack_Combined time: 0.000135323
Run 2
File weights 51 and ranks 51
Original previous efficiency: 0.9859371761
Original efficiency: 0.9859371761
Original ratio: 1
Knapsack previous efficiency: 0.9962057335
Knapsack ratio: 1.002950089
 Final Knapsack time: 4.3301e-05

Karmarkar-Karp previous efficiency: 0.9961634313
Karmarkar-Karp ratio: 1.003298598
 Final Karmarkar-Karp time: 0.001413583

SFC previous efficiency: 0.9010448432
 Time take to run this function: 3.8e-07
SFC ratio: 1
 Final SFC time: 4.7058e-05

SFC+Knapsack previous efficiency: 0.9197815443
SFC + Knapsack ratio: 1.000104533
 Final SFC+Knapsack_Combined time: 6.4681e-05

SFC+Painter previous efficiency: 0.9191523605
SFC+painterPartition efficiency: 0.9197706717
SFC+Painter ratio: 1.000672697
 Final SFC+Painter time: 0.00010166

Painter+Knapsack previous efficiency: 0.9197683829
Painter+Knapsack ratio: 1.000118222
 Final painter+Knapsack_Combined time: 0.000115365
Run 3
File weights 51 and ranks 51
Original previous efficiency: 0.986385882
Original efficiency: 0.986385882
Original ratio: 1
Knapsack previous efficiency: 0.9958782445
Knapsack ratio: 1.00313761
 Final Knapsack time: 4.2689e-05

Karmarkar-Karp previous efficiency: 0.995417114
Karmarkar-Karp ratio: 1.003992642
 Final Karmarkar-Karp time: 0.001131639

SFC previous efficiency: 0.9008694227
 Time take to run this function: 3.5e-07
SFC ratio: 1
 Final SFC time: 4.5625e-05

SFC+Knapsack previous efficiency: 0.9197415858
SFC + Knapsack ratio: 1.000141247
 Final SFC+Knapsack_Combined time: 6.1314e-05

SFC+Painter previous efficiency: 0.9174110914
SFC+painterPartition efficiency: 0.9197466644
SFC+Painter ratio: 1.00254583
 Final SFC+Painter time: 0.000111508

Painter+Knapsack previous efficiency: 0.9197335036
Painter+Knapsack ratio: 1.000151592
 Final painter+Knapsack_Combined time: 0.000114193
Run 4
File weights 51 and ranks 51
Original previous efficiency: 0.9859331877
Original efficiency: 0.9859331877
Original ratio: 1
Knapsack previous efficiency: 0.9949869583
Knapsack ratio: 1.004010162
 Final Knapsack time: 4.2449e-05

Karmarkar-Karp previous efficiency: 0.9950026124
Karmarkar-Karp ratio: 1.004147083
 Final Karmarkar-Karp time: 0.001135817

SFC previous efficiency: 0.9006657353
 Time take to run this function: 3.61e-07
SFC ratio: 1
 Final SFC time: 4.5265e-05

SFC+Knapsack previous efficiency: 0.9197147403
SFC + Knapsack ratio: 1.000157817
 Final SFC+Knapsack_Combined time: 6.0482e-05

SFC+Painter previous efficiency: 0.9178636253
SFC+painterPartition efficiency: 0.9197196755
SFC+Painter ratio: 1.002022142
 Final SFC+Painter time: 0.000106158

Painter+Knapsack previous efficiency: 0.9197057998
Painter+Knapsack ratio: 1.000167539
 Final painter+Knapsack_Combined time: 0.000116016
Run 5
File weights 51 and ranks 51
Original previous efficiency: 0.9855032118
Original efficiency: 0.9855032118
Original ratio: 1
Knapsack previous efficiency: 0.9940167438
Knapsack ratio: 1.004918696
 Final Knapsack time: 4.1958e-05

Karmarkar-Karp previous efficiency: 0.9946042016
Karmarkar-Karp ratio: 1.004630706
 Final Karmarkar-Karp time: 0.001184947

SFC previous efficiency: 0.9005657242
 Time take to run this function: 3.71e-07
SFC ratio: 1
 Final SFC time: 4.6256e-05

SFC+Knapsack previous efficiency: 0.919687646
SFC + Knapsack ratio: 1.000098698
 Final SFC+Knapsack_Combined time: 6.0703e-05

SFC+Painter previous efficiency: 0.9187479416
SFC+painterPartition efficiency: 0.9196962288
SFC+Painter ratio: 1.001032152
 Final SFC+Painter time: 0.000102

Painter+Knapsack previous efficiency: 0.9196664756
Painter+Knapsack ratio: 1.000193521
 Final painter+Knapsack_Combined time: 0.000113923
Run 6
File weights 51 and ranks 51
Original previous efficiency: 0.9845558528
Original efficiency: 0.9845558528
Original ratio: 1
Knapsack previous efficiency: 0.9925996112
Knapsack ratio: 1.006343555
 Final Knapsack time: 4.2329e-05

Karmarkar-Karp previous efficiency: 0.9935894244
Karmarkar-Karp ratio: 1.00593424
 Final Karmarkar-Karp time: 0.001289853

SFC previous efficiency: 0.900484785
 Time take to run this function: 4.11e-07
SFC ratio: 1
 Final SFC time: 5.4271e-05

SFC+Knapsack previous efficiency: 0.9196569587
SFC + Knapsack ratio: 1.000103753
 Final SFC+Knapsack_Combined time: 6.1374e-05

SFC+Painter previous efficiency: 0.9196583175
SFC+painterPartition efficiency: 0.9196749104
SFC+Painter ratio: 1.000018042
 Final SFC+Painter time: 0.000106097

Painter+Knapsack previous efficiency: 0.9196440853
Painter+Knapsack ratio: 1.000196477
 Final painter+Knapsack_Combined time: 0.000116597
Run 7
File weights 51 and ranks 51
Original previous efficiency: 0.982997958
Original efficiency: 0.982997958
Original ratio: 1
Knapsack previous efficiency: 0.9917398801
Knapsack ratio: 1.007259829
 Final Knapsack time: 4.295e-05

Karmarkar-Karp previous efficiency: 0.9917188024
Karmarkar-Karp ratio: 1.007680662
 Final Karmarkar-Karp time: 0.001271609

SFC previous efficiency: 0.9003740749
 Time take to run this function: 3.5e-07
SFC ratio: 1
 Final SFC time: 4.5044e-05

SFC+Knapsack previous efficiency: 0.9196391823
SFC + Knapsack ratio: 1.000185745
 Final SFC+Knapsack_Combined time: 6.0944e-05

SFC+Painter previous efficiency: 0.9196280969
SFC+painterPartition efficiency: 0.9196534861
SFC+Painter ratio: 1.000027608
 Final SFC+Painter time: 0.000105597

Painter+Knapsack previous efficiency: 0.9196220896
Painter+Knapsack ratio: 1.000204335
 Final painter+Knapsack_Combined time: 0.00016638
Run 8
File weights 51 and ranks 51
Original previous efficiency: 0.9817221496
Original efficiency: 0.9817221496
Original ratio: 1
Knapsack previous efficiency: 0.9900882497
Knapsack ratio: 1.009091535
 Final Knapsack time: 5.5454e-05

Karmarkar-Karp previous efficiency: 0.9902057308
Karmarkar-Karp ratio: 1.008966483
 Final Karmarkar-Karp time: 0.001381985

SFC previous efficiency: 0.9000891629
 Time take to run this function: 3.8e-07
SFC ratio: 1
 Final SFC time: 4.6997e-05

SFC+Knapsack previous efficiency: 0.9196042623
SFC + Knapsack ratio: 1.000196325
 Final SFC+Knapsack_Combined time: 6.0442e-05

SFC+Painter previous efficiency: 0.9189162819
SFC+painterPartition efficiency: 0.9196242868
SFC+Painter ratio: 1.000770478
 Final SFC+Painter time: 0.000107721

Painter+Knapsack previous efficiency: 0.9195835948
Painter+Knapsack ratio: 1.000218804
 Final painter+Knapsack_Combined time: 0.000129001
Run 9
File weights 51 and ranks 51
Original previous efficiency: 0.9776640511
Original efficiency: 0.9776640511
Original ratio: 1
Knapsack previous efficiency: 0.9857847623
Knapsack ratio: 1.013229265
 Final Knapsack time: 4.3421e-05

Karmarkar-Karp previous efficiency: 0.9894995763
Karmarkar-Karp ratio: 1.010055012
 Final Karmarkar-Karp time: 0.001229982

SFC previous efficiency: 0.8993194988
 Time take to run this function: 3.71e-07
SFC ratio: 1
 Final SFC time: 4.4834e-05

SFC+Knapsack previous efficiency: 0.917870967
SFC + Knapsack ratio: 1.001958487
 Final SFC+Knapsack_Combined time: 5.9561e-05

SFC+Painter previous efficiency: 0.9144016721
SFC+painterPartition efficiency: 0.9195787033
SFC+Painter ratio: 1.00566166
 Final SFC+Painter time: 0.000106449

Painter+Knapsack previous efficiency: 0.9177557007
Painter+Knapsack ratio: 1.002084329
 Final painter+Knapsack_Combined time: 0.000114934
Run 10
File weights 51 and ranks 51
Original previous efficiency: 0.9668384573
Original efficiency: 0.9668384573
Original ratio: 1
Knapsack previous efficiency: 0.9752217874
Knapsack ratio: 1.023824201
 Final Knapsack time: 4.333e-05

Karmarkar-Karp previous efficiency: 0.9782166297
Karmarkar-Karp ratio: 1.020931647
 Final Karmarkar-Karp time: 0.001314378

SFC previous efficiency: 0.8820019065
 Time take to run this function: 3.71e-07
SFC ratio: 1.018468261
 Final SFC time: 5.9521e-05

SFC+Knapsack previous efficiency: 0.9047375896
SFC + Knapsack ratio: 1.016463504
 Final SFC+Knapsack_Combined time: 0.000164035

SFC+Painter previous efficiency: 0.8820019065
SFC+painterPartition efficiency: 0.9195483475
SFC+Painter ratio: 1.042569569
 Final SFC+Painter time: 0.000109714

Painter+Knapsack previous efficiency: 0.9046291921
Painter+Knapsack ratio: 1.016585302
 Final painter+Knapsack_Combined time: 0.000117218
Run 11
File weights 51 and ranks 51
Original previous efficiency: 0.9403873391
Original efficiency: 0.9403873391
Original ratio: 1
Knapsack previous efficiency: 0.9602784081
Knapsack ratio: 1.039996235
 Final Knapsack time: 4.4042e-05

Karmarkar-Karp previous efficiency: 0.955375282
Karmarkar-Karp ratio: 1.045119926
 Final Karmarkar-Karp time: 0.001183395

SFC previous efficiency: 0.8344059626
 Time take to run this function: 3.51e-07
SFC ratio: 1.074660747
 Final SFC time: 4.6106e-05

SFC+Knapsack previous efficiency: 0.8839269426
SFC + Knapsack ratio: 1.039614795
 Final SFC+Knapsack_Combined time: 6.0743e-05

SFC+Painter previous efficiency: 0.8344059626
SFC+painterPartition efficiency: 0.9188605561
SFC+Painter ratio: 1.101215232
 Final SFC+Painter time: 0.000112259

Painter+Knapsack previous efficiency: 0.8838332477
Painter+Knapsack ratio: 1.03972646
 Final painter+Knapsack_Combined time: 0.000121276
Run 12
File weights 51 and ranks 51
Original previous efficiency: 0.9273361987
Original efficiency: 0.9273361987
Original ratio: 1
Knapsack previous efficiency: 0.9527563771
Knapsack ratio: 1.048156739
 Final Knapsack time: 4.3391e-05

Karmarkar-Karp previous efficiency: 0.9462818089
Karmarkar-Karp ratio: 1.055202618
 Final Karmarkar-Karp time: 0.001166964

SFC previous efficiency: 0.8165471993
 Time take to run this function: 4.61e-07
SFC ratio: 1.0976792
 Final SFC time: 6.1315e-05

SFC+Knapsack previous efficiency: 0.8755267941
SFC + Knapsack ratio: 1.049709028
 Final SFC+Knapsack_Combined time: 6.1785e-05

SFC+Painter previous efficiency: 0.8165471993
SFC+painterPartition efficiency: 0.9185958103
SFC+Painter ratio: 1.124975765
 Final SFC+Painter time: 0.000140742

Painter+Knapsack previous efficiency: 0.8754216097
Painter+Knapsack ratio: 1.049835154
 Final painter+Knapsack_Combined time: 0.000119753
Run 13
File weights 51 and ranks 51
Original previous efficiency: 0.9240032444
Original efficiency: 0.9240032444
Original ratio: 1
Knapsack previous efficiency: 0.9481392084
Knapsack ratio: 1.053124443
 Final Knapsack time: 4.3161e-05

Karmarkar-Karp previous efficiency: 0.9439098506
Karmarkar-Karp ratio: 1.058095928
 Final Karmarkar-Karp time: 0.001333094

SFC previous efficiency: 0.812853324
 Time take to run this function: 3.51e-07
SFC ratio: 1.084883058
 Final SFC time: 4.6136e-05

SFC+Knapsack previous efficiency: 0.8743783375
SFC + Knapsack ratio: 1.050938308
 Final SFC+Knapsack_Combined time: 6.3228e-05

SFC+Painter previous efficiency: 0.812853324
SFC+painterPartition efficiency: 0.9184451011
SFC+Painter ratio: 1.129902621
 Final SFC+Painter time: 0.00010723

Painter+Knapsack previous efficiency: 0.8742777474
Painter+Knapsack ratio: 1.051059223
 Final painter+Knapsack_Combined time: 0.00011765
Run 14
File weights 51 and ranks 51
Original previous efficiency: 0.9254897981
Original efficiency: 0.9254897981
Original ratio: 1
Knapsack previous efficiency: 0.9446302301
Knapsack ratio: 1.056907692
 Final Knapsack time: 4.3701e-05

Karmarkar-Karp previous efficiency: 0.9437965459
Karmarkar-Karp ratio: 1.057833403
 Final Karmarkar-Karp time: 0.001077257

SFC previous efficiency: 0.8137522602
 Time take to run this function: 3.51e-07
SFC ratio: 1.083415045
 Final SFC time: 4.5675e-05

SFC+Knapsack previous efficiency: 0.8749807447
SFC + Knapsack ratio: 1.049962857
 Final SFC+Knapsack_Combined time: 7.4328e-05

SFC+Painter previous efficiency: 0.8137522602
SFC+painterPartition efficiency: 0.9181963744
SFC+Painter ratio: 1.128348785
 Final SFC+Painter time: 0.000109544

Painter+Knapsack previous efficiency: 0.8748722102
Painter+Knapsack ratio: 1.050093113
 Final painter+Knapsack_Combined time: 0.000120314
Run 15
File weights 51 and ranks 51
Original previous efficiency: 0.9269288474
Original efficiency: 0.9269288474
Original ratio: 1
Knapsack previous efficiency: 0.941665138
Knapsack ratio: 1.060469409
 Final Knapsack time: 4.3391e-05

Karmarkar-Karp previous efficiency: 0.9430627226
Karmarkar-Karp ratio: 1.059388961
 Final Karmarkar-Karp time: 0.001065334

SFC previous efficiency: 0.817629298
 Time take to run this function: 3.5e-07
SFC ratio: 1.074988263
 Final SFC time: 4.5074e-05

SFC+Knapsack previous efficiency: 0.8747367548
SFC + Knapsack ratio: 1.04708725
 Final SFC+Knapsack_Combined time: 6.0522e-05

SFC+Painter previous efficiency: 0.817629298
SFC+painterPartition efficiency: 0.9153978854
SFC+Painter ratio: 1.11957569
 Final SFC+Painter time: 0.000103262

Painter+Knapsack previous efficiency: 0.8746397123
Painter+Knapsack ratio: 1.047203426
 Final painter+Knapsack_Combined time: 0.000146012
Run 16
File weights 51 and ranks 51
Original previous efficiency: 0.9008374744
Original efficiency: 0.9949094235
Original ratio: 1.104427216
Knapsack previous efficiency: 0.9131101338
Knapsack ratio: 1.093318976
 Final Knapsack time: 4.3791e-05

Karmarkar-Karp previous efficiency: 0.9129120357
Karmarkar-Karp ratio: 1.094085217
 Final Karmarkar-Karp time: 0.001245761

SFC previous efficiency: 0.760786608
 Time take to run this function: 4e-07
SFC ratio: 1.151312374
 Final SFC time: 4.9082e-05

SFC+Knapsack previous efficiency: 0.8513504263
SFC + Knapsack ratio: 1.072119063
 Final SFC+Knapsack_Combined time: 6.1665e-05

SFC+Painter previous efficiency: 0.760786608
SFC+painterPartition efficiency: 0.9122605637
SFC+Painter ratio: 1.199101764
 Final SFC+Painter time: 0.000106138

Painter+Knapsack previous efficiency: 0.8512431717
Painter+Knapsack ratio: 1.07225373
 Final painter+Knapsack_Combined time: 0.000114163
Run 17
File weights 51 and ranks 51
Original previous efficiency: 0.8985345994
Original efficiency: 0.9878988583
Original ratio: 1.099455557
Knapsack previous efficiency: 0.9043206528
Knapsack ratio: 1.10406276
 Final Knapsack time: 4.4213e-05

Karmarkar-Karp previous efficiency: 0.9116833378
Karmarkar-Karp ratio: 1.095806213
 Final Karmarkar-Karp time: 0.001108926

SFC previous efficiency: 0.7554187842
 Time take to run this function: 3.7e-07
SFC ratio: 1.158570228
 Final SFC time: 4.4563e-05

SFC+Knapsack previous efficiency: 0.8513976809
SFC + Knapsack ratio: 1.071227851
 Final SFC+Knapsack_Combined time: 6.0142e-05

SFC+Painter previous efficiency: 0.7554187842
SFC+painterPartition efficiency: 0.9115133999
SFC+Painter ratio: 1.20663322
 Final SFC+Painter time: 0.000117269

Painter+Knapsack previous efficiency: 0.8512896479
Painter+Knapsack ratio: 1.071363796
 Final painter+Knapsack_Combined time: 0.000114543
Run 18
File weights 51 and ranks 51
Original previous efficiency: 0.8963342356
Original efficiency: 0.9814900597
Original ratio: 1.095004543
Knapsack previous efficiency: 0.9030278005
Knapsack ratio: 1.105621313
 Final Knapsack time: 5.401e-05

Karmarkar-Karp previous efficiency: 0.912851662
Karmarkar-Karp ratio: 1.094285811
 Final Karmarkar-Karp time: 0.001134103

SFC previous efficiency: 0.7573918324
 Time take to run this function: 4e-07
SFC ratio: 1.202883632
 Final SFC time: 4.8811e-05

SFC+Knapsack previous efficiency: 0.8525184412
SFC + Knapsack ratio: 1.069328408
 Final SFC+Knapsack_Combined time: 7.3436e-05

SFC+Painter previous efficiency: 0.7573918324
SFC+painterPartition efficiency: 0.9110725191
SFC+Painter ratio: 1.202907769
 Final SFC+Painter time: 9.9285e-05

Painter+Knapsack previous efficiency: 0.8524105055
Painter+Knapsack ratio: 1.069463228
 Final painter+Knapsack_Combined time: 0.000108011
Run 19
File weights 51 and ranks 51
Original previous efficiency: 0.9202087583
Original efficiency: 0.9712315713
Original ratio: 1.055446998
Knapsack previous efficiency: 0.8964724228
Knapsack ratio: 1.113818876
 Final Knapsack time: 4.4583e-05

Karmarkar-Karp previous efficiency: 0.9263157527
Karmarkar-Karp ratio: 1.077770596
 Final Karmarkar-Karp time: 0.0011165

SFC previous efficiency: 0.7705386524
 Time take to run this function: 3.5e-07
SFC ratio: 1.181854585
 Final SFC time: 4.5635e-05

SFC+Knapsack previous efficiency: 0.8734611636
SFC + Knapsack ratio: 1.040117139
 Final SFC+Knapsack_Combined time: 6.0853e-05

SFC+Painter previous efficiency: 0.775713007
SFC+painterPartition efficiency: 0.9106781668
SFC+Painter ratio: 1.173988522
 Final SFC+Painter time: 9.5888e-05

Painter+Knapsack previous efficiency: 0.8554319451
Painter+Knapsack ratio: 1.065128393
 Final painter+Knapsack_Combined time: 0.000106889
Run 20
File weights 51 and ranks 51
Original previous efficiency: 0.9327394454
Original efficiency: 0.9534593091
Original ratio: 1.022213989
Knapsack previous efficiency: 0.884742193
Knapsack ratio: 1.128743236
 Final Knapsack time: 4.5074e-05

Karmarkar-Karp previous efficiency: 0.9230811885
Karmarkar-Karp ratio: 1.082143611
 Final Karmarkar-Karp time: 0.001133983

SFC previous efficiency: 0.7694639908
 Time take to run this function: 3.6e-07
SFC ratio: 1.183089165
 Final SFC time: 4.5785e-05

SFC+Knapsack previous efficiency: 0.852923631
SFC + Knapsack ratio: 1.067952856
 Final SFC+Knapsack_Combined time: 6.8938e-05

SFC+Painter previous efficiency: 0.786969271
SFC+painterPartition efficiency: 0.910390316
SFC+Painter ratio: 1.156830831
 Final SFC+Painter time: 0.000125273

Painter+Knapsack previous efficiency: 0.8550647999
Painter+Knapsack ratio: 1.065279672
 Final painter+Knapsack_Combined time: 0.000127727
Run 21
File weights 51 and ranks 51
Original previous efficiency: 0.9269891775
Original efficiency: 0.9448436269
Original ratio: 1.019260688
Knapsack previous efficiency: 0.8805025207
Knapsack ratio: 1.134750236
 Final Knapsack time: 4.4804e-05

Karmarkar-Karp previous efficiency: 0.9120030631
Karmarkar-Karp ratio: 1.094801238
 Final Karmarkar-Karp time: 0.001144042

SFC previous efficiency: 0.7642220094
 Time take to run this function: 3.61e-07
SFC ratio: 1.189990564
 Final SFC time: 4.5685e-05

SFC+Knapsack previous efficiency: 0.8381635192
SFC + Knapsack ratio: 1.085688703
 Final SFC+Knapsack_Combined time: 6.1415e-05

SFC+Painter previous efficiency: 0.7892754941
SFC+painterPartition efficiency: 0.9094672658
SFC+Painter ratio: 1.15228114
 Final SFC+Painter time: 0.000104655

Painter+Knapsack previous efficiency: 0.8552821519
Painter+Knapsack ratio: 1.06395844
 Final painter+Knapsack_Combined time: 0.000116317
Run 22
File weights 51 and ranks 51
Original previous efficiency: 0.9186645281
Original efficiency: 0.9400311331
Original ratio: 1.023258332
Knapsack previous efficiency: 0.8835541258
Knapsack ratio: 1.130123229
 Final Knapsack time: 4.5064e-05

Karmarkar-Karp previous efficiency: 0.9055006566
Karmarkar-Karp ratio: 1.102736989
 Final Karmarkar-Karp time: 0.001053123

SFC previous efficiency: 0.7597658003
 Time take to run this function: 3.41e-07
SFC ratio: 1.195985658
 Final SFC time: 4.4483e-05

SFC+Knapsack previous efficiency: 0.8271948251
SFC + Knapsack ratio: 1.099223181
 Final SFC+Knapsack_Combined time: 6.0172e-05

SFC+Painter previous efficiency: 0.7824831822
SFC+painterPartition efficiency: 0.9087369124
SFC+Painter ratio: 1.161350088
 Final SFC+Painter time: 0.000101258

Painter+Knapsack previous efficiency: 0.8532625429
Painter+Knapsack ratio: 1.065641208
 Final painter+Knapsack_Combined time: 0.00017221
Run 23
File weights 51 and ranks 51
Original previous efficiency: 0.9223946171
Original efficiency: 0.9406531118
Original ratio: 1.019794667
Knapsack previous efficiency: 0.8931230258
Knapsack ratio: 1.117942145
 Final Knapsack time: 4.4413e-05

Karmarkar-Karp previous efficiency: 0.8985448003
Karmarkar-Karp ratio: 1.111857944
 Final Karmarkar-Karp time: 0.001073109

SFC previous efficiency: 0.7627278412
 Time take to run this function: 3.61e-07
SFC ratio: 1.190893961
 Final SFC time: 4.4273e-05

SFC+Knapsack previous efficiency: 0.8250005636
SFC + Knapsack ratio: 1.101758373
 Final SFC+Knapsack_Combined time: 6.0252e-05

SFC+Painter previous efficiency: 0.7824603822
SFC+painterPartition efficiency: 0.9084795201
SFC+Painter ratio: 1.161054976
 Final SFC+Painter time: 0.000106689

Painter+Knapsack previous efficiency: 0.854598822
Painter+Knapsack ratio: 1.063599967
 Final painter+Knapsack_Combined time: 0.000116407
Run 24
File weights 51 and ranks 51
Original previous efficiency: 0.9239784728
Original efficiency: 0.9217951592
Original ratio: 0.9976370514
Knapsack previous efficiency: 0.880326935
Knapsack ratio: 1.134303402
 Final Knapsack time: 4.4293e-05

Karmarkar-Karp previous efficiency: 0.8835675343
Karmarkar-Karp ratio: 1.129948046
 Final Karmarkar-Karp time: 0.001113554

SFC previous efficiency: 0.7671035384
 Time take to run this function: 3.61e-07
SFC ratio: 1.183652982
 Final SFC time: 4.5505e-05

SFC+Knapsack previous efficiency: 0.8059956414
SFC + Knapsack ratio: 1.137270243
 Final SFC+Knapsack_Combined time: 6.1685e-05

SFC+Painter previous efficiency: 0.7855056418
SFC+painterPartition efficiency: 0.9081485173
SFC+Painter ratio: 1.156132393
 Final SFC+Painter time: 0.00010214

Painter+Knapsack previous efficiency: 0.8525047503
Painter+Knapsack ratio: 1.075225515
 Final painter+Knapsack_Combined time: 0.00011241
Run 25
File weights 51 and ranks 51
Original previous efficiency: 0.9216547024
Original efficiency: 0.9123867164
Original ratio: 0.9899441884
Knapsack previous efficiency: 0.8795411146
Knapsack ratio: 1.13495074
 Final Knapsack time: 4.5224e-05

Karmarkar-Karp previous efficiency: 0.88010995
Karmarkar-Karp ratio: 1.134737634
 Final Karmarkar-Karp time: 0.001151184

SFC previous efficiency: 0.761349102
 Time take to run this function: 3.91e-07
SFC ratio: 1.192287527
 Final SFC time: 5.6074e-05

SFC+Knapsack previous efficiency: 0.7914108512
SFC + Knapsack ratio: 1.158974851
 Final SFC+Knapsack_Combined time: 6.0684e-05

SFC+Painter previous efficiency: 0.7758119353
SFC+painterPartition efficiency: 0.9079139462
SFC+Painter ratio: 1.170275817
 Final SFC+Painter time: 0.000101258

Painter+Knapsack previous efficiency: 0.851210592
Painter+Knapsack ratio: 1.077553877
 Final painter+Knapsack_Combined time: 0.000111708
Run 26
File weights 51 and ranks 51
Original previous efficiency: 0.920117163
Original efficiency: 0.914794111
Original ratio: 0.9942148106
Knapsack previous efficiency: 0.8820813117
Knapsack ratio: 1.131962435
 Final Knapsack time: 4.6366e-05

Karmarkar-Karp previous efficiency: 0.876424105
Karmarkar-Karp ratio: 1.139385215
 Final Karmarkar-Karp time: 0.001029348

SFC previous efficiency: 0.7628319695
 Time take to run this function: 3.5e-07
SFC ratio: 1.189686263
 Final SFC time: 4.4252e-05

SFC+Knapsack previous efficiency: 0.7878882767
SFC + Knapsack ratio: 1.166776359
 Final SFC+Knapsack_Combined time: 5.9351e-05

SFC+Painter previous efficiency: 0.7759359518
SFC+painterPartition efficiency: 0.9076833244
SFC+Painter ratio: 1.169791556
 Final SFC+Painter time: 9.3855e-05

Painter+Knapsack previous efficiency: 0.851850526
Painter+Knapsack ratio: 1.079167515
 Final painter+Knapsack_Combined time: 0.000104926
Run 27
File weights 51 and ranks 51
Original previous efficiency: 0.9276434865
Original efficiency: 0.910023144
Original ratio: 0.9810052647
Knapsack previous efficiency: 0.8858989102
Knapsack ratio: 1.127314105
 Final Knapsack time: 4.5074e-05

Karmarkar-Karp previous efficiency: 0.870093698
Karmarkar-Karp ratio: 1.147531481
 Final Karmarkar-Karp time: 0.00112713

SFC previous efficiency: 0.7696287269
 Time take to run this function: 1.293e-06
SFC ratio: 1.161046567
 Final SFC time: 0.000110326

SFC+Knapsack previous efficiency: 0.7931141572
SFC + Knapsack ratio: 1.157861934
 Final SFC+Knapsack_Combined time: 0.000189774

SFC+Painter previous efficiency: 0.7694176895
SFC+painterPartition efficiency: 0.907971586
SFC+Painter ratio: 1.180076308
 Final SFC+Painter time: 0.000215792

Painter+Knapsack previous efficiency: 0.856471047
Painter+Knapsack ratio: 1.072209849
 Final painter+Knapsack_Combined time: 0.000109824
Run 28
File weights 51 and ranks 51
Original previous efficiency: 0.9204838039
Original efficiency: 0.9987962625
Original ratio: 1.085077498
Knapsack previous efficiency: 0.884684467
Knapsack ratio: 1.129154035
 Final Knapsack time: 4.5514e-05

Karmarkar-Karp previous efficiency: 0.8709651861
Karmarkar-Karp ratio: 1.146812221
 Final Karmarkar-Karp time: 0.001122812

SFC previous efficiency: 0.7870027293
 Time take to run this function: 3.6e-07
SFC ratio: 1.142147351
 Final SFC time: 4.5344e-05

SFC+Knapsack previous efficiency: 0.7962189407
SFC + Knapsack ratio: 1.154268968
 Final SFC+Knapsack_Combined time: 8.2344e-05

SFC+Painter previous efficiency: 0.7746831865
SFC+painterPartition efficiency: 0.9076923963
SFC+Painter ratio: 1.171694974
 Final SFC+Painter time: 9.8894e-05

Painter+Knapsack previous efficiency: 0.8545413754
Painter+Knapsack ratio: 1.07549013
 Final painter+Knapsack_Combined time: 0.000109373
Run 29
File weights 51 and ranks 51
Original previous efficiency: 0.9128845461
Original efficiency: 0.9878125073
Original ratio: 1.082078245
Knapsack previous efficiency: 0.883462041
Knapsack ratio: 1.130293961
 Final Knapsack time: 4.5795e-05

Karmarkar-Karp previous efficiency: 0.8697666171
Karmarkar-Karp ratio: 1.147980392
 Final Karmarkar-Karp time: 0.001080594

SFC previous efficiency: 0.8023697776
 Time take to run this function: 3.6e-07
SFC ratio: 1.129752834
 Final SFC time: 4.5484e-05

SFC+Knapsack previous efficiency: 0.8057947139
SFC + Knapsack ratio: 1.142301065
 Final SFC+Knapsack_Combined time: 6.0453e-05

SFC+Painter previous efficiency: 0.7884569677
SFC+painterPartition efficiency: 0.9074013503
SFC+Painter ratio: 1.150857165
 Final SFC+Painter time: 9.4767e-05

Painter+Knapsack previous efficiency: 0.8531290387
Painter+Knapsack ratio: 1.078889495
 Final painter+Knapsack_Combined time: 0.000116277
Run 30
File weights 51 and ranks 51
Original previous efficiency: 0.9028248806
Original efficiency: 0.9783063425
Original ratio: 1.083605873
Knapsack previous efficiency: 0.8797590095
Knapsack ratio: 1.13540496
 Final Knapsack time: 4.5064e-05

Karmarkar-Karp previous efficiency: 0.8776143228
Karmarkar-Karp ratio: 1.137983561
 Final Karmarkar-Karp time: 0.001163788

SFC previous efficiency: 0.8165126559
 Time take to run this function: 3.5e-07
SFC ratio: 1.109875981
 Final SFC time: 4.6246e-05

SFC+Knapsack previous efficiency: 0.8038592563
SFC + Knapsack ratio: 1.144861795
 Final SFC+Knapsack_Combined time: 6.1003e-05

SFC+Painter previous efficiency: 0.7865246022
SFC+painterPartition efficiency: 0.9071862156
SFC+Painter ratio: 1.153411111
 Final SFC+Painter time: 0.000113442

Painter+Knapsack previous efficiency: 0.8542544393
Painter+Knapsack ratio: 1.074013842
 Final painter+Knapsack_Combined time: 0.000120575
Run 31
File weights 51 and ranks 51
Original previous efficiency: 0.8955415417
Original efficiency: 0.9738207827
Original ratio: 1.08740995
Knapsack previous efficiency: 0.8729327983
Knapsack ratio: 1.14421239
 Final Knapsack time: 5.928e-05

Karmarkar-Karp previous efficiency: 0.8759546166
Karmarkar-Karp ratio: 1.140471397
 Final Karmarkar-Karp time: 0.001200227

SFC previous efficiency: 0.821053471
 Time take to run this function: 3.81e-07
SFC ratio: 1.103559222
 Final SFC time: 4.5515e-05

SFC+Knapsack previous efficiency: 0.7982804491
SFC + Knapsack ratio: 1.153194608
 Final SFC+Knapsack_Combined time: 6.0502e-05

SFC+Painter previous efficiency: 0.7896188237
SFC+painterPartition efficiency: 0.9071035158
SFC+Painter ratio: 1.14878659
 Final SFC+Painter time: 0.000103132

Painter+Knapsack previous efficiency: 0.8565122426
Painter+Knapsack ratio: 1.066724357
 Final painter+Knapsack_Combined time: 0.000112439
Run 32
File weights 51 and ranks 51
Original previous efficiency: 0.8881022405
Original efficiency: 0.9519849974
Original ratio: 1.07193176
Knapsack previous efficiency: 0.8623627586
Knapsack ratio: 1.158386014
 Final Knapsack time: 4.5064e-05

Karmarkar-Karp previous efficiency: 0.8722943335
Karmarkar-Karp ratio: 1.14456004
 Final Karmarkar-Karp time: 0.001155813

SFC previous efficiency: 0.8074574583
 Time take to run this function: 3.6e-07
SFC ratio: 1.121922232
 Final SFC time: 4.5024e-05

SFC+Knapsack previous efficiency: 0.8098152579
SFC + Knapsack ratio: 1.120502397
 Final SFC+Knapsack_Combined time: 6.0563e-05

SFC+Painter previous efficiency: 0.7680564041
SFC+painterPartition efficiency: 0.9069580258
SFC+Painter ratio: 1.180848205
 Final SFC+Painter time: 0.000105507

Painter+Knapsack previous efficiency: 0.8581020975
Painter+Knapsack ratio: 1.073881937
 Final painter+Knapsack_Combined time: 0.000131314
Run 33
File weights 51 and ranks 51
Original previous efficiency: 0.8782150013
Original efficiency: 0.943857244
Original ratio: 1.074745071
Knapsack previous efficiency: 0.8656697027
Knapsack ratio: 1.153313203
 Final Knapsack time: 4.8029e-05

Karmarkar-Karp previous efficiency: 0.8711213422
Karmarkar-Karp ratio: 1.146600664
 Final Karmarkar-Karp time: 0.001125477

SFC previous efficiency: 0.7909830698
 Time take to run this function: 3.6e-07
SFC ratio: 1.141193815
 Final SFC time: 4.4493e-05

SFC+Knapsack previous efficiency: 0.8071141825
SFC + Knapsack ratio: 1.124736272
 Final SFC+Knapsack_Combined time: 6.0272e-05

SFC+Painter previous efficiency: 0.7553190438
SFC+painterPartition efficiency: 0.9066096985
SFC+Painter ratio: 1.200300331
 Final SFC+Painter time: 9.7802e-05

Painter+Knapsack previous efficiency: 0.8502232746
Painter+Knapsack ratio: 1.083380714
 Final painter+Knapsack_Combined time: 0.000106869
Run 34
File weights 51 and ranks 51
Original previous efficiency: 0.8688619304
Original efficiency: 0.9295543323
Original ratio: 1.069852758
Knapsack previous efficiency: 0.8645530899
Knapsack ratio: 1.155229254
 Final Knapsack time: 4.4974e-05

Karmarkar-Karp previous efficiency: 0.8667671419
Karmarkar-Karp ratio: 1.152501752
 Final Karmarkar-Karp time: 0.001084982

SFC previous efficiency: 0.77577201
 Time take to run this function: 3.51e-07
SFC ratio: 1.136927413
 Final SFC time: 4.4453e-05

SFC+Knapsack previous efficiency: 0.8019412681
SFC + Knapsack ratio: 1.133340265
 Final SFC+Knapsack_Combined time: 5.9842e-05

SFC+Painter previous efficiency: 0.7518879796
SFC+painterPartition efficiency: 0.907582006
SFC+Painter ratio: 1.207070775
 Final SFC+Painter time: 9.4847e-05

Painter+Knapsack previous efficiency: 0.8414960903
Painter+Knapsack ratio: 1.080067204
 Final painter+Knapsack_Combined time: 0.000105827
Run 35
File weights 51 and ranks 51
Original previous efficiency: 0.8558138772
Original efficiency: 0.9254425948
Original ratio: 1.08135965
Knapsack previous efficiency: 0.8589960704
Knapsack ratio: 1.162199065
 Final Knapsack time: 4.5895e-05

Karmarkar-Karp previous efficiency: 0.858219406
Karmarkar-Karp ratio: 1.163174767
 Final Karmarkar-Karp time: 0.001115639

SFC previous efficiency: 0.7636696251
 Time take to run this function: 3.7e-07
SFC ratio: 1.159228794
 Final SFC time: 4.3892e-05

SFC+Knapsack previous efficiency: 0.7978476214
SFC + Knapsack ratio: 1.141906239
 Final SFC+Knapsack_Combined time: 6.1405e-05

SFC+Painter previous efficiency: 0.75785057
SFC+painterPartition efficiency: 0.9098332562
SFC+Painter ratio: 1.200544398
 Final SFC+Painter time: 9.4145e-05

Painter+Knapsack previous efficiency: 0.8293718924
Painter+Knapsack ratio: 1.098502595
 Final painter+Knapsack_Combined time: 0.000105637
Run 36
File weights 51 and ranks 51
Original previous efficiency: 0.8458159569
Original efficiency: 0.9149077359
Original ratio: 1.08168654
Knapsack previous efficiency: 0.8576167252
Knapsack ratio: 1.165076594
 Final Knapsack time: 4.5264e-05

Karmarkar-Karp previous efficiency: 0.8504504447
Karmarkar-Karp ratio: 1.174129553
 Final Karmarkar-Karp time: 0.001184627

SFC previous efficiency: 0.7482019963
 Time take to run this function: 3.6e-07
SFC ratio: 1.155049839
 Final SFC time: 4.4403e-05

SFC+Knapsack previous efficiency: 0.7883200304
SFC + Knapsack ratio: 1.149652473
 Final SFC+Knapsack_Combined time: 6.0944e-05

SFC+Painter previous efficiency: 0.7627793944
SFC+painterPartition efficiency: 0.9119904363
SFC+Painter ratio: 1.195614935
 Final SFC+Painter time: 9.677e-05

Painter+Knapsack previous efficiency: 0.8169701982
Painter+Knapsack ratio: 1.094233518
 Final painter+Knapsack_Combined time: 0.000108251
Run 37
File weights 51 and ranks 51
Original previous efficiency: 0.8392845655
Original efficiency: 0.9986926924
Original ratio: 1.189933347
Knapsack previous efficiency: 0.8572810287
Knapsack ratio: 1.164853707
 Final Knapsack time: 4.5876e-05

Karmarkar-Karp previous efficiency: 0.8368650801
Karmarkar-Karp ratio: 1.193493157
 Final Karmarkar-Karp time: 0.001146035

SFC previous efficiency: 0.7435922822
 Time take to run this function: 3.4e-07
SFC ratio: 1.185326797
 Final SFC time: 4.4994e-05

SFC+Knapsack previous efficiency: 0.7829548323
SFC + Knapsack ratio: 1.152052447
 Final SFC+Knapsack_Combined time: 6.5091e-05

SFC+Painter previous efficiency: 0.7669032512
SFC+painterPartition efficiency: 0.9180230035
SFC+Painter ratio: 1.197051912
 Final SFC+Painter time: 0.000109514

Painter+Knapsack previous efficiency: 0.8085267634
Painter+Knapsack ratio: 1.106629971
 Final painter+Knapsack_Combined time: 0.000108321
Run 38
File weights 51 and ranks 51
Original previous efficiency: 0.8411521903
Original efficiency: 0.9818583223
Original ratio: 1.167277853
Knapsack previous efficiency: 0.8591307072
Knapsack ratio: 1.162513165
 Final Knapsack time: 4.5595e-05

Karmarkar-Karp previous efficiency: 0.8255952181
Karmarkar-Karp ratio: 1.210026456
 Final Karmarkar-Karp time: 0.001090621

SFC previous efficiency: 0.7426279769
 Time take to run this function: 3.51e-07
SFC ratio: 1.179018941
 Final SFC time: 4.4163e-05

SFC+Knapsack previous efficiency: 0.7832834148
SFC + Knapsack ratio: 1.153440775
 Final SFC+Knapsack_Combined time: 6.0823e-05

SFC+Painter previous efficiency: 0.7672655905
SFC+painterPartition efficiency: 0.9179977875
SFC+Painter ratio: 1.196453743
 Final SFC+Painter time: 9.5458e-05

Painter+Knapsack previous efficiency: 0.8055521462
Painter+Knapsack ratio: 1.109744809
 Final painter+Knapsack_Combined time: 0.000106148
Run 39
File weights 51 and ranks 51
Original previous efficiency: 0.8434841344
Original efficiency: 0.9691744312
Original ratio: 1.149013232
Knapsack previous efficiency: 0.8507477117
Knapsack ratio: 1.173781306
 Final Knapsack time: 4.5746e-05

Karmarkar-Karp previous efficiency: 0.8062413683
Karmarkar-Karp ratio: 1.239321643
 Final Karmarkar-Karp time: 0.001278031

SFC previous efficiency: 0.7401373794
 Time take to run this function: 3.71e-07
SFC ratio: 1.17653922
 Final SFC time: 4.5545e-05

SFC+Knapsack previous efficiency: 0.7827524338
SFC + Knapsack ratio: 1.154442467
 Final SFC+Knapsack_Combined time: 6.0012e-05

SFC+Painter previous efficiency: 0.7729894755
SFC+painterPartition efficiency: 0.9185830389
SFC+Painter ratio: 1.188351288
 Final SFC+Painter time: 0.000119452

Painter+Knapsack previous efficiency: 0.8019178528
Painter+Knapsack ratio: 1.112373288
 Final painter+Knapsack_Combined time: 0.000131135
Run 40
File weights 51 and ranks 51
Original previous efficiency: 0.8446086397
Original efficiency: 0.9458725383
Original ratio: 1.119894462
Knapsack previous efficiency: 0.8552393293
Knapsack ratio: 1.167263778
 Final Knapsack time: 4.5955e-05

Karmarkar-Karp previous efficiency: 0.7897049236
Karmarkar-Karp ratio: 1.264192338
 Final Karmarkar-Karp time: 0.001228789

SFC previous efficiency: 0.7431441868
 Time take to run this function: 3.71e-07
SFC ratio: 1.215465996
 Final SFC time: 4.4663e-05

SFC+Knapsack previous efficiency: 0.779565563
SFC + Knapsack ratio: 1.160568258
 Final SFC+Knapsack_Combined time: 6.1044e-05

SFC+Painter previous efficiency: 0.7726401328
SFC+painterPartition efficiency: 0.9175855545
SFC+Painter ratio: 1.187597583
 Final SFC+Painter time: 0.00011267

Painter+Knapsack previous efficiency: 0.7960604993
Painter+Knapsack ratio: 1.12415004
 Final painter+Knapsack_Combined time: 0.000229768
Run 41
File weights 51 and ranks 51
Original previous efficiency: 0.8505136325
Original efficiency: 0.9277271583
Original ratio: 1.090784583
Knapsack previous efficiency: 0.8525441228
Knapsack ratio: 1.171353888
 Final Knapsack time: 4.5635e-05

Karmarkar-Karp previous efficiency: 0.777175461
Karmarkar-Karp ratio: 1.28532929
 Final Karmarkar-Karp time: 0.001321753

SFC previous efficiency: 0.7444770048
 Time take to run this function: 3.61e-07
SFC ratio: 1.212746865
 Final SFC time: 4.4593e-05

SFC+Knapsack previous efficiency: 0.7766509069
SFC + Knapsack ratio: 1.165044049
 Final SFC+Knapsack_Combined time: 9.0468e-05

SFC+Painter previous efficiency: 0.7697613573
SFC+painterPartition efficiency: 0.9141026865
SFC+Painter ratio: 1.187514387
 Final SFC+Painter time: 0.000109645

Painter+Knapsack previous efficiency: 0.7910009932
Painter+Knapsack ratio: 1.130270791
 Final painter+Knapsack_Combined time: 0.000141653
Run 42
File weights 51 and ranks 51
Original previous efficiency: 0.8617100507
Original efficiency: 0.9211920556
Original ratio: 1.069027865
Knapsack previous efficiency: 0.8468418985
Knapsack ratio: 1.179175836
 Final Knapsack time: 4.5715e-05

Karmarkar-Karp previous efficiency: 0.7701136851
Karmarkar-Karp ratio: 1.296528159
 Final Karmarkar-Karp time: 0.001322754

SFC previous efficiency: 0.7464339753
 Time take to run this function: 4.3e-07
SFC ratio: 1.161475117
 Final SFC time: 5.0053e-05

SFC+Knapsack previous efficiency: 0.7793611763
SFC + Knapsack ratio: 1.161405214
 Final SFC+Knapsack_Combined time: 6.2386e-05

SFC+Painter previous efficiency: 0.7610988098
SFC+painterPartition efficiency: 0.90381015
SFC+Painter ratio: 1.187506981
 Final SFC+Painter time: 0.000131415

Painter+Knapsack previous efficiency: 0.7905271864
Painter+Knapsack ratio: 1.131228062
 Final painter+Knapsack_Combined time: 0.00012321
Run 43
File weights 51 and ranks 51
Original previous efficiency: 0.8803695055
Original efficiency: 0.9163612726
Original ratio: 1.040882569
Knapsack previous efficiency: 0.841801476
Knapsack ratio: 1.185692829
 Final Knapsack time: 4.6196e-05

Karmarkar-Karp previous efficiency: 0.7666567253
Karmarkar-Karp ratio: 1.303032864
 Final Karmarkar-Karp time: 0.001240882

SFC previous efficiency: 0.7606933225
 Time take to run this function: 3.71e-07
SFC ratio: 1.168908183
 Final SFC time: 4.7308e-05

SFC+Knapsack previous efficiency: 0.7980267372
SFC + Knapsack ratio: 1.134921823
 Final SFC+Knapsack_Combined time: 6.0172e-05

SFC+Painter previous efficiency: 0.7550639925
SFC+painterPartition efficiency: 0.9029441179
SFC+Painter ratio: 1.195851116
 Final SFC+Painter time: 0.000116777

Painter+Knapsack previous efficiency: 0.7981941779
Painter+Knapsack ratio: 1.119872739
 Final painter+Knapsack_Combined time: 0.000109724
Run 44
File weights 51 and ranks 51
Original previous efficiency: 0.8818121887
Original efficiency: 0.9097825205
Original ratio: 1.031719149
Knapsack previous efficiency: 0.8397111538
Knapsack ratio: 1.189426128
 Final Knapsack time: 4.6366e-05

Karmarkar-Karp previous efficiency: 0.9805731799
Karmarkar-Karp ratio: 1.018453797
 Final Karmarkar-Karp time: 0.001210325

SFC previous efficiency: 0.7791249138
 Time take to run this function: 3.8e-07
SFC ratio: 1.144774644
 Final SFC time: 4.5364e-05

SFC+Knapsack previous efficiency: 0.8226142767
SFC + Knapsack ratio: 1.10821466
 Final SFC+Knapsack_Combined time: 6.1134e-05

SFC+Painter previous efficiency: 0.7576254748
SFC+painterPartition efficiency: 0.908908031
SFC+Painter ratio: 1.19967987
 Final SFC+Painter time: 0.000124733

Painter+Knapsack previous efficiency: 0.8151624348
Painter+Knapsack ratio: 1.092395762
 Final painter+Knapsack_Combined time: 0.000125163
Run 45
File weights 51 and ranks 51
Original previous efficiency: 0.8845326484
Original efficiency: 0.9985826863
Original ratio: 1.128938189
Knapsack previous efficiency: 0.8442749337
Knapsack ratio: 1.182854613
 Final Knapsack time: 4.5866e-05

Karmarkar-Karp previous efficiency: 0.9663489261
Karmarkar-Karp ratio: 1.033407437
 Final Karmarkar-Karp time: 0.001197651

SFC previous efficiency: 0.7873081688
 Time take to run this function: 4.3e-07
SFC ratio: 1.141235957
 Final SFC time: 6.7045e-05

SFC+Knapsack previous efficiency: 0.833305688
SFC + Knapsack ratio: 1.083016874
 Final SFC+Knapsack_Combined time: 6.2406e-05

SFC+Painter previous efficiency: 0.7623944947
SFC+painterPartition efficiency: 0.9093272507
SFC+Painter ratio: 1.192725363
 Final SFC+Painter time: 0.000107821

Painter+Knapsack previous efficiency: 0.8207990757
Painter+Knapsack ratio: 1.081044956
 Final painter+Knapsack_Combined time: 0.000151872
Run 46
File weights 51 and ranks 51
Original previous efficiency: 0.8854229646
Original efficiency: 0.9902013701
Original ratio: 1.118337122
Knapsack previous efficiency: 0.8529831725
Knapsack ratio: 1.171040874
 Final Knapsack time: 4.7208e-05

Karmarkar-Karp previous efficiency: 0.9589553588
Karmarkar-Karp ratio: 1.041027835
 Final Karmarkar-Karp time: 0.001254377

SFC previous efficiency: 0.7913284864
 Time take to run this function: 4.71e-07
SFC ratio: 1.080604826
 Final SFC time: 6.2306e-05

SFC+Knapsack previous efficiency: 0.8358369447
SFC + Knapsack ratio: 1.135467675
 Final SFC+Knapsack_Combined time: 6.2236e-05

SFC+Painter previous efficiency: 0.7707138551
SFC+painterPartition efficiency: 0.9097282933
SFC+Painter ratio: 1.180371012
 Final SFC+Painter time: 0.000115124

Painter+Knapsack previous efficiency: 0.8258788792
Painter+Knapsack ratio: 1.071941734
 Final painter+Knapsack_Combined time: 0.000207807
Run 47
File weights 51 and ranks 51
Original previous efficiency: 0.8882671867
Original efficiency: 0.9692987045
Original ratio: 1.091224261
Knapsack previous efficiency: 0.8583153593
Knapsack ratio: 1.163499412
 Final Knapsack time: 6.4129e-05

Karmarkar-Karp previous efficiency: 0.9546293102
Karmarkar-Karp ratio: 1.046394661
 Final Karmarkar-Karp time: 0.001143611

SFC previous efficiency: 0.7982398125
 Time take to run this function: 4.51e-07
SFC ratio: 1.15010101
 Final SFC time: 5.4793e-05

SFC+Knapsack previous efficiency: 0.8358042674
SFC + Knapsack ratio: 1.146276786
 Final SFC+Knapsack_Combined time: 6.1985e-05

SFC+Painter previous efficiency: 0.7851584083
SFC+painterPartition efficiency: 0.9238622198
SFC+Painter ratio: 1.176657105
 Final SFC+Painter time: 0.000110987

Painter+Knapsack previous efficiency: 0.8373278603
Painter+Knapsack ratio: 1.124547159
 Final painter+Knapsack_Combined time: 0.000162142
Run 48
File weights 51 and ranks 51
Original previous efficiency: 0.8773185396
Original efficiency: 0.9620037324
Original ratio: 1.096527303
Knapsack previous efficiency: 0.865097647
Knapsack ratio: 1.154530267
 Final Knapsack time: 4.8901e-05

Karmarkar-Karp previous efficiency: 0.9523714321
Karmarkar-Karp ratio: 1.048770513
 Final Karmarkar-Karp time: 0.001252344

SFC previous efficiency: 0.7966692005
 Time take to run this function: 3.71e-07
SFC ratio: 1.151160266
 Final SFC time: 4.4923e-05

SFC+Knapsack previous efficiency: 0.8306106789
SFC + Knapsack ratio: 1.149571347
 Final SFC+Knapsack_Combined time: 6.0412e-05

SFC+Painter previous efficiency: 0.7931534876
SFC+painterPartition efficiency: 0.9347062684
SFC+Painter ratio: 1.178468333
 Final SFC+Painter time: 9.5898e-05

Painter+Knapsack previous efficiency: 0.8552562822
Painter+Knapsack ratio: 1.095060269
 Final painter+Knapsack_Combined time: 0.000106469
Run 49
File weights 51 and ranks 51
Original previous efficiency: 0.8660818578
Original efficiency: 0.9568144961
Original ratio: 1.104762197
Knapsack previous efficiency: 0.8894483849
Knapsack ratio: 1.12287105
 Final Knapsack time: 4.5465e-05

Karmarkar-Karp previous efficiency: 0.9426461959
Karmarkar-Karp ratio: 1.060129713
 Final Karmarkar-Karp time: 0.001048774

SFC previous efficiency: 0.7802104791
 Time take to run this function: 3.51e-07
SFC ratio: 1.173079586
 Final SFC time: 4.4803e-05

SFC+Knapsack previous efficiency: 0.8249716009
SFC + Knapsack ratio: 1.150831741
 Final SFC+Knapsack_Combined time: 6.0923e-05

SFC+Painter previous efficiency: 0.7939042587
SFC+painterPartition efficiency: 0.9303771751
SFC+Painter ratio: 1.171900975
 Final SFC+Painter time: 0.000100968

Painter+Knapsack previous efficiency: 0.8693481901
Painter+Knapsack ratio: 1.014961787
 Final painter+Knapsack_Combined time: 0.000111007
Run 50
File weights 51 and ranks 51
Original previous efficiency: 0.8577245469
Original efficiency: 0.949495047
Original ratio: 1.106992974
Knapsack previous efficiency: 0.8949864396
Knapsack ratio: 1.115385178
 Final Knapsack time: 4.6086e-05

Karmarkar-Karp previous efficiency: 0.937860109
Karmarkar-Karp ratio: 1.064373642
 Final Karmarkar-Karp time: 0.001139533

SFC previous efficiency: 0.7700386521
 Time take to run this function: 3.71e-07
SFC ratio: 1.187337937
 Final SFC time: 4.6116e-05

SFC+Knapsack previous efficiency: 0.8214959399
SFC + Knapsack ratio: 1.149780802
 Final SFC+Knapsack_Combined time: 6.1504e-05

SFC+Painter previous efficiency: 0.7816666109
SFC+painterPartition efficiency: 0.9280148342
SFC+Painter ratio: 1.187225885
 Final SFC+Painter time: 0.000104335

Painter+Knapsack previous efficiency: 0.8629843966
Painter+Knapsack ratio: 1.018999343
 Final painter+Knapsack_Combined time: 0.000106418


TinyProfiler total time across processes [min...avg...max]: 0.2197 ... 0.2197 ... 0.2197

-------------------------------------------------------------------------------------
Name                                  NCalls  Excl. Min  Excl. Avg  Excl. Max   Max %
-------------------------------------------------------------------------------------
kk()                                      51     0.1208     0.1208     0.1208  55.01%
painterPartition()                       102    0.00946    0.00946    0.00946   4.31%
knapsack()                               663   0.003718   0.003718   0.003718   1.69%
SFCProcessorMapDoIt()                     51   0.001873   0.001873   0.001873   0.85%
SFCProcessorMapDoItCombined()             51   0.001667   0.001667   0.001667   0.76%
SFCProcessorMapDoItCombinedPainter()      51  0.0006292  0.0006292  0.0006292   0.29%
KKDoIt()                                  51  0.0004631  0.0004631  0.0004631   0.21%
Distribute()                             102  0.0004238  0.0004238  0.0004238   0.19%
KnapSackDoIt()                            51  0.0002663  0.0002663  0.0002663   0.12%
knapsack()swap                            35  7.972e-06  7.972e-06  7.972e-06   0.00%
-------------------------------------------------------------------------------------

-------------------------------------------------------------------------------------
Name                                  NCalls  Incl. Min  Incl. Avg  Incl. Max   Max %
-------------------------------------------------------------------------------------
KKDoIt()                                  51     0.1213     0.1213     0.1213  55.22%
kk()                                      51     0.1208     0.1208     0.1208  55.01%
painterPartition()                       102    0.00946    0.00946    0.00946   4.31%
SFCProcessorMapDoItCombinedPainter()      51   0.005811   0.005811   0.005811   2.65%
knapsack()                               663   0.003726   0.003726   0.003726   1.70%
SFCProcessorMapDoItCombined()             51   0.002971   0.002971   0.002971   1.35%
SFCProcessorMapDoIt()                     51   0.002126   0.002126   0.002126   0.97%
KnapSackDoIt()                            51   0.001942   0.001942   0.001942   0.88%
Distribute()                             102  0.0004238  0.0004238  0.0004238   0.19%
knapsack()swap                            35  7.972e-06  7.972e-06  7.972e-06   0.00%
-------------------------------------------------------------------------------------

Pinned Memory Usage:
----------------------------------------------------------------
Name                            Nalloc  Nfree   AvgMem    MaxMem
----------------------------------------------------------------
The_Pinned_Arena::Initialize()       1      1  127 KiB  8192 KiB
----------------------------------------------------------------

AMReX (25.06-22-g1d307c2c661a) finalized
