Initializing AMReX (25.06-22-g1d307c2c661a)...
OMP initialized with 256 OMP threads
AMReX (25.06-22-g1d307c2c661a) initialized
Starting running input_laser_ion running with 12 nodes and 4 ranks per node.
Total steps: 5000, intervals: 100 = 50 runs
Reading precomputed weights and ranks from file: /global/homes/j/jessd/lb_extractor/lb_inputs/imp_50/laser_ion_8_boxes_48_ranks_timers_50_lb_data.txt
/global/homes/j/jessd/lb_extractor/lb_inputs/imp_50/laser_ion_8_boxes_48_ranks_timers_50_lb_data.txt
Run 0: Weights size: 435
Run 1: Weights size: 435
Run 2: Weights size: 435
Run 3: Weights size: 435
Run 4: Weights size: 435
Run 5: Weights size: 435
Run 6: Weights size: 435
Run 7: Weights size: 435
Run 8: Weights size: 435
Run 9: Weights size: 435
Run 10: Weights size: 435
Run 11: Weights size: 435
Run 12: Weights size: 435
Run 13: Weights size: 435
Run 14: Weights size: 435
Run 15: Weights size: 435
Run 16: Weights size: 435
Run 17: Weights size: 435
Run 18: Weights size: 435
Run 19: Weights size: 435
Run 20: Weights size: 435
Run 21: Weights size: 435
Run 22: Weights size: 435
Run 23: Weights size: 435
Run 24: Weights size: 435
Run 25: Weights size: 435
Run 26: Weights size: 435
Run 27: Weights size: 435
Run 28: Weights size: 435
Run 29: Weights size: 435
Run 30: Weights size: 435
Run 31: Weights size: 435
Run 32: Weights size: 435
Run 33: Weights size: 435
Run 34: Weights size: 435
Run 35: Weights size: 435
Run 36: Weights size: 435
Run 37: Weights size: 435
Run 38: Weights size: 435
Run 39: Weights size: 435
Run 40: Weights size: 435
Run 41: Weights size: 435
Run 42: Weights size: 435
Run 43: Weights size: 435
Run 44: Weights size: 435
Run 45: Weights size: 435
Run 46: Weights size: 435
Run 47: Weights size: 435
Run 48: Weights size: 435
Run 49: Weights size: 435
Run 50: Weights size: 435
Run 0
File weights 51 and ranks 51
Original efficiency: 0.5171832272
Original ratio: inf
Knapsack ratio: inf
 Final Knapsack time: 8.8325e-05

Karmarkar-Karp ratio: inf
 Final Karmarkar-Karp time: 0.004124204

 Time take to run this function: 5.71e-07
SFC ratio: inf
 Final SFC time: 6.5983e-05

SFC + Knapsack ratio: inf
 Final SFC+Knapsack_Combined time: 9.2773e-05

SFC+painterPartition efficiency: 0.5387267485
SFC+Painter ratio: inf
 Final SFC+Painter time: 0.000130443

Painter+Knapsack ratio: inf
 Final painter+Knapsack_Combined time: 0.00013953
Run 1
File weights 51 and ranks 51
Original previous efficiency: 0.3676042417
Original efficiency: 0.3676042417
Original ratio: 1
Knapsack previous efficiency: 0.3488108597
Knapsack ratio: 2.849972771
 Final Knapsack time: 6.3759e-05

Karmarkar-Karp previous efficiency: 0.3488108597
Karmarkar-Karp ratio: 2.856804037
 Final Karmarkar-Karp time: 0.002611696

SFC previous efficiency: 0.2506856446
 Time take to run this function: 3.91e-07
SFC ratio: 3.21142528
 Final SFC time: 5.2578e-05

SFC+Knapsack previous efficiency: 0.1618664929
SFC + Knapsack ratio: 5.326468751
 Final SFC+Knapsack_Combined time: 0.000129261

SFC+Painter previous efficiency: 0.1959909243
SFC+painterPartition efficiency: 0.8624961289
SFC+Painter ratio: 4.400694226
 Final SFC+Painter time: 0.000120665

Painter+Knapsack previous efficiency: 0.2579505292
Painter+Knapsack ratio: 3.342411505
 Final painter+Knapsack_Combined time: 0.000145261
Run 2
File weights 51 and ranks 51
Original previous efficiency: 0.3573229864
Original efficiency: 0.9053052192
Original ratio: 2.533576774
Knapsack previous efficiency: 0.9053052192
Knapsack ratio: 1.099279589
 Final Knapsack time: 6.2386e-05

Karmarkar-Karp previous efficiency: 0.8982638142
Karmarkar-Karp ratio: 1.109723033
 Final Karmarkar-Karp time: 0.002611345

SFC previous efficiency: 0.6885937397
 Time take to run this function: 4e-07
SFC ratio: 1.160158365
 Final SFC time: 5.1506e-05

SFC+Knapsack previous efficiency: 0.8018883298
SFC + Knapsack ratio: 1.042937574
 Final SFC+Knapsack_Combined time: 8.0921e-05

SFC+Painter previous efficiency: 0.7725049614
SFC+painterPartition efficiency: 0.8741943248
SFC+Painter ratio: 1.131635871
 Final SFC+Painter time: 0.000113221

Painter+Knapsack previous efficiency: 0.8018883298
Painter+Knapsack ratio: 1.045620504
 Final painter+Knapsack_Combined time: 0.000125744
Run 3
File weights 51 and ranks 51
Original previous efficiency: 0.926897564
Original efficiency: 0.926897564
Original ratio: 1
Knapsack previous efficiency: 0.926897564
Knapsack ratio: 1.065934516
 Final Knapsack time: 6.0773e-05

Karmarkar-Karp previous efficiency: 0.925403924
Karmarkar-Karp ratio: 1.068365225
 Final Karmarkar-Karp time: 0.002244462

SFC previous efficiency: 0.716556892
 Time take to run this function: 3.81e-07
SFC ratio: 1.079951977
 Final SFC time: 5.0945e-05

SFC+Knapsack previous efficiency: 0.8173350535
SFC + Knapsack ratio: 1.007462501
 Final SFC+Knapsack_Combined time: 7.8607e-05

SFC+Painter previous efficiency: 0.8200487977
SFC+painterPartition efficiency: 0.8678487655
SFC+Painter ratio: 1.058289175
 Final SFC+Painter time: 0.000112831

Painter+Knapsack previous efficiency: 0.8173350535
Painter+Knapsack ratio: 1.007462501
 Final painter+Knapsack_Combined time: 0.000129401
Run 4
File weights 51 and ranks 51
Original previous efficiency: 0.9161292983
Original efficiency: 0.9161292983
Original ratio: 1
Knapsack previous efficiency: 0.9161292983
Knapsack ratio: 1.07853351
 Final Knapsack time: 6.2326e-05

Karmarkar-Karp previous efficiency: 0.9213157992
Karmarkar-Karp ratio: 1.075368567
 Final Karmarkar-Karp time: 0.002397156

SFC previous efficiency: 0.6992743482
 Time take to run this function: 4.21e-07
SFC ratio: 1.145123487
 Final SFC time: 5.0705e-05

SFC+Knapsack previous efficiency: 0.8214054883
SFC + Knapsack ratio: 1.007901178
 Final SFC+Knapsack_Combined time: 7.8676e-05

SFC+Painter previous efficiency: 0.8242144317
SFC+painterPartition efficiency: 0.8688932372
SFC+Painter ratio: 1.054207745
 Final SFC+Painter time: 0.000104404

Painter+Knapsack previous efficiency: 0.8214054883
Painter+Knapsack ratio: 1.007901178
 Final painter+Knapsack_Combined time: 0.000140572
Run 5
File weights 51 and ranks 51
Original previous efficiency: 0.9106588124
Original efficiency: 0.9106588124
Original ratio: 1
Knapsack previous efficiency: 0.9106588124
Knapsack ratio: 1.087108635
 Final Knapsack time: 6.2015e-05

Karmarkar-Karp previous efficiency: 0.9214973753
Karmarkar-Karp ratio: 1.077274346
 Final Karmarkar-Karp time: 0.002486002

SFC previous efficiency: 0.6870214407
 Time take to run this function: 4.31e-07
SFC ratio: 1.198606148
 Final SFC time: 5.0534e-05

SFC+Knapsack previous efficiency: 0.823652838
SFC + Knapsack ratio: 1.006745414
 Final SFC+Knapsack_Combined time: 7.8757e-05

SFC+Painter previous efficiency: 0.812937168
SFC+painterPartition efficiency: 0.8691022283
SFC+Painter ratio: 1.069089055
 Final SFC+Painter time: 0.000129862

Painter+Knapsack previous efficiency: 0.823652838
Painter+Knapsack ratio: 1.006745414
 Final painter+Knapsack_Combined time: 0.000139841
Run 6
File weights 51 and ranks 51
Original previous efficiency: 0.9017379378
Original efficiency: 0.9017379378
Original ratio: 1
Knapsack previous efficiency: 0.9017379378
Knapsack ratio: 1.097630043
 Final Knapsack time: 6.1364e-05

Karmarkar-Karp previous efficiency: 0.913287199
Karmarkar-Karp ratio: 1.086451511
 Final Karmarkar-Karp time: 0.002553478

SFC previous efficiency: 0.6783242108
 Time take to run this function: 8.61e-07
SFC ratio: 1.214100255
 Final SFC time: 6.8337e-05

SFC+Knapsack previous efficiency: 0.8218969411
SFC + Knapsack ratio: 1.010289413
 Final SFC+Knapsack_Combined time: 7.8326e-05

SFC+Painter previous efficiency: 0.8112365619
SFC+painterPartition efficiency: 0.8695408973
SFC+Painter ratio: 1.071870941
 Final SFC+Painter time: 0.00012372

Painter+Knapsack previous efficiency: 0.8218969411
Painter+Knapsack ratio: 1.010289413
 Final painter+Knapsack_Combined time: 0.00016089
Run 7
File weights 51 and ranks 51
Original previous efficiency: 0.8997180491
Original efficiency: 0.8997180491
Original ratio: 1
Knapsack previous efficiency: 0.8997180491
Knapsack ratio: 1.101305643
 Final Knapsack time: 6.1675e-05

Karmarkar-Karp previous efficiency: 0.9084043484
Karmarkar-Karp ratio: 1.092460584
 Final Karmarkar-Karp time: 0.002467197

SFC previous efficiency: 0.6707601729
 Time take to run this function: 4.31e-07
SFC ratio: 1.193687898
 Final SFC time: 5.1796e-05

SFC+Knapsack previous efficiency: 0.8153162452
SFC + Knapsack ratio: 1.019223426
 Final SFC+Knapsack_Combined time: 7.9258e-05

SFC+Painter previous efficiency: 0.8078929726
SFC+painterPartition efficiency: 0.8732380337
SFC+Painter ratio: 1.080883314
 Final SFC+Painter time: 0.000115195

Painter+Knapsack previous efficiency: 0.8153162452
Painter+Knapsack ratio: 1.019223426
 Final painter+Knapsack_Combined time: 0.000129661
Run 8
File weights 51 and ranks 51
Original previous efficiency: 0.8733445387
Original efficiency: 0.9720844852
Original ratio: 1.113059557
Knapsack previous efficiency: 0.8733445387
Knapsack ratio: 1.137806982
 Final Knapsack time: 6.1305e-05

Karmarkar-Karp previous efficiency: 0.9074709259
Karmarkar-Karp ratio: 1.097800138
 Final Karmarkar-Karp time: 0.002464221

SFC previous efficiency: 0.6573080785
 Time take to run this function: 3.91e-07
SFC ratio: 1.2127088
 Final SFC time: 4.9442e-05

SFC+Knapsack previous efficiency: 0.8107186398
SFC + Knapsack ratio: 1.029244407
 Final SFC+Knapsack_Combined time: 7.8186e-05

SFC+Painter previous efficiency: 0.7840224513
SFC+painterPartition efficiency: 0.866323643
SFC+Painter ratio: 1.104973004
 Final SFC+Painter time: 0.000114934

Painter+Knapsack previous efficiency: 0.8107186398
Painter+Knapsack ratio: 1.030026796
 Final painter+Knapsack_Combined time: 0.000132036
Run 9
File weights 51 and ranks 51
Original previous efficiency: 0.8858199757
Original efficiency: 0.9800991037
Original ratio: 1.106431477
Knapsack previous efficiency: 0.8858199757
Knapsack ratio: 1.120018742
 Final Knapsack time: 6.1545e-05

Karmarkar-Karp previous efficiency: 0.8999994182
Karmarkar-Karp ratio: 1.104858364
 Final Karmarkar-Karp time: 0.002741608

SFC previous efficiency: 0.6647733623
 Time take to run this function: 4.11e-07
SFC ratio: 1.241368752
 Final SFC time: 5.1246e-05

SFC+Knapsack previous efficiency: 0.8113379002
SFC + Knapsack ratio: 1.021914456
 Final SFC+Knapsack_Combined time: 7.8626e-05

SFC+Painter previous efficiency: 0.7817452839
SFC+painterPartition efficiency: 0.8658096021
SFC+Painter ratio: 1.107534155
 Final SFC+Painter time: 0.000111378

Painter+Knapsack previous efficiency: 0.8113379002
Painter+Knapsack ratio: 1.021914456
 Final painter+Knapsack_Combined time: 0.000188822
Run 10
File weights 51 and ranks 51
Original previous efficiency: 0.8903341843
Original efficiency: 0.9269632328
Original ratio: 1.041140786
Knapsack previous efficiency: 0.8903341843
Knapsack ratio: 1.114620171
 Final Knapsack time: 6.441e-05

Karmarkar-Karp previous efficiency: 0.8932113521
Karmarkar-Karp ratio: 1.113893721
 Final Karmarkar-Karp time: 0.002432302

SFC previous efficiency: 0.6946793111
 Time take to run this function: 4.01e-07
SFC ratio: 1.150115021
 Final SFC time: 5.0475e-05

SFC+Knapsack previous efficiency: 0.8042389799
SFC + Knapsack ratio: 1.032996392
 Final SFC+Knapsack_Combined time: 9.5067e-05

SFC+Painter previous efficiency: 0.7736792822
SFC+painterPartition efficiency: 0.8759892339
SFC+Painter ratio: 1.132238195
 Final SFC+Painter time: 0.000114263

Painter+Knapsack previous efficiency: 0.8042389799
Painter+Knapsack ratio: 1.032996392
 Final painter+Knapsack_Combined time: 0.000121186
Run 11
File weights 51 and ranks 51
Original previous efficiency: 0.897528632
Original efficiency: 0.8396489747
Original ratio: 0.9355121884
Knapsack previous efficiency: 0.897528632
Knapsack ratio: 1.108011087
 Final Knapsack time: 6.2607e-05

Karmarkar-Karp previous efficiency: 0.8510110443
Karmarkar-Karp ratio: 1.170746937
 Final Karmarkar-Karp time: 0.002442011

SFC previous efficiency: 0.7061368431
 Time take to run this function: 4.11e-07
SFC ratio: 1.135164083
 Final SFC time: 5.0153e-05

SFC+Knapsack previous efficiency: 0.768857883
SFC + Knapsack ratio: 1.082507459
 Final SFC+Knapsack_Combined time: 8.0129e-05

SFC+Painter previous efficiency: 0.7698670907
SFC+painterPartition efficiency: 0.8730149111
SFC+Painter ratio: 1.133981335
 Final SFC+Painter time: 0.000109174

Painter+Knapsack previous efficiency: 0.768857883
Painter+Knapsack ratio: 1.082507459
 Final painter+Knapsack_Combined time: 0.000130784
Run 12
File weights 51 and ranks 51
Original previous efficiency: 0.8737092206
Original efficiency: 0.9527867246
Original ratio: 1.090507805
Knapsack previous efficiency: 0.8737092206
Knapsack ratio: 1.137500317
 Final Knapsack time: 6.3638e-05

Karmarkar-Karp previous efficiency: 0.8104091779
Karmarkar-Karp ratio: 1.229412628
 Final Karmarkar-Karp time: 0.002433634

SFC previous efficiency: 0.6782054707
 Time take to run this function: 4.11e-07
SFC ratio: 1.194952707
 Final SFC time: 5.1747e-05

SFC+Knapsack previous efficiency: 0.7451263565
SFC + Knapsack ratio: 1.118789728
 Final SFC+Knapsack_Combined time: 7.8937e-05

SFC+Painter previous efficiency: 0.7690248428
SFC+painterPartition efficiency: 0.8545681091
SFC+Painter ratio: 1.111236025
 Final SFC+Painter time: 0.000112449

Painter+Knapsack previous efficiency: 0.7451263565
Painter+Knapsack ratio: 1.120123922
 Final painter+Knapsack_Combined time: 0.000128971
Run 13
File weights 51 and ranks 51
Original previous efficiency: 0.8710150078
Original efficiency: 0.9510489403
Original ratio: 1.091885825
Knapsack previous efficiency: 0.8710150078
Knapsack ratio: 1.141206983
 Final Knapsack time: 6.3949e-05

Karmarkar-Karp previous efficiency: 0.8055200268
Karmarkar-Karp ratio: 1.23620191
 Final Karmarkar-Karp time: 0.002492043

SFC previous efficiency: 0.6700600445
 Time take to run this function: 3.91e-07
SFC ratio: 1.218352023
 Final SFC time: 5.1296e-05

SFC+Knapsack previous efficiency: 0.7448357577
SFC + Knapsack ratio: 1.120009973
 Final SFC+Knapsack_Combined time: 7.7925e-05

SFC+Painter previous efficiency: 0.7606004504
SFC+painterPartition efficiency: 0.8533816063
SFC+Painter ratio: 1.121984093
 Final SFC+Painter time: 0.000113742

Painter+Knapsack previous efficiency: 0.7448357577
Painter+Knapsack ratio: 1.123638893
 Final painter+Knapsack_Combined time: 0.000129902
Run 14
File weights 51 and ranks 51
Original previous efficiency: 0.8683885162
Original efficiency: 0.9483805293
Original ratio: 1.092115466
Knapsack previous efficiency: 0.8683885162
Knapsack ratio: 1.145141522
 Final Knapsack time: 6.3258e-05

Karmarkar-Karp previous efficiency: 0.7984269386
Karmarkar-Karp ratio: 1.248618235
 Final Karmarkar-Karp time: 0.002294385

SFC previous efficiency: 0.6644486341
 Time take to run this function: 3.61e-07
SFC ratio: 1.229455685
 Final SFC time: 5.0254e-05

SFC+Knapsack previous efficiency: 0.7447535227
SFC + Knapsack ratio: 1.123458456
 Final SFC+Knapsack_Combined time: 7.6853e-05

SFC+Painter previous efficiency: 0.7468485647
SFC+painterPartition efficiency: 0.8555363328
SFC+Painter ratio: 1.145528522
 Final SFC+Painter time: 0.00011284

Painter+Knapsack previous efficiency: 0.7447535227
Painter+Knapsack ratio: 1.123458456
 Final painter+Knapsack_Combined time: 0.000127868
Run 15
File weights 51 and ranks 51
Original previous efficiency: 0.8699184027
Original efficiency: 0.9530283299
Original ratio: 1.095537612
Knapsack previous efficiency: 0.8699184027
Knapsack ratio: 1.141107769
 Final Knapsack time: 6.3559e-05

Karmarkar-Karp previous efficiency: 0.8060282101
Karmarkar-Karp ratio: 1.236658458
 Final Karmarkar-Karp time: 0.002461596

SFC previous efficiency: 0.6628609276
 Time take to run this function: 4.01e-07
SFC ratio: 1.194069544
 Final SFC time: 5.0965e-05

SFC+Knapsack previous efficiency: 0.7473053556
SFC + Knapsack ratio: 1.11935245
 Final SFC+Knapsack_Combined time: 7.8607e-05

SFC+Painter previous efficiency: 0.7341697797
SFC+painterPartition efficiency: 0.8559832582
SFC+Painter ratio: 1.165920039
 Final SFC+Painter time: 0.000114583

Painter+Knapsack previous efficiency: 0.7473053556
Painter+Knapsack ratio: 1.11935245
 Final painter+Knapsack_Combined time: 0.000132306
Run 16
File weights 51 and ranks 51
Original previous efficiency: 0.8302740322
Original efficiency: 0.909985899
Original ratio: 1.096006696
Knapsack previous efficiency: 0.8302740322
Knapsack ratio: 1.19320161
 Final Knapsack time: 6.3959e-05

Karmarkar-Karp previous efficiency: 0.7656792431
Karmarkar-Karp ratio: 1.297027828
 Final Karmarkar-Karp time: 0.002774509

SFC previous efficiency: 0.6204238231
 Time take to run this function: 7.81e-07
SFC ratio: 1.296982513
 Final SFC time: 7.2766e-05

SFC+Knapsack previous efficiency: 0.7134991985
SFC + Knapsack ratio: 1.169269809
 Final SFC+Knapsack_Combined time: 8.2474e-05

SFC+Painter previous efficiency: 0.7200295092
SFC+painterPartition efficiency: 0.8764334059
SFC+Painter ratio: 1.217218731
 Final SFC+Painter time: 0.000114113

Painter+Knapsack previous efficiency: 0.7134991985
Painter+Knapsack ratio: 1.166870647
 Final painter+Knapsack_Combined time: 0.000124322
Run 17
File weights 51 and ranks 51
Original previous efficiency: 0.8148416413
Original efficiency: 0.8859714958
Original ratio: 1.087292856
Knapsack previous efficiency: 0.8148416413
Knapsack ratio: 1.21657557
 Final Knapsack time: 6.3909e-05

Karmarkar-Karp previous efficiency: 0.7296178285
Karmarkar-Karp ratio: 1.360704736
 Final Karmarkar-Karp time: 0.002467999

SFC previous efficiency: 0.5942922191
 Time take to run this function: 3.91e-07
SFC ratio: 1.325062762
 Final SFC time: 5.0133e-05

SFC+Knapsack previous efficiency: 0.7109630578
SFC + Knapsack ratio: 1.169549273
 Final SFC+Knapsack_Combined time: 7.9478e-05

SFC+Painter previous efficiency: 0.7064964384
SFC+painterPartition efficiency: 0.877098171
SFC+Painter ratio: 1.241475715
 Final SFC+Painter time: 0.000109955

Painter+Knapsack previous efficiency: 0.7109630578
Painter+Knapsack ratio: 1.170969293
 Final painter+Knapsack_Combined time: 0.000130173
Run 18
File weights 51 and ranks 51
Original previous efficiency: 0.8168708618
Original efficiency: 0.9760618814
Original ratio: 1.194879053
Knapsack previous efficiency: 0.8168708618
Knapsack ratio: 1.21380181
 Final Knapsack time: 6.4621e-05

Karmarkar-Karp previous efficiency: 0.7251921748
Karmarkar-Karp ratio: 1.368796699
 Final Karmarkar-Karp time: 0.002526136

SFC previous efficiency: 0.594479299
 Time take to run this function: 2.344e-06
SFC ratio: 1.33149571
 Final SFC time: 9.3615e-05

SFC+Knapsack previous efficiency: 0.7119670607
SFC + Knapsack ratio: 1.167463356
 Final SFC+Knapsack_Combined time: 8.0119e-05

SFC+Painter previous efficiency: 0.7098182935
SFC+painterPartition efficiency: 0.8703393458
SFC+Painter ratio: 1.226143865
 Final SFC+Painter time: 0.000112821

Painter+Knapsack previous efficiency: 0.7119670607
Painter+Knapsack ratio: 1.169943089
 Final painter+Knapsack_Combined time: 0.000158675
Run 19
File weights 51 and ranks 51
Original previous efficiency: 0.8268165385
Original efficiency: 0.932173076
Original ratio: 1.127424323
Knapsack previous efficiency: 0.8268165385
Knapsack ratio: 1.201153142
 Final Knapsack time: 6.7004e-05

Karmarkar-Karp previous efficiency: 0.7437963917
Karmarkar-Karp ratio: 1.337898066
 Final Karmarkar-Karp time: 0.002439866

SFC previous efficiency: 0.5928185036
 Time take to run this function: 3.81e-07
SFC ratio: 1.335442854
 Final SFC time: 5.2748e-05

SFC+Knapsack previous efficiency: 0.7377909765
SFC + Knapsack ratio: 1.128938296
 Final SFC+Knapsack_Combined time: 7.8437e-05

SFC+Painter previous efficiency: 0.6984293989
SFC+painterPartition efficiency: 0.8724158777
SFC+Painter ratio: 1.249111047
 Final SFC+Painter time: 0.000114493

Painter+Knapsack previous efficiency: 0.7377909765
Painter+Knapsack ratio: 1.132282716
 Final painter+Knapsack_Combined time: 0.000168935
Run 20
File weights 51 and ranks 51
Original previous efficiency: 0.81792696
Original efficiency: 0.8850412792
Original ratio: 1.082054172
Knapsack previous efficiency: 0.81792696
Knapsack ratio: 1.214009229
 Final Knapsack time: 0.000163635

Karmarkar-Karp previous efficiency: 0.756058268
Karmarkar-Karp ratio: 1.312417539
 Final Karmarkar-Karp time: 0.002422934

SFC previous efficiency: 0.5876420287
 Time take to run this function: 4.1e-07
SFC ratio: 1.406850167
 Final SFC time: 5.2368e-05

SFC+Knapsack previous efficiency: 0.7465946341
SFC + Knapsack ratio: 1.112430837
 Final SFC+Knapsack_Combined time: 9.3775e-05

SFC+Painter previous efficiency: 0.68093389
SFC+painterPartition efficiency: 0.8581760585
SFC+Painter ratio: 1.26029277
 Final SFC+Painter time: 0.000105527

Painter+Knapsack previous efficiency: 0.7465946341
Painter+Knapsack ratio: 1.11444741
 Final painter+Knapsack_Combined time: 0.000162653
Run 21
File weights 51 and ranks 51
Original previous efficiency: 0.8062273554
Original efficiency: 0.9498262866
Original ratio: 1.178112204
Knapsack previous efficiency: 0.8062273554
Knapsack ratio: 1.22975966
 Final Knapsack time: 6.6154e-05

Karmarkar-Karp previous efficiency: 0.76895098
Karmarkar-Karp ratio: 1.289964236
 Final Karmarkar-Karp time: 0.002444645

SFC previous efficiency: 0.5889189362
 Time take to run this function: 5.71e-07
SFC ratio: 1.384653808
 Final SFC time: 6.1865e-05

SFC+Knapsack previous efficiency: 0.7428828677
SFC + Knapsack ratio: 1.116978293
 Final SFC+Knapsack_Combined time: 8.0259e-05

SFC+Painter previous efficiency: 0.6827199612
SFC+painterPartition efficiency: 0.8596869319
SFC+Painter ratio: 1.259208725
 Final SFC+Painter time: 0.000128209

Painter+Knapsack previous efficiency: 0.7428828677
Painter+Knapsack ratio: 1.119205067
 Final painter+Knapsack_Combined time: 0.000131876
Run 22
File weights 51 and ranks 51
Original previous efficiency: 0.7942682193
Original efficiency: 0.9383077742
Original ratio: 1.181348758
Knapsack previous efficiency: 0.7942682193
Knapsack ratio: 1.250002365
 Final Knapsack time: 6.472e-05

Karmarkar-Karp previous efficiency: 0.7596190626
Karmarkar-Karp ratio: 1.308155474
 Final Karmarkar-Karp time: 0.002403679

SFC previous efficiency: 0.598259592
 Time take to run this function: 3.71e-07
SFC ratio: 1.341266225
 Final SFC time: 5.2128e-05

SFC+Knapsack previous efficiency: 0.7252426801
SFC + Knapsack ratio: 1.146947404
 Final SFC+Knapsack_Combined time: 8.8846e-05

SFC+Painter previous efficiency: 0.6650555155
SFC+painterPartition efficiency: 0.8626224241
SFC+Painter ratio: 1.297068296
 Final SFC+Painter time: 0.000115826

Painter+Knapsack previous efficiency: 0.7252426801
Painter+Knapsack ratio: 1.150855802
 Final painter+Knapsack_Combined time: 0.000134691
Run 23
File weights 51 and ranks 51
Original previous efficiency: 0.7881358912
Original efficiency: 0.9175873399
Original ratio: 1.164250163
Knapsack previous efficiency: 0.7881358912
Knapsack ratio: 1.25945835
 Final Knapsack time: 6.5522e-05

Karmarkar-Karp previous efficiency: 0.7528845177
Karmarkar-Karp ratio: 1.316208478
 Final Karmarkar-Karp time: 0.002395152

SFC previous efficiency: 0.6003448063
 Time take to run this function: 3.91e-07
SFC ratio: 1.33752524
 Final SFC time: 5.2047e-05

SFC+Knapsack previous efficiency: 0.707028733
SFC + Knapsack ratio: 1.176697661
 Final SFC+Knapsack_Combined time: 9.0639e-05

SFC+Painter previous efficiency: 0.6485567467
SFC+painterPartition efficiency: 0.8631432491
SFC+Painter ratio: 1.330867736
 Final SFC+Painter time: 0.000101729

Painter+Knapsack previous efficiency: 0.707028733
Painter+Knapsack ratio: 1.176955539
 Final painter+Knapsack_Combined time: 0.000133859
Run 24
File weights 51 and ranks 51
Original previous efficiency: 0.7696798852
Original efficiency: 0.8941294803
Original ratio: 1.161690071
Knapsack previous efficiency: 0.7696798852
Knapsack ratio: 1.287838108
 Final Knapsack time: 6.5402e-05

Karmarkar-Karp previous efficiency: 0.7493123786
Karmarkar-Karp ratio: 1.324642279
 Final Karmarkar-Karp time: 0.002428214

SFC previous efficiency: 0.6064540593
 Time take to run this function: 3.9e-07
SFC ratio: 1.333430175
 Final SFC time: 5.1837e-05

SFC+Knapsack previous efficiency: 0.6912961782
SFC + Knapsack ratio: 1.203675327
 Final SFC+Knapsack_Combined time: 7.8175e-05

SFC+Painter previous efficiency: 0.6677758749
SFC+painterPartition efficiency: 0.8622404846
SFC+Painter ratio: 1.291212392
 Final SFC+Painter time: 0.000118891

Painter+Knapsack previous efficiency: 0.6912961782
Painter+Knapsack ratio: 1.203675327
 Final painter+Knapsack_Combined time: 0.00012924
Run 25
File weights 51 and ranks 51
Original previous efficiency: 0.7455964049
Original efficiency: 0.9541454062
Original ratio: 1.279707627
Knapsack previous efficiency: 0.7455964049
Knapsack ratio: 1.331067632
 Final Knapsack time: 6.398e-05

Karmarkar-Karp previous efficiency: 0.7444687832
Karmarkar-Karp ratio: 1.330615556
 Final Karmarkar-Karp time: 0.002338367

SFC previous efficiency: 0.6137896852
 Time take to run this function: 4.01e-07
SFC ratio: 1.269247645
 Final SFC time: 5.1055e-05

SFC+Knapsack previous efficiency: 0.6630787695
SFC + Knapsack ratio: 1.259008938
 Final SFC+Knapsack_Combined time: 7.7064e-05

SFC+Painter previous efficiency: 0.6652240734
SFC+painterPartition efficiency: 0.8751378363
SFC+Painter ratio: 1.315553467
 Final SFC+Painter time: 0.000120364

Painter+Knapsack previous efficiency: 0.6630787695
Painter+Knapsack ratio: 1.259008938
 Final painter+Knapsack_Combined time: 0.000146202
Run 26
File weights 51 and ranks 51
Original previous efficiency: 0.7463690451
Original efficiency: 0.9451249949
Original ratio: 1.26629715
Knapsack previous efficiency: 0.7463690451
Knapsack ratio: 1.32958359
 Final Knapsack time: 6.5222e-05

Karmarkar-Karp previous efficiency: 0.7300219205
Karmarkar-Karp ratio: 1.354326161
 Final Karmarkar-Karp time: 0.002720008

SFC previous efficiency: 0.6192697108
 Time take to run this function: 5.61e-07
SFC ratio: 1.25566968
 Final SFC time: 6.2336e-05

SFC+Knapsack previous efficiency: 0.6571334175
SFC + Knapsack ratio: 1.268588214
 Final SFC+Knapsack_Combined time: 7.9679e-05

SFC+Painter previous efficiency: 0.6572043289
SFC+painterPartition efficiency: 0.8787384133
SFC+Painter ratio: 1.337085553
 Final SFC+Painter time: 0.000115345

Painter+Knapsack previous efficiency: 0.6571334175
Painter+Knapsack ratio: 1.268588214
 Final painter+Knapsack_Combined time: 0.000131045
Run 27
File weights 51 and ranks 51
Original previous efficiency: 0.762027755
Original efficiency: 0.9019893811
Original ratio: 1.183669985
Knapsack previous efficiency: 0.762027755
Knapsack ratio: 1.301335356
 Final Knapsack time: 6.3999e-05

Karmarkar-Karp previous efficiency: 0.7213633008
Karmarkar-Karp ratio: 1.370435743
 Final Karmarkar-Karp time: 0.002370918

SFC previous efficiency: 0.6284839348
 Time take to run this function: 4.21e-07
SFC ratio: 1.314799831
 Final SFC time: 5.1516e-05

SFC+Knapsack previous efficiency: 0.6426158652
SFC + Knapsack ratio: 1.292033954
 Final SFC+Knapsack_Combined time: 7.8306e-05

SFC+Painter previous efficiency: 0.6564299344
SFC+painterPartition efficiency: 0.874480042
SFC+Painter ratio: 1.332175753
 Final SFC+Painter time: 0.000114824

Painter+Knapsack previous efficiency: 0.6426158652
Painter+Knapsack ratio: 1.292033954
 Final painter+Knapsack_Combined time: 0.000125123
Run 28
File weights 51 and ranks 51
Original previous efficiency: 0.7777813475
Original efficiency: 0.8869552654
Original ratio: 1.140365822
Knapsack previous efficiency: 0.7777813475
Knapsack ratio: 1.275556448
 Final Knapsack time: 6.419e-05

Karmarkar-Karp previous efficiency: 0.7186677282
Karmarkar-Karp ratio: 1.380765808
 Final Karmarkar-Karp time: 0.002278905

SFC previous efficiency: 0.6585366126
 Time take to run this function: 3.81e-07
SFC ratio: 1.252651488
 Final SFC time: 5.1445e-05

SFC+Knapsack previous efficiency: 0.6383633873
SFC + Knapsack ratio: 1.300754463
 Final SFC+Knapsack_Combined time: 7.7083e-05

SFC+Painter previous efficiency: 0.6375793065
SFC+painterPartition efficiency: 0.8843219879
SFC+Painter ratio: 1.3869992
 Final SFC+Painter time: 0.000114122

Painter+Knapsack previous efficiency: 0.6383633873
Painter+Knapsack ratio: 1.300754463
 Final painter+Knapsack_Combined time: 0.000129311
Run 29
File weights 51 and ranks 51
Original previous efficiency: 0.7874641962
Original efficiency: 0.9635989458
Original ratio: 1.223673343
Knapsack previous efficiency: 0.7874641962
Knapsack ratio: 1.26008819
 Final Knapsack time: 6.5873e-05

Karmarkar-Karp previous efficiency: 0.7265210928
Karmarkar-Karp ratio: 1.368959513
 Final Karmarkar-Karp time: 0.002422834

SFC previous efficiency: 0.6660113361
 Time take to run this function: 3.7e-07
SFC ratio: 1.177663373
 Final SFC time: 5.1406e-05

SFC+Knapsack previous efficiency: 0.6335899372
SFC + Knapsack ratio: 1.314131776
 Final SFC+Knapsack_Combined time: 7.7785e-05

SFC+Painter previous efficiency: 0.6380698294
SFC+painterPartition efficiency: 0.8771731825
SFC+Painter ratio: 1.374729132
 Final SFC+Painter time: 0.000116016

Painter+Knapsack previous efficiency: 0.6335899372
Painter+Knapsack ratio: 1.312028574
 Final painter+Knapsack_Combined time: 0.000130362
Run 30
File weights 51 and ranks 51
Original previous efficiency: 0.7814864385
Original efficiency: 0.9454084301
Original ratio: 1.209756668
Knapsack previous efficiency: 0.7814864385
Knapsack ratio: 1.26961731
 Final Knapsack time: 6.5071e-05

Karmarkar-Karp previous efficiency: 0.7416893078
Karmarkar-Karp ratio: 1.33874302
 Final Karmarkar-Karp time: 0.002562063

SFC previous efficiency: 0.655074481
 Time take to run this function: 1.312e-06
SFC ratio: 1.261515473
 Final SFC time: 0.000141354

SFC+Knapsack previous efficiency: 0.6281042031
SFC + Knapsack ratio: 1.322449608
 Final SFC+Knapsack_Combined time: 8.0379e-05

SFC+Painter previous efficiency: 0.6481970235
SFC+painterPartition efficiency: 0.8784280918
SFC+Painter ratio: 1.355186865
 Final SFC+Painter time: 0.000115104

Painter+Knapsack previous efficiency: 0.6281042031
Painter+Knapsack ratio: 1.325186072
 Final painter+Knapsack_Combined time: 0.000144529
Run 31
File weights 51 and ranks 51
Original previous efficiency: 0.7724808712
Original efficiency: 0.9390777239
Original ratio: 1.215664697
Knapsack previous efficiency: 0.7724808712
Knapsack ratio: 1.285196806
 Final Knapsack time: 6.441e-05

Karmarkar-Karp previous efficiency: 0.7484687902
Karmarkar-Karp ratio: 1.32877924
 Final Karmarkar-Karp time: 0.002476484

SFC previous efficiency: 0.6404338081
 Time take to run this function: 4.21e-07
SFC ratio: 1.281299646
 Final SFC time: 5.4922e-05

SFC+Knapsack previous efficiency: 0.6189003094
SFC + Knapsack ratio: 1.344029653
 Final SFC+Knapsack_Combined time: 7.7354e-05

SFC+Painter previous efficiency: 0.6562351372
SFC+painterPartition efficiency: 0.8734161157
SFC+Painter ratio: 1.330949939
 Final SFC+Painter time: 0.000116076

Painter+Knapsack previous efficiency: 0.6189003094
Painter+Knapsack ratio: 1.345500848
 Final painter+Knapsack_Combined time: 0.00012896
Run 32
File weights 51 and ranks 51
Original previous efficiency: 0.7998912171
Original efficiency: 0.9015506863
Original ratio: 1.127091618
Knapsack previous efficiency: 0.7998912171
Knapsack ratio: 1.241423042
 Final Knapsack time: 6.46e-05

Karmarkar-Karp previous efficiency: 0.7592557648
Karmarkar-Karp ratio: 1.30941061
 Final Karmarkar-Karp time: 0.002278505

SFC previous efficiency: 0.620412515
 Time take to run this function: 4.01e-07
SFC ratio: 1.312198639
 Final SFC time: 4.9392e-05

SFC+Knapsack previous efficiency: 0.6279449372
SFC + Knapsack ratio: 1.322402281
 Final SFC+Knapsack_Combined time: 8.063e-05

SFC+Painter previous efficiency: 0.6592003108
SFC+painterPartition efficiency: 0.8661994232
SFC+Painter ratio: 1.314015496
 Final SFC+Painter time: 0.000110837

Painter+Knapsack previous efficiency: 0.6279449372
Painter+Knapsack ratio: 1.323000408
 Final painter+Knapsack_Combined time: 0.000130714
Run 33
File weights 51 and ranks 51
Original previous efficiency: 0.8019574982
Original efficiency: 0.9475736689
Original ratio: 1.18157592
Knapsack previous efficiency: 0.8019574982
Knapsack ratio: 1.238263472
 Final Knapsack time: 6.5001e-05

Karmarkar-Karp previous efficiency: 0.755504361
Karmarkar-Karp ratio: 1.315844793
 Final Karmarkar-Karp time: 0.002404459

SFC previous efficiency: 0.5986639529
 Time take to run this function: 3.91e-07
SFC ratio: 1.285731303
 Final SFC time: 5.1176e-05

SFC+Knapsack previous efficiency: 0.6312808085
SFC + Knapsack ratio: 1.316800081
 Final SFC+Knapsack_Combined time: 7.8697e-05

SFC+Painter previous efficiency: 0.6538466378
SFC+painterPartition efficiency: 0.8937074702
SFC+Painter ratio: 1.366845707
 Final SFC+Painter time: 0.00011241

Painter+Knapsack previous efficiency: 0.6312808085
Painter+Knapsack ratio: 1.318522973
 Final painter+Knapsack_Combined time: 0.000132157
Run 34
File weights 51 and ranks 51
Original previous efficiency: 0.7945139626
Original efficiency: 0.9115367115
Original ratio: 1.147288474
Knapsack previous efficiency: 0.7945139626
Knapsack ratio: 1.249654317
 Final Knapsack time: 6.5412e-05

Karmarkar-Karp previous efficiency: 0.7484929799
Karmarkar-Karp ratio: 1.321175849
 Final Karmarkar-Karp time: 0.002262365

SFC previous efficiency: 0.580702036
 Time take to run this function: 4.01e-07
SFC ratio: 1.338639406
 Final SFC time: 5.1085e-05

SFC+Knapsack previous efficiency: 0.6190692826
SFC + Knapsack ratio: 1.343587939
 Final SFC+Knapsack_Combined time: 7.6683e-05

SFC+Painter previous efficiency: 0.6410222004
SFC+painterPartition efficiency: 0.8852274105
SFC+Painter ratio: 1.380962173
 Final SFC+Painter time: 0.000110936

Painter+Knapsack previous efficiency: 0.6190692826
Painter+Knapsack ratio: 1.343587939
 Final painter+Knapsack_Combined time: 0.000167282
Run 35
File weights 51 and ranks 51
Original previous efficiency: 0.7953041641
Original efficiency: 0.8948276082
Original ratio: 1.125138844
Knapsack previous efficiency: 0.7953041641
Knapsack ratio: 1.2474043
 Final Knapsack time: 6.5612e-05

Karmarkar-Karp previous efficiency: 0.7532126001
Karmarkar-Karp ratio: 1.31845778
 Final Karmarkar-Karp time: 0.00237217

SFC previous efficiency: 0.5694344509
 Time take to run this function: 3.6e-07
SFC ratio: 1.399663362
 Final SFC time: 5.1376e-05

SFC+Knapsack previous efficiency: 0.6067042864
SFC + Knapsack ratio: 1.373271701
 Final SFC+Knapsack_Combined time: 7.7674e-05

SFC+Painter previous efficiency: 0.6371055418
SFC+painterPartition efficiency: 0.8899558298
SFC+Painter ratio: 1.396873471
 Final SFC+Painter time: 0.000116387

Painter+Knapsack previous efficiency: 0.6067042864
Painter+Knapsack ratio: 1.373271701
 Final painter+Knapsack_Combined time: 0.000131154
Run 36
File weights 51 and ranks 51
Original previous efficiency: 0.7986671845
Original efficiency: 0.9674951304
Original ratio: 1.211387107
Knapsack previous efficiency: 0.7986671845
Knapsack ratio: 1.241667855
 Final Knapsack time: 6.5432e-05

Karmarkar-Karp previous efficiency: 0.74605334
Karmarkar-Karp ratio: 1.329547157
 Final Karmarkar-Karp time: 0.002347835

SFC previous efficiency: 0.5559041222
 Time take to run this function: 3.91e-07
SFC ratio: 1.384962667
 Final SFC time: 5.1306e-05

SFC+Knapsack previous efficiency: 0.6011964044
SFC + Knapsack ratio: 1.380213722
 Final SFC+Knapsack_Combined time: 0.000142666

SFC+Painter previous efficiency: 0.6351211535
SFC+painterPartition efficiency: 0.8783837443
SFC+Painter ratio: 1.383017617
 Final SFC+Painter time: 0.0001126

Painter+Knapsack previous efficiency: 0.6011964044
Painter+Knapsack ratio: 1.382049437
 Final painter+Knapsack_Combined time: 0.000130193
Run 37
File weights 51 and ranks 51
Original previous efficiency: 0.8036056696
Original efficiency: 0.9438093249
Original ratio: 1.174468226
Knapsack previous efficiency: 0.8036056696
Knapsack ratio: 1.234303346
 Final Knapsack time: 6.5552e-05

Karmarkar-Karp previous efficiency: 0.7494450956
Karmarkar-Karp ratio: 1.323682365
 Final Karmarkar-Karp time: 0.002327697

SFC previous efficiency: 0.5459640344
 Time take to run this function: 3.9e-07
SFC ratio: 1.413824213
 Final SFC time: 4.9693e-05

SFC+Knapsack previous efficiency: 0.593862008
SFC + Knapsack ratio: 1.400707204
 Final SFC+Knapsack_Combined time: 7.9588e-05

SFC+Painter previous efficiency: 0.6258855654
SFC+painterPartition efficiency: 0.8766415984
SFC+Painter ratio: 1.400641981
 Final SFC+Painter time: 0.000113452

Painter+Knapsack previous efficiency: 0.593862008
Painter+Knapsack ratio: 1.402939741
 Final painter+Knapsack_Combined time: 0.000131596
Run 38
File weights 51 and ranks 51
Original previous efficiency: 0.8102322025
Original efficiency: 0.9357878649
Original ratio: 1.154962568
Knapsack previous efficiency: 0.8102322025
Knapsack ratio: 1.224522165
 Final Knapsack time: 6.467e-05

Karmarkar-Karp previous efficiency: 0.7630200334
Karmarkar-Karp ratio: 1.302147186
 Final Karmarkar-Karp time: 0.002349127

SFC previous efficiency: 0.5461660426
 Time take to run this function: 3.91e-07
SFC ratio: 1.420457037
 Final SFC time: 5.0635e-05

SFC+Knapsack previous efficiency: 0.5947877272
SFC + Knapsack ratio: 1.395536086
 Final SFC+Knapsack_Combined time: 7.9348e-05

SFC+Painter previous efficiency: 0.6262994079
SFC+painterPartition efficiency: 0.8865147959
SFC+Painter ratio: 1.415480814
 Final SFC+Painter time: 0.000110686

Painter+Knapsack previous efficiency: 0.5947877272
Painter+Knapsack ratio: 1.399519873
 Final painter+Knapsack_Combined time: 0.000130293
Run 39
File weights 51 and ranks 51
Original previous efficiency: 0.8166304327
Original efficiency: 0.9114494717
Original ratio: 1.116110097
Knapsack previous efficiency: 0.8166304327
Knapsack ratio: 1.214295656
 Final Knapsack time: 6.452e-05

Karmarkar-Karp previous efficiency: 0.7631932555
Karmarkar-Karp ratio: 1.302161736
 Final Karmarkar-Karp time: 0.002322828

SFC previous efficiency: 0.5452555628
 Time take to run this function: 3.8e-07
SFC ratio: 1.470540339
 Final SFC time: 5.0594e-05

SFC+Knapsack previous efficiency: 0.6099065131
SFC + Knapsack ratio: 1.364166141
 Final SFC+Knapsack_Combined time: 7.7665e-05

SFC+Painter previous efficiency: 0.628785417
SFC+painterPartition efficiency: 0.8783545023
SFC+Painter ratio: 1.396906605
 Final SFC+Painter time: 0.000101779

Painter+Knapsack previous efficiency: 0.6099065131
Painter+Knapsack ratio: 1.366690008
 Final painter+Knapsack_Combined time: 0.000129962
Run 40
File weights 51 and ranks 51
Original previous efficiency: 0.8133878039
Original efficiency: 0.8792529834
Original ratio: 1.080976355
Knapsack previous efficiency: 0.8133878039
Knapsack ratio: 1.218819043
 Final Knapsack time: 6.4831e-05

Karmarkar-Karp previous efficiency: 0.7667266042
Karmarkar-Karp ratio: 1.29524933
 Final Karmarkar-Karp time: 0.002343967

SFC previous efficiency: 0.5427023475
 Time take to run this function: 4.3e-07
SFC ratio: 1.482905109
 Final SFC time: 5.0514e-05

SFC+Knapsack previous efficiency: 0.6127388236
SFC + Knapsack ratio: 1.353190185
 Final SFC+Knapsack_Combined time: 7.7294e-05

SFC+Painter previous efficiency: 0.6364823493
SFC+painterPartition efficiency: 0.877913592
SFC+Painter ratio: 1.379321191
 Final SFC+Painter time: 0.000114133

Painter+Knapsack previous efficiency: 0.6127388236
Painter+Knapsack ratio: 1.356603193
 Final painter+Knapsack_Combined time: 0.000195214
Run 41
File weights 51 and ranks 51
Original previous efficiency: 0.8130121308
Original efficiency: 0.9690717685
Original ratio: 1.19195241
Knapsack previous efficiency: 0.8130121308
Knapsack ratio: 1.218638931
 Final Knapsack time: 6.5822e-05

Karmarkar-Karp previous efficiency: 0.7686762752
Karmarkar-Karp ratio: 1.290671485
 Final Karmarkar-Karp time: 0.002313311

SFC previous efficiency: 0.5417504028
 Time take to run this function: 3.8e-07
SFC ratio: 1.428943656
 Final SFC time: 5.0975e-05

SFC+Knapsack previous efficiency: 0.6175248891
SFC + Knapsack ratio: 1.349244671
 Final SFC+Knapsack_Combined time: 7.7795e-05

SFC+Painter previous efficiency: 0.6376805953
SFC+painterPartition efficiency: 0.8864470805
SFC+Painter ratio: 1.390111424
 Final SFC+Painter time: 0.000115976

Painter+Knapsack previous efficiency: 0.6175248891
Painter+Knapsack ratio: 1.349244671
 Final painter+Knapsack_Combined time: 0.000130723
Run 42
File weights 51 and ranks 51
Original previous efficiency: 0.8099184673
Original efficiency: 0.9600780449
Original ratio: 1.185400857
Knapsack previous efficiency: 0.8099184673
Knapsack ratio: 1.224775583
 Final Knapsack time: 6.5372e-05

Karmarkar-Karp previous efficiency: 0.7567305507
Karmarkar-Karp ratio: 1.314971441
 Final Karmarkar-Karp time: 0.00238838

SFC previous efficiency: 0.5416793332
 Time take to run this function: 4.21e-07
SFC ratio: 1.473437805
 Final SFC time: 0.000342278

SFC+Knapsack previous efficiency: 0.6388908067
SFC + Knapsack ratio: 1.304021774
 Final SFC+Knapsack_Combined time: 9.7181e-05

SFC+Painter previous efficiency: 0.634711422
SFC+painterPartition efficiency: 0.8910299382
SFC+Painter ratio: 1.403834731
 Final SFC+Painter time: 0.00012863

Painter+Knapsack previous efficiency: 0.6388908067
Painter+Knapsack ratio: 1.304021774
 Final painter+Knapsack_Combined time: 0.000135112
Run 43
File weights 51 and ranks 51
Original previous efficiency: 0.8065475498
Original efficiency: 0.9446116526
Original ratio: 1.171179124
Knapsack previous efficiency: 0.8065475498
Knapsack ratio: 1.228176902
 Final Knapsack time: 6.6805e-05

Karmarkar-Karp previous efficiency: 0.7473710517
Karmarkar-Karp ratio: 1.324677654
 Final Karmarkar-Karp time: 0.002434856

SFC previous efficiency: 0.5475467317
 Time take to run this function: 3.810000001e-07
SFC ratio: 1.460409852
 Final SFC time: 5.2177e-05

SFC+Knapsack previous efficiency: 0.6225944785
SFC + Knapsack ratio: 1.372637946
 Final SFC+Knapsack_Combined time: 7.8255e-05

SFC+Painter previous efficiency: 0.6359006444
SFC+painterPartition efficiency: 0.881162178
SFC+Painter ratio: 1.385691595
 Final SFC+Painter time: 0.000110206

Painter+Knapsack previous efficiency: 0.6225944785
Painter+Knapsack ratio: 1.338804911
 Final painter+Knapsack_Combined time: 0.00013386
Run 44
File weights 51 and ranks 51
Original previous efficiency: 0.8045685226
Original efficiency: 0.9081985523
Original ratio: 1.128801994
Knapsack previous efficiency: 0.8045685226
Knapsack ratio: 1.229893629
 Final Knapsack time: 6.5672e-05

Karmarkar-Karp previous efficiency: 0.7302156539
Karmarkar-Karp ratio: 1.355181526
 Final Karmarkar-Karp time: 0.002330342

SFC previous efficiency: 0.5711052703
 Time take to run this function: 4.410000001e-07
SFC ratio: 1.379609277
 Final SFC time: 5.1686e-05

SFC+Knapsack previous efficiency: 0.6189970493
SFC + Knapsack ratio: 1.343221352
 Final SFC+Knapsack_Combined time: 7.7484e-05

SFC+Painter previous efficiency: 0.6237888231
SFC+painterPartition efficiency: 0.8867862202
SFC+Painter ratio: 1.421612872
 Final SFC+Painter time: 0.000115866

Painter+Knapsack previous efficiency: 0.6189970493
Painter+Knapsack ratio: 1.374757649
 Final painter+Knapsack_Combined time: 0.000129781
Run 45
File weights 51 and ranks 51
Original previous efficiency: 0.7926416953
Original efficiency: 0.8749554513
Original ratio: 1.103847371
Knapsack previous efficiency: 0.7926416953
Knapsack ratio: 1.250265281
 Final Knapsack time: 6.7736e-05

Karmarkar-Karp previous efficiency: 0.7199104867
Karmarkar-Karp ratio: 1.376196698
 Final Karmarkar-Karp time: 0.002336473

SFC previous efficiency: 0.5825721063
 Time take to run this function: 3.710000001e-07
SFC ratio: 1.353795391
 Final SFC time: 5.0774e-05

SFC+Knapsack previous efficiency: 0.6240374087
SFC + Knapsack ratio: 1.365212553
 Final SFC+Knapsack_Combined time: 7.7234e-05

SFC+Painter previous efficiency: 0.6133101016
SFC+painterPartition efficiency: 0.8868252992
SFC+Painter ratio: 1.445965584
 Final SFC+Painter time: 0.000254865

Painter+Knapsack previous efficiency: 0.6240374087
Painter+Knapsack ratio: 1.365212553
 Final painter+Knapsack_Combined time: 0.000125995
Run 46
File weights 51 and ranks 51
Original previous efficiency: 0.7916715587
Original efficiency: 0.9666959368
Original ratio: 1.221082059
Knapsack previous efficiency: 0.7916715587
Knapsack ratio: 1.253244345
 Final Knapsack time: 6.6785e-05

Karmarkar-Karp previous efficiency: 0.7205686074
Karmarkar-Karp ratio: 1.379440742
 Final Karmarkar-Karp time: 0.002786623

SFC previous efficiency: 0.5860016329
 Time take to run this function: 5.2e-06
SFC ratio: 1.348638194
 Final SFC time: 0.000153005

SFC+Knapsack previous efficiency: 0.6342726715
SFC + Knapsack ratio: 1.34093996
 Final SFC+Knapsack_Combined time: 0.000111968

SFC+Painter previous efficiency: 0.6090056303
SFC+painterPartition efficiency: 0.8915742341
SFC+Painter ratio: 1.463983566
 Final SFC+Painter time: 0.00010743

Painter+Knapsack previous efficiency: 0.6342726715
Painter+Knapsack ratio: 1.34093996
 Final painter+Knapsack_Combined time: 0.000132457
Run 47
File weights 51 and ranks 51
Original previous efficiency: 0.7994427821
Original efficiency: 0.9343304159
Original ratio: 1.168727064
Knapsack previous efficiency: 0.7994427821
Knapsack ratio: 1.239210339
 Final Knapsack time: 6.6063e-05

Karmarkar-Karp previous efficiency: 0.7309242772
Karmarkar-Karp ratio: 1.357702442
 Final Karmarkar-Karp time: 0.002481704

SFC previous efficiency: 0.5913487762
 Time take to run this function: 4.809999999e-07
SFC ratio: 1.34653028
 Final SFC time: 6.7316e-05

SFC+Knapsack previous efficiency: 0.6545079657
SFC + Knapsack ratio: 1.293843808
 Final SFC+Knapsack_Combined time: 7.8076e-05

SFC+Painter previous efficiency: 0.6237009953
SFC+painterPartition efficiency: 0.8871429392
SFC+Painter ratio: 1.422384998
 Final SFC+Painter time: 0.000114474

Painter+Knapsack previous efficiency: 0.6545079657
Painter+Knapsack ratio: 1.271824629
 Final painter+Knapsack_Combined time: 0.000124752
Run 48
File weights 51 and ranks 51
Original previous efficiency: 0.7798683718
Original efficiency: 0.9081403257
Original ratio: 1.164478979
Knapsack previous efficiency: 0.7798683718
Knapsack ratio: 1.270769383
 Final Knapsack time: 6.6204e-05

Karmarkar-Karp previous efficiency: 0.7475022599
Karmarkar-Karp ratio: 1.328777933
 Final Karmarkar-Karp time: 0.002443673

SFC previous efficiency: 0.606975501
 Time take to run this function: 3.9e-07
SFC ratio: 1.324309885
 Final SFC time: 5.1816e-05

SFC+Knapsack previous efficiency: 0.6766899443
SFC + Knapsack ratio: 1.241178155
 Final SFC+Knapsack_Combined time: 7.7514e-05

SFC+Painter previous efficiency: 0.6344020632
SFC+painterPartition efficiency: 0.8876210103
SFC+Painter ratio: 1.399145844
 Final SFC+Painter time: 0.000111207

Painter+Knapsack previous efficiency: 0.6766899443
Painter+Knapsack ratio: 1.254137443
 Final painter+Knapsack_Combined time: 0.000130633
Run 49
File weights 51 and ranks 51
Original previous efficiency: 0.7633922466
Original efficiency: 0.8805438122
Original ratio: 1.153461823
Knapsack previous efficiency: 0.7633922466
Knapsack ratio: 1.300135878
 Final Knapsack time: 6.5633e-05

Karmarkar-Karp previous efficiency: 0.7593503671
Karmarkar-Karp ratio: 1.305800368
 Final Karmarkar-Karp time: 0.002745966

SFC previous efficiency: 0.6445645045
 Time take to run this function: 4.11e-07
SFC ratio: 1.242872544
 Final SFC time: 5.1667e-05

SFC+Knapsack previous efficiency: 0.6950863213
SFC + Knapsack ratio: 1.240981197
 Final SFC+Knapsack_Combined time: 7.8376e-05

SFC+Painter previous efficiency: 0.6596347398
SFC+painterPartition efficiency: 0.8898353448
SFC+Painter ratio: 1.348981931
 Final SFC+Painter time: 0.000127397

Painter+Knapsack previous efficiency: 0.6950863213
Painter+Knapsack ratio: 1.192610892
 Final painter+Knapsack_Combined time: 0.000130534
Run 50
File weights 51 and ranks 51
Original previous efficiency: 0.7596428279
Original efficiency: 0.9666845693
Original ratio: 1.272551433
Knapsack previous efficiency: 0.7596428279
Knapsack ratio: 1.30599212
 Final Knapsack time: 6.6023e-05

Karmarkar-Karp previous efficiency: 0.7466149032
Karmarkar-Karp ratio: 1.329925804
 Final Karmarkar-Karp time: 0.002441208

SFC previous efficiency: 0.6877697627
 Time take to run this function: 3.909999999e-07
SFC ratio: 1.198487122
 Final SFC time: 5.1295e-05

SFC+Knapsack previous efficiency: 0.7106832075
SFC + Knapsack ratio: 1.258232434
 Final SFC+Knapsack_Combined time: 7.7685e-05

SFC+Painter previous efficiency: 0.7027389489
SFC+painterPartition efficiency: 0.8856460544
SFC+Painter ratio: 1.260277456
 Final SFC+Painter time: 0.000115866

Painter+Knapsack previous efficiency: 0.7106832075
Painter+Knapsack ratio: 1.258232434
 Final painter+Knapsack_Combined time: 0.000145881


TinyProfiler total time across processes [min...avg...max]: 0.3555 ... 0.3555 ... 0.3555

-------------------------------------------------------------------------------------
Name                                  NCalls  Excl. Min  Excl. Avg  Excl. Max   Max %
-------------------------------------------------------------------------------------
kk()                                      51     0.1252     0.1252     0.1252  35.22%
painterPartition()                       102   0.009678   0.009678   0.009678   2.72%
knapsack()                              1275   0.005456   0.005456   0.005456   1.53%
SFCProcessorMapDoIt()                     51   0.002385   0.002385   0.002385   0.67%
SFCProcessorMapDoItCombined()             51   0.001866   0.001866   0.001866   0.52%
SFCProcessorMapDoItCombinedPainter()      51  0.0008868  0.0008868  0.0008868   0.25%
Distribute()                             102  0.0006104  0.0006104  0.0006104   0.17%
KnapSackDoIt()                            51  0.0004951  0.0004951  0.0004951   0.14%
KKDoIt()                                  51  0.0003865  0.0003865  0.0003865   0.11%
knapsack()swap                           318  7.725e-05  7.725e-05  7.725e-05   0.02%
-------------------------------------------------------------------------------------

-------------------------------------------------------------------------------------
Name                                  NCalls  Incl. Min  Incl. Avg  Incl. Max   Max %
-------------------------------------------------------------------------------------
KKDoIt()                                  51     0.1256     0.1256     0.1256  35.33%
kk()                                      51     0.1252     0.1252     0.1252  35.22%
painterPartition()                       102   0.009678   0.009678   0.009678   2.72%
SFCProcessorMapDoItCombinedPainter()      51    0.00648    0.00648    0.00648   1.82%
knapsack()                              1275   0.005533   0.005533   0.005533   1.56%
SFCProcessorMapDoItCombined()             51   0.003667   0.003667   0.003667   1.03%
KnapSackDoIt()                            51   0.002965   0.002965   0.002965   0.83%
SFCProcessorMapDoIt()                     51   0.002782   0.002782   0.002782   0.78%
Distribute()                             102  0.0006104  0.0006104  0.0006104   0.17%
knapsack()swap                           318  7.725e-05  7.725e-05  7.725e-05   0.02%
-------------------------------------------------------------------------------------

Pinned Memory Usage:
---------------------------------------------------------------
Name                            Nalloc  Nfree  AvgMem    MaxMem
---------------------------------------------------------------
The_Pinned_Arena::Initialize()       1      1  76 KiB  8192 KiB
---------------------------------------------------------------

AMReX (25.06-22-g1d307c2c661a) finalized
