Initializing AMReX (25.06-22-g1d307c2c661a)...
OMP initialized with 256 OMP threads
AMReX (25.06-22-g1d307c2c661a) initialized
Starting running input_laser_ion running with 24 nodes and 4 ranks per node.
Total steps: 5000, intervals: 100 = 50 runs
Reading precomputed weights and ranks from file: /global/homes/j/jessd/lb_extractor/lb_inputs/imp_20/laser_ion_4_boxes_96_ranks_20_lb_data.txt
/global/homes/j/jessd/lb_extractor/lb_inputs/imp_20/laser_ion_4_boxes_96_ranks_20_lb_data.txt
Run 0: Weights size: 435
Run 1: Weights size: 435
Run 2: Weights size: 435
Run 3: Weights size: 435
Run 4: Weights size: 435
Run 5: Weights size: 435
Run 6: Weights size: 435
Run 7: Weights size: 435
Run 8: Weights size: 435
Run 9: Weights size: 435
Run 10: Weights size: 435
Run 11: Weights size: 435
Run 12: Weights size: 435
Run 13: Weights size: 435
Run 14: Weights size: 435
Run 15: Weights size: 435
Run 16: Weights size: 435
Run 17: Weights size: 435
Run 18: Weights size: 435
Run 19: Weights size: 435
Run 20: Weights size: 435
Run 21: Weights size: 435
Run 22: Weights size: 435
Run 23: Weights size: 435
Run 24: Weights size: 435
Run 25: Weights size: 435
Run 26: Weights size: 435
Run 27: Weights size: 435
Run 28: Weights size: 435
Run 29: Weights size: 435
Run 30: Weights size: 435
Run 31: Weights size: 435
Run 32: Weights size: 435
Run 33: Weights size: 435
Run 34: Weights size: 435
Run 35: Weights size: 435
Run 36: Weights size: 435
Run 37: Weights size: 435
Run 38: Weights size: 435
Run 39: Weights size: 435
Run 40: Weights size: 435
Run 41: Weights size: 435
Run 42: Weights size: 435
Run 43: Weights size: 435
Run 44: Weights size: 435
Run 45: Weights size: 435
Run 46: Weights size: 435
Run 47: Weights size: 435
Run 48: Weights size: 435
Run 49: Weights size: 435
Run 50: Weights size: 435
Run 0
File weights 51 and ranks 51
Original efficiency: 0.2759491367
Original ratio: inf
Knapsack ratio: inf
 Final Knapsack time: 9.5989e-05

Karmarkar-Karp ratio: inf
 Final Karmarkar-Karp time: 0.006474142

 Time take to run this function: 8.81e-07
SFC ratio: inf
 Final SFC time: 7.3978e-05

SFC + Knapsack ratio: inf
 Final SFC+Knapsack_Combined time: 0.000101368

SFC+painterPartition efficiency: 0.6898728417
SFC+Painter ratio: inf
 Final SFC+Painter time: 0.000141364

Painter+Knapsack ratio: inf
 Final painter+Knapsack_Combined time: 0.000150961
Run 1
File weights 51 and ranks 51
Original previous efficiency: 0.2759363465
Original efficiency: 0.7358374482
Original ratio: 2.666692727
Knapsack previous efficiency: 0.7357933186
Knapsack ratio: 1.000062215
 Final Knapsack time: 6.5151e-05

Karmarkar-Karp previous efficiency: 0.7356294821
Karmarkar-Karp ratio: 1.000284945
 Final Karmarkar-Karp time: 0.005951929

SFC previous efficiency: 0.6895629661
 Time take to run this function: 3.81e-07
SFC ratio: 1
 Final SFC time: 5.6856e-05

SFC+Knapsack previous efficiency: 0.6897844765
SFC + Knapsack ratio: 1.000095189
 Final SFC+Knapsack_Combined time: 0.000117328

SFC+Painter previous efficiency: 0.6895206748
SFC+painterPartition efficiency: 0.6898586669
SFC+Painter ratio: 1.000490184
 Final SFC+Painter time: 0.000126897

Painter+Knapsack previous efficiency: 0.6898401578
Painter+Knapsack ratio: 1.000012366
 Final painter+Knapsack_Combined time: 0.00014475
Run 2
File weights 51 and ranks 51
Original previous efficiency: 0.735543049
Original efficiency: 0.735543049
Original ratio: 1
Knapsack previous efficiency: 0.7354232176
Knapsack ratio: 1.000292587
 Final Knapsack time: 6.5783e-05

Karmarkar-Karp previous efficiency: 0.7280668362
Karmarkar-Karp ratio: 1.010399536
 Final Karmarkar-Karp time: 0.005906855

SFC previous efficiency: 0.6777343502
 Time take to run this function: 4.11e-07
SFC ratio: 1
 Final SFC time: 5.9811e-05

SFC+Knapsack previous efficiency: 0.6861255076
SFC + Knapsack ratio: 1.005398696
 Final SFC+Knapsack_Combined time: 8.5189e-05

SFC+Painter previous efficiency: 0.6764712529
SFC+painterPartition efficiency: 0.689842244
SFC+Painter ratio: 1.019765794
 Final SFC+Painter time: 0.000120775

Painter+Knapsack previous efficiency: 0.6882804163
Painter+Knapsack ratio: 1.002256312
 Final painter+Knapsack_Combined time: 0.00013942
Run 3
File weights 51 and ranks 51
Original previous efficiency: 0.7341112033
Original efficiency: 0.7341112033
Original ratio: 1
Knapsack previous efficiency: 0.7339473778
Knapsack ratio: 1.000446026
 Final Knapsack time: 6.5892e-05

Karmarkar-Karp previous efficiency: 0.7278877092
Karmarkar-Karp ratio: 1.008774744
 Final Karmarkar-Karp time: 0.006226931

SFC previous efficiency: 0.6752447843
 Time take to run this function: 4.11e-07
SFC ratio: 1
 Final SFC time: 8.4988e-05

SFC+Knapsack previous efficiency: 0.6837571563
SFC + Knapsack ratio: 1.008858898
 Final SFC+Knapsack_Combined time: 8.4427e-05

SFC+Painter previous efficiency: 0.6752447843
SFC+painterPartition efficiency: 0.6898217333
SFC+Painter ratio: 1.021587651
 Final SFC+Painter time: 0.000119312

Painter+Knapsack previous efficiency: 0.6844510774
Painter+Knapsack ratio: 1.007836786
 Final painter+Knapsack_Combined time: 0.00014485
Run 4
File weights 51 and ranks 51
Original previous efficiency: 0.7325621166
Original efficiency: 0.7325621166
Original ratio: 1
Knapsack previous efficiency: 0.7323786571
Knapsack ratio: 1.000706474
 Final Knapsack time: 6.6714e-05

Karmarkar-Karp previous efficiency: 0.727934023
Karmarkar-Karp ratio: 1.006816607
 Final Karmarkar-Karp time: 0.006233143

SFC previous efficiency: 0.674906985
 Time take to run this function: 3.71e-07
SFC ratio: 1
 Final SFC time: 5.7958e-05

SFC+Knapsack previous efficiency: 0.6813279664
SFC + Knapsack ratio: 1.012421936
 Final SFC+Knapsack_Combined time: 8.5089e-05

SFC+Painter previous efficiency: 0.6728029092
SFC+painterPartition efficiency: 0.6898036099
SFC+Painter ratio: 1.025268471
 Final SFC+Painter time: 0.000121427

Painter+Knapsack previous efficiency: 0.6854613156
Painter+Knapsack ratio: 1.006323814
 Final painter+Knapsack_Combined time: 0.000142034
Run 5
File weights 51 and ranks 51
Original previous efficiency: 0.731989532
Original efficiency: 0.731989532
Original ratio: 1
Knapsack previous efficiency: 0.7318016438
Knapsack ratio: 1.001405925
 Final Knapsack time: 6.7957e-05

Karmarkar-Karp previous efficiency: 0.7280482551
Karmarkar-Karp ratio: 1.006568585
 Final Karmarkar-Karp time: 0.006627778

SFC previous efficiency: 0.6748503508
 Time take to run this function: 3.81e-07
SFC ratio: 1
 Final SFC time: 5.8629e-05

SFC+Knapsack previous efficiency: 0.6795156374
SFC + Knapsack ratio: 1.015085518
 Final SFC+Knapsack_Combined time: 8.5709e-05

SFC+Painter previous efficiency: 0.6699347583
SFC+painterPartition efficiency: 0.6897814494
SFC+Painter ratio: 1.029624812
 Final SFC+Painter time: 0.000127297

Painter+Knapsack previous efficiency: 0.6874399621
Painter+Knapsack ratio: 1.003391115
 Final painter+Knapsack_Combined time: 0.000144379
Run 6
File weights 51 and ranks 51
Original previous efficiency: 0.7316914209
Original efficiency: 0.7316914209
Original ratio: 1
Knapsack previous efficiency: 0.7314741797
Knapsack ratio: 1.002174584
 Final Knapsack time: 6.6724e-05

Karmarkar-Karp previous efficiency: 0.7281945596
Karmarkar-Karp ratio: 1.006688147
 Final Karmarkar-Karp time: 0.006506632

SFC previous efficiency: 0.6750336008
 Time take to run this function: 3.71e-07
SFC ratio: 1
 Final SFC time: 6.0843e-05

SFC+Knapsack previous efficiency: 0.6777993291
SFC + Knapsack ratio: 1.017640416
 Final SFC+Knapsack_Combined time: 0.000151974

SFC+Painter previous efficiency: 0.6660643049
SFC+painterPartition efficiency: 0.6897633939
SFC+Painter ratio: 1.035580782
 Final SFC+Painter time: 0.00013466

Painter+Knapsack previous efficiency: 0.6897294396
Painter+Knapsack ratio: 1.00002753
 Final painter+Knapsack_Combined time: 0.000165939
Run 7
File weights 51 and ranks 51
Original previous efficiency: 0.7312176388
Original efficiency: 0.7312176388
Original ratio: 1
Knapsack previous efficiency: 0.730998504
Knapsack ratio: 1.005692603
 Final Knapsack time: 9.9936e-05

Karmarkar-Karp previous efficiency: 0.7284268345
Karmarkar-Karp ratio: 1.009243143
 Final Karmarkar-Karp time: 0.006576442

SFC previous efficiency: 0.6748297838
 Time take to run this function: 3.71e-07
SFC ratio: 1.002012547
 Final SFC time: 5.8089e-05

SFC+Knapsack previous efficiency: 0.6762128118
SFC + Knapsack ratio: 1.019967703
 Final SFC+Knapsack_Combined time: 8.6481e-05

SFC+Painter previous efficiency: 0.6608913656
SFC+painterPartition efficiency: 0.689745963
SFC+Painter ratio: 1.043660122
 Final SFC+Painter time: 0.000127087

Painter+Knapsack previous efficiency: 0.689704608
Painter+Knapsack ratio: 1.000038962
 Final painter+Knapsack_Combined time: 0.000143197
Run 8
File weights 51 and ranks 51
Original previous efficiency: 0.7285675855
Original efficiency: 0.7285675855
Original ratio: 1
Knapsack previous efficiency: 0.7283455423
Knapsack ratio: 1.009962904
 Final Knapsack time: 6.9119e-05

Karmarkar-Karp previous efficiency: 0.7283069635
Karmarkar-Karp ratio: 1.010016403
 Final Karmarkar-Karp time: 0.006383694

SFC previous efficiency: 0.6721805288
 Time take to run this function: 3.81e-07
SFC ratio: 1
 Final SFC time: 5.9611e-05

SFC+Knapsack previous efficiency: 0.672219352
SFC + Knapsack ratio: 1.025925657
 Final SFC+Knapsack_Combined time: 8.6151e-05

SFC+Painter previous efficiency: 0.6540692533
SFC+painterPartition efficiency: 0.6897218996
SFC+Painter ratio: 1.054508978
 Final SFC+Painter time: 0.000134491

Painter+Knapsack previous efficiency: 0.6896824768
Painter+Knapsack ratio: 0.9999944006
 Final painter+Knapsack_Combined time: 0.000145802
Run 9
File weights 51 and ranks 51
Original previous efficiency: 0.7233087986
Original efficiency: 0.7233087986
Original ratio: 1
Knapsack previous efficiency: 0.7230803895
Knapsack ratio: 1.015509941
 Final Knapsack time: 7.546e-05

Karmarkar-Karp previous efficiency: 0.7212801203
Karmarkar-Karp ratio: 1.018044589
 Final Karmarkar-Karp time: 0.006233694

SFC previous efficiency: 0.6637365442
 Time take to run this function: 4.11e-07
SFC ratio: 0.9769554705
 Final SFC time: 5.8719e-05

SFC+Knapsack previous efficiency: 0.6669864364
SFC + Knapsack ratio: 1.034036827
 Final SFC+Knapsack_Combined time: 8.4898e-05

SFC+Painter previous efficiency: 0.6484410478
SFC+painterPartition efficiency: 0.6896927221
SFC+Painter ratio: 1.063616692
 Final SFC+Painter time: 0.000127808

Painter+Knapsack previous efficiency: 0.6856224855
Painter+Knapsack ratio: 1.005929515
 Final painter+Knapsack_Combined time: 0.000142756
Run 10
File weights 51 and ranks 51
Original previous efficiency: 0.7215711743
Original efficiency: 0.7215711743
Original ratio: 1
Knapsack previous efficiency: 0.698780718
Knapsack ratio: 1.053063142
 Final Knapsack time: 6.9179e-05

Karmarkar-Karp previous efficiency: 0.7075848808
Karmarkar-Karp ratio: 1.039960347
 Final Karmarkar-Karp time: 0.006254393

SFC previous efficiency: 0.6401416631
 Time take to run this function: 4.11e-07
SFC ratio: 1.021781432
 Final SFC time: 0.000159838

SFC+Knapsack previous efficiency: 0.6372565996
SFC + Knapsack ratio: 1.082223188
 Final SFC+Knapsack_Combined time: 8.5029e-05

SFC+Painter previous efficiency: 0.6298947366
SFC+painterPartition efficiency: 0.6896691542
SFC+Painter ratio: 1.094895884
 Final SFC+Painter time: 0.000124702

Painter+Knapsack previous efficiency: 0.6571810687
Painter+Knapsack ratio: 1.049412257
 Final painter+Knapsack_Combined time: 0.000141544
Run 11
File weights 51 and ranks 51
Original previous efficiency: 0.7214629066
Original efficiency: 0.7214629066
Original ratio: 1
Knapsack previous efficiency: 0.6524033183
Knapsack ratio: 1.127189112
 Final Knapsack time: 6.7035e-05

Karmarkar-Karp previous efficiency: 0.6899511931
Karmarkar-Karp ratio: 1.065846287
 Final Karmarkar-Karp time: 0.00626924

SFC previous efficiency: 0.6070761108
 Time take to run this function: 4.1e-07
SFC ratio: 1.042855051
 Final SFC time: 5.932e-05

SFC+Knapsack previous efficiency: 0.5763529885
SFC + Knapsack ratio: 1.195695762
 Final SFC+Knapsack_Combined time: 8.572e-05

SFC+Painter previous efficiency: 0.5618202698
SFC+painterPartition efficiency: 0.689154724
SFC+Painter ratio: 1.226646244
 Final SFC+Painter time: 0.000109874

Painter+Knapsack previous efficiency: 0.6159783696
Painter+Knapsack ratio: 1.118776333
 Final painter+Knapsack_Combined time: 0.000145822
Run 12
File weights 51 and ranks 51
Original previous efficiency: 0.7181768879
Original efficiency: 0.7181768879
Original ratio: 1
Knapsack previous efficiency: 0.6347204999
Knapsack ratio: 1.1585601
 Final Knapsack time: 6.7305e-05

Karmarkar-Karp previous efficiency: 0.6796418571
Karmarkar-Karp ratio: 1.08198434
 Final Karmarkar-Karp time: 0.006311458

SFC previous efficiency: 0.5901992588
 Time take to run this function: 4.01e-07
SFC ratio: 1.066473394
 Final SFC time: 5.886e-05

SFC+Knapsack previous efficiency: 0.5545173132
SFC + Knapsack ratio: 1.242401803
 Final SFC+Knapsack_Combined time: 8.8435e-05

SFC+Painter previous efficiency: 0.6889492223
SFC+painterPartition efficiency: 0.6889564556
SFC+Painter ratio: 1.000010499
 Final SFC+Painter time: 0.000131174

Painter+Knapsack previous efficiency: 0.6001933871
Painter+Knapsack ratio: 1.147852217
 Final painter+Knapsack_Combined time: 0.000146763
Run 13
File weights 51 and ranks 51
Original previous efficiency: 0.7116609064
Original efficiency: 0.7116609064
Original ratio: 1
Knapsack previous efficiency: 0.6324716464
Knapsack ratio: 1.162500155
 Final Knapsack time: 6.6915e-05

Karmarkar-Karp previous efficiency: 0.6695169218
Karmarkar-Karp ratio: 1.098177452
 Final Karmarkar-Karp time: 0.00622109

SFC previous efficiency: 0.5840704996
 Time take to run this function: 4.01e-07
SFC ratio: 1.071400821
 Final SFC time: 5.7808e-05

SFC+Knapsack previous efficiency: 0.6878532024
SFC + Knapsack ratio: 1.001416402
 Final SFC+Knapsack_Combined time: 8.581e-05

SFC+Painter previous efficiency: 0.6888189617
SFC+painterPartition efficiency: 0.6888435501
SFC+Painter ratio: 1.000035697
 Final SFC+Painter time: 0.000117809

Painter+Knapsack previous efficiency: 0.5981773847
Painter+Knapsack ratio: 1.151543834
 Final painter+Knapsack_Combined time: 0.000143367
Run 14
File weights 51 and ranks 51
Original previous efficiency: 0.7018858755
Original efficiency: 0.7018858755
Original ratio: 1
Knapsack previous efficiency: 0.6340854578
Knapsack ratio: 1.160364528
 Final Knapsack time: 6.7235e-05

Karmarkar-Karp previous efficiency: 0.6599835121
Karmarkar-Karp ratio: 1.114831294
 Final Karmarkar-Karp time: 0.006203318

SFC previous efficiency: 0.5795072971
 Time take to run this function: 3.61e-07
SFC ratio: 1.079592769
 Final SFC time: 5.7307e-05

SFC+Knapsack previous efficiency: 0.6856969905
SFC + Knapsack ratio: 1.004289058
 Final SFC+Knapsack_Combined time: 8.5128e-05

SFC+Painter previous efficiency: 0.6872821012
SFC+painterPartition efficiency: 0.6886603174
SFC+Painter ratio: 1.002005314
 Final SFC+Painter time: 0.000124832

Painter+Knapsack previous efficiency: 0.5996077125
Painter+Knapsack ratio: 1.148480866
 Final painter+Knapsack_Combined time: 0.000141223
Run 15
File weights 51 and ranks 51
Original previous efficiency: 0.6915001372
Original efficiency: 0.6915001372
Original ratio: 1
Knapsack previous efficiency: 0.6372758395
Knapsack ratio: 1.150895428
 Final Knapsack time: 6.6404e-05

Karmarkar-Karp previous efficiency: 0.6557580473
Karmarkar-Karp ratio: 1.118458024
 Final Karmarkar-Karp time: 0.006202416

SFC previous efficiency: 0.5761409929
 Time take to run this function: 3.8e-07
SFC ratio: 1.091311538
 Final SFC time: 5.7287e-05

SFC+Knapsack previous efficiency: 0.681588464
SFC + Knapsack ratio: 1.007285987
 Final SFC+Knapsack_Combined time: 8.5059e-05

SFC+Painter previous efficiency: 0.6725427716
SFC+painterPartition efficiency: 0.6865727698
SFC+Painter ratio: 1.020861124
 Final SFC+Painter time: 0.000122118

Painter+Knapsack previous efficiency: 0.6023571968
Painter+Knapsack ratio: 1.139787152
 Final painter+Knapsack_Combined time: 0.000145702
Run 16
File weights 51 and ranks 51
Original previous efficiency: 0.6867570477
Original efficiency: 0.6867570477
Original ratio: 1
Knapsack previous efficiency: 0.5936654948
Knapsack ratio: 1.232499576
 Final Knapsack time: 6.6564e-05

Karmarkar-Karp previous efficiency: 0.6237336767
Karmarkar-Karp ratio: 1.17308476
 Final Karmarkar-Karp time: 0.00639289

SFC previous efficiency: 0.5337050576
 Time take to run this function: 3.71e-07
SFC ratio: 1.21165529
 Final SFC time: 5.8529e-05

SFC+Knapsack previous efficiency: 0.6776957193
SFC + Knapsack ratio: 1.009557484
 Final SFC+Knapsack_Combined time: 8.591e-05

SFC+Painter previous efficiency: 0.6603812071
SFC+painterPartition efficiency: 0.6841892268
SFC+Painter ratio: 1.036051934
 Final SFC+Painter time: 0.000127508

Painter+Knapsack previous efficiency: 0.5631416743
Painter+Knapsack ratio: 1.21492635
 Final painter+Knapsack_Combined time: 0.000144659
Run 17
File weights 51 and ranks 51
Original previous efficiency: 0.6817628668
Original efficiency: 0.6817628668
Original ratio: 1
Knapsack previous efficiency: 0.7270738782
Knapsack ratio: 1.005700555
 Final Knapsack time: 0.000129701

Karmarkar-Karp previous efficiency: 0.5958266106
Karmarkar-Karp ratio: 1.227233879
 Final Karmarkar-Karp time: 0.006347366

SFC previous efficiency: 0.641030699
 Time take to run this function: 3.81e-07
SFC ratio: 1
 Final SFC time: 5.8208e-05

SFC+Knapsack previous efficiency: 0.6759085109
SFC + Knapsack ratio: 1.011413912
 Final SFC+Knapsack_Combined time: 8.6541e-05

SFC+Painter previous efficiency: 0.6517165984
SFC+painterPartition efficiency: 0.6836406562
SFC+Painter ratio: 1.048984571
 Final SFC+Painter time: 0.00012345

Painter+Knapsack previous efficiency: 0.6836042918
Painter+Knapsack ratio: 1.000030097
 Final painter+Knapsack_Combined time: 0.000150751
Run 18
File weights 51 and ranks 51
Original previous efficiency: 0.6761932157
Original efficiency: 0.6761932157
Original ratio: 1
Knapsack previous efficiency: 0.7207608586
Knapsack ratio: 1.014733756
 Final Knapsack time: 6.9429e-05

Karmarkar-Karp previous efficiency: 0.7309787426
Karmarkar-Karp ratio: 1.000549443
 Final Karmarkar-Karp time: 0.006689122

SFC previous efficiency: 0.647170396
 Time take to run this function: 3.9e-07
SFC ratio: 1
 Final SFC time: 5.892e-05

SFC+Knapsack previous efficiency: 0.6735551178
SFC + Knapsack ratio: 1.014446995
 Final SFC+Knapsack_Combined time: 8.589e-05

SFC+Painter previous efficiency: 0.6495151812
SFC+painterPartition efficiency: 0.6833180088
SFC+Painter ratio: 1.052043168
 Final SFC+Painter time: 0.000125514

Painter+Knapsack previous efficiency: 0.6832803857
Painter+Knapsack ratio: 1.000019131
 Final painter+Knapsack_Combined time: 0.000150129
Run 19
File weights 51 and ranks 51
Original previous efficiency: 0.6597256136
Original efficiency: 0.7317393861
Original ratio: 1.109157157
Knapsack previous efficiency: 0.7132733166
Knapsack ratio: 1.025889191
 Final Knapsack time: 6.8267e-05

Karmarkar-Karp previous efficiency: 0.7307570489
Karmarkar-Karp ratio: 1.001344273
 Final Karmarkar-Karp time: 0.00637139

SFC previous efficiency: 0.5789991828
 Time take to run this function: 4.1e-07
SFC ratio: 1.038272568
 Final SFC time: 5.7867e-05

SFC+Knapsack previous efficiency: 0.6221765181
SFC + Knapsack ratio: 1.006811183
 Final SFC+Knapsack_Combined time: 8.59e-05

SFC+Painter previous efficiency: 0.6221721544
SFC+painterPartition efficiency: 0.6830373059
SFC+Painter ratio: 1.097826865
 Final SFC+Painter time: 0.000126005

Painter+Knapsack previous efficiency: 0.6221721544
Painter+Knapsack ratio: 1.015361602
 Final painter+Knapsack_Combined time: 0.000142726
Run 20
File weights 51 and ranks 51
Original previous efficiency: 0.6349682525
Original efficiency: 0.7316667841
Original ratio: 1.152288766
Knapsack previous efficiency: 0.7071446365
Knapsack ratio: 1.035798744
 Final Knapsack time: 6.9991e-05

Karmarkar-Karp previous efficiency: 0.730644381
Karmarkar-Karp ratio: 1.002484307
 Final Karmarkar-Karp time: 0.006288556

SFC previous efficiency: 0.5406855362
 Time take to run this function: 4e-07
SFC ratio: 1.103594404
 Final SFC time: 5.8399e-05

SFC+Knapsack previous efficiency: 0.6000993923
SFC + Knapsack ratio: 1.004110754
 Final SFC+Knapsack_Combined time: 8.4618e-05

SFC+Painter previous efficiency: 0.6001061604
SFC+painterPartition efficiency: 0.6827951271
SFC+Painter ratio: 1.137790565
 Final SFC+Painter time: 0.000127197

Painter+Knapsack previous efficiency: 0.6001061604
Painter+Knapsack ratio: 1.064439791
 Final painter+Knapsack_Combined time: 0.000146152
Run 21
File weights 51 and ranks 51
Original previous efficiency: 0.6233997739
Original efficiency: 0.7310744265
Original ratio: 1.172721674
Knapsack previous efficiency: 0.7035873391
Knapsack ratio: 1.043954291
 Final Knapsack time: 6.97e-05

Karmarkar-Karp previous efficiency: 0.7299859279
Karmarkar-Karp ratio: 1.006201618
 Final Karmarkar-Karp time: 0.006335825

SFC previous efficiency: 0.5244033945
 Time take to run this function: 4.11e-07
SFC ratio: 1.155877232
 Final SFC time: 5.8499e-05

SFC+Knapsack previous efficiency: 0.5792996793
SFC + Knapsack ratio: 1.132649757
 Final SFC+Knapsack_Combined time: 8.6451e-05

SFC+Painter previous efficiency: 0.5897238807
SFC+painterPartition efficiency: 0.6821111891
SFC+Painter ratio: 1.156661976
 Final SFC+Painter time: 0.000129431

Painter+Knapsack previous efficiency: 0.5897238807
Painter+Knapsack ratio: 1.105883345
 Final painter+Knapsack_Combined time: 0.000146203
Run 22
File weights 51 and ranks 51
Original previous efficiency: 0.6173585676
Original efficiency: 0.7283830176
Original ratio: 1.17983787
Knapsack previous efficiency: 0.6916623871
Knapsack ratio: 1.057680799
 Final Knapsack time: 7.0591e-05

Karmarkar-Karp previous efficiency: 0.72836976
Karmarkar-Karp ratio: 1.004377264
 Final Karmarkar-Karp time: 0.006359949

SFC previous efficiency: 0.5160699574
 Time take to run this function: 3.599999999e-07
SFC ratio: 1.085034607
 Final SFC time: 5.8279e-05

SFC+Knapsack previous efficiency: 0.5599537635
SFC + Knapsack ratio: 1.13518536
 Final SFC+Knapsack_Combined time: 8.7182e-05

SFC+Painter previous efficiency: 0.5842855745
SFC+painterPartition efficiency: 0.6815568786
SFC+Painter ratio: 1.166479044
 Final SFC+Painter time: 0.000152904

Painter+Knapsack previous efficiency: 0.5842855745
Painter+Knapsack ratio: 1.120718731
 Final painter+Knapsack_Combined time: 0.00014507
Run 23
File weights 51 and ranks 51
Original previous efficiency: 0.6149238438
Original efficiency: 0.7289918869
Original ratio: 1.185499463
Knapsack previous efficiency: 0.6793237653
Knapsack ratio: 1.076746712
 Final Knapsack time: 7.0141e-05

Karmarkar-Karp previous efficiency: 0.728996619
Karmarkar-Karp ratio: 1.003378632
 Final Karmarkar-Karp time: 0.006804938

SFC previous efficiency: 0.5126829613
 Time take to run this function: 3.709999999e-07
SFC ratio: 1.068882007
 Final SFC time: 5.9571e-05

SFC+Knapsack previous efficiency: 0.5479975924
SFC + Knapsack ratio: 1.146687351
 Final SFC+Knapsack_Combined time: 8.7694e-05

SFC+Painter previous efficiency: 0.5817491464
SFC+painterPartition efficiency: 0.6813001058
SFC+Painter ratio: 1.171123516
 Final SFC+Painter time: 0.0001289

Painter+Knapsack previous efficiency: 0.5820968154
Painter+Knapsack ratio: 1.065546313
 Final painter+Knapsack_Combined time: 0.000147465
Run 24
File weights 51 and ranks 51
Original previous efficiency: 0.5841657467
Original efficiency: 0.7304295507
Original ratio: 1.250380658
Knapsack previous efficiency: 0.6910976556
Knapsack ratio: 1.082733543
 Final Knapsack time: 7.1013e-05

Karmarkar-Karp previous efficiency: 0.7291610838
Karmarkar-Karp ratio: 1.026213041
 Final Karmarkar-Karp time: 0.006394072

SFC previous efficiency: 0.4689939359
 Time take to run this function: 4.309999999e-07
SFC ratio: 1.309272199
 Final SFC time: 7.1714e-05

SFC+Knapsack previous efficiency: 0.5158819827
SFC + Knapsack ratio: 1.320127584
 Final SFC+Knapsack_Combined time: 8.7203e-05

SFC+Painter previous efficiency: 0.5544502471
SFC+painterPartition efficiency: 0.6810502152
SFC+Painter ratio: 1.228334226
 Final SFC+Painter time: 0.00012327

Painter+Knapsack previous efficiency: 0.5544502471
Painter+Knapsack ratio: 1.193809651
 Final painter+Knapsack_Combined time: 0.000145441
Run 25
File weights 51 and ranks 51
Original previous efficiency: 0.7265715315
Original efficiency: 0.7265715315
Original ratio: 1
Knapsack previous efficiency: 0.6865810034
Knapsack ratio: 1.092701116
 Final Knapsack time: 7.1503e-05

Karmarkar-Karp previous efficiency: 0.7265755112
Karmarkar-Karp ratio: 1.032553144
 Final Karmarkar-Karp time: 0.006374105

SFC previous efficiency: 0.6177448691
 Time take to run this function: 3.81e-07
SFC ratio: 1
 Final SFC time: 5.9581e-05

SFC+Knapsack previous efficiency: 0.6808388178
SFC + Knapsack ratio: 1.000009799
 Final SFC+Knapsack_Combined time: 8.6802e-05

SFC+Painter previous efficiency: 0.6808807549
SFC+painterPartition efficiency: 0.6808807549
SFC+Painter ratio: 1
 Final SFC+Painter time: 0.000126546

Painter+Knapsack previous efficiency: 0.5522088562
Painter+Knapsack ratio: 1.232959884
 Final painter+Knapsack_Combined time: 0.00014469
Run 26
File weights 51 and ranks 51
Original previous efficiency: 0.7277585349
Original efficiency: 0.7277585349
Original ratio: 1
Knapsack previous efficiency: 0.6794044792
Knapsack ratio: 1.118069079
 Final Knapsack time: 7.1303e-05

Karmarkar-Karp previous efficiency: 0.7277692461
Karmarkar-Karp ratio: 1.043766475
 Final Karmarkar-Karp time: 0.006328941

SFC previous efficiency: 0.6059968143
 Time take to run this function: 3.8e-07
SFC ratio: 0.999907163
 Final SFC time: 5.6275e-05

SFC+Knapsack previous efficiency: 0.6806607001
SFC + Knapsack ratio: 1.000022398
 Final SFC+Knapsack_Combined time: 8.3746e-05

SFC+Painter previous efficiency: 0.6807000852
SFC+painterPartition efficiency: 0.6807132673
SFC+Painter ratio: 1.000019366
 Final SFC+Painter time: 0.00011803

Painter+Knapsack previous efficiency: 0.680667211
Painter+Knapsack ratio: 1.000017499
 Final painter+Knapsack_Combined time: 0.000144049
Run 27
File weights 51 and ranks 51
Original previous efficiency: 0.7118274938
Original efficiency: 0.7118274938
Original ratio: 1
Knapsack previous efficiency: 0.6745812027
Knapsack ratio: 1.137777119
 Final Knapsack time: 6.967e-05

Karmarkar-Karp previous efficiency: 0.7118422637
Karmarkar-Karp ratio: 1.078220691
 Final Karmarkar-Karp time: 0.006420933

SFC previous efficiency: 0.58852384
 Time take to run this function: 3.81e-07
SFC ratio: 0.9827692184
 Final SFC time: 5.8018e-05

SFC+Knapsack previous efficiency: 0.6397085381
SFC + Knapsack ratio: 1.06354241
 Final SFC+Knapsack_Combined time: 8.5449e-05

SFC+Painter previous efficiency: 0.6803741452
SFC+painterPartition efficiency: 0.6803939887
SFC+Painter ratio: 1.000029166
 Final SFC+Painter time: 0.00011228

Painter+Knapsack previous efficiency: 0.6559606563
Painter+Knapsack ratio: 1.018164278
 Final painter+Knapsack_Combined time: 0.00014465
Run 28
File weights 51 and ranks 51
Original previous efficiency: 0.6994832327
Original efficiency: 0.7705383911
Original ratio: 1.101582361
Knapsack previous efficiency: 0.6673214503
Knapsack ratio: 1.154673495
 Final Knapsack time: 6.9109e-05

Karmarkar-Karp previous efficiency: 0.6994877641
Karmarkar-Karp ratio: 1.101575225
 Final Karmarkar-Karp time: 0.007975039

SFC previous efficiency: 0.5850516962
 Time take to run this function: 4.31e-07
SFC ratio: 1.016017473
 Final SFC time: 8.2032e-05

SFC+Knapsack previous efficiency: 0.608424717
SFC + Knapsack ratio: 1.030990025
 Final SFC+Knapsack_Combined time: 0.000245227

SFC+Painter previous efficiency: 0.6801276609
SFC+painterPartition efficiency: 0.6801624139
SFC+Painter ratio: 1.000051098
 Final SFC+Painter time: 0.000304016

Painter+Knapsack previous efficiency: 0.627079568
Painter+Knapsack ratio: 1.047516348
 Final painter+Knapsack_Combined time: 0.0005477
Run 29
File weights 51 and ranks 51
Original previous efficiency: 0.7059158641
Original efficiency: 0.7641680117
Original ratio: 1.082519958
Knapsack previous efficiency: 0.6652625108
Knapsack ratio: 1.166856551
 Final Knapsack time: 0.000142235

Karmarkar-Karp previous efficiency: 0.7059117602
Karmarkar-Karp ratio: 1.099664239
 Final Karmarkar-Karp time: 0.00666601

SFC previous efficiency: 0.5844530632
 Time take to run this function: 4.210000001e-07
SFC ratio: 1.00446962
 Final SFC time: 6.0633e-05

SFC+Knapsack previous efficiency: 0.5759683092
SFC + Knapsack ratio: 1.096710282
 Final SFC+Knapsack_Combined time: 8.8826e-05

SFC+Painter previous efficiency: 0.6798688787
SFC+painterPartition efficiency: 0.6799331257
SFC+Painter ratio: 1.000094499
 Final SFC+Painter time: 0.000126416

Painter+Knapsack previous efficiency: 0.609588291
Painter+Knapsack ratio: 1.086455348
 Final painter+Knapsack_Combined time: 0.000154328
Run 30
File weights 51 and ranks 51
Original previous efficiency: 0.6887380561
Original efficiency: 0.7464667591
Original ratio: 1.083818082
Knapsack previous efficiency: 0.6679492631
Knapsack ratio: 1.162866851
 Final Knapsack time: 7.0361e-05

Karmarkar-Karp previous efficiency: 0.688718354
Karmarkar-Karp ratio: 1.127799269
 Final Karmarkar-Karp time: 0.006657644

SFC previous efficiency: 0.5752499868
 Time take to run this function: 4.01e-07
SFC ratio: 1.051794842
 Final SFC time: 5.9872e-05

SFC+Knapsack previous efficiency: 0.5562512305
SFC + Knapsack ratio: 1.110297805
 Final SFC+Knapsack_Combined time: 8.9026e-05

SFC+Painter previous efficiency: 0.6796848173
SFC+painterPartition efficiency: 0.6797463513
SFC+Painter ratio: 1.000090533
 Final SFC+Painter time: 0.000120245

Painter+Knapsack previous efficiency: 0.6013096386
Painter+Knapsack ratio: 1.07558718
 Final painter+Knapsack_Combined time: 0.000147194
Run 31
File weights 51 and ranks 51
Original previous efficiency: 0.6914873344
Original efficiency: 0.7331045921
Original ratio: 1.060185134
Knapsack previous efficiency: 0.6638766798
Knapsack ratio: 1.16984626
 Final Knapsack time: 7.1914e-05

Karmarkar-Karp previous efficiency: 0.6914861853
Karmarkar-Karp ratio: 1.1231369
 Final Karmarkar-Karp time: 0.007651665

SFC previous efficiency: 0.5667233018
 Time take to run this function: 5.51e-07
SFC ratio: 1.067459765
 Final SFC time: 0.000116156

SFC+Knapsack previous efficiency: 0.5457394805
SFC + Knapsack ratio: 1.127753722
 Final SFC+Knapsack_Combined time: 0.000142164

SFC+Painter previous efficiency: 0.6795747768
SFC+painterPartition efficiency: 0.6796933931
SFC+Painter ratio: 1.000174545
 Final SFC+Painter time: 0.000248072

Painter+Knapsack previous efficiency: 0.5967833145
Painter+Knapsack ratio: 1.086402104
 Final painter+Knapsack_Combined time: 0.000185596
Run 32
File weights 51 and ranks 51
Original previous efficiency: 0.6998401903
Original efficiency: 0.7245155271
Original ratio: 1.035258531
Knapsack previous efficiency: 0.6704187333
Knapsack ratio: 1.158184715
 Final Knapsack time: 7.538e-05

Karmarkar-Karp previous efficiency: 0.6999572643
Karmarkar-Karp ratio: 1.109308767
 Final Karmarkar-Karp time: 0.007119924

SFC previous efficiency: 0.5636931813
 Time take to run this function: 4.11e-07
SFC ratio: 1.012053168
 Final SFC time: 6.3518e-05

SFC+Knapsack previous efficiency: 0.5081255935
SFC + Knapsack ratio: 1.237922338
 Final SFC+Knapsack_Combined time: 9.0709e-05

SFC+Painter previous efficiency: 0.6794221337
SFC+painterPartition efficiency: 0.6795591153
SFC+Painter ratio: 1.000201615
 Final SFC+Painter time: 0.000128009

Painter+Knapsack previous efficiency: 0.5661197325
Painter+Knapsack ratio: 1.158584734
 Final painter+Knapsack_Combined time: 0.000146984
Run 33
File weights 51 and ranks 51
Original previous efficiency: 0.6844774154
Original efficiency: 0.70924266
Original ratio: 1.036181244
Knapsack previous efficiency: 0.6791513703
Knapsack ratio: 1.14279733
 Final Knapsack time: 7.8947e-05

Karmarkar-Karp previous efficiency: 0.6844840142
Karmarkar-Karp ratio: 1.133894081
 Final Karmarkar-Karp time: 0.007414134

SFC previous efficiency: 0.5593302354
 Time take to run this function: 3.909999999e-07
SFC ratio: 1.067757228
 Final SFC time: 7.4408e-05

SFC+Knapsack previous efficiency: 0.6196271025
SFC + Knapsack ratio: 1.009234373
 Final SFC+Knapsack_Combined time: 9.9766e-05

SFC+Painter previous efficiency: 0.6791358966
SFC+painterPartition efficiency: 0.6792672737
SFC+Painter ratio: 1.000193448
 Final SFC+Painter time: 0.000133269

Painter+Knapsack previous efficiency: 0.5629145416
Painter+Knapsack ratio: 1.148501891
 Final painter+Knapsack_Combined time: 0.000151923
Run 34
File weights 51 and ranks 51
Original previous efficiency: 0.6750787623
Original efficiency: 0.7759302023
Original ratio: 1.149392109
Knapsack previous efficiency: 0.6651900113
Knapsack ratio: 1.166479035
 Final Knapsack time: 7.9268e-05

Karmarkar-Karp previous efficiency: 0.675180881
Karmarkar-Karp ratio: 1.149218267
 Final Karmarkar-Karp time: 0.007930836

SFC previous efficiency: 0.5549628796
 Time take to run this function: 4.11e-07
SFC ratio: 1.089099113
 Final SFC time: 7.2775e-05

SFC+Knapsack previous efficiency: 0.6173245002
SFC + Knapsack ratio: 1.099842052
 Final SFC+Knapsack_Combined time: 0.000138649

SFC+Painter previous efficiency: 0.6705953592
SFC+painterPartition efficiency: 0.6794449891
SFC+Painter ratio: 1.013196676
 Final SFC+Painter time: 0.000139751

Painter+Knapsack previous efficiency: 0.5613849168
Painter+Knapsack ratio: 1.171399822
 Final painter+Knapsack_Combined time: 0.000206846
Run 35
File weights 51 and ranks 51
Original previous efficiency: 0.6593116682
Original efficiency: 0.7756723055
Original ratio: 1.17648806
Knapsack previous efficiency: 0.6569560097
Knapsack ratio: 1.18074817
 Final Knapsack time: 8.1833e-05

Karmarkar-Karp previous efficiency: 0.6594076079
Karmarkar-Karp ratio: 1.176358291
 Final Karmarkar-Karp time: 0.006326056

SFC previous efficiency: 0.551375497
 Time take to run this function: 4.01e-07
SFC ratio: 1.084208664
 Final SFC time: 6.6284e-05

SFC+Knapsack previous efficiency: 0.6176661747
SFC + Knapsack ratio: 1.080711498
 Final SFC+Knapsack_Combined time: 9.4556e-05

SFC+Painter previous efficiency: 0.6531090948
SFC+painterPartition efficiency: 0.6789107015
SFC+Painter ratio: 1.039505814
 Final SFC+Painter time: 0.000128429

Painter+Knapsack previous efficiency: 0.547410971
Painter+Knapsack ratio: 1.219410958
 Final painter+Knapsack_Combined time: 0.000210633
Run 36
File weights 51 and ranks 51
Original previous efficiency: 0.644214142
Original efficiency: 0.7691701483
Original ratio: 1.193966568
Knapsack previous efficiency: 0.6442732217
Knapsack ratio: 1.203692155
 Final Knapsack time: 9.9174e-05

Karmarkar-Karp previous efficiency: 0.6443133282
Karmarkar-Karp ratio: 1.203617229
 Final Karmarkar-Karp time: 0.008475671

SFC previous efficiency: 0.557997785
 Time take to run this function: 4.810000001e-07
SFC ratio: 1.06616191
 Final SFC time: 6.992e-05

SFC+Knapsack previous efficiency: 0.5949159843
SFC + Knapsack ratio: 1.110935253
 Final SFC+Knapsack_Combined time: 9.7872e-05

SFC+Painter previous efficiency: 0.6354209835
SFC+painterPartition efficiency: 0.6787423455
SFC+Painter ratio: 1.068177418
 Final SFC+Painter time: 0.000153707

Painter+Knapsack previous efficiency: 0.6625839638
Painter+Knapsack ratio: 1
 Final painter+Knapsack_Combined time: 0.000247711
Run 37
File weights 51 and ranks 51
Original previous efficiency: 0.6342741366
Original efficiency: 0.7703481936
Original ratio: 1.214535087
Knapsack previous efficiency: 0.7752808595
Knapsack ratio: 1.000119199
 Final Knapsack time: 0.000100137

Karmarkar-Karp previous efficiency: 0.7752808595
Karmarkar-Karp ratio: 1.000119199
 Final Karmarkar-Karp time: 0.007214331

SFC previous efficiency: 0.5612120109
 Time take to run this function: 3.51e-07
SFC ratio: 0.9974066866
 Final SFC time: 6.5873e-05

SFC+Knapsack previous efficiency: 0.5645327146
SFC + Knapsack ratio: 1.154513957
 Final SFC+Knapsack_Combined time: 9.3625e-05

SFC+Painter previous efficiency: 0.6220507368
SFC+painterPartition efficiency: 0.6785206347
SFC+Painter ratio: 1.090780212
 Final SFC+Painter time: 0.00012884

Painter+Knapsack previous efficiency: 0.6583086567
Painter+Knapsack ratio: 1
 Final painter+Knapsack_Combined time: 0.000151012
Run 38
File weights 51 and ranks 51
Original previous efficiency: 0.7697575036
Original efficiency: 0.7697575036
Original ratio: 1
Knapsack previous efficiency: 0.7747753885
Knapsack ratio: 1.000225086
 Final Knapsack time: 7.8627e-05

Karmarkar-Karp previous efficiency: 0.7747753885
Karmarkar-Karp ratio: 1.000225086
 Final Karmarkar-Karp time: 0.00671983

SFC previous efficiency: 0.5620795953
 Time take to run this function: 3.81e-07
SFC ratio: 0.9900177585
 Final SFC time: 6.8066e-05

SFC+Knapsack previous efficiency: 0.5521393199
SFC + Knapsack ratio: 1.151828621
 Final SFC+Knapsack_Combined time: 9.5318e-05

SFC+Painter previous efficiency: 0.6253857421
SFC+painterPartition efficiency: 0.6785123731
SFC+Painter ratio: 1.084950179
 Final SFC+Painter time: 0.00012864

Painter+Knapsack previous efficiency: 0.6419308904
Painter+Knapsack ratio: 1
 Final painter+Knapsack_Combined time: 0.000154227
Run 39
File weights 51 and ranks 51
Original previous efficiency: 0.765556749
Original efficiency: 0.765556749
Original ratio: 1
Knapsack previous efficiency: 0.7701944319
Knapsack ratio: 1.005601507
 Final Knapsack time: 7.7264e-05

Karmarkar-Karp previous efficiency: 0.7701944319
Karmarkar-Karp ratio: 1.005601507
 Final Karmarkar-Karp time: 0.00621558

SFC previous efficiency: 0.5624383119
 Time take to run this function: 8.01e-07
SFC ratio: 1.008153994
 Final SFC time: 6.5272e-05

SFC+Knapsack previous efficiency: 0.5109144348
SFC + Knapsack ratio: 1.21422269
 Final SFC+Knapsack_Combined time: 9.1841e-05

SFC+Painter previous efficiency: 0.6290179063
SFC+painterPartition efficiency: 0.6782134175
SFC+Painter ratio: 1.078210033
 Final SFC+Painter time: 0.000126596

Painter+Knapsack previous efficiency: 0.6260432562
Painter+Knapsack ratio: 1.016051363
 Final painter+Knapsack_Combined time: 0.000149659
Run 40
File weights 51 and ranks 51
Original previous efficiency: 0.7626617283
Original efficiency: 0.7626617283
Original ratio: 1
Knapsack previous efficiency: 0.7652665295
Knapsack ratio: 1.011923395
 Final Knapsack time: 7.6653e-05

Karmarkar-Karp previous efficiency: 0.7652665295
Karmarkar-Karp ratio: 1.011923395
 Final Karmarkar-Karp time: 0.006275893

SFC previous efficiency: 0.5638912417
 Time take to run this function: 3.7e-07
SFC ratio: 0.9894430411
 Final SFC time: 6.2797e-05

SFC+Knapsack previous efficiency: 0.597539133
SFC + Knapsack ratio: 1.035245508
 Final SFC+Knapsack_Combined time: 9.0829e-05

SFC+Painter previous efficiency: 0.6259087215
SFC+painterPartition efficiency: 0.678030183
SFC+Painter ratio: 1.083273263
 Final SFC+Painter time: 0.000126065

Painter+Knapsack previous efficiency: 0.5947022367
Painter+Knapsack ratio: 1.072778544
 Final painter+Knapsack_Combined time: 0.000147625
Run 41
File weights 51 and ranks 51
Original previous efficiency: 0.7509590564
Original efficiency: 0.7509590564
Original ratio: 1
Knapsack previous efficiency: 0.7519177917
Knapsack ratio: 1.029344739
 Final Knapsack time: 9.2312e-05

Karmarkar-Karp previous efficiency: 0.7519177917
Karmarkar-Karp ratio: 1.029344739
 Final Karmarkar-Karp time: 0.00629034

SFC previous efficiency: 0.5654053823
 Time take to run this function: 3.999999999e-07
SFC ratio: 1.035766309
 Final SFC time: 6.0092e-05

SFC+Knapsack previous efficiency: 0.5725289414
SFC + Knapsack ratio: 1.052715968
 Final SFC+Knapsack_Combined time: 8.7633e-05

SFC+Painter previous efficiency: 0.614760376
SFC+painterPartition efficiency: 0.677745357
SFC+Painter ratio: 1.102454523
 Final SFC+Painter time: 0.000123119

Painter+Knapsack previous efficiency: 0.5667508384
Painter+Knapsack ratio: 1.109781429
 Final painter+Knapsack_Combined time: 0.000148677
Run 42
File weights 51 and ranks 51
Original previous efficiency: 0.7326993489
Original efficiency: 0.7326993489
Original ratio: 1
Knapsack previous efficiency: 0.7322689154
Knapsack ratio: 1.056575229
 Final Knapsack time: 7.3016e-05

Karmarkar-Karp previous efficiency: 0.7322689154
Karmarkar-Karp ratio: 1.056575229
 Final Karmarkar-Karp time: 0.006279249

SFC previous efficiency: 0.5556946639
 Time take to run this function: 4.01e-07
SFC ratio: 1.050802977
 Final SFC time: 5.9861e-05

SFC+Knapsack previous efficiency: 0.5556946639
SFC + Knapsack ratio: 1.131266362
 Final SFC+Knapsack_Combined time: 8.8225e-05

SFC+Painter previous efficiency: 0.6045619035
SFC+painterPartition efficiency: 0.6774200975
SFC+Painter ratio: 1.120514034
 Final SFC+Painter time: 0.000127227

Painter+Knapsack previous efficiency: 0.5455385082
Painter+Knapsack ratio: 1.232110102
 Final painter+Knapsack_Combined time: 0.000154458
Run 43
File weights 51 and ranks 51
Original previous efficiency: 0.7022087458
Original efficiency: 0.773632876
Original ratio: 1.10171353
Knapsack previous efficiency: 0.700326905
Knapsack ratio: 1.104673932
 Final Knapsack time: 7.3818e-05

Karmarkar-Karp previous efficiency: 0.700326905
Karmarkar-Karp ratio: 1.104673932
 Final Karmarkar-Karp time: 0.00631188

SFC previous efficiency: 0.5451148161
 Time take to run this function: 3.709999999e-07
SFC ratio: 1.090505951
 Final SFC time: 6.1204e-05

SFC+Knapsack previous efficiency: 0.5451148161
SFC + Knapsack ratio: 1.157234285
 Final SFC+Knapsack_Combined time: 8.9096e-05

SFC+Painter previous efficiency: 0.5939330323
SFC+painterPartition efficiency: 0.6768133934
SFC+Painter ratio: 1.13954496
 Final SFC+Painter time: 0.000127257

Painter+Knapsack previous efficiency: 0.6643963863
Painter+Knapsack ratio: 0.9535671578
 Final painter+Knapsack_Combined time: 0.00015037
Run 44
File weights 51 and ranks 51
Original previous efficiency: 0.6717609483
Original efficiency: 0.7725627044
Original ratio: 1.150055993
Knapsack previous efficiency: 0.6695364293
Knapsack ratio: 1.15388596
 Final Knapsack time: 7.0472e-05

Karmarkar-Karp previous efficiency: 0.6695364293
Karmarkar-Karp ratio: 1.15388596
 Final Karmarkar-Karp time: 0.006424628

SFC previous efficiency: 0.543152526
 Time take to run this function: 3.909999999e-07
SFC ratio: 1.100983902
 Final SFC time: 5.7367e-05

SFC+Knapsack previous efficiency: 0.543152526
SFC + Knapsack ratio: 1.163850353
 Final SFC+Knapsack_Combined time: 8.592e-05

SFC+Painter previous efficiency: 0.5829943267
SFC+painterPartition efficiency: 0.675875838
SFC+Painter ratio: 1.159318036
 Final SFC+Painter time: 0.00018769

Painter+Knapsack previous efficiency: 0.6505022608
Painter+Knapsack ratio: 0.971343513
 Final painter+Knapsack_Combined time: 0.00024194
Run 45
File weights 51 and ranks 51
Original previous efficiency: 0.6564384558
Original efficiency: 0.7639079918
Original ratio: 1.163716088
Knapsack previous efficiency: 0.6537376704
Knapsack ratio: 1.18108221
 Final Knapsack time: 8.572e-05

Karmarkar-Karp previous efficiency: 0.6537376704
Karmarkar-Karp ratio: 1.18108221
 Final Karmarkar-Karp time: 0.007123121

SFC previous efficiency: 0.543118447
 Time take to run this function: 4.01e-07
SFC ratio: 1.121465444
 Final SFC time: 8.1362e-05

SFC+Knapsack previous efficiency: 0.543118447
SFC + Knapsack ratio: 1.168435574
 Final SFC+Knapsack_Combined time: 9.2964e-05

SFC+Painter previous efficiency: 0.5712070104
SFC+painterPartition efficiency: 0.6754900134
SFC+Painter ratio: 1.182566042
 Final SFC+Painter time: 0.000139761

Painter+Knapsack previous efficiency: 0.6378013236
Painter+Knapsack ratio: 0.9891226691
 Final painter+Knapsack_Combined time: 0.000163955
Run 46
File weights 51 and ranks 51
Original previous efficiency: 0.6694838284
Original efficiency: 0.7637483315
Original ratio: 1.140801763
Knapsack previous efficiency: 0.6652469935
Knapsack ratio: 1.160090915
 Final Knapsack time: 7.6533e-05

Karmarkar-Karp previous efficiency: 0.6652469935
Karmarkar-Karp ratio: 1.160090915
 Final Karmarkar-Karp time: 0.006434788

SFC previous efficiency: 0.5480634812
 Time take to run this function: 3.810000001e-07
SFC ratio: 1.132683808
 Final SFC time: 6.0352e-05

SFC+Knapsack previous efficiency: 0.5480634812
SFC + Knapsack ratio: 1.162596897
 Final SFC+Knapsack_Combined time: 8.9858e-05

SFC+Painter previous efficiency: 0.5515258308
SFC+painterPartition efficiency: 0.6761854944
SFC+Painter ratio: 1.226026881
 Final SFC+Painter time: 0.000127337

Painter+Knapsack previous efficiency: 0.6238282721
Painter+Knapsack ratio: 1
 Final painter+Knapsack_Combined time: 0.000160789
Run 47
File weights 51 and ranks 51
Original previous efficiency: 0.6935317782
Original efficiency: 0.7621991889
Original ratio: 1.099011196
Knapsack previous efficiency: 0.6877581697
Knapsack ratio: 1.121529397
 Final Knapsack time: 7.4819e-05

Karmarkar-Karp previous efficiency: 0.6877581697
Karmarkar-Karp ratio: 1.121529397
 Final Karmarkar-Karp time: 0.006384385

SFC previous efficiency: 0.5548636426
 Time take to run this function: 3.709999999e-07
SFC ratio: 1.089888925
 Final SFC time: 6.0543e-05

SFC+Knapsack previous efficiency: 0.5548636426
SFC + Knapsack ratio: 1.12736376
 Final SFC+Knapsack_Combined time: 8.8755e-05

SFC+Painter previous efficiency: 0.6764486064
SFC+painterPartition efficiency: 0.6766537436
SFC+Painter ratio: 1.000303256
 Final SFC+Painter time: 0.000122148

Painter+Knapsack previous efficiency: 0.6111062183
Painter+Knapsack ratio: 1
 Final painter+Knapsack_Combined time: 0.000151182
Run 48
File weights 51 and ranks 51
Original previous efficiency: 0.7117453411
Original efficiency: 0.7613500078
Original ratio: 1.069694403
Knapsack previous efficiency: 0.7117453411
Knapsack ratio: 1.082895066
 Final Knapsack time: 7.495e-05

Karmarkar-Karp previous efficiency: 0.7117453411
Karmarkar-Karp ratio: 1.082895066
 Final Karmarkar-Karp time: 0.006382851

SFC previous efficiency: 0.5669637964
 Time take to run this function: 3.91e-07
SFC ratio: 1.061413702
 Final SFC time: 6.0313e-05

SFC+Knapsack previous efficiency: 0.5669637964
SFC + Knapsack ratio: 1.093984132
 Final SFC+Knapsack_Combined time: 8.9907e-05

SFC+Painter previous efficiency: 0.67416025
SFC+painterPartition efficiency: 0.67416025
SFC+Painter ratio: 1
 Final SFC+Painter time: 0.000131505

Painter+Knapsack previous efficiency: 0.5997627461
Painter+Knapsack ratio: 1.019171346
 Final painter+Knapsack_Combined time: 0.000150541
Run 49
File weights 51 and ranks 51
Original previous efficiency: 0.6912205548
Original efficiency: 0.7547383087
Original ratio: 1.091892166
Knapsack previous efficiency: 0.6912205548
Knapsack ratio: 1.114041069
 Final Knapsack time: 7.3467e-05

Karmarkar-Karp previous efficiency: 0.6912205548
Karmarkar-Karp ratio: 1.114041069
 Final Karmarkar-Karp time: 0.006282314

SFC previous efficiency: 0.5689433077
 Time take to run this function: 3.9e-07
SFC ratio: 1.024901451
 Final SFC time: 5.9451e-05

SFC+Knapsack previous efficiency: 0.5770222811
SFC + Knapsack ratio: 1.084000686
 Final SFC+Knapsack_Combined time: 8.7803e-05

SFC+Painter previous efficiency: 0.6744893295
SFC+painterPartition efficiency: 0.6746959744
SFC+Painter ratio: 1.000306372
 Final SFC+Painter time: 0.000130654

Painter+Knapsack previous efficiency: 0.5843906303
Painter+Knapsack ratio: 1.042915197
 Final painter+Knapsack_Combined time: 0.000148357
Run 50
File weights 51 and ranks 51
Original previous efficiency: 0.6751686177
Original efficiency: 0.7409273116
Original ratio: 1.097395957
Knapsack previous efficiency: 0.6751686177
Knapsack ratio: 1.139467415
 Final Knapsack time: 7.2015e-05

Karmarkar-Karp previous efficiency: 0.6751686177
Karmarkar-Karp ratio: 1.139467415
 Final Karmarkar-Karp time: 0.006289568

SFC previous efficiency: 0.5560611781
 Time take to run this function: 4.01e-07
SFC ratio: 1.050025618
 Final SFC time: 6.0733e-05

SFC+Knapsack previous efficiency: 0.5711636911
SFC + Knapsack ratio: 1.102895297
 Final SFC+Knapsack_Combined time: 8.8575e-05

SFC+Painter previous efficiency: 0.67381768
SFC+painterPartition efficiency: 0.6740498875
SFC+Painter ratio: 1.000344615
 Final SFC+Painter time: 0.000125724

Painter+Knapsack previous efficiency: 0.5755182457
Painter+Knapsack ratio: 1.069709815
 Final painter+Knapsack_Combined time: 0.000151332


TinyProfiler total time across processes [min...avg...max]: 0.5927 ... 0.5927 ... 0.5927

-------------------------------------------------------------------------------------
Name                                  NCalls  Excl. Min  Excl. Avg  Excl. Max   Max %
-------------------------------------------------------------------------------------
kk()                                      51     0.3329     0.3329     0.3329  56.16%
painterPartition()                       102    0.01095    0.01095    0.01095   1.85%
knapsack()                              2499    0.00578    0.00578    0.00578   0.98%
SFCProcessorMapDoIt()                     51   0.002478   0.002478   0.002478   0.42%
SFCProcessorMapDoItCombined()             51   0.002434   0.002434   0.002434   0.41%
SFCProcessorMapDoItCombinedPainter()      51   0.001494   0.001494   0.001494   0.25%
KKDoIt()                                  51  0.0008574  0.0008574  0.0008574   0.14%
KnapSackDoIt()                            51  0.0007823  0.0007823  0.0007823   0.13%
Distribute()                             102   0.000701   0.000701   0.000701   0.12%
knapsack()swap                          1977   0.000201   0.000201   0.000201   0.03%
-------------------------------------------------------------------------------------

-------------------------------------------------------------------------------------
Name                                  NCalls  Incl. Min  Incl. Avg  Incl. Max   Max %
-------------------------------------------------------------------------------------
KKDoIt()                                  51     0.3337     0.3337     0.3337  56.31%
kk()                                      51     0.3329     0.3329     0.3329  56.16%
painterPartition()                       102    0.01095    0.01095    0.01095   1.85%
SFCProcessorMapDoItCombinedPainter()      51   0.007645   0.007645   0.007645   1.29%
knapsack()                              2499   0.005981   0.005981   0.005981   1.01%
SFCProcessorMapDoItCombined()             51   0.004379   0.004379   0.004379   0.74%
KnapSackDoIt()                            51   0.003447   0.003447   0.003447   0.58%
SFCProcessorMapDoIt()                     51   0.002913   0.002913   0.002913   0.49%
Distribute()                             102   0.000701   0.000701   0.000701   0.12%
knapsack()swap                          1977   0.000201   0.000201   0.000201   0.03%
-------------------------------------------------------------------------------------

Pinned Memory Usage:
---------------------------------------------------------------
Name                            Nalloc  Nfree  AvgMem    MaxMem
---------------------------------------------------------------
The_Pinned_Arena::Initialize()       1      1  47 KiB  8192 KiB
---------------------------------------------------------------

AMReX (25.06-22-g1d307c2c661a) finalized
