Initializing AMReX (25.06-22-g1d307c2c661a)...
OMP initialized with 256 OMP threads
AMReX (25.06-22-g1d307c2c661a) initialized
Starting running input_laser_ion running with 1 nodes and 4 ranks per node.
Total steps: 5000, intervals: 100 = 50 runs
Reading precomputed weights and ranks from file: /global/homes/j/jessd/lb_extractor/lb_inputs/laser_ion_smaller_8_boxes_4_ranks_timers_lb_data.txt
/global/homes/j/jessd/lb_extractor/lb_inputs/laser_ion_smaller_8_boxes_4_ranks_timers_lb_data.txt
Run 0: Weights size: 48
Run 1: Weights size: 48
Run 2: Weights size: 48
Run 3: Weights size: 48
Run 4: Weights size: 48
Run 5: Weights size: 48
Run 6: Weights size: 48
Run 7: Weights size: 48
Run 8: Weights size: 48
Run 9: Weights size: 48
Run 10: Weights size: 48
Run 11: Weights size: 48
Run 12: Weights size: 48
Run 13: Weights size: 48
Run 14: Weights size: 48
Run 15: Weights size: 48
Run 16: Weights size: 48
Run 17: Weights size: 48
Run 18: Weights size: 48
Run 19: Weights size: 48
Run 20: Weights size: 48
Run 21: Weights size: 48
Run 22: Weights size: 48
Run 23: Weights size: 48
Run 24: Weights size: 48
Run 25: Weights size: 48
Run 26: Weights size: 48
Run 27: Weights size: 48
Run 28: Weights size: 48
Run 29: Weights size: 48
Run 30: Weights size: 48
Run 31: Weights size: 48
Run 32: Weights size: 48
Run 33: Weights size: 48
Run 34: Weights size: 48
Run 35: Weights size: 48
Run 36: Weights size: 48
Run 37: Weights size: 48
Run 38: Weights size: 48
Run 39: Weights size: 48
Run 40: Weights size: 48
Run 41: Weights size: 48
Run 42: Weights size: 48
Run 43: Weights size: 48
Run 44: Weights size: 48
Run 45: Weights size: 48
Run 46: Weights size: 48
Run 47: Weights size: 48
Run 48: Weights size: 48
Run 49: Weights size: 48
Run 50: Weights size: 48
Run 0
File weights 51 and ranks 51
Original efficiency: 0.8055944476
Original ratio: inf
Knapsack ratio: inf
 Final Knapsack time: 3.5527e-05

Karmarkar-Karp ratio: inf
 Final Karmarkar-Karp time: 0.00010753

 Time take to run this function: 9.22e-07
SFC ratio: inf
 Final SFC time: 3.2641e-05

SFC + Knapsack ratio: inf
 Final SFC+Knapsack_Combined time: 3.1018e-05

SFC+painterPartition efficiency: 0.9057163822
SFC+Painter ratio: inf
 Final SFC+Painter time: 4.5205e-05

Painter+Knapsack ratio: inf
 Final painter+Knapsack_Combined time: 3.4023e-05
Run 1
File weights 51 and ranks 51
Original previous efficiency: 0.4315318126
Original efficiency: 0.4315318126
Original ratio: 1
Knapsack previous efficiency: 0.8269663299
Knapsack ratio: 1.195507721
 Final Knapsack time: 1.3666e-05

Karmarkar-Karp previous efficiency: 0.8379257892
Karmarkar-Karp ratio: 1.193018474
 Final Karmarkar-Karp time: 7.1233e-05

SFC previous efficiency: 0.6111420414
 Time take to run this function: 4.3e-07
SFC ratio: 1.432500821
 Final SFC time: 2.195e-05

SFC+Knapsack previous efficiency: 0.8269663299
SFC + Knapsack ratio: 1.195507721
 Final SFC+Knapsack_Combined time: 1.7162e-05

SFC+Painter previous efficiency: 0.6028378335
SFC+painterPartition efficiency: 0.9235341212
SFC+Painter ratio: 1.531977706
 Final SFC+Painter time: 2.7532e-05

Painter+Knapsack previous efficiency: 0.8269663299
Painter+Knapsack ratio: 1.195507721
 Final painter+Knapsack_Combined time: 2.1921e-05
Run 2
File weights 51 and ranks 51
Original previous efficiency: 0.4155710924
Original efficiency: 0.9580994772
Original ratio: 2.305500779
Knapsack previous efficiency: 0.8260018337
Knapsack ratio: 1.20305505
 Final Knapsack time: 1.2573e-05

Karmarkar-Karp previous efficiency: 0.8388904274
Karmarkar-Karp ratio: 1.189579186
 Final Karmarkar-Karp time: 7.3898e-05

SFC previous efficiency: 0.8302316728
 Time take to run this function: 3.2e-07
SFC ratio: 1
 Final SFC time: 1.8134e-05

SFC+Knapsack previous efficiency: 0.8260018337
SFC + Knapsack ratio: 1.20305505
 Final SFC+Knapsack_Combined time: 1.4678e-05

SFC+Painter previous efficiency: 0.8734778343
SFC+painterPartition efficiency: 0.9466048701
SFC+Painter ratio: 1.083719395
 Final SFC+Painter time: 3.1608e-05

Painter+Knapsack previous efficiency: 0.8260018337
Painter+Knapsack ratio: 1.20305505
 Final painter+Knapsack_Combined time: 1.7352e-05
Run 3
File weights 51 and ranks 51
Original previous efficiency: 0.9522621169
Original efficiency: 0.9522621169
Original ratio: 1
Knapsack previous efficiency: 0.8274491173
Knapsack ratio: 1.194532212
 Final Knapsack time: 9.879e-06

Karmarkar-Karp previous efficiency: 0.8352964337
Karmarkar-Karp ratio: 1.197010529
 Final Karmarkar-Karp time: 5.3791e-05

SFC previous efficiency: 0.8188649221
 Time take to run this function: 3.21e-07
SFC ratio: 1
 Final SFC time: 1.8504e-05

SFC+Knapsack previous efficiency: 0.8274491173
SFC + Knapsack ratio: 1.194532212
 Final SFC+Knapsack_Combined time: 1.3355e-05

SFC+Painter previous efficiency: 0.8625002106
SFC+painterPartition efficiency: 0.9603247046
SFC+Painter ratio: 1.113419675
 Final SFC+Painter time: 2.1029e-05

Painter+Knapsack previous efficiency: 0.8274491173
Painter+Knapsack ratio: 1.194532212
 Final painter+Knapsack_Combined time: 1.648e-05
Run 4
File weights 51 and ranks 51
Original previous efficiency: 0.955781589
Original efficiency: 0.955781589
Original ratio: 1
Knapsack previous efficiency: 0.826028123
Knapsack ratio: 1.19744615
 Final Knapsack time: 9.898e-06

Karmarkar-Karp previous efficiency: 0.8363586403
Karmarkar-Karp ratio: 1.190521639
 Final Karmarkar-Karp time: 4.9813e-05

SFC previous efficiency: 0.8179432566
 Time take to run this function: 2.9e-07
SFC ratio: 1
 Final SFC time: 1.7052e-05

SFC+Knapsack previous efficiency: 0.826028123
SFC + Knapsack ratio: 1.19744615
 Final SFC+Knapsack_Combined time: 1.2894e-05

SFC+Painter previous efficiency: 0.8608428977
SFC+painterPartition efficiency: 0.9599459775
SFC+Painter ratio: 1.115123305
 Final SFC+Painter time: 2.0398e-05

Painter+Knapsack previous efficiency: 0.826028123
Painter+Knapsack ratio: 1.19744615
 Final painter+Knapsack_Combined time: 1.5729e-05
Run 5
File weights 51 and ranks 51
Original previous efficiency: 0.9673457877
Original efficiency: 0.9673457877
Original ratio: 1
Knapsack previous efficiency: 0.8254081465
Knapsack ratio: 1.196945139
 Final Knapsack time: 9.518e-06

Karmarkar-Karp previous efficiency: 0.8407651362
Karmarkar-Karp ratio: 1.185297861
 Final Karmarkar-Karp time: 5.2438e-05

SFC previous efficiency: 0.8232977242
 Time take to run this function: 2.81e-07
SFC ratio: 1
 Final SFC time: 1.6621e-05

SFC+Knapsack previous efficiency: 0.8254081465
SFC + Knapsack ratio: 1.196945139
 Final SFC+Knapsack_Combined time: 1.2584e-05

SFC+Painter previous efficiency: 0.864895018
SFC+painterPartition efficiency: 0.9620125768
SFC+Painter ratio: 1.112288263
 Final SFC+Painter time: 1.9957e-05

Painter+Knapsack previous efficiency: 0.8254081465
Painter+Knapsack ratio: 1.196945139
 Final painter+Knapsack_Combined time: 1.5649e-05
Run 6
File weights 51 and ranks 51
Original previous efficiency: 0.9689717333
Original efficiency: 0.9689717333
Original ratio: 1
Knapsack previous efficiency: 0.8302161631
Knapsack ratio: 1.196892168
 Final Knapsack time: 9.798e-06

Karmarkar-Karp previous efficiency: 0.8426436477
Karmarkar-Karp ratio: 1.18357041
 Final Karmarkar-Karp time: 4.9993e-05

SFC previous efficiency: 0.8308210688
 Time take to run this function: 2.9e-07
SFC ratio: 1
 Final SFC time: 2.159e-05

SFC+Knapsack previous efficiency: 0.8302161631
SFC + Knapsack ratio: 1.196892168
 Final SFC+Knapsack_Combined time: 1.2955e-05

SFC+Painter previous efficiency: 0.8738455095
SFC+painterPartition efficiency: 0.9629464688
SFC+Painter ratio: 1.101964201
 Final SFC+Painter time: 2.0138e-05

Painter+Knapsack previous efficiency: 0.8302161631
Painter+Knapsack ratio: 1.196892168
 Final painter+Knapsack_Combined time: 1.5309e-05
Run 7
File weights 51 and ranks 51
Original previous efficiency: 0.9678039012
Original efficiency: 0.9678039012
Original ratio: 1
Knapsack previous efficiency: 0.8362539948
Knapsack ratio: 1.190845635
 Final Knapsack time: 9.708e-06

Karmarkar-Karp previous efficiency: 0.8469745099
Karmarkar-Karp ratio: 1.17984315
 Final Karmarkar-Karp time: 5.2789e-05

SFC previous efficiency: 0.8295191183
 Time take to run this function: 2.9e-07
SFC ratio: 1
 Final SFC time: 1.5269e-05

SFC+Knapsack previous efficiency: 0.8362539948
SFC + Knapsack ratio: 1.190845635
 Final SFC+Knapsack_Combined time: 1.3045e-05

SFC+Painter previous efficiency: 0.8748985786
SFC+painterPartition efficiency: 0.9633304541
SFC+Painter ratio: 1.101076716
 Final SFC+Painter time: 1.8395e-05

Painter+Knapsack previous efficiency: 0.8362539948
Painter+Knapsack ratio: 1.190845635
 Final painter+Knapsack_Combined time: 1.639e-05
Run 8
File weights 51 and ranks 51
Original previous efficiency: 0.9685143416
Original efficiency: 0.9685143416
Original ratio: 1
Knapsack previous efficiency: 0.8370359206
Knapsack ratio: 1.191146407
 Final Knapsack time: 2.2151e-05

Karmarkar-Karp previous efficiency: 0.847624203
Karmarkar-Karp ratio: 1.177813738
 Final Karmarkar-Karp time: 5.0925e-05

SFC previous efficiency: 0.826681685
 Time take to run this function: 3.01e-07
SFC ratio: 1
 Final SFC time: 1.618e-05

SFC+Knapsack previous efficiency: 0.8370359206
SFC + Knapsack ratio: 1.191146407
 Final SFC+Knapsack_Combined time: 1.3054e-05

SFC+Painter previous efficiency: 0.8702966399
SFC+painterPartition efficiency: 0.967689431
SFC+Painter ratio: 1.11190758
 Final SFC+Painter time: 1.9797e-05

Painter+Knapsack previous efficiency: 0.8370359206
Painter+Knapsack ratio: 1.191146407
 Final painter+Knapsack_Combined time: 1.5159e-05
Run 9
File weights 51 and ranks 51
Original previous efficiency: 0.9822630548
Original efficiency: 0.9822630548
Original ratio: 1
Knapsack previous efficiency: 0.8249503072
Knapsack ratio: 1.209242669
 Final Knapsack time: 9.758e-06

Karmarkar-Karp previous efficiency: 0.8483958077
Karmarkar-Karp ratio: 1.174024283
 Final Karmarkar-Karp time: 6.5141e-05

SFC previous efficiency: 0.82771265
 Time take to run this function: 6.01e-07
SFC ratio: 1
 Final SFC time: 2.1991e-05

SFC+Knapsack previous efficiency: 0.8249503072
SFC + Knapsack ratio: 1.209242669
 Final SFC+Knapsack_Combined time: 1.5249e-05

SFC+Painter previous efficiency: 0.8697304483
SFC+painterPartition efficiency: 0.9713613747
SFC+Painter ratio: 1.116853361
 Final SFC+Painter time: 2.0528e-05

Painter+Knapsack previous efficiency: 0.8249503072
Painter+Knapsack ratio: 1.209242669
 Final painter+Knapsack_Combined time: 1.5869e-05
Run 10
File weights 51 and ranks 51
Original previous efficiency: 0.980532347
Original efficiency: 0.980532347
Original ratio: 1
Knapsack previous efficiency: 0.8133032045
Knapsack ratio: 1.220889954
 Final Knapsack time: 9.598e-06

Karmarkar-Karp previous efficiency: 0.846456933
Karmarkar-Karp ratio: 1.171653858
 Final Karmarkar-Karp time: 5.4462e-05

SFC previous efficiency: 0.8281526663
 Time take to run this function: 3.2e-07
SFC ratio: 1
 Final SFC time: 1.6631e-05

SFC+Knapsack previous efficiency: 0.8133032045
SFC + Knapsack ratio: 1.220889954
 Final SFC+Knapsack_Combined time: 1.3305e-05

SFC+Painter previous efficiency: 0.8696584754
SFC+painterPartition efficiency: 0.9679420429
SFC+Painter ratio: 1.113013982
 Final SFC+Painter time: 1.9827e-05

Painter+Knapsack previous efficiency: 0.8133032045
Painter+Knapsack ratio: 1.220889954
 Final painter+Knapsack_Combined time: 1.6701e-05
Run 11
File weights 51 and ranks 51
Original previous efficiency: 0.971585206
Original efficiency: 0.971585206
Original ratio: 1
Knapsack previous efficiency: 0.8068553143
Knapsack ratio: 1.232657041
 Final Knapsack time: 1.1372e-05

Karmarkar-Karp previous efficiency: 0.8480876641
Karmarkar-Karp ratio: 1.177500209
 Final Karmarkar-Karp time: 5.1015e-05

SFC previous efficiency: 0.8266807658
 Time take to run this function: 3e-07
SFC ratio: 1
 Final SFC time: 1.5809e-05

SFC+Knapsack previous efficiency: 0.8068553143
SFC + Knapsack ratio: 1.232657041
 Final SFC+Knapsack_Combined time: 1.2844e-05

SFC+Painter previous efficiency: 0.8680100933
SFC+painterPartition efficiency: 0.9718316011
SFC+Painter ratio: 1.119608641
 Final SFC+Painter time: 2.0358e-05

Painter+Knapsack previous efficiency: 0.8068553143
Painter+Knapsack ratio: 1.232657041
 Final painter+Knapsack_Combined time: 1.5168e-05
Run 12
File weights 51 and ranks 51
Original previous efficiency: 0.9611797591
Original efficiency: 0.9611797591
Original ratio: 1
Knapsack previous efficiency: 0.8065489186
Knapsack ratio: 1.232647224
 Final Knapsack time: 9.889e-06

Karmarkar-Karp previous efficiency: 0.8493119442
Karmarkar-Karp ratio: 1.170621408
 Final Karmarkar-Karp time: 5.2948e-05

SFC previous efficiency: 0.8253826384
 Time take to run this function: 2.8e-07
SFC ratio: 1
 Final SFC time: 1.619e-05

SFC+Knapsack previous efficiency: 0.8065489186
SFC + Knapsack ratio: 1.232647224
 Final SFC+Knapsack_Combined time: 1.4357e-05

SFC+Painter previous efficiency: 0.8701133361
SFC+painterPartition efficiency: 0.9706082307
SFC+Painter ratio: 1.115496327
 Final SFC+Painter time: 1.8725e-05

Painter+Knapsack previous efficiency: 0.8065489186
Painter+Knapsack ratio: 1.232647224
 Final painter+Knapsack_Combined time: 1.6421e-05
Run 13
File weights 51 and ranks 51
Original previous efficiency: 0.9575037745
Original efficiency: 0.9575037745
Original ratio: 1
Knapsack previous efficiency: 0.8075251317
Knapsack ratio: 1.234936795
 Final Knapsack time: 9.578e-06

Karmarkar-Karp previous efficiency: 0.8514239159
Karmarkar-Karp ratio: 1.173741922
 Final Karmarkar-Karp time: 5.1366e-05

SFC previous efficiency: 0.8293519432
 Time take to run this function: 2.8e-07
SFC ratio: 1
 Final SFC time: 1.5689e-05

SFC+Knapsack previous efficiency: 0.8075251317
SFC + Knapsack ratio: 1.234936795
 Final SFC+Knapsack_Combined time: 1.3395e-05

SFC+Painter previous efficiency: 0.8762055356
SFC+painterPartition efficiency: 0.9622006566
SFC+Painter ratio: 1.098144919
 Final SFC+Painter time: 1.8965e-05

Painter+Knapsack previous efficiency: 0.8075251317
Painter+Knapsack ratio: 1.234936795
 Final painter+Knapsack_Combined time: 1.619e-05
Run 14
File weights 51 and ranks 51
Original previous efficiency: 0.9530988488
Original efficiency: 0.9530988488
Original ratio: 1
Knapsack previous efficiency: 0.8062482104
Knapsack ratio: 1.237806983
 Final Knapsack time: 1.089e-05

Karmarkar-Karp previous efficiency: 0.8467439438
Karmarkar-Karp ratio: 1.17905474
 Final Karmarkar-Karp time: 5.377e-05

SFC previous efficiency: 0.8348489934
 Time take to run this function: 3.11e-07
SFC ratio: 1
 Final SFC time: 1.5739e-05

SFC+Knapsack previous efficiency: 0.8062482104
SFC + Knapsack ratio: 1.237806983
 Final SFC+Knapsack_Combined time: 1.4838e-05

SFC+Painter previous efficiency: 0.8848059166
SFC+painterPartition efficiency: 0.9643354602
SFC+Painter ratio: 1.089883603
 Final SFC+Painter time: 1.9015e-05

Painter+Knapsack previous efficiency: 0.8062482104
Painter+Knapsack ratio: 1.237806983
 Final painter+Knapsack_Combined time: 1.7693e-05
Run 15
File weights 51 and ranks 51
Original previous efficiency: 0.9436306455
Original efficiency: 0.9436306455
Original ratio: 1
Knapsack previous efficiency: 0.8038142921
Knapsack ratio: 1.239819769
 Final Knapsack time: 9.568e-06

Karmarkar-Karp previous efficiency: 0.8476941247
Karmarkar-Karp ratio: 1.175103426
 Final Karmarkar-Karp time: 5.1095e-05

SFC previous efficiency: 0.8296630277
 Time take to run this function: 2.71e-07
SFC ratio: 1
 Final SFC time: 1.8414e-05

SFC+Knapsack previous efficiency: 0.8038142921
SFC + Knapsack ratio: 1.239819769
 Final SFC+Knapsack_Combined time: 1.2644e-05

SFC+Painter previous efficiency: 0.8812015029
SFC+painterPartition efficiency: 0.9654835158
SFC+Painter ratio: 1.095644427
 Final SFC+Painter time: 2.0147e-05

Painter+Knapsack previous efficiency: 0.8038142921
Painter+Knapsack ratio: 1.239819769
 Final painter+Knapsack_Combined time: 1.605e-05
Run 16
File weights 51 and ranks 51
Original previous efficiency: 0.9383216816
Original efficiency: 0.9383216816
Original ratio: 1
Knapsack previous efficiency: 0.8015399272
Knapsack ratio: 1.242957091
 Final Knapsack time: 1.0129e-05

Karmarkar-Karp previous efficiency: 0.8461069307
Karmarkar-Karp ratio: 1.1800616
 Final Karmarkar-Karp time: 5.2908e-05

SFC previous efficiency: 0.8298056306
 Time take to run this function: 2.81e-07
SFC ratio: 1
 Final SFC time: 1.588e-05

SFC+Knapsack previous efficiency: 0.8015399272
SFC + Knapsack ratio: 1.242957091
 Final SFC+Knapsack_Combined time: 1.3185e-05

SFC+Painter previous efficiency: 0.8825597184
SFC+painterPartition efficiency: 0.9580272485
SFC+Painter ratio: 1.085509828
 Final SFC+Painter time: 2.0478e-05

Painter+Knapsack previous efficiency: 0.8015399272
Painter+Knapsack ratio: 1.242957091
 Final painter+Knapsack_Combined time: 1.5008e-05
Run 17
File weights 51 and ranks 51
Original previous efficiency: 0.9365063226
Original efficiency: 0.9365063226
Original ratio: 1
Knapsack previous efficiency: 0.8000001932
Knapsack ratio: 1.242106933
 Final Knapsack time: 9.317e-06

Karmarkar-Karp previous efficiency: 0.8401551273
Karmarkar-Karp ratio: 1.182098824
 Final Karmarkar-Karp time: 4.8761e-05

SFC previous efficiency: 0.8287642019
 Time take to run this function: 2.9e-07
SFC ratio: 1
 Final SFC time: 1.5469e-05

SFC+Knapsack previous efficiency: 0.8000001932
SFC + Knapsack ratio: 1.242106933
 Final SFC+Knapsack_Combined time: 1.3595e-05

SFC+Painter previous efficiency: 0.8816550173
SFC+painterPartition efficiency: 0.9614401341
SFC+Painter ratio: 1.090494712
 Final SFC+Painter time: 1.8635e-05

Painter+Knapsack previous efficiency: 0.8000001932
Painter+Knapsack ratio: 1.242106933
 Final painter+Knapsack_Combined time: 1.6591e-05
Run 18
File weights 51 and ranks 51
Original previous efficiency: 0.9307002032
Original efficiency: 0.9307002032
Original ratio: 1
Knapsack previous efficiency: 0.7965699788
Knapsack ratio: 1.249497469
 Final Knapsack time: 1.072e-05

Karmarkar-Karp previous efficiency: 0.8326200373
Karmarkar-Karp ratio: 1.199123978
 Final Karmarkar-Karp time: 5.5574e-05

SFC previous efficiency: 0.8316833166
 Time take to run this function: 2.91e-07
SFC ratio: 1
 Final SFC time: 1.7172e-05

SFC+Knapsack previous efficiency: 0.7965699788
SFC + Knapsack ratio: 1.249497469
 Final SFC+Knapsack_Combined time: 1.2553e-05

SFC+Painter previous efficiency: 0.8823994551
SFC+painterPartition efficiency: 0.9586238314
SFC+Painter ratio: 1.086383073
 Final SFC+Painter time: 2.0117e-05

Painter+Knapsack previous efficiency: 0.7965699788
Painter+Knapsack ratio: 1.249497469
 Final painter+Knapsack_Combined time: 1.6491e-05
Run 19
File weights 51 and ranks 51
Original previous efficiency: 0.9293637399
Original efficiency: 0.9293637399
Original ratio: 1
Knapsack previous efficiency: 0.7953660939
Knapsack ratio: 1.250828331
 Final Knapsack time: 1.074e-05

Karmarkar-Karp previous efficiency: 0.8318621201
Karmarkar-Karp ratio: 1.198735345
 Final Karmarkar-Karp time: 5.2418e-05

SFC previous efficiency: 0.8375074887
 Time take to run this function: 2.9e-07
SFC ratio: 1
 Final SFC time: 1.6391e-05

SFC+Knapsack previous efficiency: 0.7953660939
SFC + Knapsack ratio: 1.250828331
 Final SFC+Knapsack_Combined time: 1.2583e-05

SFC+Painter previous efficiency: 0.891571639
SFC+painterPartition efficiency: 0.9574473618
SFC+Painter ratio: 1.07388719
 Final SFC+Painter time: 2.0649e-05

Painter+Knapsack previous efficiency: 0.7953660939
Painter+Knapsack ratio: 1.250828331
 Final painter+Knapsack_Combined time: 1.4867e-05
Run 20
File weights 51 and ranks 51
Original previous efficiency: 0.9272512756
Original efficiency: 0.9272512756
Original ratio: 1
Knapsack previous efficiency: 0.7962468931
Knapsack ratio: 1.254884206
 Final Knapsack time: 9.458e-06

Karmarkar-Karp previous efficiency: 0.8287083212
Karmarkar-Karp ratio: 1.197536098
 Final Karmarkar-Karp time: 5.2247e-05

SFC previous efficiency: 0.8520635714
 Time take to run this function: 2.91e-07
SFC ratio: 1
 Final SFC time: 1.5289e-05

SFC+Knapsack previous efficiency: 0.7962468931
SFC + Knapsack ratio: 1.254884206
 Final SFC+Knapsack_Combined time: 1.3636e-05

SFC+Painter previous efficiency: 0.909708831
SFC+painterPartition efficiency: 0.9493971284
SFC+Painter ratio: 1.043627473
 Final SFC+Painter time: 3.9353e-05

Painter+Knapsack previous efficiency: 0.7962468931
Painter+Knapsack ratio: 1.254884206
 Final painter+Knapsack_Combined time: 1.615e-05
Run 21
File weights 51 and ranks 51
Original previous efficiency: 0.9318954173
Original efficiency: 0.9318954173
Original ratio: 1
Knapsack previous efficiency: 0.7957448006
Knapsack ratio: 1.254059636
 Final Knapsack time: 9.638e-06

Karmarkar-Karp previous efficiency: 0.8264502535
Karmarkar-Karp ratio: 1.206162874
 Final Karmarkar-Karp time: 5.378e-05

SFC previous efficiency: 0.860110792
 Time take to run this function: 3.21e-07
SFC ratio: 1
 Final SFC time: 1.5569e-05

SFC+Knapsack previous efficiency: 0.7957448006
SFC + Knapsack ratio: 1.254059636
 Final SFC+Knapsack_Combined time: 1.4096e-05

SFC+Painter previous efficiency: 0.9182467118
SFC+painterPartition efficiency: 0.9454252636
SFC+Painter ratio: 1.029598311
 Final SFC+Painter time: 1.8755e-05

Painter+Knapsack previous efficiency: 0.7957448006
Painter+Knapsack ratio: 1.254059636
 Final painter+Knapsack_Combined time: 1.6341e-05
Run 22
File weights 51 and ranks 51
Original previous efficiency: 0.9270418313
Original efficiency: 0.9270418313
Original ratio: 1
Knapsack previous efficiency: 0.7945410706
Knapsack ratio: 1.255455215
 Final Knapsack time: 9.438e-06

Karmarkar-Karp previous efficiency: 0.825396789
Karmarkar-Karp ratio: 1.208839018
 Final Karmarkar-Karp time: 5.2037e-05

SFC previous efficiency: 0.8642670435
 Time take to run this function: 2.91e-07
SFC ratio: 1
 Final SFC time: 1.6501e-05

SFC+Knapsack previous efficiency: 0.7945410706
SFC + Knapsack ratio: 1.255455215
 Final SFC+Knapsack_Combined time: 2.9374e-05

SFC+Painter previous efficiency: 0.9177301673
SFC+painterPartition efficiency: 0.9337421315
SFC+Painter ratio: 1.017447355
 Final SFC+Painter time: 1.9006e-05

Painter+Knapsack previous efficiency: 0.7945410706
Painter+Knapsack ratio: 1.255455215
 Final painter+Knapsack_Combined time: 1.6922e-05
Run 23
File weights 51 and ranks 51
Original previous efficiency: 0.9156146066
Original efficiency: 0.9156146066
Original ratio: 1
Knapsack previous efficiency: 0.7915044395
Knapsack ratio: 1.261686087
 Final Knapsack time: 9.588e-06

Karmarkar-Karp previous efficiency: 0.8242621326
Karmarkar-Karp ratio: 1.211046049
 Final Karmarkar-Karp time: 5.0003e-05

SFC previous efficiency: 0.8621700833
 Time take to run this function: 3.11e-07
SFC ratio: 1
 Final SFC time: 1.7012e-05

SFC+Knapsack previous efficiency: 0.7915044395
SFC + Knapsack ratio: 1.261686087
 Final SFC+Knapsack_Combined time: 1.2454e-05

SFC+Painter previous efficiency: 0.9144141971
SFC+painterPartition efficiency: 0.9281968307
SFC+Painter ratio: 1.015072637
 Final SFC+Painter time: 1.9817e-05

Painter+Knapsack previous efficiency: 0.7915044395
Painter+Knapsack ratio: 1.261686087
 Final painter+Knapsack_Combined time: 1.595e-05
Run 24
File weights 51 and ranks 51
Original previous efficiency: 0.9076144604
Original efficiency: 0.9076144604
Original ratio: 1
Knapsack previous efficiency: 0.7873596911
Knapsack ratio: 1.262917581
 Final Knapsack time: 1.0639e-05

Karmarkar-Karp previous efficiency: 0.8199576201
Karmarkar-Karp ratio: 1.217734491
 Final Karmarkar-Karp time: 4.9111e-05

SFC previous efficiency: 0.8601086387
 Time take to run this function: 2.9e-07
SFC ratio: 1
 Final SFC time: 1.605e-05

SFC+Knapsack previous efficiency: 0.7873596911
SFC + Knapsack ratio: 1.262917581
 Final SFC+Knapsack_Combined time: 1.2443e-05

SFC+Painter previous efficiency: 0.9091857788
SFC+painterPartition efficiency: 0.9247908608
SFC+Painter ratio: 1.017163799
 Final SFC+Painter time: 2.0769e-05

Painter+Knapsack previous efficiency: 0.7873596911
Painter+Knapsack ratio: 1.262917581
 Final painter+Knapsack_Combined time: 1.604e-05
Run 25
File weights 51 and ranks 51
Original previous efficiency: 0.9009783441
Original efficiency: 0.9009783441
Original ratio: 1
Knapsack previous efficiency: 0.7846443885
Knapsack ratio: 1.26810264
 Final Knapsack time: 9.457e-06

Karmarkar-Karp previous efficiency: 0.8176700522
Karmarkar-Karp ratio: 1.214883932
 Final Karmarkar-Karp time: 7.0482e-05

SFC previous efficiency: 0.8558017458
 Time take to run this function: 3.2e-07
SFC ratio: 1
 Final SFC time: 1.629e-05

SFC+Knapsack previous efficiency: 0.7846443885
SFC + Knapsack ratio: 1.26810264
 Final SFC+Knapsack_Combined time: 1.4537e-05

SFC+Painter previous efficiency: 0.9022041688
SFC+painterPartition efficiency: 0.9161294182
SFC+Painter ratio: 1.015434699
 Final SFC+Painter time: 1.9186e-05

Painter+Knapsack previous efficiency: 0.7846443885
Painter+Knapsack ratio: 1.26810264
 Final painter+Knapsack_Combined time: 1.6791e-05
Run 26
File weights 51 and ranks 51
Original previous efficiency: 0.8943494226
Original efficiency: 0.9853257806
Original ratio: 1.101723505
Knapsack previous efficiency: 0.7864476343
Knapsack ratio: 1.266408672
 Final Knapsack time: 1.037e-05

Karmarkar-Karp previous efficiency: 0.8145226719
Karmarkar-Karp ratio: 1.223248326
 Final Karmarkar-Karp time: 4.8841e-05

SFC previous efficiency: 0.8534841674
 Time take to run this function: 2.8e-07
SFC ratio: 1
 Final SFC time: 1.8154e-05

SFC+Knapsack previous efficiency: 0.7864476343
SFC + Knapsack ratio: 1.266408672
 Final SFC+Knapsack_Combined time: 1.2413e-05

SFC+Painter previous efficiency: 0.9003860674
SFC+painterPartition efficiency: 0.9131948492
SFC+Painter ratio: 1.014225877
 Final SFC+Painter time: 2.0458e-05

Painter+Knapsack previous efficiency: 0.7864476343
Painter+Knapsack ratio: 1.266408672
 Final painter+Knapsack_Combined time: 1.612e-05
Run 27
File weights 51 and ranks 51
Original previous efficiency: 0.8842223458
Original efficiency: 0.9767762565
Original ratio: 1.104672666
Knapsack previous efficiency: 0.7880686187
Knapsack ratio: 1.262458101
 Final Knapsack time: 9.778e-06

Karmarkar-Karp previous efficiency: 0.8159085136
Karmarkar-Karp ratio: 1.223774351
 Final Karmarkar-Karp time: 6.1795e-05

SFC previous efficiency: 0.8451762234
 Time take to run this function: 3e-07
SFC ratio: 1
 Final SFC time: 1.582e-05

SFC+Knapsack previous efficiency: 0.7880686187
SFC + Knapsack ratio: 1.262458101
 Final SFC+Knapsack_Combined time: 1.4547e-05

SFC+Painter previous efficiency: 0.895135951
SFC+painterPartition efficiency: 0.9092508782
SFC+Painter ratio: 1.015768473
 Final SFC+Painter time: 1.8945e-05

Painter+Knapsack previous efficiency: 0.7880686187
Painter+Knapsack ratio: 1.262458101
 Final painter+Knapsack_Combined time: 1.6511e-05
Run 28
File weights 51 and ranks 51
Original previous efficiency: 0.8794702281
Original efficiency: 0.9735324442
Original ratio: 1.106953269
Knapsack previous efficiency: 0.7943871767
Knapsack ratio: 1.25615501
 Final Knapsack time: 9.508e-06

Karmarkar-Karp previous efficiency: 0.8149120986
Karmarkar-Karp ratio: 1.221961277
 Final Karmarkar-Karp time: 5.1366e-05

SFC previous efficiency: 0.8434129881
 Time take to run this function: 3.01e-07
SFC ratio: 1
 Final SFC time: 1.7112e-05

SFC+Knapsack previous efficiency: 0.7943871767
SFC + Knapsack ratio: 1.25615501
 Final SFC+Knapsack_Combined time: 1.607e-05

SFC+Painter previous efficiency: 0.8974216832
SFC+painterPartition efficiency: 0.9110802349
SFC+Painter ratio: 1.01521977
 Final SFC+Painter time: 1.9447e-05

Painter+Knapsack previous efficiency: 0.7943871767
Painter+Knapsack ratio: 1.25615501
 Final painter+Knapsack_Combined time: 1.6862e-05
Run 29
File weights 51 and ranks 51
Original previous efficiency: 0.8762447058
Original efficiency: 0.9662575357
Original ratio: 1.102725676
Knapsack previous efficiency: 0.8014758357
Knapsack ratio: 1.244225365
 Final Knapsack time: 9.458e-06

Karmarkar-Karp previous efficiency: 0.8047045942
Karmarkar-Karp ratio: 1.232949724
 Final Karmarkar-Karp time: 5.2889e-05

SFC previous efficiency: 0.8471515577
 Time take to run this function: 3.01e-07
SFC ratio: 1
 Final SFC time: 1.5869e-05

SFC+Knapsack previous efficiency: 0.8014758357
SFC + Knapsack ratio: 1.244225365
 Final SFC+Knapsack_Combined time: 1.4066e-05

SFC+Painter previous efficiency: 0.9040696407
SFC+painterPartition efficiency: 0.9201295917
SFC+Painter ratio: 1.017764064
 Final SFC+Painter time: 1.8665e-05

Painter+Knapsack previous efficiency: 0.8014758357
Painter+Knapsack ratio: 1.244225365
 Final painter+Knapsack_Combined time: 1.6381e-05
Run 30
File weights 51 and ranks 51
Original previous efficiency: 0.8800545437
Original efficiency: 0.9587917601
Original ratio: 1.089468564
Knapsack previous efficiency: 0.8047258333
Knapsack ratio: 1.2346334
 Final Knapsack time: 1.0169e-05

Karmarkar-Karp previous efficiency: 0.7878224895
Karmarkar-Karp ratio: 1.259570375
 Final Karmarkar-Karp time: 4.8861e-05

SFC previous efficiency: 0.8489155801
 Time take to run this function: 2.9e-07
SFC ratio: 1
 Final SFC time: 1.7693e-05

SFC+Knapsack previous efficiency: 0.8047258333
SFC + Knapsack ratio: 1.2346334
 Final SFC+Knapsack_Combined time: 1.2423e-05

SFC+Painter previous efficiency: 0.9062668786
SFC+painterPartition efficiency: 0.9438594915
SFC+Painter ratio: 1.041480731
 Final SFC+Painter time: 1.9967e-05

Painter+Knapsack previous efficiency: 0.8047258333
Painter+Knapsack ratio: 1.2346334
 Final painter+Knapsack_Combined time: 1.5158e-05
Run 31
File weights 51 and ranks 51
Original previous efficiency: 0.8886589715
Original efficiency: 0.9514609509
Original ratio: 1.070670506
Knapsack previous efficiency: 0.800257583
Knapsack ratio: 1.246308997
 Final Knapsack time: 9.948e-06

Karmarkar-Karp previous efficiency: 0.7625268757
Karmarkar-Karp ratio: 1.302424389
 Final Karmarkar-Karp time: 5.393e-05

SFC previous efficiency: 0.8511660733
 Time take to run this function: 3e-07
SFC ratio: 1
 Final SFC time: 1.5298e-05

SFC+Knapsack previous efficiency: 0.800257583
SFC + Knapsack ratio: 1.246308997
 Final SFC+Knapsack_Combined time: 1.3555e-05

SFC+Painter previous efficiency: 0.9114322492
SFC+painterPartition efficiency: 0.9398611169
SFC+Painter ratio: 1.031191422
 Final SFC+Painter time: 3.0236e-05

Painter+Knapsack previous efficiency: 0.800257583
Painter+Knapsack ratio: 1.246308997
 Final painter+Knapsack_Combined time: 1.619e-05
Run 32
File weights 51 and ranks 51
Original previous efficiency: 0.8939818017
Original efficiency: 0.9530341796
Original ratio: 1.066055459
Knapsack previous efficiency: 0.7983936272
Knapsack ratio: 1.250987867
 Final Knapsack time: 1.0109e-05

Karmarkar-Karp previous efficiency: 0.9843993679
Karmarkar-Karp ratio: 1.015285259
 Final Karmarkar-Karp time: 5.5384e-05

SFC previous efficiency: 0.8576287389
 Time take to run this function: 3.11e-07
SFC ratio: 1
 Final SFC time: 1.634e-05

SFC+Knapsack previous efficiency: 0.7983936272
SFC + Knapsack ratio: 1.250987867
 Final SFC+Knapsack_Combined time: 1.3395e-05

SFC+Painter previous efficiency: 0.9163430733
SFC+painterPartition efficiency: 0.9326016393
SFC+Painter ratio: 1.017742881
 Final SFC+Painter time: 2.1159e-05

Painter+Knapsack previous efficiency: 0.7983936272
Painter+Knapsack ratio: 1.250987867
 Final painter+Knapsack_Combined time: 1.5148e-05
Run 33
File weights 51 and ranks 51
Original previous efficiency: 0.899505905
Original efficiency: 0.9607936498
Original ratio: 1.0681349
Knapsack previous efficiency: 0.7943227508
Knapsack ratio: 1.258751576
 Final Knapsack time: 9.298e-06

Karmarkar-Karp previous efficiency: 0.962847616
Karmarkar-Karp ratio: 1.037739883
 Final Karmarkar-Karp time: 5.0143e-05

SFC previous efficiency: 0.8598987751
 Time take to run this function: 2.9e-07
SFC ratio: 1
 Final SFC time: 1.5348e-05

SFC+Knapsack previous efficiency: 0.7943227508
SFC + Knapsack ratio: 1.258751576
 Final SFC+Knapsack_Combined time: 1.3936e-05

SFC+Painter previous efficiency: 0.9176123055
SFC+painterPartition efficiency: 0.9210746793
SFC+Painter ratio: 1.003773243
 Final SFC+Painter time: 1.8715e-05

Painter+Knapsack previous efficiency: 0.7943227508
Painter+Knapsack ratio: 1.258751576
 Final painter+Knapsack_Combined time: 1.63e-05
Run 34
File weights 51 and ranks 51
Original previous efficiency: 0.9038179887
Original efficiency: 0.9508778614
Original ratio: 1.052067865
Knapsack previous efficiency: 0.7862838399
Knapsack ratio: 1.270928602
 Final Knapsack time: 9.247e-06

Karmarkar-Karp previous efficiency: 0.93926561
Karmarkar-Karp ratio: 1.063698491
 Final Karmarkar-Karp time: 5.0995e-05

SFC previous efficiency: 0.8609554052
 Time take to run this function: 3e-07
SFC ratio: 1
 Final SFC time: 1.8294e-05

SFC+Knapsack previous efficiency: 0.7862838399
SFC + Knapsack ratio: 1.270928602
 Final SFC+Knapsack_Combined time: 1.2433e-05

SFC+Painter previous efficiency: 0.9100391905
SFC+painterPartition efficiency: 0.9100391905
SFC+Painter ratio: 1
 Final SFC+Painter time: 1.9807e-05

Painter+Knapsack previous efficiency: 0.7862838399
Painter+Knapsack ratio: 1.270928602
 Final painter+Knapsack_Combined time: 1.594e-05
Run 35
File weights 51 and ranks 51
Original previous efficiency: 0.9116907549
Original efficiency: 0.9353880316
Original ratio: 1.02599267
Knapsack previous efficiency: 0.7783284842
Knapsack ratio: 1.271226546
 Final Knapsack time: 1.0369e-05

Karmarkar-Karp previous efficiency: 0.9194178601
Karmarkar-Karp ratio: 1.08645195
 Final Karmarkar-Karp time: 5.2217e-05

SFC previous efficiency: 0.8590385533
 Time take to run this function: 2.81e-07
SFC ratio: 1
 Final SFC time: 1.6171e-05

SFC+Knapsack previous efficiency: 0.7783284842
SFC + Knapsack ratio: 1.271226546
 Final SFC+Knapsack_Combined time: 1.2473e-05

SFC+Painter previous efficiency: 0.8983694477
SFC+painterPartition efficiency: 0.8983694477
SFC+Painter ratio: 1
 Final SFC+Painter time: 2.0568e-05

Painter+Knapsack previous efficiency: 0.7783284842
Painter+Knapsack ratio: 1.271226546
 Final painter+Knapsack_Combined time: 1.5639e-05
Run 36
File weights 51 and ranks 51
Original previous efficiency: 0.9240133135
Original efficiency: 0.9612714427
Original ratio: 1.04032207
Knapsack previous efficiency: 0.7788871074
Knapsack ratio: 1.26852726
 Final Knapsack time: 1.1492e-05

Karmarkar-Karp previous efficiency: 0.9413285045
Karmarkar-Karp ratio: 1.061618272
 Final Karmarkar-Karp time: 5.346e-05

SFC previous efficiency: 0.840952787
 Time take to run this function: 3.21e-07
SFC ratio: 1
 Final SFC time: 1.7373e-05

SFC+Knapsack previous efficiency: 0.7788871074
SFC + Knapsack ratio: 1.26852726
 Final SFC+Knapsack_Combined time: 1.2904e-05

SFC+Painter previous efficiency: 0.8929550783
SFC+painterPartition efficiency: 0.8993654454
SFC+Painter ratio: 1.007178824
 Final SFC+Painter time: 2.1891e-05

Painter+Knapsack previous efficiency: 0.7788871074
Painter+Knapsack ratio: 1.26852726
 Final painter+Knapsack_Combined time: 1.5158e-05
Run 37
File weights 51 and ranks 51
Original previous efficiency: 0.9306051552
Original efficiency: 0.9846316973
Original ratio: 1.058055279
Knapsack previous efficiency: 0.7757000824
Knapsack ratio: 1.284360663
 Final Knapsack time: 9.257e-06

Karmarkar-Karp previous efficiency: 0.960282056
Karmarkar-Karp ratio: 1.039778292
 Final Karmarkar-Karp time: 5.1757e-05

SFC previous efficiency: 0.8299843841
 Time take to run this function: 2.9e-07
SFC ratio: 0.9368025441
 Final SFC time: 1.5689e-05

SFC+Knapsack previous efficiency: 0.7757000824
SFC + Knapsack ratio: 1.284360663
 Final SFC+Knapsack_Combined time: 1.3865e-05

SFC+Painter previous efficiency: 0.8772247929
SFC+painterPartition efficiency: 0.9098986676
SFC+Painter ratio: 1.037246866
 Final SFC+Painter time: 1.9236e-05

Painter+Knapsack previous efficiency: 0.7757000824
Painter+Knapsack ratio: 1.284360663
 Final painter+Knapsack_Combined time: 1.5228e-05
Run 38
File weights 51 and ranks 51
Original previous efficiency: 0.9472989577
Original efficiency: 0.9840467624
Original ratio: 1.038792194
Knapsack previous efficiency: 0.7786212603
Knapsack ratio: 1.283881827
 Final Knapsack time: 9.468e-06

Karmarkar-Karp previous efficiency: 0.9735181536
Karmarkar-Karp ratio: 1.025836682
 Final Karmarkar-Karp time: 6.3048e-05

SFC previous efficiency: 0.8272460421
 Time take to run this function: 2.91e-07
SFC ratio: 0.9848329072
 Final SFC time: 1.584e-05

SFC+Knapsack previous efficiency: 0.7786212603
SFC + Knapsack ratio: 1.283881827
 Final SFC+Knapsack_Combined time: 1.3695e-05

SFC+Painter previous efficiency: 0.8747031659
SFC+painterPartition efficiency: 0.9134769084
SFC+Painter ratio: 1.044327886
 Final SFC+Painter time: 1.8995e-05

Painter+Knapsack previous efficiency: 0.7786212603
Painter+Knapsack ratio: 1.283881827
 Final painter+Knapsack_Combined time: 1.5419e-05
Run 39
File weights 51 and ranks 51
Original previous efficiency: 0.9415837783
Original efficiency: 0.981975987
Original ratio: 1.042898157
Knapsack previous efficiency: 0.7770392007
Knapsack ratio: 1.28583282
 Final Knapsack time: 9.157e-06

Karmarkar-Karp previous efficiency: 0.9699903785
Karmarkar-Karp ratio: 1.030631472
 Final Karmarkar-Karp time: 5.1907e-05

SFC previous efficiency: 0.8234798993
 Time take to run this function: 2.91e-07
SFC ratio: 0.9860315179
 Final SFC time: 1.7182e-05

SFC+Knapsack previous efficiency: 0.7770392007
SFC + Knapsack ratio: 1.28583282
 Final SFC+Knapsack_Combined time: 1.3255e-05

SFC+Painter previous efficiency: 0.8708053025
SFC+painterPartition efficiency: 0.9150310279
SFC+Painter ratio: 1.050787157
 Final SFC+Painter time: 1.8705e-05

Painter+Knapsack previous efficiency: 0.7770392007
Painter+Knapsack ratio: 1.28583282
 Final painter+Knapsack_Combined time: 1.6161e-05
Run 40
File weights 51 and ranks 51
Original previous efficiency: 0.9392320538
Original efficiency: 0.9820092448
Original ratio: 1.045544858
Knapsack previous efficiency: 0.7763678165
Knapsack ratio: 1.284665363
 Final Knapsack time: 1.07e-05

Karmarkar-Karp previous efficiency: 0.9649647134
Karmarkar-Karp ratio: 1.035584952
 Final Karmarkar-Karp time: 5.0053e-05

SFC previous efficiency: 0.8204818398
 Time take to run this function: 2.91e-07
SFC ratio: 0.9870310618
 Final SFC time: 1.8996e-05

SFC+Knapsack previous efficiency: 0.7763678165
SFC + Knapsack ratio: 1.284665363
 Final SFC+Knapsack_Combined time: 1.2433e-05

SFC+Painter previous efficiency: 0.8655153739
SFC+painterPartition efficiency: 0.9229462145
SFC+Painter ratio: 1.066354501
 Final SFC+Painter time: 1.9616e-05

Painter+Knapsack previous efficiency: 0.7763678165
Painter+Knapsack ratio: 1.284665363
 Final painter+Knapsack_Combined time: 1.5099e-05
Run 41
File weights 51 and ranks 51
Original previous efficiency: 0.9365956254
Original efficiency: 0.9786128726
Original ratio: 1.044861674
Knapsack previous efficiency: 0.7756095371
Knapsack ratio: 1.286519631
 Final Knapsack time: 9.668e-06

Karmarkar-Karp previous efficiency: 0.96532232
Karmarkar-Karp ratio: 1.035146071
 Final Karmarkar-Karp time: 5.1967e-05

SFC previous efficiency: 0.8187152797
 Time take to run this function: 3.1e-07
SFC ratio: 0.9843883239
 Final SFC time: 1.583e-05

SFC+Knapsack previous efficiency: 0.7756095371
SFC + Knapsack ratio: 1.286519631
 Final SFC+Knapsack_Combined time: 1.4116e-05

SFC+Painter previous efficiency: 0.8645013184
SFC+painterPartition efficiency: 0.9256173232
SFC+Painter ratio: 1.070695097
 Final SFC+Painter time: 2.0117e-05

Painter+Knapsack previous efficiency: 0.7756095371
Painter+Knapsack ratio: 1.286519631
 Final painter+Knapsack_Combined time: 1.5138e-05
Run 42
File weights 51 and ranks 51
Original previous efficiency: 0.9311931323
Original efficiency: 0.980210123
Original ratio: 1.052638909
Knapsack previous efficiency: 0.7760420864
Knapsack ratio: 1.283939066
 Final Knapsack time: 1.0159e-05

Karmarkar-Karp previous efficiency: 0.9631107447
Karmarkar-Karp ratio: 1.037229222
 Final Karmarkar-Karp time: 5.6977e-05

SFC previous efficiency: 0.8177073727
 Time take to run this function: 3.11e-07
SFC ratio: 0.981930865
 Final SFC time: 1.609e-05

SFC+Knapsack previous efficiency: 0.7760420864
SFC + Knapsack ratio: 1.283939066
 Final SFC+Knapsack_Combined time: 1.4387e-05

SFC+Painter previous efficiency: 0.8631182821
SFC+painterPartition efficiency: 0.9273444016
SFC+Painter ratio: 1.074411724
 Final SFC+Painter time: 1.8935e-05

Painter+Knapsack previous efficiency: 0.7760420864
Painter+Knapsack ratio: 1.283939066
 Final painter+Knapsack_Combined time: 1.7022e-05
Run 43
File weights 51 and ranks 51
Original previous efficiency: 0.9274457324
Original efficiency: 0.9779918166
Original ratio: 1.054500315
Knapsack previous efficiency: 0.7738741322
Knapsack ratio: 1.28811191
 Final Knapsack time: 2.3384e-05

Karmarkar-Karp previous efficiency: 0.9659492517
Karmarkar-Karp ratio: 1.034665142
 Final Karmarkar-Karp time: 5.3911e-05

SFC previous efficiency: 0.8174791514
 Time take to run this function: 3.31e-07
SFC ratio: 1
 Final SFC time: 1.589e-05

SFC+Knapsack previous efficiency: 0.7738741322
SFC + Knapsack ratio: 1.28811191
 Final SFC+Knapsack_Combined time: 1.4767e-05

SFC+Painter previous efficiency: 0.8640923915
SFC+painterPartition efficiency: 0.9274315377
SFC+Painter ratio: 1.073301359
 Final SFC+Painter time: 1.9707e-05

Painter+Knapsack previous efficiency: 0.7738741322
Painter+Knapsack ratio: 1.28811191
 Final painter+Knapsack_Combined time: 1.6882e-05
Run 44
File weights 51 and ranks 51
Original previous efficiency: 0.9253656644
Original efficiency: 0.9791382877
Original ratio: 1.058109594
Knapsack previous efficiency: 0.7745472146
Knapsack ratio: 1.285954964
 Final Knapsack time: 1.073e-05

Karmarkar-Karp previous efficiency: 0.9689173627
Karmarkar-Karp ratio: 1.031940784
 Final Karmarkar-Karp time: 5.1115e-05

SFC previous efficiency: 0.8181252729
 Time take to run this function: 2.9e-07
SFC ratio: 1
 Final SFC time: 1.9065e-05

SFC+Knapsack previous efficiency: 0.7745472146
SFC + Knapsack ratio: 1.285954964
 Final SFC+Knapsack_Combined time: 1.3865e-05

SFC+Painter previous efficiency: 0.8648457127
SFC+painterPartition efficiency: 0.9275896499
SFC+Painter ratio: 1.072549284
 Final SFC+Painter time: 1.8465e-05

Painter+Knapsack previous efficiency: 0.7745472146
Painter+Knapsack ratio: 1.285954964
 Final painter+Knapsack_Combined time: 1.6651e-05
Run 45
File weights 51 and ranks 51
Original previous efficiency: 0.9250640956
Original efficiency: 0.9770108583
Original ratio: 1.056154771
Knapsack previous efficiency: 0.7742203628
Knapsack ratio: 1.286745111
 Final Knapsack time: 1.071e-05

Karmarkar-Karp previous efficiency: 0.9759431381
Karmarkar-Karp ratio: 1.024230393
 Final Karmarkar-Karp time: 8.6912e-05

SFC previous efficiency: 0.8190957448
 Time take to run this function: 2.9e-07
SFC ratio: 1
 Final SFC time: 1.7853e-05

SFC+Knapsack previous efficiency: 0.7742203628
SFC + Knapsack ratio: 1.286745111
 Final SFC+Knapsack_Combined time: 1.2744e-05

SFC+Painter previous efficiency: 0.8647703866
SFC+painterPartition efficiency: 0.9300358118
SFC+Painter ratio: 1.075471392
 Final SFC+Painter time: 2.0739e-05

Painter+Knapsack previous efficiency: 0.7742203628
Painter+Knapsack ratio: 1.286745111
 Final painter+Knapsack_Combined time: 1.5108e-05
Run 46
File weights 51 and ranks 51
Original previous efficiency: 0.9240350775
Original efficiency: 0.9756994299
Original ratio: 1.055911679
Knapsack previous efficiency: 0.7728957161
Knapsack ratio: 1.288512838
 Final Knapsack time: 1.0159e-05

Karmarkar-Karp previous efficiency: 0.9808318321
Karmarkar-Karp ratio: 1.019249618
 Final Karmarkar-Karp time: 4.297e-05

SFC previous efficiency: 0.8182606376
 Time take to run this function: 2.9e-07
SFC ratio: 1
 Final SFC time: 1.5218e-05

SFC+Knapsack previous efficiency: 0.7728957161
SFC + Knapsack ratio: 1.288512838
 Final SFC+Knapsack_Combined time: 1.3375e-05

SFC+Painter previous efficiency: 0.8641161997
SFC+painterPartition efficiency: 0.9313960893
SFC+Painter ratio: 1.077859771
 Final SFC+Painter time: 1.8745e-05

Painter+Knapsack previous efficiency: 0.7728957161
Painter+Knapsack ratio: 1.288512838
 Final painter+Knapsack_Combined time: 1.635e-05
Run 47
File weights 51 and ranks 51
Original previous efficiency: 0.9228149672
Original efficiency: 0.9757473537
Original ratio: 1.057359697
Knapsack previous efficiency: 0.7705816164
Knapsack ratio: 1.296793967
 Final Knapsack time: 1.058e-05

Karmarkar-Karp previous efficiency: 0.9859389213
Karmarkar-Karp ratio: 1.013893858
 Final Karmarkar-Karp time: 4.7709e-05

SFC previous efficiency: 0.822587809
 Time take to run this function: 2.9e-07
SFC ratio: 1
 Final SFC time: 1.622e-05

SFC+Knapsack previous efficiency: 0.7705816164
SFC + Knapsack ratio: 1.296793967
 Final SFC+Knapsack_Combined time: 1.2955e-05

SFC+Painter previous efficiency: 0.869373381
SFC+painterPartition efficiency: 0.935938728
SFC+Painter ratio: 1.076567041
 Final SFC+Painter time: 2.0348e-05

Painter+Knapsack previous efficiency: 0.7705816164
Painter+Knapsack ratio: 1.296793967
 Final painter+Knapsack_Combined time: 1.5178e-05
Run 48
File weights 51 and ranks 51
Original previous efficiency: 0.9185396813
Original efficiency: 0.9737361549
Original ratio: 1.06009155
Knapsack previous efficiency: 0.7678774467
Knapsack ratio: 1.301188926
 Final Knapsack time: 9.157e-06

Karmarkar-Karp previous efficiency: 0.9792184149
Karmarkar-Karp ratio: 1.020262023
 Final Karmarkar-Karp time: 5.0815e-05

SFC previous efficiency: 0.8267445302
 Time take to run this function: 2.8e-07
SFC ratio: 1
 Final SFC time: 1.5238e-05

SFC+Knapsack previous efficiency: 0.7678774467
SFC + Knapsack ratio: 1.301188926
 Final SFC+Knapsack_Combined time: 1.3926e-05

SFC+Painter previous efficiency: 0.8744044194
SFC+painterPartition efficiency: 0.9295337685
SFC+Painter ratio: 1.063047885
 Final SFC+Painter time: 1.8454e-05

Painter+Knapsack previous efficiency: 0.7678774467
Painter+Knapsack ratio: 1.301188926
 Final painter+Knapsack_Combined time: 1.609e-05
Run 49
File weights 51 and ranks 51
Original previous efficiency: 0.9197308462
Original efficiency: 0.9701901849
Original ratio: 1.054863158
Knapsack previous efficiency: 0.9962394793
Knapsack ratio: 1.003493556
 Final Knapsack time: 9.397e-06

Karmarkar-Karp previous efficiency: 0.972352983
Karmarkar-Karp ratio: 1.028400067
 Final Karmarkar-Karp time: 4.7469e-05

SFC previous efficiency: 0.8259959432
 Time take to run this function: 2.81e-07
SFC ratio: 1
 Final SFC time: 1.7754e-05

SFC+Knapsack previous efficiency: 0.9962394793
SFC + Knapsack ratio: 1.003493556
 Final SFC+Knapsack_Combined time: 1.2563e-05

SFC+Painter previous efficiency: 0.8729379602
SFC+painterPartition efficiency: 0.9301547333
SFC+Painter ratio: 1.065545062
 Final SFC+Painter time: 2.0097e-05

Painter+Knapsack previous efficiency: 0.9962394793
Painter+Knapsack ratio: 1.003493556
 Final painter+Knapsack_Combined time: 1.5909e-05
Run 50
File weights 51 and ranks 51
Original previous efficiency: 0.9190512279
Original efficiency: 0.9640419957
Original ratio: 1.048953493
Knapsack previous efficiency: 0.9959465337
Knapsack ratio: 1.00332686
 Final Knapsack time: 1.046e-05

Karmarkar-Karp previous efficiency: 0.968474775
Karmarkar-Karp ratio: 1.032419112
 Final Karmarkar-Karp time: 4.7348e-05

SFC previous efficiency: 0.8303057162
 Time take to run this function: 3e-07
SFC ratio: 1
 Final SFC time: 1.5419e-05

SFC+Knapsack previous efficiency: 0.9959465337
SFC + Knapsack ratio: 1.00332686
 Final SFC+Knapsack_Combined time: 1.4016e-05

SFC+Painter previous efficiency: 0.8791036624
SFC+painterPartition efficiency: 0.9197406509
SFC+Painter ratio: 1.04622548
 Final SFC+Painter time: 1.9497e-05

Painter+Knapsack previous efficiency: 0.9959465337
Painter+Knapsack ratio: 1.00332686
 Final painter+Knapsack_Combined time: 1.5409e-05


TinyProfiler total time across processes [min...avg...max]: 0.03586 ... 0.03586 ... 0.03586

-------------------------------------------------------------------------------------
Name                                  NCalls  Excl. Min  Excl. Avg  Excl. Max   Max %
-------------------------------------------------------------------------------------
kk()                                      51   0.002281   0.002281   0.002281   6.36%
painterPartition()                       102  0.0009988  0.0009988  0.0009988   2.79%
SFCProcessorMapDoIt()                     51  0.0004852  0.0004852  0.0004852   1.35%
knapsack()                               153  0.0003899  0.0003899  0.0003899   1.09%
SFCProcessorMapDoItCombined()             51  0.0001892  0.0001892  0.0001892   0.53%
SFCProcessorMapDoItCombinedPainter()      51  9.368e-05  9.368e-05  9.368e-05   0.26%
KKDoIt()                                  51  8.749e-05  8.749e-05  8.749e-05   0.24%
Distribute()                             102  6.685e-05  6.685e-05  6.685e-05   0.19%
KnapSackDoIt()                            51  4.669e-05  4.669e-05  4.669e-05   0.13%
-------------------------------------------------------------------------------------

-------------------------------------------------------------------------------------
Name                                  NCalls  Incl. Min  Incl. Avg  Incl. Max   Max %
-------------------------------------------------------------------------------------
KKDoIt()                                  51   0.002369   0.002369   0.002369   6.61%
kk()                                      51   0.002281   0.002281   0.002281   6.36%
painterPartition()                       102  0.0009988  0.0009988  0.0009988   2.79%
SFCProcessorMapDoIt()                     51  0.0005263  0.0005263  0.0005263   1.47%
SFCProcessorMapDoItCombinedPainter()      51  0.0004715  0.0004715  0.0004715   1.31%
knapsack()                               153  0.0003899  0.0003899  0.0003899   1.09%
SFCProcessorMapDoItCombined()             51  0.0003557  0.0003557  0.0003557   0.99%
KnapSackDoIt()                            51   0.000187   0.000187   0.000187   0.52%
Distribute()                             102  6.685e-05  6.685e-05  6.685e-05   0.19%
-------------------------------------------------------------------------------------

Pinned Memory Usage:
----------------------------------------------------------------
Name                            Nalloc  Nfree   AvgMem    MaxMem
----------------------------------------------------------------
The_Pinned_Arena::Initialize()       1      1  756 KiB  8192 KiB
----------------------------------------------------------------

AMReX (25.06-22-g1d307c2c661a) finalized
