Initializing AMReX (25.06-22-g1d307c2c661a)...
OMP initialized with 256 OMP threads
AMReX (25.06-22-g1d307c2c661a) initialized
Starting running input_laser_ion running with 6 nodes and 4 ranks per node.
Total steps: 5000, intervals: 100 = 50 runs
Reading precomputed weights and ranks from file: /global/homes/j/jessd/lb_extractor/lb_inputs/imp_50/laser_ion_16_boxes_24_ranks_50_lb_data.txt
/global/homes/j/jessd/lb_extractor/lb_inputs/imp_50/laser_ion_16_boxes_24_ranks_50_lb_data.txt
Run 0: Weights size: 435
Run 1: Weights size: 435
Run 2: Weights size: 435
Run 3: Weights size: 435
Run 4: Weights size: 435
Run 5: Weights size: 435
Run 6: Weights size: 435
Run 7: Weights size: 435
Run 8: Weights size: 435
Run 9: Weights size: 435
Run 10: Weights size: 435
Run 11: Weights size: 435
Run 12: Weights size: 435
Run 13: Weights size: 435
Run 14: Weights size: 435
Run 15: Weights size: 435
Run 16: Weights size: 435
Run 17: Weights size: 435
Run 18: Weights size: 435
Run 19: Weights size: 435
Run 20: Weights size: 435
Run 21: Weights size: 435
Run 22: Weights size: 435
Run 23: Weights size: 435
Run 24: Weights size: 435
Run 25: Weights size: 435
Run 26: Weights size: 435
Run 27: Weights size: 435
Run 28: Weights size: 435
Run 29: Weights size: 435
Run 30: Weights size: 435
Run 31: Weights size: 435
Run 32: Weights size: 435
Run 33: Weights size: 435
Run 34: Weights size: 435
Run 35: Weights size: 435
Run 36: Weights size: 435
Run 37: Weights size: 435
Run 38: Weights size: 435
Run 39: Weights size: 435
Run 40: Weights size: 435
Run 41: Weights size: 435
Run 42: Weights size: 435
Run 43: Weights size: 435
Run 44: Weights size: 435
Run 45: Weights size: 435
Run 46: Weights size: 435
Run 47: Weights size: 435
Run 48: Weights size: 435
Run 49: Weights size: 435
Run 50: Weights size: 435
Run 0
File weights 51 and ranks 51
Original efficiency: 0.31536747
Original ratio: inf
Knapsack ratio: inf
 Final Knapsack time: 6.1655e-05

Karmarkar-Karp ratio: inf
 Final Karmarkar-Karp time: 0.001234551

 Time take to run this function: 5.41e-07
SFC ratio: inf
 Final SFC time: 5.6746e-05

SFC + Knapsack ratio: inf
 Final SFC+Knapsack_Combined time: 7.1803e-05

SFC+painterPartition efficiency: 0.9198304557
SFC+Painter ratio: inf
 Final SFC+Painter time: 0.000124492

Painter+Knapsack ratio: inf
 Final painter+Knapsack_Combined time: 0.000116507
Run 1
File weights 51 and ranks 51
Original previous efficiency: 0.3153648748
Original efficiency: 0.9889878159
Original ratio: 3.136011315
Knapsack previous efficiency: 0.9990484144
Knapsack ratio: 1.000088278
 Final Knapsack time: 4.2519e-05

Karmarkar-Karp previous efficiency: 0.9990619165
Karmarkar-Karp ratio: 1.000162548
 Final Karmarkar-Karp time: 0.001221677

SFC previous efficiency: 0.9010634604
 Time take to run this function: 7.71e-07
SFC ratio: 1
 Final SFC time: 5.898e-05

SFC+Knapsack previous efficiency: 0.9198018821
SFC + Knapsack ratio: 1.000070308
 Final SFC+Knapsack_Combined time: 9.147e-05

SFC+Painter previous efficiency: 0.9197927977
SFC+painterPartition efficiency: 0.9198003083
SFC+Painter ratio: 1.000008166
 Final SFC+Painter time: 0.000106539

Painter+Knapsack previous efficiency: 0.9197877189
Painter+Knapsack ratio: 1.00008493
 Final painter+Knapsack_Combined time: 0.000113071
Run 2
File weights 51 and ranks 51
Original previous efficiency: 0.9859371761
Original efficiency: 0.9859371761
Original ratio: 1
Knapsack previous efficiency: 0.9962057335
Knapsack ratio: 1.002950089
 Final Knapsack time: 4.1247e-05

Karmarkar-Karp previous efficiency: 0.9961634313
Karmarkar-Karp ratio: 1.003298598
 Final Karmarkar-Karp time: 0.001108395

SFC previous efficiency: 0.9010448432
 Time take to run this function: 3.41e-07
SFC ratio: 1
 Final SFC time: 4.3641e-05

SFC+Knapsack previous efficiency: 0.9197815443
SFC + Knapsack ratio: 1.000104533
 Final SFC+Knapsack_Combined time: 6.1315e-05

SFC+Painter previous efficiency: 0.9191523605
SFC+painterPartition efficiency: 0.9197706717
SFC+Painter ratio: 1.000672697
 Final SFC+Painter time: 0.000100747

Painter+Knapsack previous efficiency: 0.9197683829
Painter+Knapsack ratio: 1.000118222
 Final painter+Knapsack_Combined time: 0.000110465
Run 3
File weights 51 and ranks 51
Original previous efficiency: 0.986385882
Original efficiency: 0.986385882
Original ratio: 1
Knapsack previous efficiency: 0.9958782445
Knapsack ratio: 1.00313761
 Final Knapsack time: 4.0806e-05

Karmarkar-Karp previous efficiency: 0.995417114
Karmarkar-Karp ratio: 1.003992642
 Final Karmarkar-Karp time: 0.001178356

SFC previous efficiency: 0.9008694227
 Time take to run this function: 3.71e-07
SFC ratio: 1
 Final SFC time: 4.3861e-05

SFC+Knapsack previous efficiency: 0.9197415858
SFC + Knapsack ratio: 1.000141247
 Final SFC+Knapsack_Combined time: 6.9961e-05

SFC+Painter previous efficiency: 0.9174110914
SFC+painterPartition efficiency: 0.9197466644
SFC+Painter ratio: 1.00254583
 Final SFC+Painter time: 0.000110316

Painter+Knapsack previous efficiency: 0.9197335036
Painter+Knapsack ratio: 1.000151592
 Final painter+Knapsack_Combined time: 0.000111969
Run 4
File weights 51 and ranks 51
Original previous efficiency: 0.9859331877
Original efficiency: 0.9859331877
Original ratio: 1
Knapsack previous efficiency: 0.9949869583
Knapsack ratio: 1.004010162
 Final Knapsack time: 4.302e-05

Karmarkar-Karp previous efficiency: 0.9950026124
Karmarkar-Karp ratio: 1.004147083
 Final Karmarkar-Karp time: 0.001127731

SFC previous efficiency: 0.9006657353
 Time take to run this function: 3.41e-07
SFC ratio: 1
 Final SFC time: 4.3822e-05

SFC+Knapsack previous efficiency: 0.9197147403
SFC + Knapsack ratio: 1.000157817
 Final SFC+Knapsack_Combined time: 6.0352e-05

SFC+Painter previous efficiency: 0.9178636253
SFC+painterPartition efficiency: 0.9197196755
SFC+Painter ratio: 1.002022142
 Final SFC+Painter time: 0.000105016

Painter+Knapsack previous efficiency: 0.9197057998
Painter+Knapsack ratio: 1.000167539
 Final painter+Knapsack_Combined time: 0.000115024
Run 5
File weights 51 and ranks 51
Original previous efficiency: 0.9855032118
Original efficiency: 0.9855032118
Original ratio: 1
Knapsack previous efficiency: 0.9940167438
Knapsack ratio: 1.004918696
 Final Knapsack time: 4.1417e-05

Karmarkar-Karp previous efficiency: 0.9946042016
Karmarkar-Karp ratio: 1.004630706
 Final Karmarkar-Karp time: 0.001141697

SFC previous efficiency: 0.9005657242
 Time take to run this function: 3.31e-07
SFC ratio: 1
 Final SFC time: 4.301e-05

SFC+Knapsack previous efficiency: 0.919687646
SFC + Knapsack ratio: 1.000098698
 Final SFC+Knapsack_Combined time: 5.9781e-05

SFC+Painter previous efficiency: 0.9187479416
SFC+painterPartition efficiency: 0.9196962288
SFC+Painter ratio: 1.001032152
 Final SFC+Painter time: 0.000101008

Painter+Knapsack previous efficiency: 0.9196664756
Painter+Knapsack ratio: 1.000193521
 Final painter+Knapsack_Combined time: 0.000112309
Run 6
File weights 51 and ranks 51
Original previous efficiency: 0.9845558528
Original efficiency: 0.9845558528
Original ratio: 1
Knapsack previous efficiency: 0.9925996112
Knapsack ratio: 1.006343555
 Final Knapsack time: 4.0496e-05

Karmarkar-Karp previous efficiency: 0.9935894244
Karmarkar-Karp ratio: 1.00593424
 Final Karmarkar-Karp time: 0.001238237

SFC previous efficiency: 0.900484785
 Time take to run this function: 3.41e-07
SFC ratio: 1
 Final SFC time: 4.291e-05

SFC+Knapsack previous efficiency: 0.9196569587
SFC + Knapsack ratio: 1.000103753
 Final SFC+Knapsack_Combined time: 5.9101e-05

SFC+Painter previous efficiency: 0.9196583175
SFC+painterPartition efficiency: 0.9196749104
SFC+Painter ratio: 1.000018042
 Final SFC+Painter time: 0.000104615

Painter+Knapsack previous efficiency: 0.9196440853
Painter+Knapsack ratio: 1.000196477
 Final painter+Knapsack_Combined time: 0.000113411
Run 7
File weights 51 and ranks 51
Original previous efficiency: 0.982997958
Original efficiency: 0.982997958
Original ratio: 1
Knapsack previous efficiency: 0.9917398801
Knapsack ratio: 1.007259829
 Final Knapsack time: 4.1458e-05

Karmarkar-Karp previous efficiency: 0.9917188024
Karmarkar-Karp ratio: 1.007680662
 Final Karmarkar-Karp time: 0.001272922

SFC previous efficiency: 0.9003740749
 Time take to run this function: 3.51e-07
SFC ratio: 1
 Final SFC time: 4.3581e-05

SFC+Knapsack previous efficiency: 0.9196391823
SFC + Knapsack ratio: 1.000185745
 Final SFC+Knapsack_Combined time: 6.0633e-05

SFC+Painter previous efficiency: 0.9196280969
SFC+painterPartition efficiency: 0.9196534861
SFC+Painter ratio: 1.000027608
 Final SFC+Painter time: 0.000102611

Painter+Knapsack previous efficiency: 0.9196220896
Painter+Knapsack ratio: 1.000204335
 Final painter+Knapsack_Combined time: 0.000114885
Run 8
File weights 51 and ranks 51
Original previous efficiency: 0.9817221496
Original efficiency: 0.9817221496
Original ratio: 1
Knapsack previous efficiency: 0.9900882497
Knapsack ratio: 1.009091535
 Final Knapsack time: 4.2289e-05

Karmarkar-Karp previous efficiency: 0.9902057308
Karmarkar-Karp ratio: 1.008966483
 Final Karmarkar-Karp time: 0.001208972

SFC previous efficiency: 0.9000891629
 Time take to run this function: 4.81e-07
SFC ratio: 1
 Final SFC time: 5.1406e-05

SFC+Knapsack previous efficiency: 0.9196042623
SFC + Knapsack ratio: 1.000196325
 Final SFC+Knapsack_Combined time: 5.9662e-05

SFC+Painter previous efficiency: 0.9189162819
SFC+painterPartition efficiency: 0.9196242868
SFC+Painter ratio: 1.000770478
 Final SFC+Painter time: 0.000126345

Painter+Knapsack previous efficiency: 0.9195835948
Painter+Knapsack ratio: 1.000218804
 Final painter+Knapsack_Combined time: 0.000115986
Run 9
File weights 51 and ranks 51
Original previous efficiency: 0.9776640511
Original efficiency: 0.9776640511
Original ratio: 1
Knapsack previous efficiency: 0.9857847623
Knapsack ratio: 1.013229265
 Final Knapsack time: 4.312e-05

Karmarkar-Karp previous efficiency: 0.9894995763
Karmarkar-Karp ratio: 1.010055012
 Final Karmarkar-Karp time: 0.001245881

SFC previous efficiency: 0.8993194988
 Time take to run this function: 3.7e-07
SFC ratio: 1
 Final SFC time: 4.289e-05

SFC+Knapsack previous efficiency: 0.917870967
SFC + Knapsack ratio: 1.001958487
 Final SFC+Knapsack_Combined time: 5.9751e-05

SFC+Painter previous efficiency: 0.9144016721
SFC+painterPartition efficiency: 0.9195787033
SFC+Painter ratio: 1.00566166
 Final SFC+Painter time: 0.000105306

Painter+Knapsack previous efficiency: 0.9177557007
Painter+Knapsack ratio: 1.002084329
 Final painter+Knapsack_Combined time: 0.000114042
Run 10
File weights 51 and ranks 51
Original previous efficiency: 0.9668384573
Original efficiency: 0.9668384573
Original ratio: 1
Knapsack previous efficiency: 0.9752217874
Knapsack ratio: 1.023824201
 Final Knapsack time: 4.2189e-05

Karmarkar-Karp previous efficiency: 0.9782166297
Karmarkar-Karp ratio: 1.020931647
 Final Karmarkar-Karp time: 0.001162426

SFC previous efficiency: 0.8820019065
 Time take to run this function: 3.51e-07
SFC ratio: 1.018468261
 Final SFC time: 4.3612e-05

SFC+Knapsack previous efficiency: 0.9047375896
SFC + Knapsack ratio: 1.016463504
 Final SFC+Knapsack_Combined time: 5.9651e-05

SFC+Painter previous efficiency: 0.8820019065
SFC+painterPartition efficiency: 0.9195483475
SFC+Painter ratio: 1.042569569
 Final SFC+Painter time: 0.000106037

Painter+Knapsack previous efficiency: 0.9046291921
Painter+Knapsack ratio: 1.016585302
 Final painter+Knapsack_Combined time: 0.000115535
Run 11
File weights 51 and ranks 51
Original previous efficiency: 0.9403873391
Original efficiency: 0.9403873391
Original ratio: 1
Knapsack previous efficiency: 0.9602784081
Knapsack ratio: 1.039996235
 Final Knapsack time: 4.1548e-05

Karmarkar-Karp previous efficiency: 0.955375282
Karmarkar-Karp ratio: 1.045119926
 Final Karmarkar-Karp time: 0.0011165

SFC previous efficiency: 0.8344059626
 Time take to run this function: 3.51e-07
SFC ratio: 1.074660747
 Final SFC time: 4.263e-05

SFC+Knapsack previous efficiency: 0.8839269426
SFC + Knapsack ratio: 1.039614795
 Final SFC+Knapsack_Combined time: 5.8039e-05

SFC+Painter previous efficiency: 0.8344059626
SFC+painterPartition efficiency: 0.9188605561
SFC+Painter ratio: 1.101215232
 Final SFC+Painter time: 0.00010716

Painter+Knapsack previous efficiency: 0.8838332477
Painter+Knapsack ratio: 1.03972646
 Final painter+Knapsack_Combined time: 0.000117328
Run 12
File weights 51 and ranks 51
Original previous efficiency: 0.9273361987
Original efficiency: 0.9273361987
Original ratio: 1
Knapsack previous efficiency: 0.9527563771
Knapsack ratio: 1.048156739
 Final Knapsack time: 4.1577e-05

Karmarkar-Karp previous efficiency: 0.9462818089
Karmarkar-Karp ratio: 1.055202618
 Final Karmarkar-Karp time: 0.001137369

SFC previous efficiency: 0.8165471993
 Time take to run this function: 3.5e-07
SFC ratio: 1.0976792
 Final SFC time: 4.272e-05

SFC+Knapsack previous efficiency: 0.8755267941
SFC + Knapsack ratio: 1.049709028
 Final SFC+Knapsack_Combined time: 6.7426e-05

SFC+Painter previous efficiency: 0.8165471993
SFC+painterPartition efficiency: 0.9185958103
SFC+Painter ratio: 1.124975765
 Final SFC+Painter time: 0.000140952

Painter+Knapsack previous efficiency: 0.8754216097
Painter+Knapsack ratio: 1.049835154
 Final painter+Knapsack_Combined time: 0.000119042
Run 13
File weights 51 and ranks 51
Original previous efficiency: 0.9240032444
Original efficiency: 0.9240032444
Original ratio: 1
Knapsack previous efficiency: 0.9481392084
Knapsack ratio: 1.053124443
 Final Knapsack time: 4.2229e-05

Karmarkar-Karp previous efficiency: 0.9439098506
Karmarkar-Karp ratio: 1.058095928
 Final Karmarkar-Karp time: 0.001142398

SFC previous efficiency: 0.812853324
 Time take to run this function: 3.7e-07
SFC ratio: 1.084883058
 Final SFC time: 4.4202e-05

SFC+Knapsack previous efficiency: 0.8743783375
SFC + Knapsack ratio: 1.050938308
 Final SFC+Knapsack_Combined time: 6.1044e-05

SFC+Painter previous efficiency: 0.812853324
SFC+painterPartition efficiency: 0.9184451011
SFC+Painter ratio: 1.129902621
 Final SFC+Painter time: 0.000138548

Painter+Knapsack previous efficiency: 0.8742777474
Painter+Knapsack ratio: 1.051059223
 Final painter+Knapsack_Combined time: 0.000138358
Run 14
File weights 51 and ranks 51
Original previous efficiency: 0.9254897981
Original efficiency: 0.9254897981
Original ratio: 1
Knapsack previous efficiency: 0.9446302301
Knapsack ratio: 1.056907692
 Final Knapsack time: 4.3611e-05

Karmarkar-Karp previous efficiency: 0.9437965459
Karmarkar-Karp ratio: 1.057833403
 Final Karmarkar-Karp time: 0.001122241

SFC previous efficiency: 0.8137522602
 Time take to run this function: 3.91e-07
SFC ratio: 1.083415045
 Final SFC time: 4.3962e-05

SFC+Knapsack previous efficiency: 0.8749807447
SFC + Knapsack ratio: 1.049962857
 Final SFC+Knapsack_Combined time: 6.0613e-05

SFC+Painter previous efficiency: 0.8137522602
SFC+painterPartition efficiency: 0.9181963744
SFC+Painter ratio: 1.128348785
 Final SFC+Painter time: 0.000108933

Painter+Knapsack previous efficiency: 0.8748722102
Painter+Knapsack ratio: 1.050093113
 Final painter+Knapsack_Combined time: 0.000119342
Run 15
File weights 51 and ranks 51
Original previous efficiency: 0.9269288474
Original efficiency: 0.9269288474
Original ratio: 1
Knapsack previous efficiency: 0.941665138
Knapsack ratio: 1.060469409
 Final Knapsack time: 4.1788e-05

Karmarkar-Karp previous efficiency: 0.9430627226
Karmarkar-Karp ratio: 1.059388961
 Final Karmarkar-Karp time: 0.001105159

SFC previous efficiency: 0.817629298
 Time take to run this function: 3.71e-07
SFC ratio: 1.074988263
 Final SFC time: 4.3221e-05

SFC+Knapsack previous efficiency: 0.8747367548
SFC + Knapsack ratio: 1.04708725
 Final SFC+Knapsack_Combined time: 6.9099e-05

SFC+Painter previous efficiency: 0.817629298
SFC+painterPartition efficiency: 0.9153978854
SFC+Painter ratio: 1.11957569
 Final SFC+Painter time: 0.000102691

Painter+Knapsack previous efficiency: 0.8746397123
Painter+Knapsack ratio: 1.047203426
 Final painter+Knapsack_Combined time: 0.000114002
Run 16
File weights 51 and ranks 51
Original previous efficiency: 0.9008374744
Original efficiency: 0.9949094235
Original ratio: 1.104427216
Knapsack previous efficiency: 0.9131101338
Knapsack ratio: 1.093318976
 Final Knapsack time: 5.907e-05

Karmarkar-Karp previous efficiency: 0.9129120357
Karmarkar-Karp ratio: 1.094085217
 Final Karmarkar-Karp time: 0.00116991

SFC previous efficiency: 0.760786608
 Time take to run this function: 3.61e-07
SFC ratio: 1.151312374
 Final SFC time: 4.4814e-05

SFC+Knapsack previous efficiency: 0.8513504263
SFC + Knapsack ratio: 1.072119063
 Final SFC+Knapsack_Combined time: 6.1564e-05

SFC+Painter previous efficiency: 0.760786608
SFC+painterPartition efficiency: 0.9122605637
SFC+Painter ratio: 1.199101764
 Final SFC+Painter time: 0.000106589

Painter+Knapsack previous efficiency: 0.8512431717
Painter+Knapsack ratio: 1.07225373
 Final painter+Knapsack_Combined time: 0.000117489
Run 17
File weights 51 and ranks 51
Original previous efficiency: 0.8985345994
Original efficiency: 0.9878988583
Original ratio: 1.099455557
Knapsack previous efficiency: 0.9043206528
Knapsack ratio: 1.10406276
 Final Knapsack time: 4.301e-05

Karmarkar-Karp previous efficiency: 0.9116833378
Karmarkar-Karp ratio: 1.095806213
 Final Karmarkar-Karp time: 0.001061137

SFC previous efficiency: 0.7554187842
 Time take to run this function: 3.41e-07
SFC ratio: 1.158570228
 Final SFC time: 4.3231e-05

SFC+Knapsack previous efficiency: 0.8513976809
SFC + Knapsack ratio: 1.071227851
 Final SFC+Knapsack_Combined time: 6.0603e-05

SFC+Painter previous efficiency: 0.7554187842
SFC+painterPartition efficiency: 0.9115133999
SFC+Painter ratio: 1.20663322
 Final SFC+Painter time: 0.000101108

Painter+Knapsack previous efficiency: 0.8512896479
Painter+Knapsack ratio: 1.071363796
 Final painter+Knapsack_Combined time: 0.000111137
Run 18
File weights 51 and ranks 51
Original previous efficiency: 0.8963342356
Original efficiency: 0.9814900597
Original ratio: 1.095004543
Knapsack previous efficiency: 0.9030278005
Knapsack ratio: 1.105621313
 Final Knapsack time: 4.275e-05

Karmarkar-Karp previous efficiency: 0.912851662
Karmarkar-Karp ratio: 1.094285811
 Final Karmarkar-Karp time: 0.001080223

SFC previous efficiency: 0.7573918324
 Time take to run this function: 3.41e-07
SFC ratio: 1.202883632
 Final SFC time: 4.33e-05

SFC+Knapsack previous efficiency: 0.8525184412
SFC + Knapsack ratio: 1.069328408
 Final SFC+Knapsack_Combined time: 6.0002e-05

SFC+Painter previous efficiency: 0.7573918324
SFC+painterPartition efficiency: 0.9110725191
SFC+Painter ratio: 1.202907769
 Final SFC+Painter time: 9.5598e-05

Painter+Knapsack previous efficiency: 0.8524105055
Painter+Knapsack ratio: 1.069463228
 Final painter+Knapsack_Combined time: 0.000116086
Run 19
File weights 51 and ranks 51
Original previous efficiency: 0.9202087583
Original efficiency: 0.9712315713
Original ratio: 1.055446998
Knapsack previous efficiency: 0.8964724228
Knapsack ratio: 1.113818876
 Final Knapsack time: 4.4533e-05

Karmarkar-Karp previous efficiency: 0.9263157527
Karmarkar-Karp ratio: 1.077770596
 Final Karmarkar-Karp time: 0.001058081

SFC previous efficiency: 0.7705386524
 Time take to run this function: 3.5e-07
SFC ratio: 1.181854585
 Final SFC time: 4.297e-05

SFC+Knapsack previous efficiency: 0.8734611636
SFC + Knapsack ratio: 1.040117139
 Final SFC+Knapsack_Combined time: 5.8609e-05

SFC+Painter previous efficiency: 0.775713007
SFC+painterPartition efficiency: 0.9106781668
SFC+Painter ratio: 1.173988522
 Final SFC+Painter time: 9.2502e-05

Painter+Knapsack previous efficiency: 0.8554319451
Painter+Knapsack ratio: 1.065128393
 Final painter+Knapsack_Combined time: 0.000105236
Run 20
File weights 51 and ranks 51
Original previous efficiency: 0.9327394454
Original efficiency: 0.9534593091
Original ratio: 1.022213989
Knapsack previous efficiency: 0.884742193
Knapsack ratio: 1.128743236
 Final Knapsack time: 4.319e-05

Karmarkar-Karp previous efficiency: 0.9230811885
Karmarkar-Karp ratio: 1.082143611
 Final Karmarkar-Karp time: 0.001087717

SFC previous efficiency: 0.7694639908
 Time take to run this function: 3.41e-07
SFC ratio: 1.183089165
 Final SFC time: 4.3131e-05

SFC+Knapsack previous efficiency: 0.852923631
SFC + Knapsack ratio: 1.067952856
 Final SFC+Knapsack_Combined time: 6.0293e-05

SFC+Painter previous efficiency: 0.786969271
SFC+painterPartition efficiency: 0.910390316
SFC+Painter ratio: 1.156830831
 Final SFC+Painter time: 9.9615e-05

Painter+Knapsack previous efficiency: 0.8550647999
Painter+Knapsack ratio: 1.065279672
 Final painter+Knapsack_Combined time: 0.000110225
Run 21
File weights 51 and ranks 51
Original previous efficiency: 0.9269891775
Original efficiency: 0.9448436269
Original ratio: 1.019260688
Knapsack previous efficiency: 0.8805025207
Knapsack ratio: 1.134750236
 Final Knapsack time: 4.3891e-05

Karmarkar-Karp previous efficiency: 0.9120030631
Karmarkar-Karp ratio: 1.094801238
 Final Karmarkar-Karp time: 0.001110088

SFC previous efficiency: 0.7642220094
 Time take to run this function: 3.51e-07
SFC ratio: 1.189990564
 Final SFC time: 4.3571e-05

SFC+Knapsack previous efficiency: 0.8381635192
SFC + Knapsack ratio: 1.085688703
 Final SFC+Knapsack_Combined time: 6.1384e-05

SFC+Painter previous efficiency: 0.7892754941
SFC+painterPartition efficiency: 0.9094672658
SFC+Painter ratio: 1.15228114
 Final SFC+Painter time: 0.000101599

Painter+Knapsack previous efficiency: 0.8552821519
Painter+Knapsack ratio: 1.06395844
 Final painter+Knapsack_Combined time: 0.000112069
Run 22
File weights 51 and ranks 51
Original previous efficiency: 0.9186645281
Original efficiency: 0.9400311331
Original ratio: 1.023258332
Knapsack previous efficiency: 0.8835541258
Knapsack ratio: 1.130123229
 Final Knapsack time: 5.1646e-05

Karmarkar-Karp previous efficiency: 0.9055006566
Karmarkar-Karp ratio: 1.102736989
 Final Karmarkar-Karp time: 0.001057851

SFC previous efficiency: 0.7597658003
 Time take to run this function: 3.51e-07
SFC ratio: 1.195985658
 Final SFC time: 4.319e-05

SFC+Knapsack previous efficiency: 0.8271948251
SFC + Knapsack ratio: 1.099223181
 Final SFC+Knapsack_Combined time: 6.0473e-05

SFC+Painter previous efficiency: 0.7824831822
SFC+painterPartition efficiency: 0.9087369124
SFC+Painter ratio: 1.161350088
 Final SFC+Painter time: 0.000106839

Painter+Knapsack previous efficiency: 0.8532625429
Painter+Knapsack ratio: 1.065641208
 Final painter+Knapsack_Combined time: 0.000172091
Run 23
File weights 51 and ranks 51
Original previous efficiency: 0.9223946171
Original efficiency: 0.9406531118
Original ratio: 1.019794667
Knapsack previous efficiency: 0.8931230258
Knapsack ratio: 1.117942145
 Final Knapsack time: 4.4532e-05

Karmarkar-Karp previous efficiency: 0.8985448003
Karmarkar-Karp ratio: 1.111857944
 Final Karmarkar-Karp time: 0.001063151

SFC previous efficiency: 0.7627278412
 Time take to run this function: 5.11e-07
SFC ratio: 1.190893961
 Final SFC time: 6.2135e-05

SFC+Knapsack previous efficiency: 0.8250005636
SFC + Knapsack ratio: 1.101758373
 Final SFC+Knapsack_Combined time: 6.0804e-05

SFC+Painter previous efficiency: 0.7824603822
SFC+painterPartition efficiency: 0.9084795201
SFC+Painter ratio: 1.161054976
 Final SFC+Painter time: 0.000101219

Painter+Knapsack previous efficiency: 0.854598822
Painter+Knapsack ratio: 1.063599967
 Final painter+Knapsack_Combined time: 0.000113211
Run 24
File weights 51 and ranks 51
Original previous efficiency: 0.9239784728
Original efficiency: 0.9217951592
Original ratio: 0.9976370514
Knapsack previous efficiency: 0.880326935
Knapsack ratio: 1.134303402
 Final Knapsack time: 5.0775e-05

Karmarkar-Karp previous efficiency: 0.8835675343
Karmarkar-Karp ratio: 1.129948046
 Final Karmarkar-Karp time: 0.001096142

SFC previous efficiency: 0.7671035384
 Time take to run this function: 3.4e-07
SFC ratio: 1.183652982
 Final SFC time: 4.4633e-05

SFC+Knapsack previous efficiency: 0.8059956414
SFC + Knapsack ratio: 1.137270243
 Final SFC+Knapsack_Combined time: 6.1124e-05

SFC+Painter previous efficiency: 0.7855056418
SFC+painterPartition efficiency: 0.9081485173
SFC+Painter ratio: 1.156132393
 Final SFC+Painter time: 0.000101078

Painter+Knapsack previous efficiency: 0.8525047503
Painter+Knapsack ratio: 1.075225515
 Final painter+Knapsack_Combined time: 0.000114333
Run 25
File weights 51 and ranks 51
Original previous efficiency: 0.9216547024
Original efficiency: 0.9123867164
Original ratio: 0.9899441884
Knapsack previous efficiency: 0.8795411146
Knapsack ratio: 1.13495074
 Final Knapsack time: 4.5765e-05

Karmarkar-Karp previous efficiency: 0.88010995
Karmarkar-Karp ratio: 1.134737634
 Final Karmarkar-Karp time: 0.001121259

SFC previous efficiency: 0.761349102
 Time take to run this function: 3.5e-07
SFC ratio: 1.192287527
 Final SFC time: 4.3842e-05

SFC+Knapsack previous efficiency: 0.7914108512
SFC + Knapsack ratio: 1.158974851
 Final SFC+Knapsack_Combined time: 5.9621e-05

SFC+Painter previous efficiency: 0.7758119353
SFC+painterPartition efficiency: 0.9079139462
SFC+Painter ratio: 1.170275817
 Final SFC+Painter time: 0.000100558

Painter+Knapsack previous efficiency: 0.851210592
Painter+Knapsack ratio: 1.077553877
 Final painter+Knapsack_Combined time: 0.000111388
Run 26
File weights 51 and ranks 51
Original previous efficiency: 0.920117163
Original efficiency: 0.914794111
Original ratio: 0.9942148106
Knapsack previous efficiency: 0.8820813117
Knapsack ratio: 1.131962435
 Final Knapsack time: 4.4713e-05

Karmarkar-Karp previous efficiency: 0.876424105
Karmarkar-Karp ratio: 1.139385215
 Final Karmarkar-Karp time: 0.00127211

SFC previous efficiency: 0.7628319695
 Time take to run this function: 4.1e-07
SFC ratio: 1.189686263
 Final SFC time: 4.5746e-05

SFC+Knapsack previous efficiency: 0.7878882767
SFC + Knapsack ratio: 1.166776359
 Final SFC+Knapsack_Combined time: 6.3468e-05

SFC+Painter previous efficiency: 0.7759359518
SFC+painterPartition efficiency: 0.9076833244
SFC+Painter ratio: 1.169791556
 Final SFC+Painter time: 9.4746e-05

Painter+Knapsack previous efficiency: 0.851850526
Painter+Knapsack ratio: 1.079167515
 Final painter+Knapsack_Combined time: 0.000105927
Run 27
File weights 51 and ranks 51
Original previous efficiency: 0.9276434865
Original efficiency: 0.910023144
Original ratio: 0.9810052647
Knapsack previous efficiency: 0.8858989102
Knapsack ratio: 1.127314105
 Final Knapsack time: 4.4844e-05

Karmarkar-Karp previous efficiency: 0.870093698
Karmarkar-Karp ratio: 1.147531481
 Final Karmarkar-Karp time: 0.001091774

SFC previous efficiency: 0.7696287269
 Time take to run this function: 3.51e-07
SFC ratio: 1.161046567
 Final SFC time: 4.3972e-05

SFC+Knapsack previous efficiency: 0.7931141572
SFC + Knapsack ratio: 1.157861934
 Final SFC+Knapsack_Combined time: 6.0062e-05

SFC+Painter previous efficiency: 0.7694176895
SFC+painterPartition efficiency: 0.907971586
SFC+Painter ratio: 1.180076308
 Final SFC+Painter time: 9.5397e-05

Painter+Knapsack previous efficiency: 0.856471047
Painter+Knapsack ratio: 1.072209849
 Final painter+Knapsack_Combined time: 0.000106017
Run 28
File weights 51 and ranks 51
Original previous efficiency: 0.9204838039
Original efficiency: 0.9987962625
Original ratio: 1.085077498
Knapsack previous efficiency: 0.884684467
Knapsack ratio: 1.129154035
 Final Knapsack time: 4.4132e-05

Karmarkar-Karp previous efficiency: 0.8709651861
Karmarkar-Karp ratio: 1.146812221
 Final Karmarkar-Karp time: 0.001031492

SFC previous efficiency: 0.7870027293
 Time take to run this function: 3.71e-07
SFC ratio: 1.142147351
 Final SFC time: 5.7668e-05

SFC+Knapsack previous efficiency: 0.7962189407
SFC + Knapsack ratio: 1.154268968
 Final SFC+Knapsack_Combined time: 6.0493e-05

SFC+Painter previous efficiency: 0.7746831865
SFC+painterPartition efficiency: 0.9076923963
SFC+Painter ratio: 1.171694974
 Final SFC+Painter time: 0.000106819

Painter+Knapsack previous efficiency: 0.8545413754
Painter+Knapsack ratio: 1.07549013
 Final painter+Knapsack_Combined time: 0.000106859
Run 29
File weights 51 and ranks 51
Original previous efficiency: 0.9128845461
Original efficiency: 0.9878125073
Original ratio: 1.082078245
Knapsack previous efficiency: 0.883462041
Knapsack ratio: 1.130293961
 Final Knapsack time: 4.5195e-05

Karmarkar-Karp previous efficiency: 0.8697666171
Karmarkar-Karp ratio: 1.147980392
 Final Karmarkar-Karp time: 0.001067208

SFC previous efficiency: 0.8023697776
 Time take to run this function: 3.71e-07
SFC ratio: 1.129752834
 Final SFC time: 4.3571e-05

SFC+Knapsack previous efficiency: 0.8057947139
SFC + Knapsack ratio: 1.142301065
 Final SFC+Knapsack_Combined time: 6.0283e-05

SFC+Painter previous efficiency: 0.7884569677
SFC+painterPartition efficiency: 0.9074013503
SFC+Painter ratio: 1.150857165
 Final SFC+Painter time: 9.2713e-05

Painter+Knapsack previous efficiency: 0.8531290387
Painter+Knapsack ratio: 1.078889495
 Final painter+Knapsack_Combined time: 0.000104354
Run 30
File weights 51 and ranks 51
Original previous efficiency: 0.9028248806
Original efficiency: 0.9783063425
Original ratio: 1.083605873
Knapsack previous efficiency: 0.8797590095
Knapsack ratio: 1.13540496
 Final Knapsack time: 4.4233e-05

Karmarkar-Karp previous efficiency: 0.8776143228
Karmarkar-Karp ratio: 1.137983561
 Final Karmarkar-Karp time: 0.001098847

SFC previous efficiency: 0.8165126559
 Time take to run this function: 3.91e-07
SFC ratio: 1.109875981
 Final SFC time: 4.3431e-05

SFC+Knapsack previous efficiency: 0.8038592563
SFC + Knapsack ratio: 1.144861795
 Final SFC+Knapsack_Combined time: 5.9661e-05

SFC+Painter previous efficiency: 0.7865246022
SFC+painterPartition efficiency: 0.9071862156
SFC+Painter ratio: 1.153411111
 Final SFC+Painter time: 0.000107149

Painter+Knapsack previous efficiency: 0.8542544393
Painter+Knapsack ratio: 1.074013842
 Final painter+Knapsack_Combined time: 0.000118341
Run 31
File weights 51 and ranks 51
Original previous efficiency: 0.8955415417
Original efficiency: 0.9738207827
Original ratio: 1.08740995
Knapsack previous efficiency: 0.8729327983
Knapsack ratio: 1.14421239
 Final Knapsack time: 4.4392e-05

Karmarkar-Karp previous efficiency: 0.8759546166
Karmarkar-Karp ratio: 1.140471397
 Final Karmarkar-Karp time: 0.001096443

SFC previous efficiency: 0.821053471
 Time take to run this function: 3.71e-07
SFC ratio: 1.103559222
 Final SFC time: 4.4623e-05

SFC+Knapsack previous efficiency: 0.7982804491
SFC + Knapsack ratio: 1.153194608
 Final SFC+Knapsack_Combined time: 5.9611e-05

SFC+Painter previous efficiency: 0.7896188237
SFC+painterPartition efficiency: 0.9071035158
SFC+Painter ratio: 1.14878659
 Final SFC+Painter time: 0.000100637

Painter+Knapsack previous efficiency: 0.8565122426
Painter+Knapsack ratio: 1.066724357
 Final painter+Knapsack_Combined time: 0.000111889
Run 32
File weights 51 and ranks 51
Original previous efficiency: 0.8881022405
Original efficiency: 0.9519849974
Original ratio: 1.07193176
Knapsack previous efficiency: 0.8623627586
Knapsack ratio: 1.158386014
 Final Knapsack time: 4.3832e-05

Karmarkar-Karp previous efficiency: 0.8722943335
Karmarkar-Karp ratio: 1.14456004
 Final Karmarkar-Karp time: 0.001102665

SFC previous efficiency: 0.8074574583
 Time take to run this function: 3.51e-07
SFC ratio: 1.121922232
 Final SFC time: 4.3951e-05

SFC+Knapsack previous efficiency: 0.8098152579
SFC + Knapsack ratio: 1.120502397
 Final SFC+Knapsack_Combined time: 5.898e-05

SFC+Painter previous efficiency: 0.7680564041
SFC+painterPartition efficiency: 0.9069580258
SFC+Painter ratio: 1.180848205
 Final SFC+Painter time: 0.000104013

Painter+Knapsack previous efficiency: 0.8581020975
Painter+Knapsack ratio: 1.073881937
 Final painter+Knapsack_Combined time: 0.000113992
Run 33
File weights 51 and ranks 51
Original previous efficiency: 0.8782150013
Original efficiency: 0.943857244
Original ratio: 1.074745071
Knapsack previous efficiency: 0.8656697027
Knapsack ratio: 1.153313203
 Final Knapsack time: 4.33e-05

Karmarkar-Karp previous efficiency: 0.8711213422
Karmarkar-Karp ratio: 1.146600664
 Final Karmarkar-Karp time: 0.001118143

SFC previous efficiency: 0.7909830698
 Time take to run this function: 3.5e-07
SFC ratio: 1.141193815
 Final SFC time: 4.309e-05

SFC+Knapsack previous efficiency: 0.8071141825
SFC + Knapsack ratio: 1.124736272
 Final SFC+Knapsack_Combined time: 5.9101e-05

SFC+Painter previous efficiency: 0.7553190438
SFC+painterPartition efficiency: 0.9066096985
SFC+Painter ratio: 1.200300331
 Final SFC+Painter time: 0.000103353

Painter+Knapsack previous efficiency: 0.8502232746
Painter+Knapsack ratio: 1.083380714
 Final painter+Knapsack_Combined time: 0.00010725
Run 34
File weights 51 and ranks 51
Original previous efficiency: 0.8688619304
Original efficiency: 0.9295543323
Original ratio: 1.069852758
Knapsack previous efficiency: 0.8645530899
Knapsack ratio: 1.155229254
 Final Knapsack time: 4.5465e-05

Karmarkar-Karp previous efficiency: 0.8667671419
Karmarkar-Karp ratio: 1.152501752
 Final Karmarkar-Karp time: 0.001085593

SFC previous efficiency: 0.77577201
 Time take to run this function: 3.61e-07
SFC ratio: 1.136927413
 Final SFC time: 4.27e-05

SFC+Knapsack previous efficiency: 0.8019412681
SFC + Knapsack ratio: 1.133340265
 Final SFC+Knapsack_Combined time: 5.912e-05

SFC+Painter previous efficiency: 0.7518879796
SFC+painterPartition efficiency: 0.907582006
SFC+Painter ratio: 1.207070775
 Final SFC+Painter time: 9.2693e-05

Painter+Knapsack previous efficiency: 0.8414960903
Painter+Knapsack ratio: 1.080067204
 Final painter+Knapsack_Combined time: 0.000104354
Run 35
File weights 51 and ranks 51
Original previous efficiency: 0.8558138772
Original efficiency: 0.9254425948
Original ratio: 1.08135965
Knapsack previous efficiency: 0.8589960704
Knapsack ratio: 1.162199065
 Final Knapsack time: 4.5104e-05

Karmarkar-Karp previous efficiency: 0.858219406
Karmarkar-Karp ratio: 1.163174767
 Final Karmarkar-Karp time: 0.00111594

SFC previous efficiency: 0.7636696251
 Time take to run this function: 3.51e-07
SFC ratio: 1.159228794
 Final SFC time: 4.277e-05

SFC+Knapsack previous efficiency: 0.7978476214
SFC + Knapsack ratio: 1.141906239
 Final SFC+Knapsack_Combined time: 5.9191e-05

SFC+Painter previous efficiency: 0.75785057
SFC+painterPartition efficiency: 0.9098332562
SFC+Painter ratio: 1.200544398
 Final SFC+Painter time: 9.2392e-05

Painter+Knapsack previous efficiency: 0.8293718924
Painter+Knapsack ratio: 1.098502595
 Final painter+Knapsack_Combined time: 0.000104345
Run 36
File weights 51 and ranks 51
Original previous efficiency: 0.8458159569
Original efficiency: 0.9149077359
Original ratio: 1.08168654
Knapsack previous efficiency: 0.8576167252
Knapsack ratio: 1.165076594
 Final Knapsack time: 4.3921e-05

Karmarkar-Karp previous efficiency: 0.8504504447
Karmarkar-Karp ratio: 1.174129553
 Final Karmarkar-Karp time: 0.001142849

SFC previous efficiency: 0.7482019963
 Time take to run this function: 3.51e-07
SFC ratio: 1.155049839
 Final SFC time: 4.3231e-05

SFC+Knapsack previous efficiency: 0.7883200304
SFC + Knapsack ratio: 1.149652473
 Final SFC+Knapsack_Combined time: 5.9e-05

SFC+Painter previous efficiency: 0.7627793944
SFC+painterPartition efficiency: 0.9119904363
SFC+Painter ratio: 1.195614935
 Final SFC+Painter time: 9.3485e-05

Painter+Knapsack previous efficiency: 0.8169701982
Painter+Knapsack ratio: 1.094233518
 Final painter+Knapsack_Combined time: 0.000106048
Run 37
File weights 51 and ranks 51
Original previous efficiency: 0.8392845655
Original efficiency: 0.9986926924
Original ratio: 1.189933347
Knapsack previous efficiency: 0.8572810287
Knapsack ratio: 1.164853707
 Final Knapsack time: 4.4122e-05

Karmarkar-Karp previous efficiency: 0.8368650801
Karmarkar-Karp ratio: 1.193493157
 Final Karmarkar-Karp time: 0.001114366

SFC previous efficiency: 0.7435922822
 Time take to run this function: 3.41e-07
SFC ratio: 1.185326797
 Final SFC time: 4.293e-05

SFC+Knapsack previous efficiency: 0.7829548323
SFC + Knapsack ratio: 1.152052447
 Final SFC+Knapsack_Combined time: 6.3137e-05

SFC+Painter previous efficiency: 0.7669032512
SFC+painterPartition efficiency: 0.9180230035
SFC+Painter ratio: 1.197051912
 Final SFC+Painter time: 0.000108242

Painter+Knapsack previous efficiency: 0.8085267634
Painter+Knapsack ratio: 1.106629971
 Final painter+Knapsack_Combined time: 0.000108433
Run 38
File weights 51 and ranks 51
Original previous efficiency: 0.8411521903
Original efficiency: 0.9818583223
Original ratio: 1.167277853
Knapsack previous efficiency: 0.8591307072
Knapsack ratio: 1.162513165
 Final Knapsack time: 4.4824e-05

Karmarkar-Karp previous efficiency: 0.8255952181
Karmarkar-Karp ratio: 1.210026456
 Final Karmarkar-Karp time: 0.001119696

SFC previous efficiency: 0.7426279769
 Time take to run this function: 3.6e-07
SFC ratio: 1.179018941
 Final SFC time: 4.8961e-05

SFC+Knapsack previous efficiency: 0.7832834148
SFC + Knapsack ratio: 1.153440775
 Final SFC+Knapsack_Combined time: 6.0653e-05

SFC+Painter previous efficiency: 0.7672655905
SFC+painterPartition efficiency: 0.9179977875
SFC+Painter ratio: 1.196453743
 Final SFC+Painter time: 0.000104785

Painter+Knapsack previous efficiency: 0.8055521462
Painter+Knapsack ratio: 1.109744809
 Final painter+Knapsack_Combined time: 0.000108272
Run 39
File weights 51 and ranks 51
Original previous efficiency: 0.8434841344
Original efficiency: 0.9691744312
Original ratio: 1.149013232
Knapsack previous efficiency: 0.8507477117
Knapsack ratio: 1.173781306
 Final Knapsack time: 4.4673e-05

Karmarkar-Karp previous efficiency: 0.8062413683
Karmarkar-Karp ratio: 1.239321643
 Final Karmarkar-Karp time: 0.001185629

SFC previous efficiency: 0.7401373794
 Time take to run this function: 3.4e-07
SFC ratio: 1.17653922
 Final SFC time: 4.4623e-05

SFC+Knapsack previous efficiency: 0.7827524338
SFC + Knapsack ratio: 1.154442467
 Final SFC+Knapsack_Combined time: 6.1194e-05

SFC+Painter previous efficiency: 0.7729894755
SFC+painterPartition efficiency: 0.9185830389
SFC+Painter ratio: 1.188351288
 Final SFC+Painter time: 0.000113371

Painter+Knapsack previous efficiency: 0.8019178528
Painter+Knapsack ratio: 1.112373288
 Final painter+Knapsack_Combined time: 0.000142024
Run 40
File weights 51 and ranks 51
Original previous efficiency: 0.8446086397
Original efficiency: 0.9458725383
Original ratio: 1.119894462
Knapsack previous efficiency: 0.8552393293
Knapsack ratio: 1.167263778
 Final Knapsack time: 4.4543e-05

Karmarkar-Karp previous efficiency: 0.7897049236
Karmarkar-Karp ratio: 1.264192338
 Final Karmarkar-Karp time: 0.00117552

SFC previous efficiency: 0.7431441868
 Time take to run this function: 3.71e-07
SFC ratio: 1.215465996
 Final SFC time: 4.4002e-05

SFC+Knapsack previous efficiency: 0.779565563
SFC + Knapsack ratio: 1.160568258
 Final SFC+Knapsack_Combined time: 5.9712e-05

SFC+Painter previous efficiency: 0.7726401328
SFC+painterPartition efficiency: 0.9175855545
SFC+Painter ratio: 1.187597583
 Final SFC+Painter time: 0.000109874

Painter+Knapsack previous efficiency: 0.7960604993
Painter+Knapsack ratio: 1.12415004
 Final painter+Knapsack_Combined time: 0.00013433
Run 41
File weights 51 and ranks 51
Original previous efficiency: 0.8505136325
Original efficiency: 0.9277271583
Original ratio: 1.090784583
Knapsack previous efficiency: 0.8525441228
Knapsack ratio: 1.171353888
 Final Knapsack time: 4.4513e-05

Karmarkar-Karp previous efficiency: 0.777175461
Karmarkar-Karp ratio: 1.28532929
 Final Karmarkar-Karp time: 0.001087847

SFC previous efficiency: 0.7444770048
 Time take to run this function: 3.5e-07
SFC ratio: 1.212746865
 Final SFC time: 4.3632e-05

SFC+Knapsack previous efficiency: 0.7766509069
SFC + Knapsack ratio: 1.165044049
 Final SFC+Knapsack_Combined time: 5.9792e-05

SFC+Painter previous efficiency: 0.7697613573
SFC+painterPartition efficiency: 0.9141026865
SFC+Painter ratio: 1.187514387
 Final SFC+Painter time: 0.00010721

Painter+Knapsack previous efficiency: 0.7910009932
Painter+Knapsack ratio: 1.130270791
 Final painter+Knapsack_Combined time: 0.00011782
Run 42
File weights 51 and ranks 51
Original previous efficiency: 0.8617100507
Original efficiency: 0.9211920556
Original ratio: 1.069027865
Knapsack previous efficiency: 0.8468418985
Knapsack ratio: 1.179175836
 Final Knapsack time: 4.4683e-05

Karmarkar-Karp previous efficiency: 0.7701136851
Karmarkar-Karp ratio: 1.296528159
 Final Karmarkar-Karp time: 0.001176402

SFC previous efficiency: 0.7464339753
 Time take to run this function: 3.7e-07
SFC ratio: 1.161475117
 Final SFC time: 4.3762e-05

SFC+Knapsack previous efficiency: 0.7793611763
SFC + Knapsack ratio: 1.161405214
 Final SFC+Knapsack_Combined time: 6.0803e-05

SFC+Painter previous efficiency: 0.7610988098
SFC+painterPartition efficiency: 0.90381015
SFC+Painter ratio: 1.187506981
 Final SFC+Painter time: 0.000108733

Painter+Knapsack previous efficiency: 0.7905271864
Painter+Knapsack ratio: 1.131228062
 Final painter+Knapsack_Combined time: 0.000119994
Run 43
File weights 51 and ranks 51
Original previous efficiency: 0.8803695055
Original efficiency: 0.9163612726
Original ratio: 1.040882569
Knapsack previous efficiency: 0.841801476
Knapsack ratio: 1.185692829
 Final Knapsack time: 4.4994e-05

Karmarkar-Karp previous efficiency: 0.7666567253
Karmarkar-Karp ratio: 1.303032864
 Final Karmarkar-Karp time: 0.001168316

SFC previous efficiency: 0.7606933225
 Time take to run this function: 3.5e-07
SFC ratio: 1.168908183
 Final SFC time: 4.4753e-05

SFC+Knapsack previous efficiency: 0.7980267372
SFC + Knapsack ratio: 1.134921823
 Final SFC+Knapsack_Combined time: 6.0152e-05

SFC+Painter previous efficiency: 0.7550639925
SFC+painterPartition efficiency: 0.9029441179
SFC+Painter ratio: 1.195851116
 Final SFC+Painter time: 9.7432e-05

Painter+Knapsack previous efficiency: 0.7981941779
Painter+Knapsack ratio: 1.119872739
 Final painter+Knapsack_Combined time: 0.000106178
Run 44
File weights 51 and ranks 51
Original previous efficiency: 0.8818121887
Original efficiency: 0.9097825205
Original ratio: 1.031719149
Knapsack previous efficiency: 0.8397111538
Knapsack ratio: 1.189426128
 Final Knapsack time: 4.5104e-05

Karmarkar-Karp previous efficiency: 0.7622117987
Karmarkar-Karp ratio: 1.310224376
 Final Karmarkar-Karp time: 0.00109465

SFC previous efficiency: 0.7791249138
 Time take to run this function: 3.41e-07
SFC ratio: 1.144774644
 Final SFC time: 4.3401e-05

SFC+Knapsack previous efficiency: 0.8226142767
SFC + Knapsack ratio: 1.10821466
 Final SFC+Knapsack_Combined time: 6.0372e-05

SFC+Painter previous efficiency: 0.7576254748
SFC+painterPartition efficiency: 0.908908031
SFC+Painter ratio: 1.19967987
 Final SFC+Painter time: 9.2623e-05

Painter+Knapsack previous efficiency: 0.8151624348
Painter+Knapsack ratio: 1.092395762
 Final painter+Knapsack_Combined time: 0.000105036
Run 45
File weights 51 and ranks 51
Original previous efficiency: 0.8845326484
Original efficiency: 0.9985826863
Original ratio: 1.128938189
Knapsack previous efficiency: 0.8442749337
Knapsack ratio: 1.182854613
 Final Knapsack time: 4.4533e-05

Karmarkar-Karp previous efficiency: 0.7630118338
Karmarkar-Karp ratio: 1.308802986
 Final Karmarkar-Karp time: 0.001094549

SFC previous efficiency: 0.7873081688
 Time take to run this function: 3.4e-07
SFC ratio: 1.141235957
 Final SFC time: 4.275e-05

SFC+Knapsack previous efficiency: 0.833305688
SFC + Knapsack ratio: 1.083016874
 Final SFC+Knapsack_Combined time: 5.9471e-05

SFC+Painter previous efficiency: 0.7623944947
SFC+painterPartition efficiency: 0.9093272507
SFC+Painter ratio: 1.192725363
 Final SFC+Painter time: 9.3975e-05

Painter+Knapsack previous efficiency: 0.8207990757
Painter+Knapsack ratio: 1.081044956
 Final painter+Knapsack_Combined time: 0.000104104
Run 46
File weights 51 and ranks 51
Original previous efficiency: 0.8854229646
Original efficiency: 0.9902013701
Original ratio: 1.118337122
Knapsack previous efficiency: 0.8529831725
Knapsack ratio: 1.171040874
 Final Knapsack time: 4.5124e-05

Karmarkar-Karp previous efficiency: 0.7766883631
Karmarkar-Karp ratio: 1.285327898
 Final Karmarkar-Karp time: 0.001173196

SFC previous efficiency: 0.7913284864
 Time take to run this function: 3.71e-07
SFC ratio: 1.080604826
 Final SFC time: 4.3361e-05

SFC+Knapsack previous efficiency: 0.8358369447
SFC + Knapsack ratio: 1.135467675
 Final SFC+Knapsack_Combined time: 6.0412e-05

SFC+Painter previous efficiency: 0.7707138551
SFC+painterPartition efficiency: 0.9097282933
SFC+Painter ratio: 1.180371012
 Final SFC+Painter time: 9.4396e-05

Painter+Knapsack previous efficiency: 0.8258788792
Painter+Knapsack ratio: 1.071941734
 Final painter+Knapsack_Combined time: 0.000106829
Run 47
File weights 51 and ranks 51
Original previous efficiency: 0.8882671867
Original efficiency: 0.9692987045
Original ratio: 1.091224261
Knapsack previous efficiency: 0.8583153593
Knapsack ratio: 1.163499412
 Final Knapsack time: 4.4734e-05

Karmarkar-Karp previous efficiency: 0.8034307967
Karmarkar-Karp ratio: 1.243316807
 Final Karmarkar-Karp time: 0.001067689

SFC previous efficiency: 0.7982398125
 Time take to run this function: 3.71e-07
SFC ratio: 1.15010101
 Final SFC time: 4.301e-05

SFC+Knapsack previous efficiency: 0.8358042674
SFC + Knapsack ratio: 1.146276786
 Final SFC+Knapsack_Combined time: 5.8489e-05

SFC+Painter previous efficiency: 0.7851584083
SFC+painterPartition efficiency: 0.9238622198
SFC+Painter ratio: 1.176657105
 Final SFC+Painter time: 0.00010704

Painter+Knapsack previous efficiency: 0.8373278603
Painter+Knapsack ratio: 1.124547159
 Final painter+Knapsack_Combined time: 0.000118481
Run 48
File weights 51 and ranks 51
Original previous efficiency: 0.8773185396
Original efficiency: 0.9620037324
Original ratio: 1.096527303
Knapsack previous efficiency: 0.865097647
Knapsack ratio: 1.154530267
 Final Knapsack time: 4.5374e-05

Karmarkar-Karp previous efficiency: 0.8267977806
Karmarkar-Karp ratio: 1.208057277
 Final Karmarkar-Karp time: 0.001059915

SFC previous efficiency: 0.7966692005
 Time take to run this function: 3.8e-07
SFC ratio: 1.151160266
 Final SFC time: 4.323e-05

SFC+Knapsack previous efficiency: 0.8306106789
SFC + Knapsack ratio: 1.149571347
 Final SFC+Knapsack_Combined time: 5.9501e-05

SFC+Painter previous efficiency: 0.7931534876
SFC+painterPartition efficiency: 0.9347062684
SFC+Painter ratio: 1.178468333
 Final SFC+Painter time: 9.9095e-05

Painter+Knapsack previous efficiency: 0.8552562822
Painter+Knapsack ratio: 1.095060269
 Final painter+Knapsack_Combined time: 0.000104184
Run 49
File weights 51 and ranks 51
Original previous efficiency: 0.8660818578
Original efficiency: 0.9568144961
Original ratio: 1.104762197
Knapsack previous efficiency: 0.8894483849
Knapsack ratio: 1.12287105
 Final Knapsack time: 4.3081e-05

Karmarkar-Karp previous efficiency: 0.8595146738
Karmarkar-Karp ratio: 1.16266455
 Final Karmarkar-Karp time: 0.001048734

SFC previous efficiency: 0.7802104791
 Time take to run this function: 3.7e-07
SFC ratio: 1.173079586
 Final SFC time: 4.291e-05

SFC+Knapsack previous efficiency: 0.8249716009
SFC + Knapsack ratio: 1.150831741
 Final SFC+Knapsack_Combined time: 5.9441e-05

SFC+Painter previous efficiency: 0.7939042587
SFC+painterPartition efficiency: 0.9303771751
SFC+Painter ratio: 1.171900975
 Final SFC+Painter time: 9.3785e-05

Painter+Knapsack previous efficiency: 0.8693481901
Painter+Knapsack ratio: 1.014961787
 Final painter+Knapsack_Combined time: 0.000106007
Run 50
File weights 51 and ranks 51
Original previous efficiency: 0.8577245469
Original efficiency: 0.949495047
Original ratio: 1.106992974
Knapsack previous efficiency: 0.8949864396
Knapsack ratio: 1.115385178
 Final Knapsack time: 4.4253e-05

Karmarkar-Karp previous efficiency: 0.8725557772
Karmarkar-Karp ratio: 1.144034119
 Final Karmarkar-Karp time: 0.001096553

SFC previous efficiency: 0.7700386521
 Time take to run this function: 3.4e-07
SFC ratio: 1.187337937
 Final SFC time: 4.2439e-05

SFC+Knapsack previous efficiency: 0.8214959399
SFC + Knapsack ratio: 1.149780802
 Final SFC+Knapsack_Combined time: 5.9391e-05

SFC+Painter previous efficiency: 0.7816666109
SFC+painterPartition efficiency: 0.9280148342
SFC+Painter ratio: 1.187225885
 Final SFC+Painter time: 9.128e-05

Painter+Knapsack previous efficiency: 0.8629843966
Painter+Knapsack ratio: 1.018999343
 Final painter+Knapsack_Combined time: 0.00010738


TinyProfiler total time across processes [min...avg...max]: 0.2221 ... 0.2221 ... 0.2221

-------------------------------------------------------------------------------------
Name                                  NCalls  Excl. Min  Excl. Avg  Excl. Max   Max %
-------------------------------------------------------------------------------------
kk()                                      51    0.05645    0.05645    0.05645  25.42%
painterPartition()                       102   0.008787   0.008787   0.008787   3.96%
knapsack()                               663   0.003587   0.003587   0.003587   1.62%
SFCProcessorMapDoIt()                     51   0.001692   0.001692   0.001692   0.76%
SFCProcessorMapDoItCombined()             51   0.001576   0.001576   0.001576   0.71%
SFCProcessorMapDoItCombinedPainter()      51  0.0006047  0.0006047  0.0006047   0.27%
KKDoIt()                                  51  0.0004439  0.0004439  0.0004439   0.20%
Distribute()                             102  0.0004047  0.0004047  0.0004047   0.18%
KnapSackDoIt()                            51  0.0002574  0.0002574  0.0002574   0.12%
knapsack()swap                            35  7.966e-06  7.966e-06  7.966e-06   0.00%
-------------------------------------------------------------------------------------

-------------------------------------------------------------------------------------
Name                                  NCalls  Incl. Min  Incl. Avg  Incl. Max   Max %
-------------------------------------------------------------------------------------
KKDoIt()                                  51    0.05689    0.05689    0.05689  25.62%
kk()                                      51    0.05645    0.05645    0.05645  25.42%
painterPartition()                       102   0.008787   0.008787   0.008787   3.96%
SFCProcessorMapDoItCombinedPainter()      51     0.0054     0.0054     0.0054   2.43%
knapsack()                               663   0.003595   0.003595   0.003595   1.62%
SFCProcessorMapDoItCombined()             51   0.002748   0.002748   0.002748   1.24%
SFCProcessorMapDoIt()                     51   0.001931   0.001931   0.001931   0.87%
KnapSackDoIt()                            51   0.001912   0.001912   0.001912   0.86%
Distribute()                             102  0.0004047  0.0004047  0.0004047   0.18%
knapsack()swap                            35  7.966e-06  7.966e-06  7.966e-06   0.00%
-------------------------------------------------------------------------------------

Pinned Memory Usage:
----------------------------------------------------------------
Name                            Nalloc  Nfree   AvgMem    MaxMem
----------------------------------------------------------------
The_Pinned_Arena::Initialize()       1      1  109 KiB  8192 KiB
----------------------------------------------------------------

AMReX (25.06-22-g1d307c2c661a) finalized
