Initializing AMReX (25.06-22-g1d307c2c661a)...
OMP initialized with 256 OMP threads
AMReX (25.06-22-g1d307c2c661a) initialized
Starting running input_laser_ion running with 12 nodes and 4 ranks per node.
Total steps: 5000, intervals: 100 = 50 runs
Reading precomputed weights and ranks from file: /global/homes/j/jessd/lb_extractor/lb_inputs/imp_30/laser_ion_8_boxes_48_ranks_30_lb_data.txt
/global/homes/j/jessd/lb_extractor/lb_inputs/imp_30/laser_ion_8_boxes_48_ranks_30_lb_data.txt
Run 0: Weights size: 435
Run 1: Weights size: 435
Run 2: Weights size: 435
Run 3: Weights size: 435
Run 4: Weights size: 435
Run 5: Weights size: 435
Run 6: Weights size: 435
Run 7: Weights size: 435
Run 8: Weights size: 435
Run 9: Weights size: 435
Run 10: Weights size: 435
Run 11: Weights size: 435
Run 12: Weights size: 435
Run 13: Weights size: 435
Run 14: Weights size: 435
Run 15: Weights size: 435
Run 16: Weights size: 435
Run 17: Weights size: 435
Run 18: Weights size: 435
Run 19: Weights size: 435
Run 20: Weights size: 435
Run 21: Weights size: 435
Run 22: Weights size: 435
Run 23: Weights size: 435
Run 24: Weights size: 435
Run 25: Weights size: 435
Run 26: Weights size: 435
Run 27: Weights size: 435
Run 28: Weights size: 435
Run 29: Weights size: 435
Run 30: Weights size: 435
Run 31: Weights size: 435
Run 32: Weights size: 435
Run 33: Weights size: 435
Run 34: Weights size: 435
Run 35: Weights size: 435
Run 36: Weights size: 435
Run 37: Weights size: 435
Run 38: Weights size: 435
Run 39: Weights size: 435
Run 40: Weights size: 435
Run 41: Weights size: 435
Run 42: Weights size: 435
Run 43: Weights size: 435
Run 44: Weights size: 435
Run 45: Weights size: 435
Run 46: Weights size: 435
Run 47: Weights size: 435
Run 48: Weights size: 435
Run 49: Weights size: 435
Run 50: Weights size: 435
Run 0
File weights 51 and ranks 51
Original efficiency: 0.3065989157
Original ratio: inf
Knapsack ratio: inf
 Final Knapsack time: 6.7946e-05

Karmarkar-Karp ratio: inf
 Final Karmarkar-Karp time: 0.003652685

 Time take to run this function: 4.41e-07
SFC ratio: inf
 Final SFC time: 6.4059e-05

SFC + Knapsack ratio: inf
 Final SFC+Knapsack_Combined time: 8.2885e-05

SFC+painterPartition efficiency: 0.9013306071
SFC+Painter ratio: inf
 Final SFC+Painter time: 0.000135533

Painter+Knapsack ratio: inf
 Final painter+Knapsack_Combined time: 0.000126626
Run 1
File weights 51 and ranks 51
Original previous efficiency: 0.3065995928
Original efficiency: 0.9376162197
Original ratio: 3.058113062
Knapsack previous efficiency: 0.9596122642
Knapsack ratio: 1.000169114
 Final Knapsack time: 5.1546e-05

Karmarkar-Karp previous efficiency: 0.9597105313
Karmarkar-Karp ratio: 1.000082936
 Final Karmarkar-Karp time: 0.003282896

SFC previous efficiency: 0.7884187156
 Time take to run this function: 3.41e-07
SFC ratio: 1
 Final SFC time: 5.1716e-05

SFC+Knapsack previous efficiency: 0.788577363
SFC + Knapsack ratio: 0.9999366638
 Final SFC+Knapsack_Combined time: 7.0912e-05

SFC+Painter previous efficiency: 0.9011868045
SFC+painterPartition efficiency: 0.9015271048
SFC+Painter ratio: 1.000377614
 Final SFC+Painter time: 0.000122278

Painter+Knapsack previous efficiency: 0.9013429782
Painter+Knapsack ratio: 0.9999676885
 Final painter+Knapsack_Combined time: 0.000149949
Run 2
File weights 51 and ranks 51
Original previous efficiency: 0.9343373585
Original efficiency: 0.9343373585
Original ratio: 1
Knapsack previous efficiency: 0.953041727
Knapsack ratio: 1.006687245
 Final Knapsack time: 5.1927e-05

Karmarkar-Karp previous efficiency: 0.9546676908
Karmarkar-Karp ratio: 1.005154514
 Final Karmarkar-Karp time: 0.003235418

SFC previous efficiency: 0.7884326853
 Time take to run this function: 4.21e-07
SFC ratio: 1
 Final SFC time: 5.1647e-05

SFC+Knapsack previous efficiency: 0.788681056
SFC + Knapsack ratio: 0.9999013164
 Final SFC+Knapsack_Combined time: 7.1663e-05

SFC+Painter previous efficiency: 0.900017066
SFC+painterPartition efficiency: 0.9074965569
SFC+Painter ratio: 1.008310388
 Final SFC+Painter time: 0.000133399

Painter+Knapsack previous efficiency: 0.9023513434
Painter+Knapsack ratio: 1.001467942
 Final painter+Knapsack_Combined time: 0.000124482
Run 3
File weights 51 and ranks 51
Original previous efficiency: 0.9321602043
Original efficiency: 0.9321602043
Original ratio: 1
Knapsack previous efficiency: 0.9521234087
Knapsack ratio: 1.006345902
 Final Knapsack time: 5.1125e-05

Karmarkar-Karp previous efficiency: 0.9522946795
Karmarkar-Karp ratio: 1.006440185
 Final Karmarkar-Karp time: 0.003352396

SFC previous efficiency: 0.7884366576
 Time take to run this function: 3.61e-07
SFC ratio: 1
 Final SFC time: 4.852e-05

SFC+Knapsack previous efficiency: 0.7887568885
SFC + Knapsack ratio: 0.9998835681
 Final SFC+Knapsack_Combined time: 6.9159e-05

SFC+Painter previous efficiency: 0.8973820511
SFC+painterPartition efficiency: 0.9076602932
SFC+Painter ratio: 1.011453586
 Final SFC+Painter time: 0.000107259

Painter+Knapsack previous efficiency: 0.9048142373
Painter+Knapsack ratio: 1.001077445
 Final painter+Knapsack_Combined time: 0.000121777
Run 4
File weights 51 and ranks 51
Original previous efficiency: 0.9330114007
Original efficiency: 0.9330114007
Original ratio: 1
Knapsack previous efficiency: 0.9512289909
Knapsack ratio: 1.005901245
 Final Knapsack time: 5.0073e-05

Karmarkar-Karp previous efficiency: 0.950643589
Karmarkar-Karp ratio: 1.006991427
 Final Karmarkar-Karp time: 0.00331702

SFC previous efficiency: 0.7884322645
 Time take to run this function: 3.4e-07
SFC ratio: 1
 Final SFC time: 4.9031e-05

SFC+Knapsack previous efficiency: 0.788809004
SFC + Knapsack ratio: 0.9998679529
 Final SFC+Knapsack_Combined time: 0.000184814

SFC+Painter previous efficiency: 0.8932864429
SFC+painterPartition efficiency: 0.9080443526
SFC+Painter ratio: 1.016520915
 Final SFC+Painter time: 0.000149528

Painter+Knapsack previous efficiency: 0.9020615347
Painter+Knapsack ratio: 1.002955694
 Final painter+Knapsack_Combined time: 0.000265805
Run 5
File weights 51 and ranks 51
Original previous efficiency: 0.9321939077
Original efficiency: 0.9321939077
Original ratio: 1
Knapsack previous efficiency: 0.9496874801
Knapsack ratio: 1.006962575
 Final Knapsack time: 4.9983e-05

Karmarkar-Karp previous efficiency: 0.9487707484
Karmarkar-Karp ratio: 1.008866538
 Final Karmarkar-Karp time: 0.003293216

SFC previous efficiency: 0.7884260683
 Time take to run this function: 3.7e-07
SFC ratio: 1
 Final SFC time: 4.9352e-05

SFC+Knapsack previous efficiency: 0.7888538517
SFC + Knapsack ratio: 0.9998614061
 Final SFC+Knapsack_Combined time: 6.9659e-05

SFC+Painter previous efficiency: 0.8871962156
SFC+painterPartition efficiency: 0.9124419381
SFC+Painter ratio: 1.028455625
 Final SFC+Painter time: 0.00010233

Painter+Knapsack previous efficiency: 0.8978453832
Painter+Knapsack ratio: 1.00624595
 Final painter+Knapsack_Combined time: 0.000122779
Run 6
File weights 51 and ranks 51
Original previous efficiency: 0.9300039056
Original efficiency: 0.9300039056
Original ratio: 1
Knapsack previous efficiency: 0.9478492877
Knapsack ratio: 1.008645376
 Final Knapsack time: 5.0354e-05

Karmarkar-Karp previous efficiency: 0.9469507858
Karmarkar-Karp ratio: 1.010971586
 Final Karmarkar-Karp time: 0.003380338

SFC previous efficiency: 0.788413025
 Time take to run this function: 3.81e-07
SFC ratio: 1
 Final SFC time: 4.8059e-05

SFC+Knapsack previous efficiency: 0.7888806938
SFC + Knapsack ratio: 0.9998564628
 Final SFC+Knapsack_Combined time: 0.000119012

SFC+Painter previous efficiency: 0.8782901384
SFC+painterPartition efficiency: 0.9163780989
SFC+Painter ratio: 1.043366035
 Final SFC+Painter time: 0.000246039

Painter+Knapsack previous efficiency: 0.8926185154
Painter+Knapsack ratio: 1.010857933
 Final painter+Knapsack_Combined time: 0.000153105
Run 7
File weights 51 and ranks 51
Original previous efficiency: 0.9263989015
Original efficiency: 0.9263989015
Original ratio: 1
Knapsack previous efficiency: 0.9441210372
Knapsack ratio: 1.012364405
 Final Knapsack time: 5.0945e-05

Karmarkar-Karp previous efficiency: 0.9443828197
Karmarkar-Karp ratio: 1.015618494
 Final Karmarkar-Karp time: 0.003286232

SFC previous efficiency: 0.7883998485
 Time take to run this function: 3.8e-07
SFC ratio: 1
 Final SFC time: 4.9172e-05

SFC+Knapsack previous efficiency: 0.7889107746
SFC + Knapsack ratio: 0.9998479165
 Final SFC+Knapsack_Combined time: 7.0631e-05

SFC+Painter previous efficiency: 0.8677282955
SFC+painterPartition efficiency: 0.9192654581
SFC+Painter ratio: 1.059393203
 Final SFC+Painter time: 9.9706e-05

Painter+Knapsack previous efficiency: 0.8880477588
Painter+Knapsack ratio: 1.012420806
 Final painter+Knapsack_Combined time: 0.000122899
Run 8
File weights 51 and ranks 51
Original previous efficiency: 0.9234174139
Original efficiency: 0.9234174139
Original ratio: 1
Knapsack previous efficiency: 0.9410134973
Knapsack ratio: 1.013335556
 Final Knapsack time: 5.1205e-05

Karmarkar-Karp previous efficiency: 0.9409207999
Karmarkar-Karp ratio: 1.019770367
 Final Karmarkar-Karp time: 0.003237622

SFC previous efficiency: 0.7883935202
 Time take to run this function: 3.71e-07
SFC ratio: 1
 Final SFC time: 4.8441e-05

SFC+Knapsack previous efficiency: 0.7889344566
SFC + Knapsack ratio: 0.9998416373
 Final SFC+Knapsack_Combined time: 6.8057e-05

SFC+Painter previous efficiency: 0.8595683873
SFC+painterPartition efficiency: 0.9195840375
SFC+Painter ratio: 1.069820681
 Final SFC+Painter time: 0.000108061

Painter+Knapsack previous efficiency: 0.8844147862
Painter+Knapsack ratio: 1.0117361
 Final painter+Knapsack_Combined time: 0.000119693
Run 9
File weights 51 and ranks 51
Original previous efficiency: 0.9225418611
Original efficiency: 0.9225418611
Original ratio: 1
Knapsack previous efficiency: 0.9367858872
Knapsack ratio: 1.014136205
 Final Knapsack time: 5.1085e-05

Karmarkar-Karp previous efficiency: 0.9346489
Karmarkar-Karp ratio: 1.025425867
 Final Karmarkar-Karp time: 0.003656662

SFC previous efficiency: 0.7883255212
 Time take to run this function: 3.81e-07
SFC ratio: 1
 Final SFC time: 4.9221e-05

SFC+Knapsack previous efficiency: 0.7889598648
SFC + Knapsack ratio: 0.9998390913
 Final SFC+Knapsack_Combined time: 6.955e-05

SFC+Painter previous efficiency: 0.8557432839
SFC+painterPartition efficiency: 0.9161350317
SFC+Painter ratio: 1.070572272
 Final SFC+Painter time: 0.000101239

Painter+Knapsack previous efficiency: 0.8806455095
Painter+Knapsack ratio: 1.011509902
 Final painter+Knapsack_Combined time: 0.000120936
Run 10
File weights 51 and ranks 51
Original previous efficiency: 0.9129360761
Original efficiency: 0.9129360761
Original ratio: 1
Knapsack previous efficiency: 0.9282145756
Knapsack ratio: 1.02069373
 Final Knapsack time: 5.0454e-05

Karmarkar-Karp previous efficiency: 0.9322461103
Karmarkar-Karp ratio: 1.029464047
 Final Karmarkar-Karp time: 0.003892913

SFC previous efficiency: 0.7880324662
 Time take to run this function: 3.91e-07
SFC ratio: 1
 Final SFC time: 5.0925e-05

SFC+Knapsack previous efficiency: 0.7889637958
SFC + Knapsack ratio: 0.9998337477
 Final SFC+Knapsack_Combined time: 7.0351e-05

SFC+Painter previous efficiency: 0.8610561061
SFC+painterPartition efficiency: 0.9027325115
SFC+Painter ratio: 1.048401498
 Final SFC+Painter time: 0.000101048

Painter+Knapsack previous efficiency: 0.8775395486
Painter+Knapsack ratio: 0.898914049
 Final painter+Knapsack_Combined time: 0.000123851
Run 11
File weights 51 and ranks 51
Original previous efficiency: 0.875966326
Original efficiency: 0.875966326
Original ratio: 1
Knapsack previous efficiency: 0.8861424813
Knapsack ratio: 1.082015843
 Final Knapsack time: 5.2357e-05

Karmarkar-Karp previous efficiency: 0.8951206293
Karmarkar-Karp ratio: 1.071434223
 Final Karmarkar-Karp time: 0.003546086

SFC previous efficiency: 0.7870994687
 Time take to run this function: 3.71e-07
SFC ratio: 1
 Final SFC time: 4.842e-05

SFC+Knapsack previous efficiency: 0.7884223095
SFC + Knapsack ratio: 0.9998289345
 Final SFC+Knapsack_Combined time: 6.8718e-05

SFC+Painter previous efficiency: 0.7982123268
SFC+painterPartition efficiency: 0.8788804994
SFC+Painter ratio: 1.101061046
 Final SFC+Painter time: 0.000108361

Painter+Knapsack previous efficiency: 0.8513985086
Painter+Knapsack ratio: 1.053994712
 Final painter+Knapsack_Combined time: 0.000121827
Run 12
File weights 51 and ranks 51
Original previous efficiency: 0.8623886794
Original efficiency: 0.8623886794
Original ratio: 1
Knapsack previous efficiency: 0.8697080373
Knapsack ratio: 1.102151351
 Final Knapsack time: 5.1786e-05

Karmarkar-Karp previous efficiency: 0.8792719581
Karmarkar-Karp ratio: 1.090613287
 Final Karmarkar-Karp time: 0.003772177

SFC previous efficiency: 0.7738980022
 Time take to run this function: 3.5e-07
SFC ratio: 1.01716181
 Final SFC time: 4.9292e-05

SFC+Knapsack previous efficiency: 0.7882408271
SFC + Knapsack ratio: 0.9998266574
 Final SFC+Knapsack_Combined time: 7.0101e-05

SFC+Painter previous efficiency: 0.7738980022
SFC+painterPartition efficiency: 0.8791794402
SFC+Painter ratio: 1.136040457
 Final SFC+Painter time: 0.000101248

Painter+Knapsack previous efficiency: 0.8361613475
Painter+Knapsack ratio: 0.9425264559
 Final painter+Knapsack_Combined time: 0.000122648
Run 13
File weights 51 and ranks 51
Original previous efficiency: 0.8603981861
Original efficiency: 0.9467535074
Original ratio: 1.100366694
Knapsack previous efficiency: 0.867612608
Knapsack ratio: 1.104630777
 Final Knapsack time: 5.2137e-05

Karmarkar-Karp previous efficiency: 0.8773832772
Karmarkar-Karp ratio: 1.092790415
 Final Karmarkar-Karp time: 0.003642717

SFC previous efficiency: 0.7700743282
 Time take to run this function: 3.6e-07
SFC ratio: 1.022614751
 Final SFC time: 4.9923e-05

SFC+Knapsack previous efficiency: 0.7861886505
SFC + Knapsack ratio: 1.002341408
 Final SFC+Knapsack_Combined time: 7.0041e-05

SFC+Painter previous efficiency: 0.7700743282
SFC+painterPartition efficiency: 0.8903009698
SFC+Painter ratio: 1.156123425
 Final SFC+Painter time: 9.9044e-05

Painter+Knapsack previous efficiency: 0.8341673451
Painter+Knapsack ratio: 0.9446898681
 Final painter+Knapsack_Combined time: 0.000122879
Run 14
File weights 51 and ranks 51
Original previous efficiency: 0.8620225404
Original efficiency: 0.9465629378
Original ratio: 1.098072143
Knapsack previous efficiency: 0.8690541058
Knapsack ratio: 1.102516387
 Final Knapsack time: 5.1957e-05

Karmarkar-Karp previous efficiency: 0.8791887404
Karmarkar-Karp ratio: 1.090968622
 Final Karmarkar-Karp time: 0.00364993

SFC previous efficiency: 0.77186836
 Time take to run this function: 3.81e-07
SFC ratio: 1.019972552
 Final SFC time: 4.9362e-05

SFC+Knapsack previous efficiency: 0.787345461
SFC + Knapsack ratio: 1.000658069
 Final SFC+Knapsack_Combined time: 7.002e-05

SFC+Painter previous efficiency: 0.77186836
SFC+painterPartition efficiency: 0.8927604215
SFC+Painter ratio: 1.156622642
 Final SFC+Painter time: 0.000144178

Painter+Knapsack previous efficiency: 0.8354688729
Painter+Knapsack ratio: 0.9430196791
 Final painter+Knapsack_Combined time: 0.000121206
Run 15
File weights 51 and ranks 51
Original previous efficiency: 0.8628220746
Original efficiency: 0.9372361798
Original ratio: 1.086245018
Knapsack previous efficiency: 0.8712268924
Knapsack ratio: 1.096399291
 Final Knapsack time: 5.1326e-05

Karmarkar-Karp previous efficiency: 0.8811384087
Karmarkar-Karp ratio: 1.08510954
 Final Karmarkar-Karp time: 0.003422486

SFC previous efficiency: 0.7748882574
 Time take to run this function: 3.31e-07
SFC ratio: 1.005871939
 Final SFC time: 4.826e-05

SFC+Knapsack previous efficiency: 0.7856338009
SFC + Knapsack ratio: 0.9998377038
 Final SFC+Knapsack_Combined time: 6.8748e-05

SFC+Painter previous efficiency: 0.7771458796
SFC+painterPartition efficiency: 0.8962979376
SFC+Painter ratio: 1.153320067
 Final SFC+Painter time: 0.000110746

Painter+Knapsack previous efficiency: 0.8373368142
Painter+Knapsack ratio: 0.9381007525
 Final painter+Knapsack_Combined time: 0.000121215
Run 16
File weights 51 and ranks 51
Original previous efficiency: 0.8142306426
Original efficiency: 0.9404604131
Original ratio: 1.155029501
Knapsack previous efficiency: 0.8287608729
Knapsack ratio: 1.148618759
 Final Knapsack time: 5.1607e-05

Karmarkar-Karp previous efficiency: 0.8309263722
Karmarkar-Karp ratio: 1.147529193
 Final Karmarkar-Karp time: 0.003463002

SFC previous efficiency: 0.708257748
 Time take to run this function: 3.8e-07
SFC ratio: 1.09319762
 Final SFC time: 4.853e-05

SFC+Knapsack previous efficiency: 0.7247891587
SFC + Knapsack ratio: 1.080069419
 Final SFC+Knapsack_Combined time: 6.8458e-05

SFC+Painter previous efficiency: 0.7111141992
SFC+painterPartition efficiency: 0.8875123008
SFC+Painter ratio: 1.248058753
 Final SFC+Painter time: 0.000105777

Painter+Knapsack previous efficiency: 0.7978921187
Painter+Knapsack ratio: 1.143280658
 Final painter+Knapsack_Combined time: 0.000115536
Run 17
File weights 51 and ranks 51
Original previous efficiency: 0.8143110042
Original efficiency: 0.9397124614
Original ratio: 1.153997007
Knapsack previous efficiency: 0.8295102386
Knapsack ratio: 1.146662617
 Final Knapsack time: 5.1345e-05

Karmarkar-Karp previous efficiency: 0.8310789443
Karmarkar-Karp ratio: 1.146496052
 Final Karmarkar-Karp time: 0.003464745

SFC previous efficiency: 0.6939052484
 Time take to run this function: 4.01e-07
SFC ratio: 1.126314217
 Final SFC time: 4.9232e-05

SFC+Knapsack previous efficiency: 0.7155142629
SFC + Knapsack ratio: 1.093260632
 Final SFC+Knapsack_Combined time: 6.941e-05

SFC+Painter previous efficiency: 0.7116870864
SFC+painterPartition efficiency: 0.8728152053
SFC+Painter ratio: 1.226403039
 Final SFC+Painter time: 0.000107901

Painter+Knapsack previous efficiency: 0.7809074881
Painter+Knapsack ratio: 1.167210956
 Final painter+Knapsack_Combined time: 0.000124212
Run 18
File weights 51 and ranks 51
Original previous efficiency: 0.8177097264
Original efficiency: 0.9392576834
Original ratio: 1.148644382
Knapsack previous efficiency: 0.8320706661
Knapsack ratio: 1.142581992
 Final Knapsack time: 5.1786e-05

Karmarkar-Karp previous efficiency: 0.8353715345
Karmarkar-Karp ratio: 1.140505568
 Final Karmarkar-Karp time: 0.003828162

SFC previous efficiency: 0.6979361311
 Time take to run this function: 3.8e-07
SFC ratio: 1.127022508
 Final SFC time: 5.0244e-05

SFC+Knapsack previous efficiency: 0.7178306546
SFC + Knapsack ratio: 1.269169557
 Final SFC+Knapsack_Combined time: 7.0682e-05

SFC+Painter previous efficiency: 0.715038724
SFC+painterPartition efficiency: 0.8784133094
SFC+Painter ratio: 1.228483549
 Final SFC+Painter time: 0.000111758

Painter+Knapsack previous efficiency: 0.7831695717
Painter+Knapsack ratio: 1.163270842
 Final painter+Knapsack_Combined time: 0.000121306
Run 19
File weights 51 and ranks 51
Original previous efficiency: 0.8203662729
Original efficiency: 0.9388487776
Original ratio: 1.144426348
Knapsack previous efficiency: 0.8381776891
Knapsack ratio: 1.133706544
 Final Knapsack time: 5.338e-05

Karmarkar-Karp previous efficiency: 0.8113546101
Karmarkar-Karp ratio: 1.174572479
 Final Karmarkar-Karp time: 0.003478881

SFC previous efficiency: 0.7111908844
 Time take to run this function: 3.71e-07
SFC ratio: 1.098687709
 Final SFC time: 4.8651e-05

SFC+Knapsack previous efficiency: 0.7570348062
SFC + Knapsack ratio: 1.119457561
 Final SFC+Knapsack_Combined time: 6.8768e-05

SFC+Painter previous efficiency: 0.7245842096
SFC+painterPartition efficiency: 0.8621459239
SFC+Painter ratio: 1.189849175
 Final SFC+Painter time: 0.000108622

Painter+Knapsack previous efficiency: 0.7814973711
Painter+Knapsack ratio: 1.158729881
 Final painter+Knapsack_Combined time: 0.000122187
Run 20
File weights 51 and ranks 51
Original previous efficiency: 0.8227099314
Original efficiency: 0.9180258484
Original ratio: 1.115856043
Knapsack previous efficiency: 0.8473611194
Knapsack ratio: 1.121064146
 Final Knapsack time: 0.000148527

Karmarkar-Karp previous efficiency: 0.8185924005
Karmarkar-Karp ratio: 1.164816012
 Final Karmarkar-Karp time: 0.003675928

SFC previous efficiency: 0.73463529
 Time take to run this function: 1.312e-06
SFC ratio: 1.084808075
 Final SFC time: 0.000217866

SFC+Knapsack previous efficiency: 0.7815280264
SFC + Knapsack ratio: 1.117599438
 Final SFC+Knapsack_Combined time: 7.2284e-05

SFC+Painter previous efficiency: 0.7317705842
SFC+painterPartition efficiency: 0.8618938178
SFC+Painter ratio: 1.177819711
 Final SFC+Painter time: 0.000110195

Painter+Knapsack previous efficiency: 0.7878776992
Painter+Knapsack ratio: 1.13427515
 Final painter+Knapsack_Combined time: 0.000126145
Run 21
File weights 51 and ranks 51
Original previous efficiency: 0.8244414788
Original efficiency: 0.8970904256
Original ratio: 1.088118986
Knapsack previous efficiency: 0.8555152895
Knapsack ratio: 1.109260863
 Final Knapsack time: 5.345e-05

Karmarkar-Karp previous efficiency: 0.8214317177
Karmarkar-Karp ratio: 1.162495193
 Final Karmarkar-Karp time: 0.003453534

SFC previous efficiency: 0.7516707558
 Time take to run this function: 3.8e-07
SFC ratio: 1.06172822
 Final SFC time: 4.9763e-05

SFC+Knapsack previous efficiency: 0.7807825421
SFC + Knapsack ratio: 1.119948472
 Final SFC+Knapsack_Combined time: 7.0521e-05

SFC+Painter previous efficiency: 0.7404523043
SFC+painterPartition efficiency: 0.8625453934
SFC+Painter ratio: 1.164889877
 Final SFC+Painter time: 0.000164407

Painter+Knapsack previous efficiency: 0.7890838748
Painter+Knapsack ratio: 1.142500424
 Final painter+Knapsack_Combined time: 0.000179986
Run 22
File weights 51 and ranks 51
Original previous efficiency: 0.8203677297
Original efficiency: 0.88706696
Original ratio: 1.081304064
Knapsack previous efficiency: 0.849600935
Knapsack ratio: 1.116078765
 Final Knapsack time: 5.2858e-05

Karmarkar-Karp previous efficiency: 0.8221005054
Karmarkar-Karp ratio: 1.158168834
 Final Karmarkar-Karp time: 0.003443746

SFC previous efficiency: 0.7494208517
 Time take to run this function: 3.9e-07
SFC ratio: 0.9918121095
 Final SFC time: 4.9061e-05

SFC+Knapsack previous efficiency: 0.7801949667
SFC + Knapsack ratio: 1.103360654
 Final SFC+Knapsack_Combined time: 7.0301e-05

SFC+Painter previous efficiency: 0.7514526702
SFC+painterPartition efficiency: 0.8592253326
SFC+Painter ratio: 1.143419096
 Final SFC+Painter time: 0.000100166

Painter+Knapsack previous efficiency: 0.7808930197
Painter+Knapsack ratio: 1.163686064
 Final painter+Knapsack_Combined time: 0.000120384
Run 23
File weights 51 and ranks 51
Original previous efficiency: 0.821162543
Original efficiency: 0.8807597754
Original ratio: 1.072576657
Knapsack previous efficiency: 0.847183972
Knapsack ratio: 1.118838317
 Final Knapsack time: 5.2428e-05

Karmarkar-Karp previous efficiency: 0.8260923926
Karmarkar-Karp ratio: 1.15237679
 Final Karmarkar-Karp time: 0.003450939

SFC previous efficiency: 0.7433888973
 Time take to run this function: 4.01e-07
SFC ratio: 1.001816006
 Final SFC time: 4.8881e-05

SFC+Knapsack previous efficiency: 0.7799355334
SFC + Knapsack ratio: 1.106495886
 Final SFC+Knapsack_Combined time: 6.8688e-05

SFC+Painter previous efficiency: 0.7662622339
SFC+painterPartition efficiency: 0.8567522865
SFC+Painter ratio: 1.1180928
 Final SFC+Painter time: 0.000110486

Painter+Knapsack previous efficiency: 0.7752261262
Painter+Knapsack ratio: 1.171741715
 Final painter+Knapsack_Combined time: 0.000126727
Run 24
File weights 51 and ranks 51
Original previous efficiency: 0.8033661715
Original efficiency: 0.9475457788
Original ratio: 1.179469353
Knapsack previous efficiency: 0.8171698454
Knapsack ratio: 1.159547204
 Final Knapsack time: 5.2547e-05

Karmarkar-Karp previous efficiency: 0.8258290786
Karmarkar-Karp ratio: 1.169746484
 Final Karmarkar-Karp time: 0.00344055

SFC previous efficiency: 0.7184526715
 Time take to run this function: 3.71e-07
SFC ratio: 1.077187701
 Final SFC time: 4.8491e-05

SFC+Knapsack previous efficiency: 0.776860193
SFC + Knapsack ratio: 1.168841278
 Final SFC+Knapsack_Combined time: 6.7847e-05

SFC+Painter previous efficiency: 0.7738724758
SFC+painterPartition efficiency: 0.8618946753
SFC+Painter ratio: 1.113742512
 Final SFC+Painter time: 0.000108321

Painter+Knapsack previous efficiency: 0.782402927
Painter+Knapsack ratio: 1.16056092
 Final painter+Knapsack_Combined time: 0.000112529
Run 25
File weights 51 and ranks 51
Original previous efficiency: 0.7977478336
Original efficiency: 0.947321232
Original ratio: 1.187494584
Knapsack previous efficiency: 0.8145673055
Knapsack ratio: 1.163155076
 Final Knapsack time: 5.2578e-05

Karmarkar-Karp previous efficiency: 0.8281602624
Karmarkar-Karp ratio: 1.168322276
 Final Karmarkar-Karp time: 0.003475666

SFC previous efficiency: 0.6968600019
 Time take to run this function: 3.51e-07
SFC ratio: 1.143150687
 Final SFC time: 4.7789e-05

SFC+Knapsack previous efficiency: 0.7659598711
SFC + Knapsack ratio: 1.178978212
 Final SFC+Knapsack_Combined time: 7.8587e-05

SFC+Painter previous efficiency: 0.7620194828
SFC+painterPartition efficiency: 0.8594417251
SFC+Painter ratio: 1.127847443
 Final SFC+Painter time: 0.000295841

Painter+Knapsack previous efficiency: 0.7779226361
Painter+Knapsack ratio: 1.160848081
 Final painter+Knapsack_Combined time: 0.000228947
Run 26
File weights 51 and ranks 51
Original previous efficiency: 0.793276826
Original efficiency: 0.9470951717
Original ratio: 1.193902482
Knapsack previous efficiency: 0.8115823166
Knapsack ratio: 1.167160814
 Final Knapsack time: 7.1955e-05

Karmarkar-Karp previous efficiency: 0.8284359596
Karmarkar-Karp ratio: 1.176937789
 Final Karmarkar-Karp time: 0.003597502

SFC previous efficiency: 0.690800343
 Time take to run this function: 4e-07
SFC ratio: 1.166516422
 Final SFC time: 5.2247e-05

SFC+Knapsack previous efficiency: 0.7588878654
SFC + Knapsack ratio: 1.195908356
 Final SFC+Knapsack_Combined time: 7.1242e-05

SFC+Painter previous efficiency: 0.739057947
SFC+painterPartition efficiency: 0.853596346
SFC+Painter ratio: 1.154978915
 Final SFC+Painter time: 0.000110677

Painter+Knapsack previous efficiency: 0.7744917473
Painter+Knapsack ratio: 1.171814087
 Final painter+Knapsack_Combined time: 0.00012354
Run 27
File weights 51 and ranks 51
Original previous efficiency: 0.7890179012
Original efficiency: 0.9250342312
Original ratio: 1.172386875
Knapsack previous efficiency: 0.8105555254
Knapsack ratio: 1.16789882
 Final Knapsack time: 5.6205e-05

Karmarkar-Karp previous efficiency: 0.8236576131
Karmarkar-Karp ratio: 1.191584655
 Final Karmarkar-Karp time: 0.003470947

SFC previous efficiency: 0.685572905
 Time take to run this function: 3.6e-07
SFC ratio: 1.160692576
 Final SFC time: 4.9342e-05

SFC+Knapsack previous efficiency: 0.7546092974
SFC + Knapsack ratio: 1.173146537
 Final SFC+Knapsack_Combined time: 6.946e-05

SFC+Painter previous efficiency: 0.7241713751
SFC+painterPartition efficiency: 0.8401218098
SFC+Painter ratio: 1.160114634
 Final SFC+Painter time: 0.000112841

Painter+Knapsack previous efficiency: 0.7769858962
Painter+Knapsack ratio: 1.139360815
 Final painter+Knapsack_Combined time: 0.00012329
Run 28
File weights 51 and ranks 51
Original previous efficiency: 0.7944378027
Original efficiency: 0.8959908275
Original ratio: 1.127830051
Knapsack previous efficiency: 0.8083730289
Knapsack ratio: 1.170585321
 Final Knapsack time: 5.4622e-05

Karmarkar-Karp previous efficiency: 0.8178854466
Karmarkar-Karp ratio: 1.202792177
 Final Karmarkar-Karp time: 0.003515359

SFC previous efficiency: 0.700096125
 Time take to run this function: 3.7e-07
SFC ratio: 1.077975996
 Final SFC time: 5.0324e-05

SFC+Knapsack previous efficiency: 0.7618374394
SFC + Knapsack ratio: 1.175907402
 Final SFC+Knapsack_Combined time: 6.958e-05

SFC+Painter previous efficiency: 0.7278342184
SFC+painterPartition efficiency: 0.8399091069
SFC+Painter ratio: 1.153984088
 Final SFC+Painter time: 0.000108573

Painter+Knapsack previous efficiency: 0.7930470198
Painter+Knapsack ratio: 1.13206057
 Final painter+Knapsack_Combined time: 0.000122057
Run 29
File weights 51 and ranks 51
Original previous efficiency: 0.7989558067
Original efficiency: 0.8779796198
Original ratio: 1.098908866
Knapsack previous efficiency: 0.8073738616
Knapsack ratio: 1.171636369
 Final Knapsack time: 5.35e-05

Karmarkar-Karp previous efficiency: 0.8171674739
Karmarkar-Karp ratio: 1.209324728
 Final Karmarkar-Karp time: 0.003494731

SFC previous efficiency: 0.7223112605
 Time take to run this function: 3.5e-07
SFC ratio: 1.074115929
 Final SFC time: 4.9312e-05

SFC+Knapsack previous efficiency: 0.7689127064
SFC + Knapsack ratio: 1.137935772
 Final SFC+Knapsack_Combined time: 6.7947e-05

SFC+Painter previous efficiency: 0.7412880564
SFC+painterPartition efficiency: 0.858215295
SFC+Painter ratio: 1.157735225
 Final SFC+Painter time: 0.000107831

Painter+Knapsack previous efficiency: 0.8079847852
Painter+Knapsack ratio: 1.102355365
 Final painter+Knapsack_Combined time: 0.000122168
Run 30
File weights 51 and ranks 51
Original previous efficiency: 0.7991192805
Original efficiency: 0.8694101243
Original ratio: 1.08796039
Knapsack previous efficiency: 0.8061107274
Knapsack ratio: 1.173094499
 Final Knapsack time: 5.387e-05

Karmarkar-Karp previous efficiency: 0.8148237248
Karmarkar-Karp ratio: 1.213267667
 Final Karmarkar-Karp time: 0.003879638

SFC previous efficiency: 0.7331629069
 Time take to run this function: 3.8e-07
SFC ratio: 1.100799463
 Final SFC time: 5.0234e-05

SFC+Knapsack previous efficiency: 0.7752495848
SFC + Knapsack ratio: 1.109791619
 Final SFC+Knapsack_Combined time: 7.0712e-05

SFC+Painter previous efficiency: 0.7316661658
SFC+painterPartition efficiency: 0.857977775
SFC+Painter ratio: 1.172635575
 Final SFC+Painter time: 0.000115104

Painter+Knapsack previous efficiency: 0.8083909314
Painter+Knapsack ratio: 1.103335366
 Final painter+Knapsack_Combined time: 0.000126355
Run 31
File weights 51 and ranks 51
Original previous efficiency: 0.7976086125
Original efficiency: 0.8646884047
Original ratio: 1.084101138
Knapsack previous efficiency: 0.8055039854
Knapsack ratio: 1.173827658
 Final Knapsack time: 6.7476e-05

Karmarkar-Karp previous efficiency: 0.8089860689
Karmarkar-Karp ratio: 1.221875031
 Final Karmarkar-Karp time: 0.003618071

SFC previous efficiency: 0.7420947972
 Time take to run this function: 3.91e-07
SFC ratio: 1.077718352
 Final SFC time: 5.0114e-05

SFC+Knapsack previous efficiency: 0.7606159271
SFC + Knapsack ratio: 1.122012304
 Final SFC+Knapsack_Combined time: 6.986e-05

SFC+Painter previous efficiency: 0.7146692825
SFC+painterPartition efficiency: 0.8534288056
SFC+Painter ratio: 1.19415907
 Final SFC+Painter time: 0.000108622

Painter+Knapsack previous efficiency: 0.7967569814
Painter+Knapsack ratio: 1.117088455
 Final painter+Knapsack_Combined time: 0.000131925
Run 32
File weights 51 and ranks 51
Original previous efficiency: 0.8105730332
Original efficiency: 0.9453486552
Original ratio: 1.166272028
Knapsack previous efficiency: 0.804708052
Knapsack ratio: 1.174772208
 Final Knapsack time: 5.4632e-05

Karmarkar-Karp previous efficiency: 0.7967538923
Karmarkar-Karp ratio: 1.240411123
 Final Karmarkar-Karp time: 0.00375167

SFC previous efficiency: 0.7770585273
 Time take to run this function: 3.61e-07
SFC ratio: 1.005210761
 Final SFC time: 6.6925e-05

SFC+Knapsack previous efficiency: 0.747223382
SFC + Knapsack ratio: 1.18832855
 Final SFC+Knapsack_Combined time: 7.2445e-05

SFC+Painter previous efficiency: 0.6955580503
SFC+painterPartition efficiency: 0.8412059102
SFC+Painter ratio: 1.209397131
 Final SFC+Painter time: 0.00010752

Painter+Knapsack previous efficiency: 0.7854645457
Painter+Knapsack ratio: 1.153299539
 Final painter+Knapsack_Combined time: 0.000117199
Run 33
File weights 51 and ranks 51
Original previous efficiency: 0.803654956
Original efficiency: 0.9449620604
Original ratio: 1.175830564
Knapsack previous efficiency: 0.8033179029
Knapsack ratio: 1.176303485
 Final Knapsack time: 5.38e-05

Karmarkar-Karp previous efficiency: 0.783142378
Karmarkar-Karp ratio: 1.261430257
 Final Karmarkar-Karp time: 0.003482238

SFC previous efficiency: 0.77391623
 Time take to run this function: 3.8e-07
SFC ratio: 1.014798572
 Final SFC time: 5.7197e-05

SFC+Knapsack previous efficiency: 0.7288714311
SFC + Knapsack ratio: 1.204875492
 Final SFC+Knapsack_Combined time: 6.8107e-05

SFC+Painter previous efficiency: 0.6763545889
SFC+painterPartition efficiency: 0.8471920549
SFC+Painter ratio: 1.252585654
 Final SFC+Painter time: 0.000110014

Painter+Knapsack previous efficiency: 0.7686222598
Painter+Knapsack ratio: 1.177034126
 Final painter+Knapsack_Combined time: 0.000114323
Run 34
File weights 51 and ranks 51
Original previous efficiency: 0.7955250735
Original efficiency: 0.9414500319
Original ratio: 1.183432255
Knapsack previous efficiency: 0.8026470614
Knapsack ratio: 1.176999378
 Final Knapsack time: 5.342e-05

Karmarkar-Karp previous efficiency: 0.7746393337
Karmarkar-Karp ratio: 1.27496446
 Final Karmarkar-Karp time: 0.003519477

SFC previous efficiency: 0.7495686202
 Time take to run this function: 3.5e-07
SFC ratio: 1.043308038
 Final SFC time: 4.8962e-05

SFC+Knapsack previous efficiency: 0.7189983511
SFC + Knapsack ratio: 1.189219994
 Final SFC+Knapsack_Combined time: 6.7977e-05

SFC+Painter previous efficiency: 0.6644311404
SFC+painterPartition efficiency: 0.8571144748
SFC+Painter ratio: 1.289997447
 Final SFC+Painter time: 0.00010721

Painter+Knapsack previous efficiency: 0.7601107278
Painter+Knapsack ratio: 1.188043466
 Final painter+Knapsack_Combined time: 0.000123019
Run 35
File weights 51 and ranks 51
Original previous efficiency: 0.7905313186
Original efficiency: 0.9151547629
Original ratio: 1.15764517
Knapsack previous efficiency: 0.8135666816
Knapsack ratio: 1.160807953
 Final Knapsack time: 5.3339e-05

Karmarkar-Karp previous efficiency: 0.7491654317
Karmarkar-Karp ratio: 1.317884534
 Final Karmarkar-Karp time: 0.003741991

SFC previous efficiency: 0.7297765736
 Time take to run this function: 4e-07
SFC ratio: 1.0972159
 Final SFC time: 4.9692e-05

SFC+Knapsack previous efficiency: 0.710124682
SFC + Knapsack ratio: 1.257156573
 Final SFC+Knapsack_Combined time: 6.9951e-05

SFC+Painter previous efficiency: 0.6501989842
SFC+painterPartition efficiency: 0.8593356566
SFC+Painter ratio: 1.32165026
 Final SFC+Painter time: 0.000100617

Painter+Knapsack previous efficiency: 0.7517015408
Painter+Knapsack ratio: 1.187622831
 Final painter+Knapsack_Combined time: 0.000123049
Run 36
File weights 51 and ranks 51
Original previous efficiency: 0.7997446038
Original efficiency: 0.8954933136
Original ratio: 1.119724109
Knapsack previous efficiency: 0.8019902777
Knapsack ratio: 1.177240232
 Final Knapsack time: 5.4091e-05

Karmarkar-Karp previous efficiency: 0.9770121666
Karmarkar-Karp ratio: 1.010263265
 Final Karmarkar-Karp time: 0.003883044

SFC previous efficiency: 0.7140766524
 Time take to run this function: 3.799999999e-07
SFC ratio: 1.100230854
 Final SFC time: 4.9893e-05

SFC+Knapsack previous efficiency: 0.7011466268
SFC + Knapsack ratio: 1.258876334
 Final SFC+Knapsack_Combined time: 7.0872e-05

SFC+Painter previous efficiency: 0.8273045247
SFC+painterPartition efficiency: 0.8606404102
SFC+Painter ratio: 1.040294577
 Final SFC+Painter time: 0.000109855

Painter+Knapsack previous efficiency: 0.7388295288
Painter+Knapsack ratio: 1.194669218
 Final painter+Knapsack_Combined time: 0.000122829
Run 37
File weights 51 and ranks 51
Original previous efficiency: 0.8090016025
Original efficiency: 0.8783168459
Original ratio: 1.085679983
Knapsack previous efficiency: 0.7945527561
Knapsack ratio: 1.188013509
 Final Knapsack time: 5.4692e-05

Karmarkar-Karp previous efficiency: 0.9538077185
Karmarkar-Karp ratio: 1.034638246
 Final Karmarkar-Karp time: 0.003748684

SFC previous efficiency: 0.7030519839
 Time take to run this function: 3.81e-07
SFC ratio: 1.050746318
 Final SFC time: 5.354e-05

SFC+Knapsack previous efficiency: 0.6954365735
SFC + Knapsack ratio: 1.27102428
 Final SFC+Knapsack_Combined time: 7.0251e-05

SFC+Painter previous efficiency: 0.7974644743
SFC+painterPartition efficiency: 0.8589532886
SFC+Painter ratio: 1.077105396
 Final SFC+Painter time: 0.00011237

Painter+Knapsack previous efficiency: 0.7274500034
Painter+Knapsack ratio: 1.215089375
 Final painter+Knapsack_Combined time: 0.000122469
Run 38
File weights 51 and ranks 51
Original previous efficiency: 0.80151605
Original efficiency: 0.8713224359
Original ratio: 1.087092936
Knapsack previous efficiency: 0.7882451985
Knapsack ratio: 1.196769348
 Final Knapsack time: 6.6885e-05

Karmarkar-Karp previous efficiency: 0.9282633284
Karmarkar-Karp ratio: 1.062555421
 Final Karmarkar-Karp time: 0.003540416

SFC previous efficiency: 0.7024930078
 Time take to run this function: 3.709999999e-07
SFC ratio: 1.054041456
 Final SFC time: 4.8961e-05

SFC+Knapsack previous efficiency: 0.6999062888
SFC + Knapsack ratio: 1.244566521
 Final SFC+Knapsack_Combined time: 6.96e-05

SFC+Painter previous efficiency: 0.784858835
SFC+painterPartition efficiency: 0.848527067
SFC+Painter ratio: 1.081120616
 Final SFC+Painter time: 0.000114594

Painter+Knapsack previous efficiency: 0.7249808792
Painter+Knapsack ratio: 1.201521253
 Final painter+Knapsack_Combined time: 0.000122047
Run 39
File weights 51 and ranks 51
Original previous efficiency: 0.7953057995
Original efficiency: 0.9429166582
Original ratio: 1.185602643
Knapsack previous efficiency: 0.7760356879
Knapsack ratio: 1.215042512
 Final Knapsack time: 5.5423e-05

Karmarkar-Karp previous efficiency: 0.8964093051
Karmarkar-Karp ratio: 1.099673951
 Final Karmarkar-Karp time: 0.004081665

SFC previous efficiency: 0.7014625276
 Time take to run this function: 3.909999999e-07
SFC ratio: 1.08504375
 Final SFC time: 5.1125e-05

SFC+Knapsack previous efficiency: 0.7032661786
SFC + Knapsack ratio: 1.23811152
 Final SFC+Knapsack_Combined time: 7.1784e-05

SFC+Painter previous efficiency: 0.7426251683
SFC+painterPartition efficiency: 0.8399499351
SFC+Painter ratio: 1.131055034
 Final SFC+Painter time: 0.00011273

Painter+Knapsack previous efficiency: 0.7214088772
Painter+Knapsack ratio: 1.206974276
 Final painter+Knapsack_Combined time: 0.000124091
Run 40
File weights 51 and ranks 51
Original previous efficiency: 0.7763052634
Original efficiency: 0.942662288
Original ratio: 1.21429331
Knapsack previous efficiency: 0.7491161159
Knapsack ratio: 1.258368094
 Final Knapsack time: 5.3309e-05

Karmarkar-Karp previous efficiency: 0.8645817726
Karmarkar-Karp ratio: 1.140017724
 Final Karmarkar-Karp time: 0.003959637

SFC previous efficiency: 0.7010957764
 Time take to run this function: 3.8e-07
SFC ratio: 1.07231416
 Final SFC time: 6.1394e-05

SFC+Knapsack previous efficiency: 0.7057681334
SFC + Knapsack ratio: 1.244599438
 Final SFC+Knapsack_Combined time: 9.0719e-05

SFC+Painter previous efficiency: 0.7247658499
SFC+painterPartition efficiency: 0.838349645
SFC+Painter ratio: 1.156717918
 Final SFC+Painter time: 0.00013463

Painter+Knapsack previous efficiency: 0.7173510411
Painter+Knapsack ratio: 1.224503168
 Final painter+Knapsack_Combined time: 0.000162472
Run 41
File weights 51 and ranks 51
Original previous efficiency: 0.7665851182
Original efficiency: 0.9410546196
Original ratio: 1.227593123
Knapsack previous efficiency: 0.7269585922
Knapsack ratio: 1.296173549
 Final Knapsack time: 6.997e-05

Karmarkar-Karp previous efficiency: 0.8552851562
Karmarkar-Karp ratio: 1.151744266
 Final Karmarkar-Karp time: 0.004627031

SFC previous efficiency: 0.7062275984
 Time take to run this function: 3.8e-07
SFC ratio: 1.05770118
 Final SFC time: 5.8569e-05

SFC+Knapsack previous efficiency: 0.7147817124
SFC + Knapsack ratio: 1.20178859
 Final SFC+Knapsack_Combined time: 9.3685e-05

SFC+Painter previous efficiency: 0.7203410087
SFC+painterPartition efficiency: 0.8465352699
SFC+Painter ratio: 1.175186835
 Final SFC+Painter time: 0.000142495

Painter+Knapsack previous efficiency: 0.7180900032
Painter+Knapsack ratio: 1.196251866
 Final painter+Knapsack_Combined time: 0.000159797
Run 42
File weights 51 and ranks 51
Original previous efficiency: 0.7768095538
Original efficiency: 0.9293106634
Original ratio: 1.196317243
Knapsack previous efficiency: 0.7185695478
Knapsack ratio: 1.310719168
 Final Knapsack time: 8.0179e-05

Karmarkar-Karp previous efficiency: 0.8385733278
Karmarkar-Karp ratio: 1.174321546
 Final Karmarkar-Karp time: 0.004727197

SFC previous efficiency: 0.7036786006
 Time take to run this function: 3.81e-07
SFC ratio: 1.08893332
 Final SFC time: 0.00040295

SFC+Knapsack previous efficiency: 0.7270382533
SFC + Knapsack ratio: 1.181101868
 Final SFC+Knapsack_Combined time: 0.000105056

SFC+Painter previous efficiency: 0.712407255
SFC+painterPartition efficiency: 0.8448910776
SFC+Painter ratio: 1.185966414
 Final SFC+Painter time: 0.000142155

Painter+Knapsack previous efficiency: 0.7300913974
Painter+Knapsack ratio: 1.176162659
 Final painter+Knapsack_Combined time: 0.000181048
Run 43
File weights 51 and ranks 51
Original previous efficiency: 0.787849314
Original efficiency: 0.9166339721
Original ratio: 1.163463566
Knapsack previous efficiency: 0.9338434673
Knapsack ratio: 1.007983352
 Final Knapsack time: 8.0369e-05

Karmarkar-Karp previous efficiency: 0.8370939575
Karmarkar-Karp ratio: 1.175724561
 Final Karmarkar-Karp time: 0.004955863

SFC previous efficiency: 0.7189649879
 Time take to run this function: 4.11e-07
SFC ratio: 1.072770378
 Final SFC time: 6.935e-05

SFC+Knapsack previous efficiency: 0.7358147347
SFC + Knapsack ratio: 1.169279553
 Final SFC+Knapsack_Combined time: 9.9595e-05

SFC+Painter previous efficiency: 0.703459077
SFC+painterPartition efficiency: 0.8525266127
SFC+Painter ratio: 1.211906478
 Final SFC+Painter time: 0.000129732

Painter+Knapsack previous efficiency: 0.7661655878
Painter+Knapsack ratio: 1.155719642
 Final painter+Knapsack_Combined time: 0.000147234
Run 44
File weights 51 and ranks 51
Original previous efficiency: 0.7941428585
Original efficiency: 0.8883277102
Original ratio: 1.118599381
Knapsack previous efficiency: 0.9135080565
Knapsack ratio: 1.028986662
 Final Knapsack time: 7.3217e-05

Karmarkar-Karp previous efficiency: 0.8338144268
Karmarkar-Karp ratio: 1.178763016
 Final Karmarkar-Karp time: 0.004340737

SFC previous efficiency: 0.730619375
 Time take to run this function: 3.51e-07
SFC ratio: 1.076663149
 Final SFC time: 5.0444e-05

SFC+Knapsack previous efficiency: 0.7443509732
SFC + Knapsack ratio: 1.157144051
 Final SFC+Knapsack_Combined time: 7.1272e-05

SFC+Painter previous efficiency: 0.7093817292
SFC+painterPartition efficiency: 0.836556612
SFC+Painter ratio: 1.179275667
 Final SFC+Painter time: 0.00011815

Painter+Knapsack previous efficiency: 0.7962808628
Painter+Knapsack ratio: 1.10973504
 Final painter+Knapsack_Combined time: 0.00012352
Run 45
File weights 51 and ranks 51
Original previous efficiency: 0.7847570487
Original efficiency: 0.870267287
Original ratio: 1.108963963
Knapsack previous efficiency: 0.9012867134
Knapsack ratio: 1.034491493
 Final Knapsack time: 5.378e-05

Karmarkar-Karp previous efficiency: 0.8431802514
Karmarkar-Karp ratio: 1.155939982
 Final Karmarkar-Karp time: 0.003857897

SFC previous efficiency: 0.7337822625
 Time take to run this function: 4.01e-07
SFC ratio: 1.085187892
 Final SFC time: 5.0814e-05

SFC+Knapsack previous efficiency: 0.7538724083
SFC + Knapsack ratio: 1.145217478
 Final SFC+Knapsack_Combined time: 7.1323e-05

SFC+Painter previous efficiency: 0.7160142908
SFC+painterPartition efficiency: 0.8379957127
SFC+Painter ratio: 1.170361714
 Final SFC+Painter time: 0.000106128

Painter+Knapsack previous efficiency: 0.7953419258
Painter+Knapsack ratio: 1.085505278
 Final painter+Knapsack_Combined time: 0.000124632
Run 46
File weights 51 and ranks 51
Original previous efficiency: 0.7936214771
Original efficiency: 0.8577689303
Original ratio: 1.080828777
Knapsack previous efficiency: 0.8863162284
Knapsack ratio: 1.048907791
 Final Knapsack time: 5.4091e-05

Karmarkar-Karp previous efficiency: 0.8676466788
Karmarkar-Karp ratio: 1.12039312
 Final Karmarkar-Karp time: 0.003699993

SFC previous efficiency: 0.7393773506
 Time take to run this function: 3.81e-07
SFC ratio: 1.087472619
 Final SFC time: 5.0715e-05

SFC+Knapsack previous efficiency: 0.7696092963
SFC + Knapsack ratio: 1.124447227
 Final SFC+Knapsack_Combined time: 7.1232e-05

SFC+Painter previous efficiency: 0.726844963
SFC+painterPartition efficiency: 0.8512661118
SFC+Painter ratio: 1.171179763
 Final SFC+Painter time: 0.000110676

Painter+Knapsack previous efficiency: 0.7951226812
Painter+Knapsack ratio: 1.088366688
 Final painter+Knapsack_Combined time: 0.000123971
Run 47
File weights 51 and ranks 51
Original previous efficiency: 0.8098571678
Original efficiency: 0.9329052987
Original ratio: 1.151938065
Knapsack previous efficiency: 0.8543116604
Knapsack ratio: 1.091996448
 Final Knapsack time: 5.3931e-05

Karmarkar-Karp previous efficiency: 0.8847852109
Karmarkar-Karp ratio: 1.100036137
 Final Karmarkar-Karp time: 0.003702238

SFC previous efficiency: 0.7497759667
 Time take to run this function: 3.91e-07
SFC ratio: 1.023455511
 Final SFC time: 5.0734e-05

SFC+Knapsack previous efficiency: 0.7734515297
SFC + Knapsack ratio: 1.103093092
 Final SFC+Knapsack_Combined time: 0.000266807

SFC+Painter previous efficiency: 0.7460322872
SFC+painterPartition efficiency: 0.8353824767
SFC+Painter ratio: 1.119767188
 Final SFC+Painter time: 0.000138027

Painter+Knapsack previous efficiency: 0.7934299732
Painter+Knapsack ratio: 1.07531738
 Final painter+Knapsack_Combined time: 0.000121787
Run 48
File weights 51 and ranks 51
Original previous efficiency: 0.821210294
Original efficiency: 0.9191295437
Original ratio: 1.119237728
Knapsack previous efficiency: 0.8440193898
Knapsack ratio: 1.109871735
 Final Knapsack time: 5.371e-05

Karmarkar-Karp previous efficiency: 0.873130543
Karmarkar-Karp ratio: 1.116306211
 Final Karmarkar-Karp time: 0.003647646

SFC previous efficiency: 0.7681414827
 Time take to run this function: 3.81e-07
SFC ratio: 1
 Final SFC time: 5.0604e-05

SFC+Knapsack previous efficiency: 0.7727412252
SFC + Knapsack ratio: 1.123129763
 Final SFC+Knapsack_Combined time: 7.1053e-05

SFC+Painter previous efficiency: 0.731578345
SFC+painterPartition efficiency: 0.8359397686
SFC+Painter ratio: 1.142652423
 Final SFC+Painter time: 0.000109033

Painter+Knapsack previous efficiency: 0.7920440776
Painter+Knapsack ratio: 1.095758044
 Final painter+Knapsack_Combined time: 0.000121196
Run 49
File weights 51 and ranks 51
Original previous efficiency: 0.8168633156
Original efficiency: 0.8994560338
Original ratio: 1.101109594
Knapsack previous efficiency: 0.8376842939
Knapsack ratio: 1.116577553
 Final Knapsack time: 5.3549e-05

Karmarkar-Karp previous efficiency: 0.8653358236
Karmarkar-Karp ratio: 1.128296688
 Final Karmarkar-Karp time: 0.003563178

SFC previous efficiency: 0.7686777429
 Time take to run this function: 3.6e-07
SFC ratio: 1.011428172
 Final SFC time: 4.9342e-05

SFC+Knapsack previous efficiency: 0.7713158524
SFC + Knapsack ratio: 1.116165176
 Final SFC+Knapsack_Combined time: 6.9209e-05

SFC+Painter previous efficiency: 0.7257145495
SFC+painterPartition efficiency: 0.8412160459
SFC+Painter ratio: 1.159155547
 Final SFC+Painter time: 0.000220992

Painter+Knapsack previous efficiency: 0.7883450201
Painter+Knapsack ratio: 1.092054712
 Final painter+Knapsack_Combined time: 0.000228796
Run 50
File weights 51 and ranks 51
Original previous efficiency: 0.8145153621
Original efficiency: 0.8854969385
Original ratio: 1.08714578
Knapsack previous efficiency: 0.8326298292
Knapsack ratio: 1.122102136
 Final Knapsack time: 5.378e-05

Karmarkar-Karp previous efficiency: 0.8548877705
Karmarkar-Karp ratio: 1.140332109
 Final Karmarkar-Karp time: 0.003599887

SFC previous efficiency: 0.7598477387
 Time take to run this function: 4.11e-07
SFC ratio: 1.00477059
 Final SFC time: 5.2007e-05

SFC+Knapsack previous efficiency: 0.7706214724
SFC + Knapsack ratio: 1.098642269
 Final SFC+Knapsack_Combined time: 9.9084e-05

SFC+Painter previous efficiency: 0.7217312574
SFC+painterPartition efficiency: 0.8462193294
SFC+Painter ratio: 1.172485355
 Final SFC+Painter time: 0.000105627

Painter+Knapsack previous efficiency: 0.7856016032
Painter+Knapsack ratio: 1.077692968
 Final painter+Knapsack_Combined time: 0.000126275


TinyProfiler total time across processes [min...avg...max]: 0.3457 ... 0.3457 ... 0.3457

-------------------------------------------------------------------------------------
Name                                  NCalls  Excl. Min  Excl. Avg  Excl. Max   Max %
-------------------------------------------------------------------------------------
kk()                                      51     0.1856     0.1856     0.1856  53.69%
painterPartition()                       102    0.01018    0.01018    0.01018   2.95%
knapsack()                              1275   0.004623   0.004623   0.004623   1.34%
SFCProcessorMapDoIt()                     51   0.002361   0.002361   0.002361   0.68%
SFCProcessorMapDoItCombined()             51   0.001973   0.001973   0.001973   0.57%
SFCProcessorMapDoItCombinedPainter()      51  0.0008777  0.0008777  0.0008777   0.25%
Distribute()                             102  0.0005922  0.0005922  0.0005922   0.17%
KnapSackDoIt()                            51  0.0005091  0.0005091  0.0005091   0.15%
KKDoIt()                                  51  0.0004325  0.0004325  0.0004325   0.13%
knapsack()swap                           163  3.576e-05  3.576e-05  3.576e-05   0.01%
-------------------------------------------------------------------------------------

-------------------------------------------------------------------------------------
Name                                  NCalls  Incl. Min  Incl. Avg  Incl. Max   Max %
-------------------------------------------------------------------------------------
KKDoIt()                                  51      0.186      0.186      0.186  53.81%
kk()                                      51     0.1856     0.1856     0.1856  53.69%
painterPartition()                       102    0.01018    0.01018    0.01018   2.95%
SFCProcessorMapDoItCombinedPainter()      51   0.006403   0.006403   0.006403   1.85%
knapsack()                              1275   0.004659   0.004659   0.004659   1.35%
SFCProcessorMapDoItCombined()             51    0.00362    0.00362    0.00362   1.05%
SFCProcessorMapDoIt()                     51   0.002728   0.002728   0.002728   0.79%
KnapSackDoIt()                            51   0.002536   0.002536   0.002536   0.73%
Distribute()                             102  0.0005922  0.0005922  0.0005922   0.17%
knapsack()swap                           163  3.576e-05  3.576e-05  3.576e-05   0.01%
-------------------------------------------------------------------------------------

Pinned Memory Usage:
---------------------------------------------------------------
Name                            Nalloc  Nfree  AvgMem    MaxMem
---------------------------------------------------------------
The_Pinned_Arena::Initialize()       1      1  79 KiB  8192 KiB
---------------------------------------------------------------

AMReX (25.06-22-g1d307c2c661a) finalized
