Initializing AMReX (25.06-22-g1d307c2c661a)...
OMP initialized with 256 OMP threads
AMReX (25.06-22-g1d307c2c661a) initialized
Starting running input_laser_ion_timers running with 24 nodes and 4 ranks per node.
Total steps: 5000, intervals: 100 = 50 runs
Reading precomputed weights and ranks from file: /global/homes/j/jessd/lb_extractor/lb_inputs/imp_40/laser_ion_4_boxes_96_ranks_timers_40_lb_data.txt
/global/homes/j/jessd/lb_extractor/lb_inputs/imp_40/laser_ion_4_boxes_96_ranks_timers_40_lb_data.txt
Run 0: Weights size: 435
Run 1: Weights size: 435
Run 2: Weights size: 435
Run 3: Weights size: 435
Run 4: Weights size: 435
Run 5: Weights size: 435
Run 6: Weights size: 435
Run 7: Weights size: 435
Run 8: Weights size: 435
Run 9: Weights size: 435
Run 10: Weights size: 435
Run 11: Weights size: 435
Run 12: Weights size: 435
Run 13: Weights size: 435
Run 14: Weights size: 435
Run 15: Weights size: 435
Run 16: Weights size: 435
Run 17: Weights size: 435
Run 18: Weights size: 435
Run 19: Weights size: 435
Run 20: Weights size: 435
Run 21: Weights size: 435
Run 22: Weights size: 435
Run 23: Weights size: 435
Run 24: Weights size: 435
Run 25: Weights size: 435
Run 26: Weights size: 435
Run 27: Weights size: 435
Run 28: Weights size: 435
Run 29: Weights size: 435
Run 30: Weights size: 435
Run 31: Weights size: 435
Run 32: Weights size: 435
Run 33: Weights size: 435
Run 34: Weights size: 435
Run 35: Weights size: 435
Run 36: Weights size: 435
Run 37: Weights size: 435
Run 38: Weights size: 435
Run 39: Weights size: 435
Run 40: Weights size: 435
Run 41: Weights size: 435
Run 42: Weights size: 435
Run 43: Weights size: 435
Run 44: Weights size: 435
Run 45: Weights size: 435
Run 46: Weights size: 435
Run 47: Weights size: 435
Run 48: Weights size: 435
Run 49: Weights size: 435
Run 50: Weights size: 435
Run 0
File weights 51 and ranks 51
Original efficiency: 0.3977376535
Original ratio: inf
Knapsack ratio: inf
 Final Knapsack time: 0.00015044

Karmarkar-Karp ratio: inf
 Final Karmarkar-Karp time: 0.006996095

 Time take to run this function: 1.072e-06
SFC ratio: inf
 Final SFC time: 0.000105607

SFC + Knapsack ratio: inf
 Final SFC+Knapsack_Combined time: 0.000159077

SFC+painterPartition efficiency: 0.4005021092
SFC+Painter ratio: inf
 Final SFC+Painter time: 0.000188721

Painter+Knapsack ratio: inf
 Final painter+Knapsack_Combined time: 0.00022557
Run 1
File weights 51 and ranks 51
Original previous efficiency: 0.3617154779
Original efficiency: 0.3617154779
Original ratio: 1
Knapsack previous efficiency: 0.2455888704
Knapsack ratio: 3.908477248
 Final Knapsack time: 0.00011236

Karmarkar-Karp previous efficiency: 0.2455888704
Karmarkar-Karp ratio: 3.908477248
 Final Karmarkar-Karp time: 0.006542439

SFC previous efficiency: 0.1693019206
 Time take to run this function: 6.71e-07
SFC ratio: 4.171535574
 Final SFC time: 8.1592e-05

SFC+Knapsack previous efficiency: 0.1127075089
SFC + Knapsack ratio: 6.273553324
 Final SFC+Knapsack_Combined time: 0.000134761

SFC+Painter previous efficiency: 0.09555590841
SFC+painterPartition efficiency: 0.8609609175
SFC+Painter ratio: 9.010022842
 Final SFC+Painter time: 0.000206034

Painter+Knapsack previous efficiency: 0.1173730843
Painter+Knapsack ratio: 7.370769752
 Final painter+Knapsack_Combined time: 0.000242572
Run 2
File weights 51 and ranks 51
Original previous efficiency: 0.313065686
Original efficiency: 0.7869320628
Original ratio: 2.513632435
Knapsack previous efficiency: 0.7869320628
Knapsack ratio: 1.107640658
 Final Knapsack time: 0.000108241

Karmarkar-Karp previous efficiency: 0.7100479685
Karmarkar-Karp ratio: 1.227576145
 Final Karmarkar-Karp time: 0.006666571

SFC previous efficiency: 0.5568830865
 Time take to run this function: 6.31e-07
SFC ratio: 1.271888615
 Final SFC time: 8.4748e-05

SFC+Knapsack previous efficiency: 0.5578000139
SFC + Knapsack ratio: 1.389957474
 Final SFC+Knapsack_Combined time: 0.000141073

SFC+Painter previous efficiency: 0.6964234457
SFC+painterPartition efficiency: 0.7819115183
SFC+Painter ratio: 1.122753008
 Final SFC+Painter time: 0.000198961

Painter+Knapsack previous efficiency: 0.6430045754
Painter+Knapsack ratio: 1.209407527
 Final painter+Knapsack_Combined time: 0.000224137
Run 3
File weights 51 and ranks 51
Original previous efficiency: 0.8167392523
Original efficiency: 0.816851778
Original ratio: 1.000137774
Knapsack previous efficiency: 0.8167392523
Knapsack ratio: 1.044773503
 Final Knapsack time: 0.000106128

Karmarkar-Karp previous efficiency: 0.811638033
Karmarkar-Karp ratio: 1.05134
 Final Karmarkar-Karp time: 0.006836627

SFC previous efficiency: 0.6037827278
 Time take to run this function: 4.5e-07
SFC ratio: 1.251927546
 Final SFC time: 9.119e-05

SFC+Knapsack previous efficiency: 0.601923871
SFC + Knapsack ratio: 1.356092423
 Final SFC+Knapsack_Combined time: 9.7371e-05

SFC+Painter previous efficiency: 0.784316905
SFC+painterPartition efficiency: 0.8175278318
SFC+Painter ratio: 1.04234376
 Final SFC+Painter time: 0.000130042

Painter+Knapsack previous efficiency: 0.760156651
Painter+Knapsack ratio: 1.073810773
 Final painter+Knapsack_Combined time: 0.000149689
Run 4
File weights 51 and ranks 51
Original previous efficiency: 0.7977033771
Original efficiency: 0.8185586014
Original ratio: 1.026144084
Knapsack previous efficiency: 0.7977033771
Knapsack ratio: 1.068607435
 Final Knapsack time: 7.4969e-05

Karmarkar-Karp previous efficiency: 0.7963115879
Karmarkar-Karp ratio: 1.070475142
 Final Karmarkar-Karp time: 0.006281173

SFC previous efficiency: 0.6027058446
 Time take to run this function: 3.8e-07
SFC ratio: 1.221583717
 Final SFC time: 5.8629e-05

SFC+Knapsack previous efficiency: 0.6005217917
SFC + Knapsack ratio: 1.363990223
 Final SFC+Knapsack_Combined time: 9.3925e-05

SFC+Painter previous efficiency: 0.7631219722
SFC+painterPartition efficiency: 0.8191058524
SFC+Painter ratio: 1.073361641
 Final SFC+Painter time: 0.000127768

Painter+Knapsack previous efficiency: 0.7571621092
Painter+Knapsack ratio: 1.079978077
 Final painter+Knapsack_Combined time: 0.000150631
Run 5
File weights 51 and ranks 51
Original previous efficiency: 0.7843729763
Original efficiency: 0.8185472516
Original ratio: 1.04356891
Knapsack previous efficiency: 0.7843729763
Knapsack ratio: 1.082619747
 Final Knapsack time: 7.502e-05

Karmarkar-Karp previous efficiency: 0.7832356005
Karmarkar-Karp ratio: 1.084191874
 Final Karmarkar-Karp time: 0.006194561

SFC previous efficiency: 0.6001215231
 Time take to run this function: 4.01e-07
SFC ratio: 1.059750395
 Final SFC time: 5.7928e-05

SFC+Knapsack previous efficiency: 0.5978715089
SFC + Knapsack ratio: 1.373635848
 Final SFC+Knapsack_Combined time: 9.3514e-05

SFC+Painter previous efficiency: 0.7525886984
SFC+painterPartition efficiency: 0.8227166855
SFC+Painter ratio: 1.093182355
 Final SFC+Painter time: 0.00011275

Painter+Knapsack previous efficiency: 0.7506891523
Painter+Knapsack ratio: 1.094005068
 Final painter+Knapsack_Combined time: 0.000149178
Run 6
File weights 51 and ranks 51
Original previous efficiency: 0.7733360541
Original efficiency: 0.8239574127
Original ratio: 1.065458423
Knapsack previous efficiency: 0.7733360541
Knapsack ratio: 1.091292418
 Final Knapsack time: 7.4068e-05

Karmarkar-Karp previous efficiency: 0.7722385066
Karmarkar-Karp ratio: 1.092843422
 Final Karmarkar-Karp time: 0.006202987

SFC previous efficiency: 0.5982594672
 Time take to run this function: 3.8e-07
SFC ratio: 1.091600818
 Final SFC time: 5.8349e-05

SFC+Knapsack previous efficiency: 0.5976326919
SFC + Knapsack ratio: 1.374586267
 Final SFC+Knapsack_Combined time: 9.1871e-05

SFC+Painter previous efficiency: 0.7504382479
SFC+painterPartition efficiency: 0.8230684112
SFC+Painter ratio: 1.096783664
 Final SFC+Painter time: 0.000120164

Painter+Knapsack previous efficiency: 0.749482243
Painter+Knapsack ratio: 1.09608693
 Final painter+Knapsack_Combined time: 0.000148026
Run 7
File weights 51 and ranks 51
Original previous efficiency: 0.7682891366
Original efficiency: 0.8239731405
Original ratio: 1.072477927
Knapsack previous efficiency: 0.7682891366
Knapsack ratio: 1.096243622
 Final Knapsack time: 8.3676e-05

Karmarkar-Karp previous efficiency: 0.7672002738
Karmarkar-Karp ratio: 1.097799485
 Final Karmarkar-Karp time: 0.00610226

SFC previous efficiency: 0.5976044427
 Time take to run this function: 3.81e-07
SFC ratio: 1.100449872
 Final SFC time: 5.7627e-05

SFC+Knapsack previous efficiency: 0.597181536
SFC + Knapsack ratio: 1.377820304
 Final SFC+Knapsack_Combined time: 9.0879e-05

SFC+Painter previous efficiency: 0.7467186069
SFC+painterPartition efficiency: 0.8235977789
SFC+Painter ratio: 1.102956015
 Final SFC+Painter time: 0.000126045

Painter+Knapsack previous efficiency: 0.7501061448
Painter+Knapsack ratio: 1.095928666
 Final painter+Knapsack_Combined time: 0.000149899
Run 8
File weights 51 and ranks 51
Original previous efficiency: 0.7652292769
Original efficiency: 0.8226569027
Original ratio: 1.0750463
Knapsack previous efficiency: 0.7652292769
Knapsack ratio: 1.099479536
 Final Knapsack time: 7.519e-05

Karmarkar-Karp previous efficiency: 0.7564184926
Karmarkar-Karp ratio: 1.112286305
 Final Karmarkar-Karp time: 0.006181827

SFC previous efficiency: 0.5934363032
 Time take to run this function: 4.01e-07
SFC ratio: 1.153224345
 Final SFC time: 5.7747e-05

SFC+Knapsack previous efficiency: 0.593470516
SFC + Knapsack ratio: 1.387707463
 Final SFC+Knapsack_Combined time: 9.138e-05

SFC+Painter previous efficiency: 0.738981573
SFC+painterPartition efficiency: 0.8255405635
SFC+Painter ratio: 1.117132813
 Final SFC+Painter time: 0.000125474

Painter+Knapsack previous efficiency: 0.7457844718
Painter+Knapsack ratio: 1.103152869
 Final painter+Knapsack_Combined time: 0.000148797
Run 9
File weights 51 and ranks 51
Original previous efficiency: 0.7673346247
Original efficiency: 0.8213097407
Original ratio: 1.070341041
Knapsack previous efficiency: 0.7673346247
Knapsack ratio: 1.100707815
 Final Knapsack time: 7.4379e-05

Karmarkar-Karp previous efficiency: 0.7498358801
Karmarkar-Karp ratio: 1.126394776
 Final Karmarkar-Karp time: 0.006281153

SFC previous efficiency: 0.5894874676
 Time take to run this function: 3.7e-07
SFC ratio: 1.152104513
 Final SFC time: 5.7808e-05

SFC+Knapsack previous efficiency: 0.5900839818
SFC + Knapsack ratio: 1.395670261
 Final SFC+Knapsack_Combined time: 9.2392e-05

SFC+Painter previous efficiency: 0.7366992928
SFC+painterPartition efficiency: 0.8243750884
SFC+Painter ratio: 1.119011646
 Final SFC+Painter time: 0.000121105

Painter+Knapsack previous efficiency: 0.7367201007
Painter+Knapsack ratio: 1.107201009
 Final painter+Knapsack_Combined time: 0.000152183
Run 10
File weights 51 and ranks 51
Original previous efficiency: 0.7886322511
Original efficiency: 0.8206616214
Original ratio: 1.040613823
Knapsack previous efficiency: 0.7886322511
Knapsack ratio: 1.071415566
 Final Knapsack time: 7.4258e-05

Karmarkar-Karp previous efficiency: 0.7584133303
Karmarkar-Karp ratio: 1.114106037
 Final Karmarkar-Karp time: 0.006656922

SFC previous efficiency: 0.5850905345
 Time take to run this function: 3.91e-07
SFC ratio: 1.214987085
 Final SFC time: 0.000154238

SFC+Knapsack previous efficiency: 0.5866224142
SFC + Knapsack ratio: 1.36091262
 Final SFC+Knapsack_Combined time: 9.4025e-05

SFC+Painter previous efficiency: 0.717781985
SFC+painterPartition efficiency: 0.8253277599
SFC+Painter ratio: 1.149830697
 Final SFC+Painter time: 0.000125815

Painter+Knapsack previous efficiency: 0.7206172242
Painter+Knapsack ratio: 1.095755252
 Final painter+Knapsack_Combined time: 0.000146963
Run 11
File weights 51 and ranks 51
Original previous efficiency: 0.750103543
Original efficiency: 0.7608180259
Original ratio: 1.014284005
Knapsack previous efficiency: 0.750103543
Knapsack ratio: 1.141130364
 Final Knapsack time: 7.5811e-05

Karmarkar-Karp previous efficiency: 0.750103543
Karmarkar-Karp ratio: 1.141130364
 Final Karmarkar-Karp time: 0.006417767

SFC previous efficiency: 0.5797259446
 Time take to run this function: 3.81e-07
SFC ratio: 1.18448075
 Final SFC time: 5.7627e-05

SFC+Knapsack previous efficiency: 0.5849324079
SFC + Knapsack ratio: 1.369704016
 Final SFC+Knapsack_Combined time: 9.3374e-05

SFC+Painter previous efficiency: 0.6661927179
SFC+painterPartition efficiency: 0.8231404969
SFC+Painter ratio: 1.235589154
 Final SFC+Painter time: 0.000122067

Painter+Knapsack previous efficiency: 0.6738485339
Painter+Knapsack ratio: 1.111982529
 Final painter+Knapsack_Combined time: 0.000149699
Run 12
File weights 51 and ranks 51
Original previous efficiency: 0.7245634937
Original efficiency: 0.8587603259
Original ratio: 1.18521059
Knapsack previous efficiency: 0.7245634937
Knapsack ratio: 1.219914469
 Final Knapsack time: 7.3107e-05

Karmarkar-Karp previous efficiency: 0.7245634937
Karmarkar-Karp ratio: 1.219914469
 Final Karmarkar-Karp time: 0.006594788

SFC previous efficiency: 0.5844381995
 Time take to run this function: 3.81e-07
SFC ratio: 1.168348262
 Final SFC time: 5.7707e-05

SFC+Knapsack previous efficiency: 0.5893804005
SFC + Knapsack ratio: 1.371693623
 Final SFC+Knapsack_Combined time: 9.3885e-05

SFC+Painter previous efficiency: 0.6357222922
SFC+painterPartition efficiency: 0.8247069941
SFC+Painter ratio: 1.297275562
 Final SFC+Painter time: 0.000122358

Painter+Knapsack previous efficiency: 0.627007962
Painter+Knapsack ratio: 1.229469807
 Final painter+Knapsack_Combined time: 0.000152334
Run 13
File weights 51 and ranks 51
Original previous efficiency: 0.7242614243
Original efficiency: 0.8558113392
Original ratio: 1.181633193
Knapsack previous efficiency: 0.7242614243
Knapsack ratio: 1.216807448
 Final Knapsack time: 7.479e-05

Karmarkar-Karp previous efficiency: 0.7242614243
Karmarkar-Karp ratio: 1.216807448
 Final Karmarkar-Karp time: 0.006233163

SFC previous efficiency: 0.5784376087
 Time take to run this function: 3.81e-07
SFC ratio: 1.127972652
 Final SFC time: 5.6405e-05

SFC+Knapsack previous efficiency: 0.5840930574
SFC + Knapsack ratio: 1.319853576
 Final SFC+Knapsack_Combined time: 9.1471e-05

SFC+Painter previous efficiency: 0.6260731321
SFC+painterPartition efficiency: 0.8260191185
SFC+Painter ratio: 1.319365225
 Final SFC+Painter time: 0.000121166

Painter+Knapsack previous efficiency: 0.6223573122
Painter+Knapsack ratio: 1.238705315
 Final painter+Knapsack_Combined time: 0.000151532
Run 14
File weights 51 and ranks 51
Original previous efficiency: 0.7215069027
Original efficiency: 0.8495752323
Original ratio: 1.177501184
Knapsack previous efficiency: 0.7215069027
Knapsack ratio: 1.226662082
 Final Knapsack time: 0.00017691

Karmarkar-Karp previous efficiency: 0.7215069027
Karmarkar-Karp ratio: 1.226662082
 Final Karmarkar-Karp time: 0.00668764

SFC previous efficiency: 0.5690791517
 Time take to run this function: 8.31e-07
SFC ratio: 1.15557119
 Final SFC time: 7.9789e-05

SFC+Knapsack previous efficiency: 0.5735598846
SFC + Knapsack ratio: 1.400148122
 Final SFC+Knapsack_Combined time: 9.3615e-05

SFC+Painter previous efficiency: 0.6153996237
SFC+painterPartition efficiency: 0.8267592832
SFC+Painter ratio: 1.34345107
 Final SFC+Painter time: 0.000125935

Painter+Knapsack previous efficiency: 0.6112513554
Painter+Knapsack ratio: 1.253631501
 Final painter+Knapsack_Combined time: 0.000176098
Run 15
File weights 51 and ranks 51
Original previous efficiency: 0.7288240203
Original efficiency: 0.848542778
Original ratio: 1.164262914
Knapsack previous efficiency: 0.7288240203
Knapsack ratio: 1.212627184
 Final Knapsack time: 7.5901e-05

Karmarkar-Karp previous efficiency: 0.7288240203
Karmarkar-Karp ratio: 1.212627184
 Final Karmarkar-Karp time: 0.006518144

SFC previous efficiency: 0.5680746974
 Time take to run this function: 3.81e-07
SFC ratio: 1.193367403
 Final SFC time: 6.1575e-05

SFC+Knapsack previous efficiency: 0.7967844965
SFC + Knapsack ratio: 0.9475297475
 Final SFC+Knapsack_Combined time: 0.000118401

SFC+Painter previous efficiency: 0.610444501
SFC+painterPartition efficiency: 0.8246364047
SFC+Painter ratio: 1.350878587
 Final SFC+Painter time: 0.000130443

Painter+Knapsack previous efficiency: 0.6193957982
Painter+Knapsack ratio: 1.218892693
 Final painter+Knapsack_Combined time: 0.000151672
Run 16
File weights 51 and ranks 51
Original previous efficiency: 0.6724337315
Original efficiency: 0.8006639464
Original ratio: 1.190695691
Knapsack previous efficiency: 0.6724337315
Knapsack ratio: 1.312050521
 Final Knapsack time: 7.3587e-05

Karmarkar-Karp previous efficiency: 0.6724337315
Karmarkar-Karp ratio: 1.312050521
 Final Karmarkar-Karp time: 0.006649009

SFC previous efficiency: 0.562269641
 Time take to run this function: 3.7e-07
SFC ratio: 1.16102367
 Final SFC time: 5.8299e-05

SFC+Knapsack previous efficiency: 0.7937964276
SFC + Knapsack ratio: 0.9525470406
 Final SFC+Knapsack_Combined time: 9.3965e-05

SFC+Painter previous efficiency: 0.5677618224
SFC+painterPartition efficiency: 0.8225624276
SFC+Painter ratio: 1.448780801
 Final SFC+Painter time: 0.000128109

Painter+Knapsack previous efficiency: 0.5727920258
Painter+Knapsack ratio: 1.320075008
 Final painter+Knapsack_Combined time: 0.000151623
Run 17
File weights 51 and ranks 51
Original previous efficiency: 0.6470987825
Original efficiency: 0.8711491186
Original ratio: 1.346238228
Knapsack previous efficiency: 0.6470987825
Knapsack ratio: 1.36187658
 Final Knapsack time: 7.503e-05

Karmarkar-Karp previous efficiency: 0.6470987825
Karmarkar-Karp ratio: 1.36187658
 Final Karmarkar-Karp time: 0.006638419

SFC previous efficiency: 0.517019138
 Time take to run this function: 4.3e-07
SFC ratio: 1.253971235
 Final SFC time: 5.7748e-05

SFC+Knapsack previous efficiency: 0.7950775799
SFC + Knapsack ratio: 0.9801017333
 Final SFC+Knapsack_Combined time: 9.4586e-05

SFC+Painter previous efficiency: 0.8155513894
SFC+painterPartition efficiency: 0.8245920644
SFC+Painter ratio: 1.011085353
 Final SFC+Painter time: 0.000132828

Painter+Knapsack previous efficiency: 0.5365257973
Painter+Knapsack ratio: 1.45241276
 Final painter+Knapsack_Combined time: 0.000152053
Run 18
File weights 51 and ranks 51
Original previous efficiency: 0.6466583148
Original efficiency: 0.8656698169
Original ratio: 1.338681955
Knapsack previous efficiency: 0.6466583148
Knapsack ratio: 1.362236881
 Final Knapsack time: 7.4859e-05

Karmarkar-Karp previous efficiency: 0.6466583148
Karmarkar-Karp ratio: 1.362236881
 Final Karmarkar-Karp time: 0.006362524

SFC previous efficiency: 0.5163319031
 Time take to run this function: 3.71e-07
SFC ratio: 1.26734178
 Final SFC time: 5.6315e-05

SFC+Knapsack previous efficiency: 0.7782607678
SFC + Knapsack ratio: 0.9908880534
 Final SFC+Knapsack_Combined time: 9.2062e-05

SFC+Painter previous efficiency: 0.7931401536
SFC+painterPartition efficiency: 0.8221006683
SFC+Painter ratio: 1.036513742
 Final SFC+Painter time: 0.000125073

Painter+Knapsack previous efficiency: 0.7711692973
Painter+Knapsack ratio: 1.037802954
 Final painter+Knapsack_Combined time: 0.000147986
Run 19
File weights 51 and ranks 51
Original previous efficiency: 0.6517254173
Original efficiency: 0.8036612509
Original ratio: 1.233128599
Knapsack previous efficiency: 0.6517254173
Knapsack ratio: 1.354532328
 Final Knapsack time: 7.3117e-05

Karmarkar-Karp previous efficiency: 0.6517254173
Karmarkar-Karp ratio: 1.354532328
 Final Karmarkar-Karp time: 0.00640325

SFC previous efficiency: 0.5323574585
 Time take to run this function: 3.61e-07
SFC ratio: 1.213073491
 Final SFC time: 5.6596e-05

SFC+Knapsack previous efficiency: 0.7472333415
SFC + Knapsack ratio: 1.013587327
 Final SFC+Knapsack_Combined time: 9.2111e-05

SFC+Painter previous efficiency: 0.7271063633
SFC+painterPartition efficiency: 0.8198543462
SFC+Painter ratio: 1.127557655
 Final SFC+Painter time: 0.000109263

Painter+Knapsack previous efficiency: 0.757386245
Painter+Knapsack ratio: 1.028628649
 Final painter+Knapsack_Combined time: 0.000153085
Run 20
File weights 51 and ranks 51
Original previous efficiency: 0.6481271613
Original efficiency: 0.7561760264
Original ratio: 1.166709361
Knapsack previous efficiency: 0.6481271613
Knapsack ratio: 1.364631351
 Final Knapsack time: 7.4268e-05

Karmarkar-Karp previous efficiency: 0.6481271613
Karmarkar-Karp ratio: 1.364631351
 Final Karmarkar-Karp time: 0.006398862

SFC previous efficiency: 0.5422561204
 Time take to run this function: 3.8e-07
SFC ratio: 1.151822247
 Final SFC time: 5.7658e-05

SFC+Knapsack previous efficiency: 0.7155446365
SFC + Knapsack ratio: 0.9899129135
 Final SFC+Knapsack_Combined time: 9.2472e-05

SFC+Painter previous efficiency: 0.6389282563
SFC+painterPartition efficiency: 0.8242074712
SFC+Painter ratio: 1.289984381
 Final SFC+Painter time: 0.000126325

Painter+Knapsack previous efficiency: 0.7083268758
Painter+Knapsack ratio: 1.029536585
 Final painter+Knapsack_Combined time: 0.00015028
Run 21
File weights 51 and ranks 51
Original previous efficiency: 0.6634290397
Original efficiency: 0.8708354239
Original ratio: 1.312627835
Knapsack previous efficiency: 0.6634290397
Knapsack ratio: 1.328343441
 Final Knapsack time: 7.3988e-05

Karmarkar-Karp previous efficiency: 0.6634290397
Karmarkar-Karp ratio: 1.328343441
 Final Karmarkar-Karp time: 0.006291903

SFC previous efficiency: 0.5572687722
 Time take to run this function: 3.91e-07
SFC ratio: 1.125446739
 Final SFC time: 5.7547e-05

SFC+Knapsack previous efficiency: 0.6857162639
SFC + Knapsack ratio: 1.068104307
 Final SFC+Knapsack_Combined time: 9.1992e-05

SFC+Painter previous efficiency: 0.5940977717
SFC+painterPartition efficiency: 0.8192860033
SFC+Painter ratio: 1.379042377
 Final SFC+Painter time: 0.000127358

Painter+Knapsack previous efficiency: 0.6882257339
Painter+Knapsack ratio: 1.014506977
 Final painter+Knapsack_Combined time: 0.000154468
Run 22
File weights 51 and ranks 51
Original previous efficiency: 0.6767499639
Original efficiency: 0.8717737285
Original ratio: 1.288176986
Knapsack previous efficiency: 0.6767499639
Knapsack ratio: 1.302638536
 Final Knapsack time: 7.7104e-05

Karmarkar-Karp previous efficiency: 0.6767499639
Karmarkar-Karp ratio: 1.302638536
 Final Karmarkar-Karp time: 0.006422887

SFC previous efficiency: 0.546018038
 Time take to run this function: 3.81e-07
SFC ratio: 1.147254229
 Final SFC time: 5.6505e-05

SFC+Knapsack previous efficiency: 0.6739750522
SFC + Knapsack ratio: 1.008959871
 Final SFC+Knapsack_Combined time: 9.2753e-05

SFC+Painter previous efficiency: 0.5772603364
SFC+painterPartition efficiency: 0.8232765343
SFC+Painter ratio: 1.426178939
 Final SFC+Painter time: 0.000122529

Painter+Knapsack previous efficiency: 0.6771616655
Painter+Knapsack ratio: 1.004211869
 Final painter+Knapsack_Combined time: 0.000145281
Run 23
File weights 51 and ranks 51
Original previous efficiency: 0.6991786624
Original efficiency: 0.8709655961
Original ratio: 1.245698193
Knapsack previous efficiency: 0.6991786624
Knapsack ratio: 1.26279475
 Final Knapsack time: 7.6182e-05

Karmarkar-Karp previous efficiency: 0.6991786624
Karmarkar-Karp ratio: 1.26279475
 Final Karmarkar-Karp time: 0.006684594

SFC previous efficiency: 0.5402220619
 Time take to run this function: 3.81e-07
SFC ratio: 1.15113786
 Final SFC time: 5.8489e-05

SFC+Knapsack previous efficiency: 0.6715921568
SFC + Knapsack ratio: 0.9993698183
 Final SFC+Knapsack_Combined time: 0.000103733

SFC+Painter previous efficiency: 0.7888558346
SFC+painterPartition efficiency: 0.8231589825
SFC+Painter ratio: 1.043484685
 Final SFC+Painter time: 0.000121776

Painter+Knapsack previous efficiency: 0.6746033249
Painter+Knapsack ratio: 0.9949090184
 Final painter+Knapsack_Combined time: 0.000154688
Run 24
File weights 51 and ranks 51
Original previous efficiency: 0.6866341469
Original efficiency: 0.8321759082
Original ratio: 1.21196406
Knapsack previous efficiency: 0.6866341469
Knapsack ratio: 1.28387308
 Final Knapsack time: 7.525e-05

Karmarkar-Karp previous efficiency: 0.6866341469
Karmarkar-Karp ratio: 1.28387308
 Final Karmarkar-Karp time: 0.006408459

SFC previous efficiency: 0.5488850651
 Time take to run this function: 4.210000001e-07
SFC ratio: 1.077131236
 Final SFC time: 5.7798e-05

SFC+Knapsack previous efficiency: 0.6406211435
SFC + Knapsack ratio: 1.069318116
 Final SFC+Knapsack_Combined time: 9.2703e-05

SFC+Painter previous efficiency: 0.8149897677
SFC+painterPartition efficiency: 0.821458175
SFC+Painter ratio: 1.007936796
 Final SFC+Painter time: 0.000126515

Painter+Knapsack previous efficiency: 0.6429752651
Painter+Knapsack ratio: 1.065403028
 Final painter+Knapsack_Combined time: 0.000149819
Run 25
File weights 51 and ranks 51
Original previous efficiency: 0.6529664814
Original efficiency: 0.7897067712
Original ratio: 1.20941395
Knapsack previous efficiency: 0.6529664814
Knapsack ratio: 1.352693372
 Final Knapsack time: 7.5311e-05

Karmarkar-Karp previous efficiency: 0.6529664814
Karmarkar-Karp ratio: 1.352693372
 Final Karmarkar-Karp time: 0.006512594

SFC previous efficiency: 0.5471460657
 Time take to run this function: 3.5e-07
SFC ratio: 1
 Final SFC time: 5.7617e-05

SFC+Knapsack previous efficiency: 0.614472818
SFC + Knapsack ratio: 1.179436706
 Final SFC+Knapsack_Combined time: 9.2392e-05

SFC+Painter previous efficiency: 0.8096455533
SFC+painterPartition efficiency: 0.8220744764
SFC+Painter ratio: 1.015351067
 Final SFC+Painter time: 0.000124112

Painter+Knapsack previous efficiency: 0.5994605855
Painter+Knapsack ratio: 1.216680655
 Final painter+Knapsack_Combined time: 0.000149728
Run 26
File weights 51 and ranks 51
Original previous efficiency: 0.6599376561
Original efficiency: 0.8725141437
Original ratio: 1.322116015
Knapsack previous efficiency: 0.6599376561
Knapsack ratio: 1.335284408
 Final Knapsack time: 7.4449e-05

Karmarkar-Karp previous efficiency: 0.6599376561
Karmarkar-Karp ratio: 1.335284408
 Final Karmarkar-Karp time: 0.006482439

SFC previous efficiency: 0.5326216122
 Time take to run this function: 3.9e-07
SFC ratio: 1
 Final SFC time: 5.8008e-05

SFC+Knapsack previous efficiency: 0.6173628299
SFC + Knapsack ratio: 1.161614131
 Final SFC+Knapsack_Combined time: 9.2011e-05

SFC+Painter previous efficiency: 0.7971067918
SFC+painterPartition efficiency: 0.8239437346
SFC+Painter ratio: 1.033667939
 Final SFC+Painter time: 0.000110636

Painter+Knapsack previous efficiency: 0.5591552373
Painter+Knapsack ratio: 1.351124268
 Final painter+Knapsack_Combined time: 0.000152985
Run 27
File weights 51 and ranks 51
Original previous efficiency: 0.6501820053
Original efficiency: 0.8396413663
Original ratio: 1.291394347
Knapsack previous efficiency: 0.6501820053
Knapsack ratio: 1.357687223
 Final Knapsack time: 7.4899e-05

Karmarkar-Karp previous efficiency: 0.6501820053
Karmarkar-Karp ratio: 1.357687223
 Final Karmarkar-Karp time: 0.006528092

SFC previous efficiency: 0.5240472798
 Time take to run this function: 3.81e-07
SFC ratio: 1.261491277
 Final SFC time: 5.7207e-05

SFC+Knapsack previous efficiency: 0.6107943258
SFC + Knapsack ratio: 1.18190636
 Final SFC+Knapsack_Combined time: 9.2061e-05

SFC+Painter previous efficiency: 0.7732971574
SFC+painterPartition efficiency: 0.8175162368
SFC+Painter ratio: 1.057182519
 Final SFC+Painter time: 0.000124041

Painter+Knapsack previous efficiency: 0.5275394852
Painter+Knapsack ratio: 1.368431593
 Final painter+Knapsack_Combined time: 0.000148106
Run 28
File weights 51 and ranks 51
Original previous efficiency: 0.6401084713
Original efficiency: 0.7952793496
Original ratio: 1.242413412
Knapsack previous efficiency: 0.6401084713
Knapsack ratio: 1.37824465
 Final Knapsack time: 7.6472e-05

Karmarkar-Karp previous efficiency: 0.6401084713
Karmarkar-Karp ratio: 1.37824465
 Final Karmarkar-Karp time: 0.006471457

SFC previous efficiency: 0.533961851
 Time take to run this function: 4.01e-07
SFC ratio: 1.286459542
 Final SFC time: 5.6525e-05

SFC+Knapsack previous efficiency: 0.6260368704
SFC + Knapsack ratio: 1.262098182
 Final SFC+Knapsack_Combined time: 9.3244e-05

SFC+Painter previous efficiency: 0.6902317146
SFC+painterPartition efficiency: 0.8167100449
SFC+Painter ratio: 1.183240393
 Final SFC+Painter time: 0.000126907

Painter+Knapsack previous efficiency: 0.522879943
Painter+Knapsack ratio: 1.418012277
 Final painter+Knapsack_Combined time: 0.000150701
Run 29
File weights 51 and ranks 51
Original previous efficiency: 0.6418623697
Original efficiency: 0.8765679608
Original ratio: 1.365663423
Knapsack previous efficiency: 0.6418623697
Knapsack ratio: 1.376627835
 Final Knapsack time: 7.4979e-05

Karmarkar-Karp previous efficiency: 0.6418623697
Karmarkar-Karp ratio: 1.376627835
 Final Karmarkar-Karp time: 0.006511812

SFC previous efficiency: 0.5498260194
 Time take to run this function: 4.11e-07
SFC ratio: 1.160304296
 Final SFC time: 6.2716e-05

SFC+Knapsack previous efficiency: 0.6329364596
SFC + Knapsack ratio: 1.234282257
 Final SFC+Knapsack_Combined time: 9.3254e-05

SFC+Painter previous efficiency: 0.6379654924
SFC+painterPartition efficiency: 0.8158452529
SFC+Painter ratio: 1.278823483
 Final SFC+Painter time: 0.000108111

Painter+Knapsack previous efficiency: 0.7506414873
Painter+Knapsack ratio: 1.031052141
 Final painter+Knapsack_Combined time: 0.000152023
Run 30
File weights 51 and ranks 51
Original previous efficiency: 0.6460531952
Original efficiency: 0.8658318214
Original ratio: 1.340186579
Knapsack previous efficiency: 0.6460531952
Knapsack ratio: 1.36808794
 Final Knapsack time: 7.5911e-05

Karmarkar-Karp previous efficiency: 0.6460531952
Karmarkar-Karp ratio: 1.36808794
 Final Karmarkar-Karp time: 0.00648861

SFC previous efficiency: 0.5642330483
 Time take to run this function: 3.709999999e-07
SFC ratio: 1.082758378
 Final SFC time: 5.8229e-05

SFC+Knapsack previous efficiency: 0.6333445277
SFC + Knapsack ratio: 1.202352877
 Final SFC+Knapsack_Combined time: 9.2633e-05

SFC+Painter previous efficiency: 0.6109280601
SFC+painterPartition efficiency: 0.8172873486
SFC+Painter ratio: 1.337780014
 Final SFC+Painter time: 0.000126495

Painter+Knapsack previous efficiency: 0.7568618396
Painter+Knapsack ratio: 1.006132923
 Final painter+Knapsack_Combined time: 0.000149999
Run 31
File weights 51 and ranks 51
Original previous efficiency: 0.6609959662
Original efficiency: 0.8520809351
Original ratio: 1.289086437
Knapsack previous efficiency: 0.6609959662
Knapsack ratio: 1.33987838
 Final Knapsack time: 7.6192e-05

Karmarkar-Karp previous efficiency: 0.6609959662
Karmarkar-Karp ratio: 1.33987838
 Final Karmarkar-Karp time: 0.00652619

SFC previous efficiency: 0.5770489839
 Time take to run this function: 3.91e-07
SFC ratio: 1.049330291
 Final SFC time: 5.7778e-05

SFC+Knapsack previous efficiency: 0.6261074468
SFC + Knapsack ratio: 1.129588905
 Final SFC+Knapsack_Combined time: 9.3484e-05

SFC+Painter previous efficiency: 0.595885714
SFC+painterPartition efficiency: 0.8188277232
SFC+Painter ratio: 1.374135516
 Final SFC+Painter time: 0.000127448

Painter+Knapsack previous efficiency: 0.7352621748
Painter+Knapsack ratio: 1.011227425
 Final painter+Knapsack_Combined time: 0.000150821
Run 32
File weights 51 and ranks 51
Original previous efficiency: 0.6704712276
Original efficiency: 0.8356027386
Original ratio: 1.246291719
Knapsack previous efficiency: 0.6704712276
Knapsack ratio: 1.322864827
 Final Knapsack time: 7.7084e-05

Karmarkar-Karp previous efficiency: 0.6704712276
Karmarkar-Karp ratio: 1.322864827
 Final Karmarkar-Karp time: 0.006471747

SFC previous efficiency: 0.5517517833
 Time take to run this function: 3.91e-07
SFC ratio: 0.9810358521
 Final SFC time: 5.7187e-05

SFC+Knapsack previous efficiency: 0.5826321699
SFC + Knapsack ratio: 1.268575618
 Final SFC+Knapsack_Combined time: 9.3615e-05

SFC+Painter previous efficiency: 0.5412882809
SFC+painterPartition efficiency: 0.8200505706
SFC+Painter ratio: 1.514997829
 Final SFC+Painter time: 0.000140712

Painter+Knapsack previous efficiency: 0.7154511992
Painter+Knapsack ratio: 1.055782707
 Final painter+Knapsack_Combined time: 0.000153055
Run 33
File weights 51 and ranks 51
Original previous efficiency: 0.6730005587
Original efficiency: 0.8206966678
Original ratio: 1.219459118
Knapsack previous efficiency: 0.6730005587
Knapsack ratio: 1.320857881
 Final Knapsack time: 7.8266e-05

Karmarkar-Karp previous efficiency: 0.6730005587
Karmarkar-Karp ratio: 1.320857881
 Final Karmarkar-Karp time: 0.006771486

SFC previous efficiency: 0.5252550149
 Time take to run this function: 4.01e-07
SFC ratio: 1.006684209
 Final SFC time: 5.9521e-05

SFC+Knapsack previous efficiency: 0.5457327164
SFC + Knapsack ratio: 1.382607839
 Final SFC+Knapsack_Combined time: 9.5328e-05

SFC+Painter previous efficiency: 0.8188465036
SFC+painterPartition efficiency: 0.8193885905
SFC+Painter ratio: 1.000662013
 Final SFC+Painter time: 0.000125634

Painter+Knapsack previous efficiency: 0.6728470727
Painter+Knapsack ratio: 1.121405387
 Final painter+Knapsack_Combined time: 0.000151292
Run 34
File weights 51 and ranks 51
Original previous efficiency: 0.668895124
Original efficiency: 0.7894194607
Original ratio: 1.180184206
Knapsack previous efficiency: 0.668895124
Knapsack ratio: 1.336260189
 Final Knapsack time: 7.7634e-05

Karmarkar-Karp previous efficiency: 0.668895124
Karmarkar-Karp ratio: 1.336260189
 Final Karmarkar-Karp time: 0.006514277

SFC previous efficiency: 0.5001316179
 Time take to run this function: 3.8e-07
SFC ratio: 1.042395297
 Final SFC time: 5.7337e-05

SFC+Knapsack previous efficiency: 0.5319759433
SFC + Knapsack ratio: 1.446554075
 Final SFC+Knapsack_Combined time: 9.3114e-05

SFC+Painter previous efficiency: 0.8188508271
SFC+painterPartition efficiency: 0.8198697836
SFC+Painter ratio: 1.001244374
 Final SFC+Painter time: 0.000124873

Painter+Knapsack previous efficiency: 0.654867814
Painter+Knapsack ratio: 1.175095114
 Final painter+Knapsack_Combined time: 0.000150601
Run 35
File weights 51 and ranks 51
Original previous efficiency: 0.6558026914
Original efficiency: 0.8795961878
Original ratio: 1.341251262
Knapsack previous efficiency: 0.6562380515
Knapsack ratio: 1.366218747
 Final Knapsack time: 7.5771e-05

Karmarkar-Karp previous efficiency: 0.6806579816
Karmarkar-Karp ratio: 1.31720299
 Final Karmarkar-Karp time: 0.006530978

SFC previous efficiency: 0.4814589663
 Time take to run this function: 3.61e-07
SFC ratio: 1.335736942
 Final SFC time: 5.7017e-05

SFC+Knapsack previous efficiency: 0.7524808606
SFC + Knapsack ratio: 1
 Final SFC+Knapsack_Combined time: 9.3534e-05

SFC+Painter previous efficiency: 0.7950052423
SFC+painterPartition efficiency: 0.8199545435
SFC+Painter ratio: 1.031382562
 Final SFC+Painter time: 0.000122669

Painter+Knapsack previous efficiency: 0.652419767
Painter+Knapsack ratio: 1.153369194
 Final painter+Knapsack_Combined time: 0.00014976
Run 36
File weights 51 and ranks 51
Original previous efficiency: 0.6505871733
Original efficiency: 0.869244564
Original ratio: 1.336092379
Knapsack previous efficiency: 0.6509924541
Knapsack ratio: 1.379321665
 Final Knapsack time: 7.7895e-05

Karmarkar-Karp previous efficiency: 0.69186324
Karmarkar-Karp ratio: 1.297840301
 Final Karmarkar-Karp time: 0.006493478

SFC previous efficiency: 0.4686716469
 Time take to run this function: 3.61e-07
SFC ratio: 1.414810988
 Final SFC time: 5.6806e-05

SFC+Knapsack previous efficiency: 0.7420794861
SFC + Knapsack ratio: 1.032839185
 Final SFC+Knapsack_Combined time: 9.2733e-05

SFC+Painter previous efficiency: 0.721207703
SFC+painterPartition efficiency: 0.8166947865
SFC+Painter ratio: 1.132398868
 Final SFC+Painter time: 0.000123931

Painter+Knapsack previous efficiency: 0.6468961136
Painter+Knapsack ratio: 1.186549995
 Final painter+Knapsack_Combined time: 0.000150841
Run 37
File weights 51 and ranks 51
Original previous efficiency: 0.6471353689
Original efficiency: 0.8343190732
Original ratio: 1.289249689
Knapsack previous efficiency: 0.6475664014
Knapsack ratio: 1.387643526
 Final Knapsack time: 7.6894e-05

Karmarkar-Karp previous efficiency: 0.6578237585
Karmarkar-Karp ratio: 1.366006188
 Final Karmarkar-Karp time: 0.006509538

SFC previous efficiency: 0.668083926
 Time take to run this function: 3.710000001e-07
SFC ratio: 1.009429458
 Final SFC time: 5.6525e-05

SFC+Knapsack previous efficiency: 0.7299728688
SFC + Knapsack ratio: 1.059079118
 Final SFC+Knapsack_Combined time: 9.1561e-05

SFC+Painter previous efficiency: 0.6710635304
SFC+painterPartition efficiency: 0.8098111483
SFC+Painter ratio: 1.206757798
 Final SFC+Painter time: 0.00012377

Painter+Knapsack previous efficiency: 0.6285354318
Painter+Knapsack ratio: 1.166877967
 Final painter+Knapsack_Combined time: 0.00015046
Run 38
File weights 51 and ranks 51
Original previous efficiency: 0.6339931001
Original efficiency: 0.8082108061
Original ratio: 1.274794325
Knapsack previous efficiency: 0.6339931001
Knapsack ratio: 1.425018328
 Final Knapsack time: 7.6784e-05

Karmarkar-Karp previous efficiency: 0.6339931001
Karmarkar-Karp ratio: 1.425018328
 Final Karmarkar-Karp time: 0.006463563

SFC previous efficiency: 0.6605281347
 Time take to run this function: 3.709999999e-07
SFC ratio: 0.9112448452
 Final SFC time: 5.7257e-05

SFC+Knapsack previous efficiency: 0.6891885203
SFC + Knapsack ratio: 1.074276861
 Final SFC+Knapsack_Combined time: 9.2142e-05

SFC+Painter previous efficiency: 0.6355588921
SFC+painterPartition efficiency: 0.7986496827
SFC+Painter ratio: 1.256610037
 Final SFC+Painter time: 0.000128329

Painter+Knapsack previous efficiency: 0.6258191956
Painter+Knapsack ratio: 1.101258199
 Final painter+Knapsack_Combined time: 0.000151522
Run 39
File weights 51 and ranks 51
Original previous efficiency: 0.611481464
Original efficiency: 0.8834237915
Original ratio: 1.444727017
Knapsack previous efficiency: 0.8834237915
Knapsack ratio: 1.019936796
 Final Knapsack time: 7.7474e-05

Karmarkar-Karp previous efficiency: 0.8834237915
Karmarkar-Karp ratio: 1.019936796
 Final Karmarkar-Karp time: 0.006857917

SFC previous efficiency: 0.6622025439
 Time take to run this function: 4.01e-07
SFC ratio: 0.9200491212
 Final SFC time: 5.8279e-05

SFC+Knapsack previous efficiency: 0.6449865218
SFC + Knapsack ratio: 1.169466043
 Final SFC+Knapsack_Combined time: 9.5618e-05

SFC+Painter previous efficiency: 0.5941898412
SFC+painterPartition efficiency: 0.7911480521
SFC+Painter ratio: 1.331473541
 Final SFC+Painter time: 0.000119462

Painter+Knapsack previous efficiency: 0.6369053623
Painter+Knapsack ratio: 1.052876308
 Final painter+Knapsack_Combined time: 0.000152644
Run 40
File weights 51 and ranks 51
Original previous efficiency: 0.8558067139
Original efficiency: 0.8558067139
Original ratio: 1
Knapsack previous efficiency: 0.8614191387
Knapsack ratio: 1.044829442
 Final Knapsack time: 7.7354e-05

Karmarkar-Karp previous efficiency: 0.8614191387
Karmarkar-Karp ratio: 1.044829442
 Final Karmarkar-Karp time: 0.006508657

SFC previous efficiency: 0.6488301957
 Time take to run this function: 3.91e-07
SFC ratio: 0.8853812515
 Final SFC time: 5.7747e-05

SFC+Knapsack previous efficiency: 0.5928867707
SFC + Knapsack ratio: 1.255366011
 Final SFC+Knapsack_Combined time: 9.2923e-05

SFC+Painter previous efficiency: 0.5491162609
SFC+painterPartition efficiency: 0.7840748444
SFC+Painter ratio: 1.427884949
 Final SFC+Painter time: 0.000107891

Painter+Knapsack previous efficiency: 0.5928867707
Painter+Knapsack ratio: 1.190423026
 Final painter+Knapsack_Combined time: 0.000152423
Run 41
File weights 51 and ranks 51
Original previous efficiency: 0.8390550893
Original efficiency: 0.8390550893
Original ratio: 1
Knapsack previous efficiency: 0.8658965733
Knapsack ratio: 1.039075481
 Final Knapsack time: 7.7945e-05

Karmarkar-Karp previous efficiency: 0.8658965733
Karmarkar-Karp ratio: 1.039075481
 Final Karmarkar-Karp time: 0.006537751

SFC previous efficiency: 0.6116029008
 Time take to run this function: 3.709999999e-07
SFC ratio: 1.004520347
 Final SFC time: 5.7317e-05

SFC+Knapsack previous efficiency: 0.5605734806
SFC + Knapsack ratio: 1.328568019
 Final SFC+Knapsack_Combined time: 9.1601e-05

SFC+Painter previous efficiency: 0.7785997834
SFC+painterPartition efficiency: 0.7843666253
SFC+Painter ratio: 1.007406683
 Final SFC+Painter time: 0.000110236

Painter+Knapsack previous efficiency: 0.5605734806
Painter+Knapsack ratio: 1.28747688
 Final painter+Knapsack_Combined time: 0.00015025
Run 42
File weights 51 and ranks 51
Original previous efficiency: 0.8354803575
Original efficiency: 0.8354803575
Original ratio: 1
Knapsack previous efficiency: 0.8619888125
Knapsack ratio: 1.042551822
 Final Knapsack time: 7.8296e-05

Karmarkar-Karp previous efficiency: 0.8619888125
Karmarkar-Karp ratio: 1.042551822
 Final Karmarkar-Karp time: 0.006482919

SFC previous efficiency: 0.5893546706
 Time take to run this function: 3.7e-07
SFC ratio: 1.053823184
 Final SFC time: 5.6866e-05

SFC+Knapsack previous efficiency: 0.5513958044
SFC + Knapsack ratio: 1.313837365
 Final SFC+Knapsack_Combined time: 9.145e-05

SFC+Painter previous efficiency: 0.7811987287
SFC+painterPartition efficiency: 0.7897347452
SFC+Painter ratio: 1.010926818
 Final SFC+Painter time: 0.000122408

Painter+Knapsack previous efficiency: 0.5513958044
Painter+Knapsack ratio: 1.313837365
 Final painter+Knapsack_Combined time: 0.000155159
Run 43
File weights 51 and ranks 51
Original previous efficiency: 0.8358952874
Original efficiency: 0.8358952874
Original ratio: 1
Knapsack previous efficiency: 0.8471556652
Knapsack ratio: 1.061328181
 Final Knapsack time: 7.7986e-05

Karmarkar-Karp previous efficiency: 0.8471556652
Karmarkar-Karp ratio: 1.061328181
 Final Karmarkar-Karp time: 0.006568178

SFC previous efficiency: 0.5733181322
 Time take to run this function: 3.61e-07
SFC ratio: 1.039322064
 Final SFC time: 5.7457e-05

SFC+Knapsack previous efficiency: 0.5457429847
SFC + Knapsack ratio: 1.330743023
 Final SFC+Knapsack_Combined time: 9.2372e-05

SFC+Painter previous efficiency: 0.7838554818
SFC+painterPartition efficiency: 0.7863369604
SFC+Painter ratio: 1.003165735
 Final SFC+Painter time: 0.00011809

Painter+Knapsack previous efficiency: 0.5457429847
Painter+Knapsack ratio: 1.299456982
 Final painter+Knapsack_Combined time: 0.000151232
Run 44
File weights 51 and ranks 51
Original previous efficiency: 0.8326921445
Original efficiency: 0.8326921445
Original ratio: 1
Knapsack previous efficiency: 0.8339123638
Knapsack ratio: 1.08646743
 Final Knapsack time: 7.8797e-05

Karmarkar-Karp previous efficiency: 0.8339123638
Karmarkar-Karp ratio: 1.08646743
 Final Karmarkar-Karp time: 0.006749686

SFC previous efficiency: 0.5711648731
 Time take to run this function: 3.710000001e-07
SFC ratio: 1.102988833
 Final SFC time: 5.935e-05

SFC+Knapsack previous efficiency: 0.5565338693
SFC + Knapsack ratio: 1.313319911
 Final SFC+Knapsack_Combined time: 9.4857e-05

SFC+Painter previous efficiency: 0.7378219513
SFC+painterPartition efficiency: 0.7826560526
SFC+Painter ratio: 1.060765475
 Final SFC+Painter time: 0.000120665

Painter+Knapsack previous efficiency: 0.5565338693
Painter+Knapsack ratio: 1.313319911
 Final painter+Knapsack_Combined time: 0.000152083
Run 45
File weights 51 and ranks 51
Original previous efficiency: 0.7977461981
Original efficiency: 0.7977461981
Original ratio: 1
Knapsack previous efficiency: 0.7988166557
Knapsack ratio: 1.133328046
 Final Knapsack time: 7.9068e-05

Karmarkar-Karp previous efficiency: 0.7988166557
Karmarkar-Karp ratio: 1.133328046
 Final Karmarkar-Karp time: 0.006566073

SFC previous efficiency: 0.5773282283
 Time take to run this function: 3.510000001e-07
SFC ratio: 1.094958926
 Final SFC time: 5.8008e-05

SFC+Knapsack previous efficiency: 0.567739101
SFC + Knapsack ratio: 1.294057511
 Final SFC+Knapsack_Combined time: 9.3294e-05

SFC+Painter previous efficiency: 0.6998705188
SFC+painterPartition efficiency: 0.7851870441
SFC+Painter ratio: 1.121903299
 Final SFC+Painter time: 0.000124632

Painter+Knapsack previous efficiency: 0.567739101
Painter+Knapsack ratio: 1.294057511
 Final painter+Knapsack_Combined time: 0.000148597
Run 46
File weights 51 and ranks 51
Original previous efficiency: 0.8153093228
Original efficiency: 0.8974407732
Original ratio: 1.100736553
Knapsack previous efficiency: 0.8157576146
Knapsack ratio: 1.11047204
 Final Knapsack time: 7.8847e-05

Karmarkar-Karp previous efficiency: 0.8157576146
Karmarkar-Karp ratio: 1.11047204
 Final Karmarkar-Karp time: 0.006538762

SFC previous efficiency: 0.5877128764
 Time take to run this function: 3.9e-07
SFC ratio: 1.045699292
 Final SFC time: 5.7887e-05

SFC+Knapsack previous efficiency: 0.5749469805
SFC + Knapsack ratio: 1.174496341
 Final SFC+Knapsack_Combined time: 0.000140903

SFC+Painter previous efficiency: 0.6488919567
SFC+painterPartition efficiency: 0.7873439484
SFC+Painter ratio: 1.213366787
 Final SFC+Painter time: 0.000143688

Painter+Knapsack previous efficiency: 0.592155374
Painter+Knapsack ratio: 1.26949612
 Final painter+Knapsack_Combined time: 0.000149729
Run 47
File weights 51 and ranks 51
Original previous efficiency: 0.7870440715
Original efficiency: 0.8814515065
Original ratio: 1.119951904
Knapsack previous efficiency: 0.7870440715
Knapsack ratio: 1.15131448
 Final Knapsack time: 8.042e-05

Karmarkar-Karp previous efficiency: 0.7870440715
Karmarkar-Karp ratio: 1.15131448
 Final Karmarkar-Karp time: 0.006583907

SFC previous efficiency: 0.5941641734
 Time take to run this function: 3.799999999e-07
SFC ratio: 0.980825001
 Final SFC time: 5.8158e-05

SFC+Knapsack previous efficiency: 0.5873051953
SFC + Knapsack ratio: 1.199270186
 Final SFC+Knapsack_Combined time: 9.4306e-05

SFC+Painter previous efficiency: 0.5941641734
SFC+painterPartition efficiency: 0.7745538512
SFC+Painter ratio: 1.303602415
 Final SFC+Painter time: 0.000126786

Painter+Knapsack previous efficiency: 0.6048489419
Painter+Knapsack ratio: 1.242755685
 Final painter+Knapsack_Combined time: 0.000155159
Run 48
File weights 51 and ranks 51
Original previous efficiency: 0.7527822154
Original efficiency: 0.8510835815
Original ratio: 1.130584071
Knapsack previous efficiency: 0.7527822154
Knapsack ratio: 1.196004099
 Final Knapsack time: 7.9588e-05

Karmarkar-Karp previous efficiency: 0.7527822154
Karmarkar-Karp ratio: 1.196004099
 Final Karmarkar-Karp time: 0.006513736

SFC previous efficiency: 0.5604704648
 Time take to run this function: 3.7e-07
SFC ratio: 1.076201588
 Final SFC time: 5.7848e-05

SFC+Knapsack previous efficiency: 0.5939212229
SFC + Knapsack ratio: 1.230757202
 Final SFC+Knapsack_Combined time: 9.2232e-05

SFC+Painter previous efficiency: 0.5604704648
SFC+painterPartition efficiency: 0.7751770355
SFC+Painter ratio: 1.383082757
 Final SFC+Painter time: 0.000124552

Painter+Knapsack previous efficiency: 0.6055182626
Painter+Knapsack ratio: 1.223932182
 Final painter+Knapsack_Combined time: 0.000151853
Run 49
File weights 51 and ranks 51
Original previous efficiency: 0.7397250868
Original efficiency: 0.8360306321
Original ratio: 1.130190995
Knapsack previous efficiency: 0.7397250868
Knapsack ratio: 1.217488651
 Final Knapsack time: 7.8897e-05

Karmarkar-Karp previous efficiency: 0.7397250868
Karmarkar-Karp ratio: 1.217488651
 Final Karmarkar-Karp time: 0.006502976

SFC previous efficiency: 0.5493094817
 Time take to run this function: 4.01e-07
SFC ratio: 1.155379503
 Final SFC time: 5.7648e-05

SFC+Knapsack previous efficiency: 0.5815873146
SFC + Knapsack ratio: 1.267984147
 Final SFC+Knapsack_Combined time: 9.2181e-05

SFC+Painter previous efficiency: 0.5493094817
SFC+painterPartition efficiency: 0.7667934257
SFC+Painter ratio: 1.395922429
 Final SFC+Painter time: 0.000124482

Painter+Knapsack previous efficiency: 0.5780651647
Painter+Knapsack ratio: 1.275709972
 Final painter+Knapsack_Combined time: 0.000151182
Run 50
File weights 51 and ranks 51
Original previous efficiency: 0.7377528146
Original efficiency: 0.8169389791
Original ratio: 1.107334276
Knapsack previous efficiency: 0.7377528146
Knapsack ratio: 1.224364041
 Final Knapsack time: 7.8807e-05

Karmarkar-Karp previous efficiency: 0.7377528146
Karmarkar-Karp ratio: 1.224364041
 Final Karmarkar-Karp time: 0.006530257

SFC previous efficiency: 0.5421447882
 Time take to run this function: 3.709999999e-07
SFC ratio: 1.195938802
 Final SFC time: 5.7316e-05

SFC+Knapsack previous efficiency: 0.5686214179
SFC + Knapsack ratio: 1.290845391
 Final SFC+Knapsack_Combined time: 9.2252e-05

SFC+Painter previous efficiency: 0.5421447882
SFC+painterPartition efficiency: 0.784499602
SFC+Painter ratio: 1.447029685
 Final SFC+Painter time: 0.000124001

Painter+Knapsack previous efficiency: 0.563465634
Painter+Knapsack ratio: 1.308868559
 Final painter+Knapsack_Combined time: 0.000151583


TinyProfiler total time across processes [min...avg...max]: 0.5916 ... 0.5916 ... 0.5916

-------------------------------------------------------------------------------------
Name                                  NCalls  Excl. Min  Excl. Avg  Excl. Max   Max %
-------------------------------------------------------------------------------------
kk()                                      51     0.3306     0.3306     0.3306  55.88%
painterPartition()                       102    0.01056    0.01056    0.01056   1.79%
knapsack()                              2499   0.006823   0.006823   0.006823   1.15%
SFCProcessorMapDoIt()                     51   0.002332   0.002332   0.002332   0.39%
SFCProcessorMapDoItCombined()             51   0.002291   0.002291   0.002291   0.39%
SFCProcessorMapDoItCombinedPainter()      51   0.001247   0.001247   0.001247   0.21%
Distribute()                             102    0.00077    0.00077    0.00077   0.13%
KnapSackDoIt()                            51  0.0006293  0.0006293  0.0006293   0.11%
KKDoIt()                                  51  0.0006237  0.0006237  0.0006237   0.11%
knapsack()swap                          1594  0.0001671  0.0001671  0.0001671   0.03%
-------------------------------------------------------------------------------------

-------------------------------------------------------------------------------------
Name                                  NCalls  Incl. Min  Incl. Avg  Incl. Max   Max %
-------------------------------------------------------------------------------------
KKDoIt()                                  51     0.3312     0.3312     0.3312  55.98%
kk()                                      51     0.3306     0.3306     0.3306  55.88%
painterPartition()                       102    0.01056    0.01056    0.01056   1.79%
SFCProcessorMapDoItCombinedPainter()      51   0.007525   0.007525   0.007525   1.27%
knapsack()                              2499    0.00699    0.00699    0.00699   1.18%
SFCProcessorMapDoItCombined()             51   0.004582   0.004582   0.004582   0.77%
KnapSackDoIt()                            51    0.00377    0.00377    0.00377   0.64%
SFCProcessorMapDoIt()                     51   0.002819   0.002819   0.002819   0.48%
Distribute()                             102    0.00077    0.00077    0.00077   0.13%
knapsack()swap                          1594  0.0001671  0.0001671  0.0001671   0.03%
-------------------------------------------------------------------------------------

Pinned Memory Usage:
---------------------------------------------------------------
Name                            Nalloc  Nfree  AvgMem    MaxMem
---------------------------------------------------------------
The_Pinned_Arena::Initialize()       1      1  45 KiB  8192 KiB
---------------------------------------------------------------

AMReX (25.06-22-g1d307c2c661a) finalized
