Initializing AMReX (25.06-22-g1d307c2c661a)...
OMP initialized with 256 OMP threads
AMReX (25.06-22-g1d307c2c661a) initialized
Starting running input_laser_ion running with 6 nodes and 4 ranks per node.
Total steps: 5000, intervals: 100 = 50 runs
Reading precomputed weights and ranks from file: /global/homes/j/jessd/lb_extractor/lb_inputs/imp_40/laser_ion_16_boxes_24_ranks_timers_40_lb_data.txt
/global/homes/j/jessd/lb_extractor/lb_inputs/imp_40/laser_ion_16_boxes_24_ranks_timers_40_lb_data.txt
Run 0: Weights size: 435
Run 1: Weights size: 435
Run 2: Weights size: 435
Run 3: Weights size: 435
Run 4: Weights size: 435
Run 5: Weights size: 435
Run 6: Weights size: 435
Run 7: Weights size: 435
Run 8: Weights size: 435
Run 9: Weights size: 435
Run 10: Weights size: 435
Run 11: Weights size: 435
Run 12: Weights size: 435
Run 13: Weights size: 435
Run 14: Weights size: 435
Run 15: Weights size: 435
Run 16: Weights size: 435
Run 17: Weights size: 435
Run 18: Weights size: 435
Run 19: Weights size: 435
Run 20: Weights size: 435
Run 21: Weights size: 435
Run 22: Weights size: 435
Run 23: Weights size: 435
Run 24: Weights size: 435
Run 25: Weights size: 435
Run 26: Weights size: 435
Run 27: Weights size: 435
Run 28: Weights size: 435
Run 29: Weights size: 435
Run 30: Weights size: 435
Run 31: Weights size: 435
Run 32: Weights size: 435
Run 33: Weights size: 435
Run 34: Weights size: 435
Run 35: Weights size: 435
Run 36: Weights size: 435
Run 37: Weights size: 435
Run 38: Weights size: 435
Run 39: Weights size: 435
Run 40: Weights size: 435
Run 41: Weights size: 435
Run 42: Weights size: 435
Run 43: Weights size: 435
Run 44: Weights size: 435
Run 45: Weights size: 435
Run 46: Weights size: 435
Run 47: Weights size: 435
Run 48: Weights size: 435
Run 49: Weights size: 435
Run 50: Weights size: 435
Run 0
File weights 51 and ranks 51
Original efficiency: 0.6836648685
Original ratio: inf
Knapsack ratio: inf
 Final Knapsack time: 7.6031e-05

Karmarkar-Karp ratio: inf
 Final Karmarkar-Karp time: 0.002175203

 Time take to run this function: 5.01e-07
SFC ratio: inf
 Final SFC time: 5.9962e-05

SFC + Knapsack ratio: inf
 Final SFC+Knapsack_Combined time: 8.4477e-05

SFC+painterPartition efficiency: 0.7589474061
SFC+Painter ratio: inf
 Final SFC+Painter time: 0.000127557

Painter+Knapsack ratio: inf
 Final painter+Knapsack_Combined time: 0.000122729
Run 1
File weights 51 and ranks 51
Original previous efficiency: 0.3807560633
Original efficiency: 0.3807560633
Original ratio: 1
Knapsack previous efficiency: 0.5681018323
Knapsack ratio: 1.750000486
 Final Knapsack time: 5.1246e-05

Karmarkar-Karp previous efficiency: 0.5681018323
Karmarkar-Karp ratio: 1.757392291
 Final Karmarkar-Karp time: 0.001031251

SFC previous efficiency: 0.2680544581
 Time take to run this function: 3.8e-07
SFC ratio: 3.53346881
 Final SFC time: 4.5635e-05

SFC+Knapsack previous efficiency: 0.2537070623
SFC + Knapsack ratio: 3.73200163
 Final SFC+Knapsack_Combined time: 6.8658e-05

SFC+Painter previous efficiency: 0.3010712185
SFC+painterPartition efficiency: 0.9551858687
SFC+Painter ratio: 3.172624316
 Final SFC+Painter time: 0.000103883

Painter+Knapsack previous efficiency: 0.2537070623
Painter+Knapsack ratio: 3.732487099
 Final painter+Knapsack_Combined time: 0.0001182
Run 2
File weights 51 and ranks 51
Original previous efficiency: 0.3705463722
Original efficiency: 0.9666283429
Original ratio: 2.608656879
Knapsack previous efficiency: 0.9666283429
Knapsack ratio: 1.030339952
 Final Knapsack time: 4.9923e-05

Karmarkar-Karp previous efficiency: 0.9623396071
Karmarkar-Karp ratio: 1.036972643
 Final Karmarkar-Karp time: 0.001008348

SFC previous efficiency: 0.910212629
 Time take to run this function: 3.21e-07
SFC ratio: 1.014370807
 Final SFC time: 4.5014e-05

SFC+Knapsack previous efficiency: 0.8822269222
SFC + Knapsack ratio: 1.058091514
 Final SFC+Knapsack_Combined time: 6.6915e-05

SFC+Painter previous efficiency: 0.910212629
SFC+painterPartition efficiency: 0.9349289627
SFC+Painter ratio: 1.027154461
 Final SFC+Painter time: 0.000100627

Painter+Knapsack previous efficiency: 0.8830404753
Painter+Knapsack ratio: 1.057116685
 Final painter+Knapsack_Combined time: 0.000114734
Run 3
File weights 51 and ranks 51
Original previous efficiency: 0.9639857944
Original efficiency: 0.9639857944
Original ratio: 1
Knapsack previous efficiency: 0.9639857944
Knapsack ratio: 1.031373091
 Final Knapsack time: 4.9593e-05

Karmarkar-Karp previous efficiency: 0.9693528367
Karmarkar-Karp ratio: 1.031343488
 Final Karmarkar-Karp time: 0.00113227

SFC previous efficiency: 0.9051207288
 Time take to run this function: 4.01e-07
SFC ratio: 1.009915507
 Final SFC time: 5.912e-05

SFC+Knapsack previous efficiency: 0.8937450252
SFC + Knapsack ratio: 1.040142114
 Final SFC+Knapsack_Combined time: 6.8968e-05

SFC+Painter previous efficiency: 0.9051207288
SFC+painterPartition efficiency: 0.9299897978
SFC+Painter ratio: 1.027475969
 Final SFC+Painter time: 0.000115335

Painter+Knapsack previous efficiency: 0.8929305293
Painter+Knapsack ratio: 1.04109089
 Final painter+Knapsack_Combined time: 0.000177611
Run 4
File weights 51 and ranks 51
Original previous efficiency: 0.95510982
Original efficiency: 0.95510982
Original ratio: 1
Knapsack previous efficiency: 0.95510982
Knapsack ratio: 1.040679354
 Final Knapsack time: 5.1717e-05

Karmarkar-Karp previous efficiency: 0.9703167904
Karmarkar-Karp ratio: 1.028609825
 Final Karmarkar-Karp time: 0.000949619

SFC previous efficiency: 0.8975521664
 Time take to run this function: 3.41e-07
SFC ratio: 1.020145117
 Final SFC time: 4.4342e-05

SFC+Knapsack previous efficiency: 0.8863215122
SFC + Knapsack ratio: 1.052283639
 Final SFC+Knapsack_Combined time: 6.7555e-05

SFC+Painter previous efficiency: 0.8975521664
SFC+painterPartition efficiency: 0.9337480468
SFC+Painter ratio: 1.040327328
 Final SFC+Painter time: 0.000101349

Painter+Knapsack previous efficiency: 0.8866499803
Painter+Knapsack ratio: 1.052345689
 Final painter+Knapsack_Combined time: 0.00011783
Run 5
File weights 51 and ranks 51
Original previous efficiency: 0.9542877974
Original efficiency: 0.9542877974
Original ratio: 1
Knapsack previous efficiency: 0.9542877974
Knapsack ratio: 1.040463837
 Final Knapsack time: 5.0164e-05

Karmarkar-Karp previous efficiency: 0.9686898264
Karmarkar-Karp ratio: 1.028439074
 Final Karmarkar-Karp time: 0.001805454

SFC previous efficiency: 0.8932798938
 Time take to run this function: 5.91e-07
SFC ratio: 1.023447436
 Final SFC time: 9.4115e-05

SFC+Knapsack previous efficiency: 0.8792814501
SFC + Knapsack ratio: 1.052965347
 Final SFC+Knapsack_Combined time: 0.000130934

SFC+Painter previous efficiency: 0.8932798938
SFC+painterPartition efficiency: 0.9360509245
SFC+Painter ratio: 1.047880884
 Final SFC+Painter time: 0.000235829

Painter+Knapsack previous efficiency: 0.8793655034
Painter+Knapsack ratio: 1.065218505
 Final painter+Knapsack_Combined time: 0.000192669
Run 6
File weights 51 and ranks 51
Original previous efficiency: 0.94787085
Original efficiency: 0.94787085
Original ratio: 1
Knapsack previous efficiency: 0.94787085
Knapsack ratio: 1.047454922
 Final Knapsack time: 5.2969e-05

Karmarkar-Karp previous efficiency: 0.9677512873
Karmarkar-Karp ratio: 1.030477754
 Final Karmarkar-Karp time: 0.001235291

SFC previous efficiency: 0.8907934442
 Time take to run this function: 5.31e-07
SFC ratio: 1.029050706
 Final SFC time: 6.453e-05

SFC+Knapsack previous efficiency: 0.8750612663
SFC + Knapsack ratio: 1.071855173
 Final SFC+Knapsack_Combined time: 7.7003e-05

SFC+Painter previous efficiency: 0.8907934442
SFC+painterPartition efficiency: 0.9377530398
SFC+Painter ratio: 1.052716593
 Final SFC+Painter time: 0.000120103

Painter+Knapsack previous efficiency: 0.8753661314
Painter+Knapsack ratio: 1.072126029
 Final painter+Knapsack_Combined time: 0.000118782
Run 7
File weights 51 and ranks 51
Original previous efficiency: 0.9444243417
Original efficiency: 0.9444243417
Original ratio: 1
Knapsack previous efficiency: 0.9444243417
Knapsack ratio: 1.052813704
 Final Knapsack time: 5.1205e-05

Karmarkar-Karp previous efficiency: 0.9636704444
Karmarkar-Karp ratio: 1.036042218
 Final Karmarkar-Karp time: 0.001295904

SFC previous efficiency: 0.8879524823
 Time take to run this function: 9.02e-07
SFC ratio: 1.031862578
 Final SFC time: 5.921e-05

SFC+Knapsack previous efficiency: 0.8717476891
SFC + Knapsack ratio: 1.076671209
 Final SFC+Knapsack_Combined time: 7.016e-05

SFC+Painter previous efficiency: 0.8879524823
SFC+painterPartition efficiency: 0.9379467188
SFC+Painter ratio: 1.056302829
 Final SFC+Painter time: 0.000124632

Painter+Knapsack previous efficiency: 0.8716515944
Painter+Knapsack ratio: 1.077171428
 Final painter+Knapsack_Combined time: 0.000139741
Run 8
File weights 51 and ranks 51
Original previous efficiency: 0.9460711233
Original efficiency: 0.9460711233
Original ratio: 1
Knapsack previous efficiency: 0.9460711233
Knapsack ratio: 1.050893288
 Final Knapsack time: 5.1386e-05

Karmarkar-Karp previous efficiency: 0.9581788852
Karmarkar-Karp ratio: 1.039786444
 Final Karmarkar-Karp time: 0.00095512

SFC previous efficiency: 0.8806404775
 Time take to run this function: 3.61e-07
SFC ratio: 1.038054194
 Final SFC time: 4.4273e-05

SFC+Knapsack previous efficiency: 0.8685491572
SFC + Knapsack ratio: 1.082907854
 Final SFC+Knapsack_Combined time: 6.7776e-05

SFC+Painter previous efficiency: 0.8806404775
SFC+painterPartition efficiency: 0.9404211799
SFC+Painter ratio: 1.06788321
 Final SFC+Painter time: 9.8374e-05

Painter+Knapsack previous efficiency: 0.8681636513
Painter+Knapsack ratio: 1.083715784
 Final painter+Knapsack_Combined time: 0.000115265
Run 9
File weights 51 and ranks 51
Original previous efficiency: 0.9434541151
Original efficiency: 0.9434541151
Original ratio: 1
Knapsack previous efficiency: 0.9434541151
Knapsack ratio: 1.052488951
 Final Knapsack time: 5.1406e-05

Karmarkar-Karp previous efficiency: 0.9573812297
Karmarkar-Karp ratio: 1.040516954
 Final Karmarkar-Karp time: 0.00094491

SFC previous efficiency: 0.8751054009
 Time take to run this function: 3.200000001e-07
SFC ratio: 1.021607357
 Final SFC time: 4.3652e-05

SFC+Knapsack previous efficiency: 0.8632023813
SFC + Knapsack ratio: 1.089644436
 Final SFC+Knapsack_Combined time: 6.4921e-05

SFC+Painter previous efficiency: 0.8751054009
SFC+painterPartition efficiency: 0.9403704194
SFC+Painter ratio: 1.074579609
 Final SFC+Painter time: 0.000106859

Painter+Knapsack previous efficiency: 0.8610378925
Painter+Knapsack ratio: 1.092284157
 Final painter+Knapsack_Combined time: 0.000124011
Run 10
File weights 51 and ranks 51
Original previous efficiency: 0.9508644038
Original efficiency: 0.9508644038
Original ratio: 1
Knapsack previous efficiency: 0.9508644038
Knapsack ratio: 1.048975249
 Final Knapsack time: 5.1546e-05

Karmarkar-Karp previous efficiency: 0.9557709571
Karmarkar-Karp ratio: 1.042775318
 Final Karmarkar-Karp time: 0.000997739

SFC previous efficiency: 0.8536308734
 Time take to run this function: 3.41e-07
SFC ratio: 1.047657855
 Final SFC time: 4.3992e-05

SFC+Knapsack previous efficiency: 0.8656718475
SFC + Knapsack ratio: 1.071363789
 Final SFC+Knapsack_Combined time: 6.6033e-05

SFC+Painter previous efficiency: 0.8536308734
SFC+painterPartition efficiency: 0.943591254
SFC+Painter ratio: 1.105385575
 Final SFC+Painter time: 9.4206e-05

Painter+Knapsack previous efficiency: 0.8604993713
Painter+Knapsack ratio: 1.095559252
 Final painter+Knapsack_Combined time: 0.000108322
Run 11
File weights 51 and ranks 51
Original previous efficiency: 0.9448503831
Original efficiency: 0.9448503831
Original ratio: 1
Knapsack previous efficiency: 0.9448503831
Knapsack ratio: 1.051852441
 Final Knapsack time: 5.1887e-05

Karmarkar-Karp previous efficiency: 0.9305740183
Karmarkar-Karp ratio: 1.073949513
 Final Karmarkar-Karp time: 0.00100895

SFC previous efficiency: 0.8211047905
 Time take to run this function: 3.31e-07
SFC ratio: 1.073639254
 Final SFC time: 4.4052e-05

SFC+Knapsack previous efficiency: 0.8769880289
SFC + Knapsack ratio: 1.078298167
 Final SFC+Knapsack_Combined time: 6.7065e-05

SFC+Painter previous efficiency: 0.8211047905
SFC+painterPartition efficiency: 0.944264036
SFC+Painter ratio: 1.149992117
 Final SFC+Painter time: 0.000169936

Painter+Knapsack previous efficiency: 0.862985147
Painter+Knapsack ratio: 1.095794739
 Final painter+Knapsack_Combined time: 0.000154378
Run 12
File weights 51 and ranks 51
Original previous efficiency: 0.9353734075
Original efficiency: 0.9353734075
Original ratio: 1
Knapsack previous efficiency: 0.9353734075
Knapsack ratio: 1.064553595
 Final Knapsack time: 5.2187e-05

Karmarkar-Karp previous efficiency: 0.9152536935
Karmarkar-Karp ratio: 1.091270023
 Final Karmarkar-Karp time: 0.00098172

SFC previous efficiency: 0.7991668546
 Time take to run this function: 3.6e-07
SFC ratio: 1.118164865
 Final SFC time: 4.4282e-05

SFC+Knapsack previous efficiency: 0.8552617561
SFC + Knapsack ratio: 1.105934002
 Final SFC+Knapsack_Combined time: 6.5953e-05

SFC+Painter previous efficiency: 0.7991668546
SFC+painterPartition efficiency: 0.9460141773
SFC+Painter ratio: 1.183750517
 Final SFC+Painter time: 0.000142295

Painter+Knapsack previous efficiency: 0.8642097998
Painter+Knapsack ratio: 1.094483141
 Final painter+Knapsack_Combined time: 0.000131345
Run 13
File weights 51 and ranks 51
Original previous efficiency: 0.9323592836
Original efficiency: 0.9323592836
Original ratio: 1
Knapsack previous efficiency: 0.9323592836
Knapsack ratio: 1.067724131
 Final Knapsack time: 5.1395e-05

Karmarkar-Karp previous efficiency: 0.9163361969
Karmarkar-Karp ratio: 1.08913303
 Final Karmarkar-Karp time: 0.001015141

SFC previous efficiency: 0.7947824083
 Time take to run this function: 3.7e-07
SFC ratio: 1.124033053
 Final SFC time: 4.4833e-05

SFC+Knapsack previous efficiency: 0.8493657627
SFC + Knapsack ratio: 1.110638132
 Final SFC+Knapsack_Combined time: 9.4045e-05

SFC+Painter previous efficiency: 0.7947824083
SFC+painterPartition efficiency: 0.9440151187
SFC+Painter ratio: 1.187765493
 Final SFC+Painter time: 0.000104074

Painter+Knapsack previous efficiency: 0.8622602046
Painter+Knapsack ratio: 1.094029388
 Final painter+Knapsack_Combined time: 0.000121206
Run 14
File weights 51 and ranks 51
Original previous efficiency: 0.9263503096
Original efficiency: 0.9263503096
Original ratio: 1
Knapsack previous efficiency: 0.9263503096
Knapsack ratio: 1.074167554
 Final Knapsack time: 5.1917e-05

Karmarkar-Karp previous efficiency: 0.9103964967
Karmarkar-Karp ratio: 1.096300044
 Final Karmarkar-Karp time: 0.000956942

SFC previous efficiency: 0.787757746
 Time take to run this function: 3.51e-07
SFC ratio: 1.133393207
 Final SFC time: 4.3531e-05

SFC+Knapsack previous efficiency: 0.8442569206
SFC + Knapsack ratio: 1.121920428
 Final SFC+Knapsack_Combined time: 6.6053e-05

SFC+Painter previous efficiency: 0.787757746
SFC+painterPartition efficiency: 0.9470160098
SFC+Painter ratio: 1.202166547
 Final SFC+Painter time: 9.4045e-05

Painter+Knapsack previous efficiency: 0.856983954
Painter+Knapsack ratio: 1.105258834
 Final painter+Knapsack_Combined time: 0.000112018
Run 15
File weights 51 and ranks 51
Original previous efficiency: 0.9241836585
Original efficiency: 0.9241836585
Original ratio: 1
Knapsack previous efficiency: 0.9241836585
Knapsack ratio: 1.076966534
 Final Knapsack time: 7.1082e-05

Karmarkar-Karp previous efficiency: 0.9166161656
Karmarkar-Karp ratio: 1.088009992
 Final Karmarkar-Karp time: 0.001189366

SFC previous efficiency: 0.7883437378
 Time take to run this function: 3.71e-07
SFC ratio: 1.130524397
 Final SFC time: 4.6116e-05

SFC+Knapsack previous efficiency: 0.84586478
SFC + Knapsack ratio: 1.117899873
 Final SFC+Knapsack_Combined time: 8.7964e-05

SFC+Painter previous efficiency: 0.7883437378
SFC+painterPartition efficiency: 0.9441491673
SFC+Painter ratio: 1.197636414
 Final SFC+Painter time: 0.000138889

Painter+Knapsack previous efficiency: 0.849655141
Painter+Knapsack ratio: 1.112912857
 Final painter+Knapsack_Combined time: 0.000130854
Run 16
File weights 51 and ranks 51
Original previous efficiency: 0.9021832384
Original efficiency: 0.9021832384
Original ratio: 1
Knapsack previous efficiency: 0.9021832384
Knapsack ratio: 1.102334106
 Final Knapsack time: 6.6705e-05

Karmarkar-Karp previous efficiency: 0.8947250065
Karmarkar-Karp ratio: 1.115450317
 Final Karmarkar-Karp time: 0.000953106

SFC previous efficiency: 0.756591799
 Time take to run this function: 3.41e-07
SFC ratio: 1.177100616
 Final SFC time: 4.5074e-05

SFC+Knapsack previous efficiency: 0.8076347247
SFC + Knapsack ratio: 1.165283148
 Final SFC+Knapsack_Combined time: 6.6824e-05

SFC+Painter previous efficiency: 0.756591799
SFC+painterPartition efficiency: 0.9420377696
SFC+Painter ratio: 1.245107032
 Final SFC+Painter time: 9.2843e-05

Painter+Knapsack previous efficiency: 0.8512345195
Painter+Knapsack ratio: 1.106436096
 Final painter+Knapsack_Combined time: 0.000110275
Run 17
File weights 51 and ranks 51
Original previous efficiency: 0.8954265393
Original efficiency: 0.9728092364
Original ratio: 1.086419928
Knapsack previous efficiency: 0.8954265393
Knapsack ratio: 1.110601567
 Final Knapsack time: 5.0814e-05

Karmarkar-Karp previous efficiency: 0.8879619261
Karmarkar-Karp ratio: 1.122025592
 Final Karmarkar-Karp time: 0.000968394

SFC previous efficiency: 0.7309370259
 Time take to run this function: 3.31e-07
SFC ratio: 1.216988122
 Final SFC time: 4.4283e-05

SFC+Knapsack previous efficiency: 0.7797857753
SFC + Knapsack ratio: 1.205905362
 Final SFC+Knapsack_Combined time: 6.6013e-05

SFC+Painter previous efficiency: 0.7309370259
SFC+painterPartition efficiency: 0.9418192543
SFC+Painter ratio: 1.288509435
 Final SFC+Painter time: 9.1431e-05

Painter+Knapsack previous efficiency: 0.8365786895
Painter+Knapsack ratio: 1.124222245
 Final painter+Knapsack_Combined time: 0.000109774
Run 18
File weights 51 and ranks 51
Original previous efficiency: 0.8934282475
Original efficiency: 0.9620408486
Original ratio: 1.076796991
Knapsack previous efficiency: 0.8934282475
Knapsack ratio: 1.112236086
 Final Knapsack time: 5.1135e-05

Karmarkar-Karp previous efficiency: 0.8940212585
Karmarkar-Karp ratio: 1.113699748
 Final Karmarkar-Karp time: 0.000972452

SFC previous efficiency: 0.7267395632
 Time take to run this function: 3.41e-07
SFC ratio: 1.263892391
 Final SFC time: 4.4142e-05

SFC+Knapsack previous efficiency: 0.7732981558
SFC + Knapsack ratio: 1.213805896
 Final SFC+Knapsack_Combined time: 6.5252e-05

SFC+Painter previous efficiency: 0.7267395632
SFC+painterPartition efficiency: 0.9391039886
SFC+Painter ratio: 1.292215308
 Final SFC+Painter time: 9.3314e-05

Painter+Knapsack previous efficiency: 0.8311818516
Painter+Knapsack ratio: 1.12838956
 Final painter+Knapsack_Combined time: 0.00013416
Run 19
File weights 51 and ranks 51
Original previous efficiency: 0.8886100208
Original efficiency: 0.9555296195
Original ratio: 1.075308175
Knapsack previous efficiency: 0.8886100208
Knapsack ratio: 1.121099066
 Final Knapsack time: 5.2057e-05

Karmarkar-Karp previous efficiency: 0.8941911574
Karmarkar-Karp ratio: 1.113169917
 Final Karmarkar-Karp time: 0.001038986

SFC previous efficiency: 0.73117507
 Time take to run this function: 3.61e-07
SFC ratio: 1.224371742
 Final SFC time: 4.5204e-05

SFC+Knapsack previous efficiency: 0.7802800468
SFC + Knapsack ratio: 1.201187294
 Final SFC+Knapsack_Combined time: 6.6203e-05

SFC+Painter previous efficiency: 0.73117507
SFC+painterPartition efficiency: 0.9407403232
SFC+Painter ratio: 1.286614331
 Final SFC+Painter time: 9.4867e-05

Painter+Knapsack previous efficiency: 0.8323559824
Painter+Knapsack ratio: 1.108591223
 Final painter+Knapsack_Combined time: 0.000136435
Run 20
File weights 51 and ranks 51
Original previous efficiency: 0.8816161399
Original efficiency: 0.9479517253
Original ratio: 1.075243161
Knapsack previous efficiency: 0.8816161399
Knapsack ratio: 1.128910451
 Final Knapsack time: 5.1536e-05

Karmarkar-Karp previous efficiency: 0.8876752954
Karmarkar-Karp ratio: 1.122649645
 Final Karmarkar-Karp time: 0.001032393

SFC previous efficiency: 0.7249778396
 Time take to run this function: 3.5e-07
SFC ratio: 1.227516112
 Final SFC time: 4.4713e-05

SFC+Knapsack previous efficiency: 0.7884531812
SFC + Knapsack ratio: 1.19344483
 Final SFC+Knapsack_Combined time: 6.5883e-05

SFC+Painter previous efficiency: 0.7249778396
SFC+painterPartition efficiency: 0.9413331299
SFC+Painter ratio: 1.298430212
 Final SFC+Painter time: 0.000104214

Painter+Knapsack previous efficiency: 0.8264089833
Painter+Knapsack ratio: 1.138631588
 Final painter+Knapsack_Combined time: 0.000117279
Run 21
File weights 51 and ranks 51
Original previous efficiency: 0.885238403
Original efficiency: 0.9311154892
Original ratio: 1.051824555
Knapsack previous efficiency: 0.885238403
Knapsack ratio: 1.123595818
 Final Knapsack time: 5.1536e-05

Karmarkar-Karp previous efficiency: 0.8970363918
Karmarkar-Karp ratio: 1.109105795
 Final Karmarkar-Karp time: 0.001464539

SFC previous efficiency: 0.7237878662
 Time take to run this function: 5.11e-07
SFC ratio: 1.266756051
 Final SFC time: 6.1554e-05

SFC+Knapsack previous efficiency: 0.794168083
SFC + Knapsack ratio: 1.181988274
 Final SFC+Knapsack_Combined time: 9.115e-05

SFC+Painter previous efficiency: 0.7237878662
SFC+painterPartition efficiency: 0.9387693094
SFC+Painter ratio: 1.297022723
 Final SFC+Painter time: 0.000146894

Painter+Knapsack previous efficiency: 0.8219808024
Painter+Knapsack ratio: 1.141994264
 Final painter+Knapsack_Combined time: 0.00016668
Run 22
File weights 51 and ranks 51
Original previous efficiency: 0.8760187529
Original efficiency: 0.9262283957
Original ratio: 1.057315717
Knapsack previous efficiency: 0.8760187529
Knapsack ratio: 1.136443761
 Final Knapsack time: 6.3448e-05

Karmarkar-Karp previous efficiency: 0.8896522071
Karmarkar-Karp ratio: 1.12128115
 Final Karmarkar-Karp time: 0.001499444

SFC previous efficiency: 0.7221470387
 Time take to run this function: 3.91e-07
SFC ratio: 1.273795291
 Final SFC time: 4.5885e-05

SFC+Knapsack previous efficiency: 0.8003943003
SFC + Knapsack ratio: 1.171080492
 Final SFC+Knapsack_Combined time: 6.6483e-05

SFC+Painter previous efficiency: 0.7221470387
SFC+painterPartition efficiency: 0.9376333565
SFC+Painter ratio: 1.298396734
 Final SFC+Painter time: 0.000106208

Painter+Knapsack previous efficiency: 0.8147710445
Painter+Knapsack ratio: 1.151197096
 Final painter+Knapsack_Combined time: 0.000195885
Run 23
File weights 51 and ranks 51
Original previous efficiency: 0.8749332969
Original efficiency: 0.9231170693
Original ratio: 1.055071367
Knapsack previous efficiency: 0.8749332969
Knapsack ratio: 1.138478742
 Final Knapsack time: 5.1806e-05

Karmarkar-Karp previous efficiency: 0.8807473339
Karmarkar-Karp ratio: 1.132795578
 Final Karmarkar-Karp time: 0.001334997

SFC previous efficiency: 0.7195083835
 Time take to run this function: 6.31e-07
SFC ratio: 1.236688318
 Final SFC time: 5.6325e-05

SFC+Knapsack previous efficiency: 0.8006317234
SFC + Knapsack ratio: 1.172539956
 Final SFC+Knapsack_Combined time: 9.2893e-05

SFC+Painter previous efficiency: 0.7195083835
SFC+painterPartition efficiency: 0.9382297236
SFC+Painter ratio: 1.303987202
 Final SFC+Painter time: 0.000120434

Painter+Knapsack previous efficiency: 0.8096032195
Painter+Knapsack ratio: 1.161235558
 Final painter+Knapsack_Combined time: 0.000195615
Run 24
File weights 51 and ranks 51
Original previous efficiency: 0.8667116523
Original efficiency: 0.9167889268
Original ratio: 1.057778471
Knapsack previous efficiency: 0.8667116523
Knapsack ratio: 1.148484359
 Final Knapsack time: 7.1093e-05

Karmarkar-Karp previous efficiency: 0.871551908
Karmarkar-Karp ratio: 1.145672959
 Final Karmarkar-Karp time: 0.001139974

SFC previous efficiency: 0.7186916356
 Time take to run this function: 5.71e-07
SFC ratio: 1.261645817
 Final SFC time: 6.7145e-05

SFC+Knapsack previous efficiency: 0.8020344995
SFC + Knapsack ratio: 1.157349412
 Final SFC+Knapsack_Combined time: 9.8714e-05

SFC+Painter previous efficiency: 0.7186916356
SFC+painterPartition efficiency: 0.9415577189
SFC+Painter ratio: 1.310099732
 Final SFC+Painter time: 0.000121186

Painter+Knapsack previous efficiency: 0.807842155
Painter+Knapsack ratio: 1.162949167
 Final painter+Knapsack_Combined time: 0.000196556
Run 25
File weights 51 and ranks 51
Original previous efficiency: 0.8713728402
Original efficiency: 0.8885684173
Original ratio: 1.019733892
Knapsack previous efficiency: 0.8713728402
Knapsack ratio: 1.141838898
 Final Knapsack time: 6.6283e-05

Karmarkar-Karp previous efficiency: 0.8585456347
Karmarkar-Karp ratio: 1.159630274
 Final Karmarkar-Karp time: 0.001352139

SFC previous efficiency: 0.7181929779
 Time take to run this function: 6.32e-07
SFC ratio: 1.238058232
 Final SFC time: 6.6694e-05

SFC+Knapsack previous efficiency: 0.8047492817
SFC + Knapsack ratio: 1.165767886
 Final SFC+Knapsack_Combined time: 9.8884e-05

SFC+Painter previous efficiency: 0.7181929779
SFC+painterPartition efficiency: 0.9386111903
SFC+Painter ratio: 1.306906666
 Final SFC+Painter time: 0.000182019

Painter+Knapsack previous efficiency: 0.7958048722
Painter+Knapsack ratio: 1.180391312
 Final painter+Knapsack_Combined time: 0.000212166
Run 26
File weights 51 and ranks 51
Original previous efficiency: 0.8649727316
Original efficiency: 0.9777470988
Original ratio: 1.130379101
Knapsack previous efficiency: 0.8649727316
Knapsack ratio: 1.151301652
 Final Knapsack time: 7.2615e-05

Karmarkar-Karp previous efficiency: 0.8425864734
Karmarkar-Karp ratio: 1.184243595
 Final Karmarkar-Karp time: 0.00149759

SFC previous efficiency: 0.7206564488
 Time take to run this function: 5.01e-07
SFC ratio: 1.233955321
 Final SFC time: 5.2328e-05

SFC+Knapsack previous efficiency: 0.8078166018
SFC + Knapsack ratio: 1.162783271
 Final SFC+Knapsack_Combined time: 7.7545e-05

SFC+Painter previous efficiency: 0.7206564488
SFC+painterPartition efficiency: 0.937445176
SFC+Painter ratio: 1.300821185
 Final SFC+Painter time: 0.000187119

Painter+Knapsack previous efficiency: 0.788934942
Painter+Knapsack ratio: 1.190927855
 Final painter+Knapsack_Combined time: 0.000211003
Run 27
File weights 51 and ranks 51
Original previous efficiency: 0.8564614481
Original efficiency: 0.9555050342
Original ratio: 1.115642784
Knapsack previous efficiency: 0.8564614481
Knapsack ratio: 1.163450051
 Final Knapsack time: 8.9747e-05

Karmarkar-Karp previous efficiency: 0.8247948691
Karmarkar-Karp ratio: 1.209029837
 Final Karmarkar-Karp time: 0.001844406

SFC previous efficiency: 0.725331581
 Time take to run this function: 6.21e-07
SFC ratio: 1.23785513
 Final SFC time: 6.3869e-05

SFC+Knapsack previous efficiency: 0.8151147414
SFC + Knapsack ratio: 1.144642197
 Final SFC+Knapsack_Combined time: 0.000104555

SFC+Painter previous efficiency: 0.725331581
SFC+painterPartition efficiency: 0.9370834731
SFC+Painter ratio: 1.291938057
 Final SFC+Painter time: 0.000190345

Painter+Knapsack previous efficiency: 0.7786989791
Painter+Knapsack ratio: 1.198171249
 Final painter+Knapsack_Combined time: 0.000208829
Run 28
File weights 51 and ranks 51
Original previous efficiency: 0.8743537082
Original efficiency: 0.9504582716
Original ratio: 1.087040934
Knapsack previous efficiency: 0.8743537082
Knapsack ratio: 1.139047425
 Final Knapsack time: 6.971e-05

Karmarkar-Karp previous efficiency: 0.8273617979
Karmarkar-Karp ratio: 1.203662722
 Final Karmarkar-Karp time: 0.002024062

SFC previous efficiency: 0.7437917239
 Time take to run this function: 6.01e-07
SFC ratio: 1.183378644
 Final SFC time: 7.9759e-05

SFC+Knapsack previous efficiency: 0.8210312188
SFC + Knapsack ratio: 1.109362138
 Final SFC+Knapsack_Combined time: 0.000114373

SFC+Painter previous efficiency: 0.7437917239
SFC+painterPartition efficiency: 0.9370124673
SFC+Painter ratio: 1.259778023
 Final SFC+Painter time: 0.000166791

Painter+Knapsack previous efficiency: 0.7763513384
Painter+Knapsack ratio: 1.173207159
 Final painter+Knapsack_Combined time: 0.000183922
Run 29
File weights 51 and ranks 51
Original previous efficiency: 0.8667690764
Original efficiency: 0.9478597171
Original ratio: 1.093555069
Knapsack previous efficiency: 0.8667690764
Knapsack ratio: 1.147938206
 Final Knapsack time: 7.8066e-05

Karmarkar-Karp previous efficiency: 0.8334943171
Karmarkar-Karp ratio: 1.196202568
 Final Karmarkar-Karp time: 0.001275507

SFC previous efficiency: 0.7543258377
 Time take to run this function: 3.4e-07
SFC ratio: 1.180926499
 Final SFC time: 5.0434e-05

SFC+Knapsack previous efficiency: 0.8291924017
SFC + Knapsack ratio: 1.084068022
 Final SFC+Knapsack_Combined time: 7.3056e-05

SFC+Painter previous efficiency: 0.7543258377
SFC+painterPartition efficiency: 0.9379442162
SFC+Painter ratio: 1.243420508
 Final SFC+Painter time: 0.000115144

Painter+Knapsack previous efficiency: 0.7871869097
Painter+Knapsack ratio: 1.141915543
 Final painter+Knapsack_Combined time: 0.000156191
Run 30
File weights 51 and ranks 51
Original previous efficiency: 0.8557733516
Original efficiency: 0.9479122531
Original ratio: 1.107667411
Knapsack previous efficiency: 0.8557733516
Knapsack ratio: 1.162935112
 Final Knapsack time: 5.9902e-05

Karmarkar-Karp previous efficiency: 0.8470665975
Karmarkar-Karp ratio: 1.176865453
 Final Karmarkar-Karp time: 0.001051409

SFC previous efficiency: 0.7498786976
 Time take to run this function: 3.51e-07
SFC ratio: 1.22398956
 Final SFC time: 4.8891e-05

SFC+Knapsack previous efficiency: 0.8353146113
SFC + Knapsack ratio: 1.067075821
 Final SFC+Knapsack_Combined time: 7.1102e-05

SFC+Painter previous efficiency: 0.7498786976
SFC+painterPartition efficiency: 0.9341587541
SFC+Painter ratio: 1.245746488
 Final SFC+Painter time: 0.000121686

Painter+Knapsack previous efficiency: 0.7914460442
Painter+Knapsack ratio: 1.126222099
 Final painter+Knapsack_Combined time: 0.000115505
Run 31
File weights 51 and ranks 51
Original previous efficiency: 0.8370076442
Original efficiency: 0.9450040692
Original ratio: 1.129026808
Knapsack previous efficiency: 0.8370076442
Knapsack ratio: 1.188856019
 Final Knapsack time: 5.4893e-05

Karmarkar-Karp previous efficiency: 0.8570398081
Karmarkar-Karp ratio: 1.164304574
 Final Karmarkar-Karp time: 0.001081595

SFC previous efficiency: 0.7367753594
 Time take to run this function: 3.91e-07
SFC ratio: 1.209601917
 Final SFC time: 6.0863e-05

SFC+Knapsack previous efficiency: 0.8387822573
SFC + Knapsack ratio: 1.062234334
 Final SFC+Knapsack_Combined time: 7.0712e-05

SFC+Painter previous efficiency: 0.7367753594
SFC+painterPartition efficiency: 0.9330267099
SFC+Painter ratio: 1.266365247
 Final SFC+Painter time: 0.000102411

Painter+Knapsack previous efficiency: 0.7861600201
Painter+Knapsack ratio: 1.133335822
 Final painter+Knapsack_Combined time: 0.000121617
Run 32
File weights 51 and ranks 51
Original previous efficiency: 0.8240980873
Original efficiency: 0.928772571
Original ratio: 1.127017021
Knapsack previous efficiency: 0.8240980873
Knapsack ratio: 1.207661792
 Final Knapsack time: 6.5702e-05

Karmarkar-Karp previous efficiency: 0.8823161199
Karmarkar-Karp ratio: 1.129953958
 Final Karmarkar-Karp time: 0.001058592

SFC previous efficiency: 0.7343884446
 Time take to run this function: 3.41e-07
SFC ratio: 1.201075515
 Final SFC time: 4.7719e-05

SFC+Knapsack previous efficiency: 0.8475648664
SFC + Knapsack ratio: 1.049741909
 Final SFC+Knapsack_Combined time: 6.8738e-05

SFC+Painter previous efficiency: 0.7343884446
SFC+painterPartition efficiency: 0.9383812901
SFC+Painter ratio: 1.277772406
 Final SFC+Painter time: 0.000115385

Painter+Knapsack previous efficiency: 0.7907192551
Painter+Knapsack ratio: 1.144319449
 Final painter+Knapsack_Combined time: 0.000156301
Run 33
File weights 51 and ranks 51
Original previous efficiency: 0.8061081153
Original efficiency: 0.9093569749
Original ratio: 1.128083141
Knapsack previous efficiency: 0.8061081153
Knapsack ratio: 1.235611232
 Final Knapsack time: 5.4792e-05

Karmarkar-Karp previous efficiency: 0.8903746524
Karmarkar-Karp ratio: 1.119059702
 Final Karmarkar-Karp time: 0.001033005

SFC previous efficiency: 0.7204799692
 Time take to run this function: 3.6e-07
SFC ratio: 1.232384163
 Final SFC time: 4.5975e-05

SFC+Knapsack previous efficiency: 0.8486019722
SFC + Knapsack ratio: 1.059840627
 Final SFC+Knapsack_Combined time: 6.964e-05

SFC+Painter previous efficiency: 0.7204799692
SFC+painterPartition efficiency: 0.9372132175
SFC+Painter ratio: 1.300817868
 Final SFC+Painter time: 0.000106499

Painter+Knapsack previous efficiency: 0.7930194178
Painter+Knapsack ratio: 1.196809857
 Final painter+Knapsack_Combined time: 0.000142325
Run 34
File weights 51 and ranks 51
Original previous efficiency: 0.7806247595
Original efficiency: 0.8887372341
Original ratio: 1.138494806
Knapsack previous efficiency: 0.7806247595
Knapsack ratio: 1.274289985
 Final Knapsack time: 5.5483e-05

Karmarkar-Karp previous efficiency: 0.8890976307
Karmarkar-Karp ratio: 1.119211209
 Final Karmarkar-Karp time: 0.001048614

SFC previous efficiency: 0.7008259693
 Time take to run this function: 3.61e-07
SFC ratio: 1.258521513
 Final SFC time: 4.5645e-05

SFC+Knapsack previous efficiency: 0.8393760664
SFC + Knapsack ratio: 1.063026283
 Final SFC+Knapsack_Combined time: 6.7476e-05

SFC+Painter previous efficiency: 0.7008259693
SFC+painterPartition efficiency: 0.9395997064
SFC+Painter ratio: 1.340703324
 Final SFC+Painter time: 0.000116517

Painter+Knapsack previous efficiency: 0.785835168
Painter+Knapsack ratio: 1.193059453
 Final painter+Knapsack_Combined time: 0.000114524
Run 35
File weights 51 and ranks 51
Original previous efficiency: 0.7533036168
Original efficiency: 0.9647092632
Original ratio: 1.280638035
Knapsack previous efficiency: 0.7533036168
Knapsack ratio: 1.323391406
 Final Knapsack time: 5.3811e-05

Karmarkar-Karp previous efficiency: 0.8823209892
Karmarkar-Karp ratio: 1.128830151
 Final Karmarkar-Karp time: 0.001065726

SFC previous efficiency: 0.6886854135
 Time take to run this function: 3.31e-07
SFC ratio: 1.270569083
 Final SFC time: 4.6026e-05

SFC+Knapsack previous efficiency: 0.8250296974
SFC + Knapsack ratio: 1.136420202
 Final SFC+Knapsack_Combined time: 8.594e-05

SFC+Painter previous efficiency: 0.6886854135
SFC+painterPartition efficiency: 0.9346286833
SFC+Painter ratio: 1.357119905
 Final SFC+Painter time: 9.7311e-05

Painter+Knapsack previous efficiency: 0.7852450145
Painter+Knapsack ratio: 1.193947238
 Final painter+Knapsack_Combined time: 0.000115115
Run 36
File weights 51 and ranks 51
Original previous efficiency: 0.7383506958
Original efficiency: 0.9381060551
Original ratio: 1.270542657
Knapsack previous efficiency: 0.7383506958
Knapsack ratio: 1.347006566
 Final Knapsack time: 5.4391e-05

Karmarkar-Karp previous efficiency: 0.8694658419
Karmarkar-Karp ratio: 1.144991192
 Final Karmarkar-Karp time: 0.001035048

SFC previous efficiency: 0.6791948069
 Time take to run this function: 4.41e-07
SFC ratio: 1.265735843
 Final SFC time: 5.4772e-05

SFC+Knapsack previous efficiency: 0.8166704741
SFC + Knapsack ratio: 1.147360714
 Final SFC+Knapsack_Combined time: 6.8267e-05

SFC+Painter previous efficiency: 0.6791948069
SFC+painterPartition efficiency: 0.9244840976
SFC+Painter ratio: 1.361147182
 Final SFC+Painter time: 9.686e-05

Painter+Knapsack previous efficiency: 0.7871732834
Painter+Knapsack ratio: 1.188486803
 Final painter+Knapsack_Combined time: 0.000112028
Run 37
File weights 51 and ranks 51
Original previous efficiency: 0.7262202413
Original efficiency: 0.9209123914
Original ratio: 1.268089677
Knapsack previous efficiency: 0.7262202413
Knapsack ratio: 1.370170606
 Final Knapsack time: 7.2455e-05

Karmarkar-Karp previous efficiency: 0.8596022767
Karmarkar-Karp ratio: 1.159952262
 Final Karmarkar-Karp time: 0.001009481

SFC previous efficiency: 0.6730357565
 Time take to run this function: 3.41e-07
SFC ratio: 1.288257561
 Final SFC time: 4.5155e-05

SFC+Knapsack previous efficiency: 0.8101469962
SFC + Knapsack ratio: 1.161672808
 Final SFC+Knapsack_Combined time: 7.0862e-05

SFC+Painter previous efficiency: 0.6730357565
SFC+painterPartition efficiency: 0.9158855182
SFC+Painter ratio: 1.360827429
 Final SFC+Painter time: 0.000125404

Painter+Knapsack previous efficiency: 0.7856461034
Painter+Knapsack ratio: 1.197900342
 Final painter+Knapsack_Combined time: 0.000112089
Run 38
File weights 51 and ranks 51
Original previous efficiency: 0.7240203567
Original efficiency: 0.9071960386
Original ratio: 1.252997972
Knapsack previous efficiency: 0.7240203567
Knapsack ratio: 1.37490602
 Final Knapsack time: 5.3911e-05

Karmarkar-Karp previous efficiency: 0.856563446
Karmarkar-Karp ratio: 1.164349733
 Final Karmarkar-Karp time: 0.001045307

SFC previous efficiency: 0.6749919795
 Time take to run this function: 3.51e-07
SFC ratio: 1.284150284
 Final SFC time: 4.4643e-05

SFC+Knapsack previous efficiency: 0.7955474124
SFC + Knapsack ratio: 1.184199271
 Final SFC+Knapsack_Combined time: 6.5863e-05

SFC+Painter previous efficiency: 0.6749919795
SFC+painterPartition efficiency: 0.9209822599
SFC+Painter ratio: 1.364434375
 Final SFC+Painter time: 0.000110375

Painter+Knapsack previous efficiency: 0.7909661008
Painter+Knapsack ratio: 1.190835315
 Final painter+Knapsack_Combined time: 0.000110877
Run 39
File weights 51 and ranks 51
Original previous efficiency: 0.7315843046
Original efficiency: 0.8950711249
Original ratio: 1.223469557
Knapsack previous efficiency: 0.7315843046
Knapsack ratio: 1.360236861
 Final Knapsack time: 5.2948e-05

Karmarkar-Karp previous efficiency: 0.8565604258
Karmarkar-Karp ratio: 1.165740514
 Final Karmarkar-Karp time: 0.001032534

SFC previous efficiency: 0.6720848807
 Time take to run this function: 3.81e-07
SFC ratio: 1.318575786
 Final SFC time: 5.6926e-05

SFC+Knapsack previous efficiency: 0.7908797881
SFC + Knapsack ratio: 1.184987786
 Final SFC+Knapsack_Combined time: 6.8167e-05

SFC+Painter previous efficiency: 0.6720848807
SFC+painterPartition efficiency: 0.9172635777
SFC+Painter ratio: 1.364803173
 Final SFC+Painter time: 9.4275e-05

Painter+Knapsack previous efficiency: 0.7942500762
Painter+Knapsack ratio: 1.18079263
 Final painter+Knapsack_Combined time: 0.000111978
Run 40
File weights 51 and ranks 51
Original previous efficiency: 0.7401623846
Original efficiency: 0.9720172222
Original ratio: 1.313248609
Knapsack previous efficiency: 0.7401623846
Knapsack ratio: 1.344948871
 Final Knapsack time: 5.2338e-05

Karmarkar-Karp previous efficiency: 0.8554469203
Karmarkar-Karp ratio: 1.165840826
 Final Karmarkar-Karp time: 0.001043605

SFC previous efficiency: 0.6730763105
 Time take to run this function: 3.61e-07
SFC ratio: 1.312367899
 Final SFC time: 4.5154e-05

SFC+Knapsack previous efficiency: 0.7803270052
SFC + Knapsack ratio: 1.192999307
 Final SFC+Knapsack_Combined time: 8.4908e-05

SFC+Painter previous efficiency: 0.6730763105
SFC+painterPartition efficiency: 0.9138837543
SFC+Painter ratio: 1.357771385
 Final SFC+Painter time: 9.4536e-05

Painter+Knapsack previous efficiency: 0.7986668052
Painter+Knapsack ratio: 1.171192839
 Final painter+Knapsack_Combined time: 0.000110606
Run 41
File weights 51 and ranks 51
Original previous efficiency: 0.7563951858
Original efficiency: 0.9653731137
Original ratio: 1.276281409
Knapsack previous efficiency: 0.7563951858
Knapsack ratio: 1.314556563
 Final Knapsack time: 5.2718e-05

Karmarkar-Karp previous efficiency: 0.8354762843
Karmarkar-Karp ratio: 1.193605116
 Final Karmarkar-Karp time: 0.001049184

SFC previous efficiency: 0.6773145185
 Time take to run this function: 4.71e-07
SFC ratio: 1.308921088
 Final SFC time: 5.7037e-05

SFC+Knapsack previous efficiency: 0.7689420022
SFC + Knapsack ratio: 1.211833121
 Final SFC+Knapsack_Combined time: 6.7336e-05

SFC+Painter previous efficiency: 0.6773145185
SFC+painterPartition efficiency: 0.9169028104
SFC+Painter ratio: 1.353732698
 Final SFC+Painter time: 9.636e-05

Painter+Knapsack previous efficiency: 0.8012735149
Painter+Knapsack ratio: 1.162935463
 Final painter+Knapsack_Combined time: 0.000111367
Run 42
File weights 51 and ranks 51
Original previous efficiency: 0.7841404747
Original efficiency: 0.9460737934
Original ratio: 1.206510599
Knapsack previous efficiency: 0.7841404747
Knapsack ratio: 1.268770789
 Final Knapsack time: 5.1696e-05

Karmarkar-Karp previous efficiency: 0.8190312817
Karmarkar-Karp ratio: 1.218681275
 Final Karmarkar-Karp time: 0.001085883

SFC previous efficiency: 0.6775693868
 Time take to run this function: 3.41e-07
SFC ratio: 1.312268766
 Final SFC time: 4.4973e-05

SFC+Knapsack previous efficiency: 0.7713155155
SFC + Knapsack ratio: 1.2093198
 Final SFC+Knapsack_Combined time: 7.9859e-05

SFC+Painter previous efficiency: 0.6775693868
SFC+painterPartition efficiency: 0.9138674723
SFC+Painter ratio: 1.348743745
 Final SFC+Painter time: 9.4816e-05

Painter+Knapsack previous efficiency: 0.7992141507
Painter+Knapsack ratio: 1.167105367
 Final painter+Knapsack_Combined time: 0.000110666
Run 43
File weights 51 and ranks 51
Original previous efficiency: 0.8123002211
Original efficiency: 0.9388895178
Original ratio: 1.15584053
Knapsack previous efficiency: 0.8123002211
Knapsack ratio: 1.225510264
 Final Knapsack time: 7.502e-05

Karmarkar-Karp previous efficiency: 0.803738223
Karmarkar-Karp ratio: 1.241432432
 Final Karmarkar-Karp time: 0.001039597

SFC previous efficiency: 0.682658417
 Time take to run this function: 3.3e-07
SFC ratio: 1.296854561
 Final SFC time: 4.4383e-05

SFC+Knapsack previous efficiency: 0.7775065302
SFC + Knapsack ratio: 1.19779746
 Final SFC+Knapsack_Combined time: 6.7957e-05

SFC+Painter previous efficiency: 0.682658417
SFC+painterPartition efficiency: 0.9218030472
SFC+Painter ratio: 1.35031375
 Final SFC+Painter time: 9.4536e-05

Painter+Knapsack previous efficiency: 0.7915107701
Painter+Knapsack ratio: 1.179822789
 Final painter+Knapsack_Combined time: 0.000110927
Run 44
File weights 51 and ranks 51
Original previous efficiency: 0.8370780072
Original efficiency: 0.9258892194
Original ratio: 1.106096698
Knapsack previous efficiency: 0.8370780072
Knapsack ratio: 1.187018197
 Final Knapsack time: 7.0492e-05

Karmarkar-Karp previous efficiency: 0.7912135659
Karmarkar-Karp ratio: 1.260904546
 Final Karmarkar-Karp time: 0.001033275

SFC previous efficiency: 0.7001615666
 Time take to run this function: 3.61e-07
SFC ratio: 1.262083964
 Final SFC time: 4.4803e-05

SFC+Knapsack previous efficiency: 0.7882467998
SFC + Knapsack ratio: 1.215685848
 Final SFC+Knapsack_Combined time: 6.6253e-05

SFC+Painter previous efficiency: 0.7001615666
SFC+painterPartition efficiency: 0.9211776743
SFC+Painter ratio: 1.315664439
 Final SFC+Painter time: 0.000115164

Painter+Knapsack previous efficiency: 0.7844463506
Painter+Knapsack ratio: 1.181206253
 Final painter+Knapsack_Combined time: 0.00011269
Run 45
File weights 51 and ranks 51
Original previous efficiency: 0.8534232036
Original efficiency: 0.9110853364
Original ratio: 1.067565696
Knapsack previous efficiency: 0.8534232036
Knapsack ratio: 1.165743668
 Final Knapsack time: 5.1897e-05

Karmarkar-Karp previous efficiency: 0.7861998025
Karmarkar-Karp ratio: 1.268210862
 Final Karmarkar-Karp time: 0.001080173

SFC previous efficiency: 0.7115472886
 Time take to run this function: 3.71e-07
SFC ratio: 1.218347299
 Final SFC time: 4.4423e-05

SFC+Knapsack previous efficiency: 0.7993233822
SFC + Knapsack ratio: 1.189823642
 Final SFC+Knapsack_Combined time: 6.6734e-05

SFC+Painter previous efficiency: 0.7115472886
SFC+painterPartition efficiency: 0.926199543
SFC+Painter ratio: 1.301669696
 Final SFC+Painter time: 9.3715e-05

Painter+Knapsack previous efficiency: 0.7803229169
Painter+Knapsack ratio: 1.218795242
 Final painter+Knapsack_Combined time: 0.000109624
Run 46
File weights 51 and ranks 51
Original previous efficiency: 0.859997494
Original efficiency: 0.9099554617
Original ratio: 1.058090829
Knapsack previous efficiency: 0.859997494
Knapsack ratio: 1.156721386
 Final Knapsack time: 6.7115e-05

Karmarkar-Karp previous efficiency: 0.795063503
Karmarkar-Karp ratio: 1.254905996
 Final Karmarkar-Karp time: 0.001045297

SFC previous efficiency: 0.7164432545
 Time take to run this function: 3.51e-07
SFC ratio: 1.209809711
 Final SFC time: 4.4553e-05

SFC+Knapsack previous efficiency: 0.8004801796
SFC + Knapsack ratio: 1.188087401
 Final SFC+Knapsack_Combined time: 6.6283e-05

SFC+Painter previous efficiency: 0.7164432545
SFC+painterPartition efficiency: 0.9396088805
SFC+Painter ratio: 1.311491
 Final SFC+Painter time: 9.3654e-05

Painter+Knapsack previous efficiency: 0.779652791
Painter+Knapsack ratio: 1.201438558
 Final painter+Knapsack_Combined time: 0.000134059
Run 47
File weights 51 and ranks 51
Original previous efficiency: 0.869774646
Original efficiency: 0.918803374
Original ratio: 1.056369461
Knapsack previous efficiency: 0.869774646
Knapsack ratio: 1.144914515
 Final Knapsack time: 5.2458e-05

Karmarkar-Karp previous efficiency: 0.8142070801
Karmarkar-Karp ratio: 1.225019418
 Final Karmarkar-Karp time: 0.001014741

SFC previous efficiency: 0.7278648476
 Time take to run this function: 3.21e-07
SFC ratio: 1.226189284
 Final SFC time: 4.4042e-05

SFC+Knapsack previous efficiency: 0.8100130541
SFC + Knapsack ratio: 1.172572244
 Final SFC+Knapsack_Combined time: 6.6023e-05

SFC+Painter previous efficiency: 0.7278648476
SFC+painterPartition efficiency: 0.9441045757
SFC+Painter ratio: 1.297087747
 Final SFC+Painter time: 0.000114944

Painter+Knapsack previous efficiency: 0.7895101698
Painter+Knapsack ratio: 1.203022914
 Final painter+Knapsack_Combined time: 0.00012309
Run 48
File weights 51 and ranks 51
Original previous efficiency: 0.8815315721
Original efficiency: 0.9220360602
Original ratio: 1.045947859
Knapsack previous efficiency: 0.8815315721
Knapsack ratio: 1.128844668
 Final Knapsack time: 5.2668e-05

Karmarkar-Karp previous efficiency: 0.8318380809
Karmarkar-Karp ratio: 1.197541554
 Final Karmarkar-Karp time: 0.001055386

SFC previous efficiency: 0.7385976684
 Time take to run this function: 3.5e-07
SFC ratio: 1.205677736
 Final SFC time: 4.3902e-05

SFC+Knapsack previous efficiency: 0.8169662577
SFC + Knapsack ratio: 1.16237466
 Final SFC+Knapsack_Combined time: 6.7566e-05

SFC+Painter previous efficiency: 0.7385976684
SFC+painterPartition efficiency: 0.9302790064
SFC+Painter ratio: 1.259520638
 Final SFC+Painter time: 0.000108122

Painter+Knapsack previous efficiency: 0.7949815915
Painter+Knapsack ratio: 1.194519328
 Final painter+Knapsack_Combined time: 0.000126736
Run 49
File weights 51 and ranks 51
Original previous efficiency: 0.8906095842
Original efficiency: 0.9177696223
Original ratio: 1.030496009
Knapsack previous efficiency: 0.8906095842
Knapsack ratio: 1.117648139
 Final Knapsack time: 5.2588e-05

Karmarkar-Karp previous efficiency: 0.8652253153
Karmarkar-Karp ratio: 1.149285451
 Final Karmarkar-Karp time: 0.001013048

SFC previous efficiency: 0.7639935662
 Time take to run this function: 3.61e-07
SFC ratio: 1.159722896
 Final SFC time: 4.4002e-05

SFC+Knapsack previous efficiency: 0.8249284755
SFC + Knapsack ratio: 1.143816622
 Final SFC+Knapsack_Combined time: 6.6023e-05

SFC+Painter previous efficiency: 0.7639935662
SFC+painterPartition efficiency: 0.9139165161
SFC+Painter ratio: 1.19623588
 Final SFC+Painter time: 9.9405e-05

Painter+Knapsack previous efficiency: 0.8184895725
Painter+Knapsack ratio: 1.152814811
 Final painter+Knapsack_Combined time: 0.000138958
Run 50
File weights 51 and ranks 51
Original previous efficiency: 0.8942036927
Original efficiency: 0.9229093989
Original ratio: 1.032101977
Knapsack previous efficiency: 0.8942036927
Knapsack ratio: 1.114044272
 Final Knapsack time: 5.2658e-05

Karmarkar-Karp previous efficiency: 0.8872851364
Karmarkar-Karp ratio: 1.121310658
 Final Karmarkar-Karp time: 0.001042362

SFC previous efficiency: 0.7480061665
 Time take to run this function: 3.61e-07
SFC ratio: 1.179236515
 Final SFC time: 4.4162e-05

SFC+Knapsack previous efficiency: 0.8233714362
SFC + Knapsack ratio: 1.139361554
 Final SFC+Knapsack_Combined time: 6.6494e-05

SFC+Painter previous efficiency: 0.7480061665
SFC+painterPartition efficiency: 0.9081707678
SFC+Painter ratio: 1.214122033
 Final SFC+Painter time: 0.000134129

Painter+Knapsack previous efficiency: 0.8233714362
Painter+Knapsack ratio: 1.159232646
 Final painter+Knapsack_Combined time: 0.000127898


TinyProfiler total time across processes [min...avg...max]: 0.2306 ... 0.2306 ... 0.2306

-------------------------------------------------------------------------------------
Name                                  NCalls  Excl. Min  Excl. Avg  Excl. Max   Max %
-------------------------------------------------------------------------------------
kk()                                      51     0.0578     0.0578     0.0578  25.07%
painterPartition()                       102    0.01006    0.01006    0.01006   4.36%
knapsack()                               663   0.005054   0.005054   0.005054   2.19%
SFCProcessorMapDoIt()                     51   0.001901   0.001901   0.001901   0.82%
SFCProcessorMapDoItCombined()             51   0.001765   0.001765   0.001765   0.77%
SFCProcessorMapDoItCombinedPainter()      51   0.000669   0.000669   0.000669   0.29%
Distribute()                             102  0.0004719  0.0004719  0.0004719   0.20%
KKDoIt()                                  51  0.0004204  0.0004204  0.0004204   0.18%
KnapSackDoIt()                            51  0.0003092  0.0003092  0.0003092   0.13%
knapsack()swap                             1   4.91e-07   4.91e-07   4.91e-07   0.00%
-------------------------------------------------------------------------------------

-------------------------------------------------------------------------------------
Name                                  NCalls  Incl. Min  Incl. Avg  Incl. Max   Max %
-------------------------------------------------------------------------------------
KKDoIt()                                  51    0.05822    0.05822    0.05822  25.25%
kk()                                      51     0.0578     0.0578     0.0578  25.07%
painterPartition()                       102    0.01006    0.01006    0.01006   4.36%
SFCProcessorMapDoItCombinedPainter()      51   0.006485   0.006485   0.006485   2.81%
knapsack()                               663   0.005054   0.005054   0.005054   2.19%
SFCProcessorMapDoItCombined()             51   0.003386   0.003386   0.003386   1.47%
KnapSackDoIt()                            51   0.002558   0.002558   0.002558   1.11%
SFCProcessorMapDoIt()                     51   0.002193   0.002193   0.002193   0.95%
Distribute()                             102  0.0004719  0.0004719  0.0004719   0.20%
knapsack()swap                             1   4.91e-07   4.91e-07   4.91e-07   0.00%
-------------------------------------------------------------------------------------

Pinned Memory Usage:
----------------------------------------------------------------
Name                            Nalloc  Nfree   AvgMem    MaxMem
----------------------------------------------------------------
The_Pinned_Arena::Initialize()       1      1  119 KiB  8192 KiB
----------------------------------------------------------------

AMReX (25.06-22-g1d307c2c661a) finalized
