Initializing AMReX (25.06-22-g1d307c2c661a)...
OMP initialized with 256 OMP threads
AMReX (25.06-22-g1d307c2c661a) initialized
Starting running input_laser_ion_timers running with 24 nodes and 4 ranks per node.
Total steps: 5000, intervals: 100 = 50 runs
Reading precomputed weights and ranks from file: /global/homes/j/jessd/lb_extractor/lb_inputs/imp_50/laser_ion_4_boxes_96_ranks_timers_50_lb_data.txt
/global/homes/j/jessd/lb_extractor/lb_inputs/imp_50/laser_ion_4_boxes_96_ranks_timers_50_lb_data.txt
Run 0: Weights size: 435
Run 1: Weights size: 435
Run 2: Weights size: 435
Run 3: Weights size: 435
Run 4: Weights size: 435
Run 5: Weights size: 435
Run 6: Weights size: 435
Run 7: Weights size: 435
Run 8: Weights size: 435
Run 9: Weights size: 435
Run 10: Weights size: 435
Run 11: Weights size: 435
Run 12: Weights size: 435
Run 13: Weights size: 435
Run 14: Weights size: 435
Run 15: Weights size: 435
Run 16: Weights size: 435
Run 17: Weights size: 435
Run 18: Weights size: 435
Run 19: Weights size: 435
Run 20: Weights size: 435
Run 21: Weights size: 435
Run 22: Weights size: 435
Run 23: Weights size: 435
Run 24: Weights size: 435
Run 25: Weights size: 435
Run 26: Weights size: 435
Run 27: Weights size: 435
Run 28: Weights size: 435
Run 29: Weights size: 435
Run 30: Weights size: 435
Run 31: Weights size: 435
Run 32: Weights size: 435
Run 33: Weights size: 435
Run 34: Weights size: 435
Run 35: Weights size: 435
Run 36: Weights size: 435
Run 37: Weights size: 435
Run 38: Weights size: 435
Run 39: Weights size: 435
Run 40: Weights size: 435
Run 41: Weights size: 435
Run 42: Weights size: 435
Run 43: Weights size: 435
Run 44: Weights size: 435
Run 45: Weights size: 435
Run 46: Weights size: 435
Run 47: Weights size: 435
Run 48: Weights size: 435
Run 49: Weights size: 435
Run 50: Weights size: 435
Run 0
File weights 51 and ranks 51
Original efficiency: 0.3977376535
Original ratio: inf
Knapsack ratio: inf
 Final Knapsack time: 0.000143458

Karmarkar-Karp ratio: inf
 Final Karmarkar-Karp time: 0.011431529

 Time take to run this function: 9.02e-07
SFC ratio: inf
 Final SFC time: 9.3314e-05

SFC + Knapsack ratio: inf
 Final SFC+Knapsack_Combined time: 0.000138478

SFC+painterPartition efficiency: 0.4005021092
SFC+Painter ratio: inf
 Final SFC+Painter time: 0.000213047

Painter+Knapsack ratio: inf
 Final painter+Knapsack_Combined time: 0.000223085
Run 1
File weights 51 and ranks 51
Original previous efficiency: 0.3617154779
Original efficiency: 0.3617154779
Original ratio: 1
Knapsack previous efficiency: 0.2455888704
Knapsack ratio: 3.908477248
 Final Knapsack time: 9.5869e-05

Karmarkar-Karp previous efficiency: 0.2455888704
Karmarkar-Karp ratio: 3.908477248
 Final Karmarkar-Karp time: 0.009827862

SFC previous efficiency: 0.1693019206
 Time take to run this function: 7.72e-07
SFC ratio: 4.171535574
 Final SFC time: 7.3377e-05

SFC+Knapsack previous efficiency: 0.1127075089
SFC + Knapsack ratio: 6.273553324
 Final SFC+Knapsack_Combined time: 0.000118531

SFC+Painter previous efficiency: 0.09555590841
SFC+painterPartition efficiency: 0.8609609175
SFC+Painter ratio: 9.010022842
 Final SFC+Painter time: 0.000174615

Painter+Knapsack previous efficiency: 0.1173730843
Painter+Knapsack ratio: 7.370769752
 Final painter+Knapsack_Combined time: 0.000216964
Run 2
File weights 51 and ranks 51
Original previous efficiency: 0.313065686
Original efficiency: 0.7869320628
Original ratio: 2.513632435
Knapsack previous efficiency: 0.7869320628
Knapsack ratio: 1.107640658
 Final Knapsack time: 9.4035e-05

Karmarkar-Karp previous efficiency: 0.7100479685
Karmarkar-Karp ratio: 1.227576145
 Final Karmarkar-Karp time: 0.010484394

SFC previous efficiency: 0.5568830865
 Time take to run this function: 7.31e-07
SFC ratio: 1.271888615
 Final SFC time: 8.081e-05

SFC+Knapsack previous efficiency: 0.5578000139
SFC + Knapsack ratio: 1.389957474
 Final SFC+Knapsack_Combined time: 0.000127568

SFC+Painter previous efficiency: 0.6964234457
SFC+painterPartition efficiency: 0.7819115183
SFC+Painter ratio: 1.122753008
 Final SFC+Painter time: 0.000200854

Painter+Knapsack previous efficiency: 0.6430045754
Painter+Knapsack ratio: 1.209407527
 Final painter+Knapsack_Combined time: 0.000238093
Run 3
File weights 51 and ranks 51
Original previous efficiency: 0.8167392523
Original efficiency: 0.816851778
Original ratio: 1.000137774
Knapsack previous efficiency: 0.8167392523
Knapsack ratio: 1.044773503
 Final Knapsack time: 0.000102601

Karmarkar-Karp previous efficiency: 0.811638033
Karmarkar-Karp ratio: 1.05134
 Final Karmarkar-Karp time: 0.007731595

SFC previous efficiency: 0.6037827278
 Time take to run this function: 5.1e-07
SFC ratio: 1.251927546
 Final SFC time: 9.1099e-05

SFC+Knapsack previous efficiency: 0.601923871
SFC + Knapsack ratio: 1.356092423
 Final SFC+Knapsack_Combined time: 9.6359e-05

SFC+Painter previous efficiency: 0.784316905
SFC+painterPartition efficiency: 0.8175278318
SFC+Painter ratio: 1.04234376
 Final SFC+Painter time: 0.000128289

Painter+Knapsack previous efficiency: 0.760156651
Painter+Knapsack ratio: 1.073810773
 Final painter+Knapsack_Combined time: 0.000150521
Run 4
File weights 51 and ranks 51
Original previous efficiency: 0.7977033771
Original efficiency: 0.8185586014
Original ratio: 1.026144084
Knapsack previous efficiency: 0.7977033771
Knapsack ratio: 1.068607435
 Final Knapsack time: 7.507e-05

Karmarkar-Karp previous efficiency: 0.7963115879
Karmarkar-Karp ratio: 1.070475142
 Final Karmarkar-Karp time: 0.006427225

SFC previous efficiency: 0.6027058446
 Time take to run this function: 3.9e-07
SFC ratio: 1.221583717
 Final SFC time: 5.898e-05

SFC+Knapsack previous efficiency: 0.6005217917
SFC + Knapsack ratio: 1.363990223
 Final SFC+Knapsack_Combined time: 9.4887e-05

SFC+Painter previous efficiency: 0.7631219722
SFC+painterPartition efficiency: 0.8191058524
SFC+Painter ratio: 1.073361641
 Final SFC+Painter time: 0.00012904

Painter+Knapsack previous efficiency: 0.7571621092
Painter+Knapsack ratio: 1.079978077
 Final painter+Knapsack_Combined time: 0.000149559
Run 5
File weights 51 and ranks 51
Original previous efficiency: 0.7843729763
Original efficiency: 0.8185472516
Original ratio: 1.04356891
Knapsack previous efficiency: 0.7843729763
Knapsack ratio: 1.082619747
 Final Knapsack time: 7.3628e-05

Karmarkar-Karp previous efficiency: 0.7832356005
Karmarkar-Karp ratio: 1.084191874
 Final Karmarkar-Karp time: 0.006203317

SFC previous efficiency: 0.6001215231
 Time take to run this function: 4.31e-07
SFC ratio: 1.059750395
 Final SFC time: 5.8299e-05

SFC+Knapsack previous efficiency: 0.5978715089
SFC + Knapsack ratio: 1.373635848
 Final SFC+Knapsack_Combined time: 9.1711e-05

SFC+Painter previous efficiency: 0.7525886984
SFC+painterPartition efficiency: 0.8227166855
SFC+Painter ratio: 1.093182355
 Final SFC+Painter time: 0.000114093

Painter+Knapsack previous efficiency: 0.7506891523
Painter+Knapsack ratio: 1.094005068
 Final painter+Knapsack_Combined time: 0.000148307
Run 6
File weights 51 and ranks 51
Original previous efficiency: 0.7733360541
Original efficiency: 0.8239574127
Original ratio: 1.065458423
Knapsack previous efficiency: 0.7733360541
Knapsack ratio: 1.091292418
 Final Knapsack time: 7.4448e-05

Karmarkar-Karp previous efficiency: 0.7722385066
Karmarkar-Karp ratio: 1.092843422
 Final Karmarkar-Karp time: 0.006232994

SFC previous efficiency: 0.5982594672
 Time take to run this function: 3.9e-07
SFC ratio: 1.091600818
 Final SFC time: 5.8419e-05

SFC+Knapsack previous efficiency: 0.5976326919
SFC + Knapsack ratio: 1.374586267
 Final SFC+Knapsack_Combined time: 9.138e-05

SFC+Painter previous efficiency: 0.7504382479
SFC+painterPartition efficiency: 0.8230684112
SFC+Painter ratio: 1.096783664
 Final SFC+Painter time: 0.000121827

Painter+Knapsack previous efficiency: 0.749482243
Painter+Knapsack ratio: 1.09608693
 Final painter+Knapsack_Combined time: 0.000148747
Run 7
File weights 51 and ranks 51
Original previous efficiency: 0.7682891366
Original efficiency: 0.8239731405
Original ratio: 1.072477927
Knapsack previous efficiency: 0.7682891366
Knapsack ratio: 1.096243622
 Final Knapsack time: 7.3868e-05

Karmarkar-Karp previous efficiency: 0.7672002738
Karmarkar-Karp ratio: 1.097799485
 Final Karmarkar-Karp time: 0.006150709

SFC previous efficiency: 0.5976044427
 Time take to run this function: 4.11e-07
SFC ratio: 1.100449872
 Final SFC time: 5.8399e-05

SFC+Knapsack previous efficiency: 0.597181536
SFC + Knapsack ratio: 1.377820304
 Final SFC+Knapsack_Combined time: 9.0809e-05

SFC+Painter previous efficiency: 0.7467186069
SFC+painterPartition efficiency: 0.8235977789
SFC+Painter ratio: 1.102956015
 Final SFC+Painter time: 0.000126145

Painter+Knapsack previous efficiency: 0.7501061448
Painter+Knapsack ratio: 1.095928666
 Final painter+Knapsack_Combined time: 0.000149929
Run 8
File weights 51 and ranks 51
Original previous efficiency: 0.7652292769
Original efficiency: 0.8226569027
Original ratio: 1.0750463
Knapsack previous efficiency: 0.7652292769
Knapsack ratio: 1.099479536
 Final Knapsack time: 7.5049e-05

Karmarkar-Karp previous efficiency: 0.7564184926
Karmarkar-Karp ratio: 1.112286305
 Final Karmarkar-Karp time: 0.006172009

SFC previous efficiency: 0.5934363032
 Time take to run this function: 3.91e-07
SFC ratio: 1.153224345
 Final SFC time: 5.7988e-05

SFC+Knapsack previous efficiency: 0.593470516
SFC + Knapsack ratio: 1.387707463
 Final SFC+Knapsack_Combined time: 9.163e-05

SFC+Painter previous efficiency: 0.738981573
SFC+painterPartition efficiency: 0.8255405635
SFC+Painter ratio: 1.117132813
 Final SFC+Painter time: 0.00013403

Painter+Knapsack previous efficiency: 0.7457844718
Painter+Knapsack ratio: 1.103152869
 Final painter+Knapsack_Combined time: 0.000148196
Run 9
File weights 51 and ranks 51
Original previous efficiency: 0.7673346247
Original efficiency: 0.8213097407
Original ratio: 1.070341041
Knapsack previous efficiency: 0.7673346247
Knapsack ratio: 1.100707815
 Final Knapsack time: 7.4749e-05

Karmarkar-Karp previous efficiency: 0.7498358801
Karmarkar-Karp ratio: 1.126394776
 Final Karmarkar-Karp time: 0.006249905

SFC previous efficiency: 0.5894874676
 Time take to run this function: 3.7e-07
SFC ratio: 1.152104513
 Final SFC time: 5.7958e-05

SFC+Knapsack previous efficiency: 0.5900839818
SFC + Knapsack ratio: 1.395670261
 Final SFC+Knapsack_Combined time: 9.134e-05

SFC+Painter previous efficiency: 0.7366992928
SFC+painterPartition efficiency: 0.8243750884
SFC+Painter ratio: 1.119011646
 Final SFC+Painter time: 0.000120534

Painter+Knapsack previous efficiency: 0.7367201007
Painter+Knapsack ratio: 1.107201009
 Final painter+Knapsack_Combined time: 0.000149399
Run 10
File weights 51 and ranks 51
Original previous efficiency: 0.7886322511
Original efficiency: 0.8206616214
Original ratio: 1.040613823
Knapsack previous efficiency: 0.7886322511
Knapsack ratio: 1.071415566
 Final Knapsack time: 7.4128e-05

Karmarkar-Karp previous efficiency: 0.7584133303
Karmarkar-Karp ratio: 1.114106037
 Final Karmarkar-Karp time: 0.006352285

SFC previous efficiency: 0.5850905345
 Time take to run this function: 3.71e-07
SFC ratio: 1.214987085
 Final SFC time: 0.000159618

SFC+Knapsack previous efficiency: 0.5866224142
SFC + Knapsack ratio: 1.36091262
 Final SFC+Knapsack_Combined time: 9.2563e-05

SFC+Painter previous efficiency: 0.717781985
SFC+painterPartition efficiency: 0.8253277599
SFC+Painter ratio: 1.149830697
 Final SFC+Painter time: 0.000124692

Painter+Knapsack previous efficiency: 0.7206172242
Painter+Knapsack ratio: 1.095755252
 Final painter+Knapsack_Combined time: 0.000147505
Run 11
File weights 51 and ranks 51
Original previous efficiency: 0.750103543
Original efficiency: 0.7608180259
Original ratio: 1.014284005
Knapsack previous efficiency: 0.750103543
Knapsack ratio: 1.141130364
 Final Knapsack time: 7.5341e-05

Karmarkar-Karp previous efficiency: 0.750103543
Karmarkar-Karp ratio: 1.141130364
 Final Karmarkar-Karp time: 0.006358658

SFC previous efficiency: 0.5797259446
 Time take to run this function: 4.21e-07
SFC ratio: 1.18448075
 Final SFC time: 5.7397e-05

SFC+Knapsack previous efficiency: 0.5849324079
SFC + Knapsack ratio: 1.369704016
 Final SFC+Knapsack_Combined time: 9.2652e-05

SFC+Painter previous efficiency: 0.6661927179
SFC+painterPartition efficiency: 0.8231404969
SFC+Painter ratio: 1.235589154
 Final SFC+Painter time: 0.00012336

Painter+Knapsack previous efficiency: 0.6738485339
Painter+Knapsack ratio: 1.111982529
 Final painter+Knapsack_Combined time: 0.000151072
Run 12
File weights 51 and ranks 51
Original previous efficiency: 0.7245634937
Original efficiency: 0.8587603259
Original ratio: 1.18521059
Knapsack previous efficiency: 0.7245634937
Knapsack ratio: 1.219914469
 Final Knapsack time: 7.5511e-05

Karmarkar-Karp previous efficiency: 0.7245634937
Karmarkar-Karp ratio: 1.219914469
 Final Karmarkar-Karp time: 0.006266165

SFC previous efficiency: 0.5844381995
 Time take to run this function: 3.71e-07
SFC ratio: 1.168348262
 Final SFC time: 5.6436e-05

SFC+Knapsack previous efficiency: 0.5893804005
SFC + Knapsack ratio: 1.371693623
 Final SFC+Knapsack_Combined time: 9.2051e-05

SFC+Painter previous efficiency: 0.6357222922
SFC+painterPartition efficiency: 0.8247069941
SFC+Painter ratio: 1.297275562
 Final SFC+Painter time: 0.000120384

Painter+Knapsack previous efficiency: 0.627007962
Painter+Knapsack ratio: 1.229469807
 Final painter+Knapsack_Combined time: 0.000152524
Run 13
File weights 51 and ranks 51
Original previous efficiency: 0.7242614243
Original efficiency: 0.8558113392
Original ratio: 1.181633193
Knapsack previous efficiency: 0.7242614243
Knapsack ratio: 1.216807448
 Final Knapsack time: 8.1502e-05

Karmarkar-Karp previous efficiency: 0.7242614243
Karmarkar-Karp ratio: 1.216807448
 Final Karmarkar-Karp time: 0.006256918

SFC previous efficiency: 0.5784376087
 Time take to run this function: 4.01e-07
SFC ratio: 1.127972652
 Final SFC time: 5.6645e-05

SFC+Knapsack previous efficiency: 0.5840930574
SFC + Knapsack ratio: 1.319853576
 Final SFC+Knapsack_Combined time: 9.1561e-05

SFC+Painter previous efficiency: 0.6260731321
SFC+painterPartition efficiency: 0.8260191185
SFC+Painter ratio: 1.319365225
 Final SFC+Painter time: 0.000122278

Painter+Knapsack previous efficiency: 0.6223573122
Painter+Knapsack ratio: 1.238705315
 Final painter+Knapsack_Combined time: 0.000151693
Run 14
File weights 51 and ranks 51
Original previous efficiency: 0.7215069027
Original efficiency: 0.8495752323
Original ratio: 1.177501184
Knapsack previous efficiency: 0.7215069027
Knapsack ratio: 1.226662082
 Final Knapsack time: 7.4469e-05

Karmarkar-Karp previous efficiency: 0.7215069027
Karmarkar-Karp ratio: 1.226662082
 Final Karmarkar-Karp time: 0.006252429

SFC previous efficiency: 0.5690791517
 Time take to run this function: 3.81e-07
SFC ratio: 1.15557119
 Final SFC time: 5.7618e-05

SFC+Knapsack previous efficiency: 0.5735598846
SFC + Knapsack ratio: 1.400148122
 Final SFC+Knapsack_Combined time: 9.2162e-05

SFC+Painter previous efficiency: 0.6153996237
SFC+painterPartition efficiency: 0.8267592832
SFC+Painter ratio: 1.34345107
 Final SFC+Painter time: 0.000126716

Painter+Knapsack previous efficiency: 0.6112513554
Painter+Knapsack ratio: 1.253631501
 Final painter+Knapsack_Combined time: 0.000152704
Run 15
File weights 51 and ranks 51
Original previous efficiency: 0.7288240203
Original efficiency: 0.848542778
Original ratio: 1.164262914
Knapsack previous efficiency: 0.7288240203
Knapsack ratio: 1.212627184
 Final Knapsack time: 7.8186e-05

Karmarkar-Karp previous efficiency: 0.7288240203
Karmarkar-Karp ratio: 1.212627184
 Final Karmarkar-Karp time: 0.006659618

SFC previous efficiency: 0.5680746974
 Time take to run this function: 4.51e-07
SFC ratio: 1.193367403
 Final SFC time: 5.9471e-05

SFC+Knapsack previous efficiency: 0.5689938629
SFC + Knapsack ratio: 1.326863191
 Final SFC+Knapsack_Combined time: 9.5498e-05

SFC+Painter previous efficiency: 0.610444501
SFC+painterPartition efficiency: 0.8246364047
SFC+Painter ratio: 1.350878587
 Final SFC+Painter time: 0.00012874

Painter+Knapsack previous efficiency: 0.6193957982
Painter+Knapsack ratio: 1.218892693
 Final painter+Knapsack_Combined time: 0.000181117
Run 16
File weights 51 and ranks 51
Original previous efficiency: 0.6724337315
Original efficiency: 0.8006639464
Original ratio: 1.190695691
Knapsack previous efficiency: 0.6724337315
Knapsack ratio: 1.312050521
 Final Knapsack time: 7.5661e-05

Karmarkar-Karp previous efficiency: 0.6724337315
Karmarkar-Karp ratio: 1.312050521
 Final Karmarkar-Karp time: 0.006681128

SFC previous efficiency: 0.562269641
 Time take to run this function: 4.21e-07
SFC ratio: 1.16102367
 Final SFC time: 5.9571e-05

SFC+Knapsack previous efficiency: 0.5617197568
SFC + Knapsack ratio: 1.346095502
 Final SFC+Knapsack_Combined time: 0.000100748

SFC+Painter previous efficiency: 0.5677618224
SFC+painterPartition efficiency: 0.8225624276
SFC+Painter ratio: 1.448780801
 Final SFC+Painter time: 0.000131666

Painter+Knapsack previous efficiency: 0.5727920258
Painter+Knapsack ratio: 1.320075008
 Final painter+Knapsack_Combined time: 0.000152914
Run 17
File weights 51 and ranks 51
Original previous efficiency: 0.6470987825
Original efficiency: 0.8711491186
Original ratio: 1.346238228
Knapsack previous efficiency: 0.6470987825
Knapsack ratio: 1.36187658
 Final Knapsack time: 7.4869e-05

Karmarkar-Karp previous efficiency: 0.6470987825
Karmarkar-Karp ratio: 1.36187658
 Final Karmarkar-Karp time: 0.006757992

SFC previous efficiency: 0.517019138
 Time take to run this function: 4.5e-07
SFC ratio: 1.253971235
 Final SFC time: 5.9281e-05

SFC+Knapsack previous efficiency: 0.5365257973
SFC + Knapsack ratio: 1.45241276
 Final SFC+Knapsack_Combined time: 9.5448e-05

SFC+Painter previous efficiency: 0.5487311643
SFC+painterPartition efficiency: 0.8245920644
SFC+Painter ratio: 1.502725047
 Final SFC+Painter time: 0.000154739

Painter+Knapsack previous efficiency: 0.5365257973
Painter+Knapsack ratio: 1.45241276
 Final painter+Knapsack_Combined time: 0.000155239
Run 18
File weights 51 and ranks 51
Original previous efficiency: 0.6466583148
Original efficiency: 0.8656698169
Original ratio: 1.338681955
Knapsack previous efficiency: 0.6466583148
Knapsack ratio: 1.362236881
 Final Knapsack time: 7.4318e-05

Karmarkar-Karp previous efficiency: 0.6466583148
Karmarkar-Karp ratio: 1.362236881
 Final Karmarkar-Karp time: 0.006687009

SFC previous efficiency: 0.5163319031
 Time take to run this function: 4.31e-07
SFC ratio: 1.26734178
 Final SFC time: 5.925e-05

SFC+Knapsack previous efficiency: 0.5265551255
SFC + Knapsack ratio: 1.464555675
 Final SFC+Knapsack_Combined time: 9.4737e-05

SFC+Painter previous efficiency: 0.8208193592
SFC+painterPartition efficiency: 0.8221006683
SFC+Painter ratio: 1.001561012
 Final SFC+Painter time: 0.000150139

Painter+Knapsack previous efficiency: 0.5265551255
Painter+Knapsack ratio: 1.519920206
 Final painter+Knapsack_Combined time: 0.000150711
Run 19
File weights 51 and ranks 51
Original previous efficiency: 0.6517254173
Original efficiency: 0.8036612509
Original ratio: 1.233128599
Knapsack previous efficiency: 0.6517254173
Knapsack ratio: 1.354532328
 Final Knapsack time: 8.9075e-05

Karmarkar-Karp previous efficiency: 0.6517254173
Karmarkar-Karp ratio: 1.354532328
 Final Karmarkar-Karp time: 0.006679095

SFC previous efficiency: 0.5323574585
 Time take to run this function: 4.299999999e-07
SFC ratio: 1.213073491
 Final SFC time: 5.9771e-05

SFC+Knapsack previous efficiency: 0.5469360682
SFC + Knapsack ratio: 1.384780213
 Final SFC+Knapsack_Combined time: 9.5968e-05

SFC+Painter previous efficiency: 0.7271063633
SFC+painterPartition efficiency: 0.8198543462
SFC+Painter ratio: 1.127557655
 Final SFC+Painter time: 0.000114323

Painter+Knapsack previous efficiency: 0.7635833793
Painter+Knapsack ratio: 1.020280445
 Final painter+Knapsack_Combined time: 0.000180596
Run 20
File weights 51 and ranks 51
Original previous efficiency: 0.6481271613
Original efficiency: 0.7561760264
Original ratio: 1.166709361
Knapsack previous efficiency: 0.6481271613
Knapsack ratio: 1.364631351
 Final Knapsack time: 7.6633e-05

Karmarkar-Karp previous efficiency: 0.6481271613
Karmarkar-Karp ratio: 1.364631351
 Final Karmarkar-Karp time: 0.006664156

SFC previous efficiency: 0.5422561204
 Time take to run this function: 4.100000001e-07
SFC ratio: 1.151822247
 Final SFC time: 6.0533e-05

SFC+Knapsack previous efficiency: 0.5392541897
SFC + Knapsack ratio: 1.313530594
 Final SFC+Knapsack_Combined time: 0.000106688

SFC+Painter previous efficiency: 0.6389282563
SFC+painterPartition efficiency: 0.8242074712
SFC+Painter ratio: 1.289984381
 Final SFC+Painter time: 0.000129021

Painter+Knapsack previous efficiency: 0.7160989584
Painter+Knapsack ratio: 1.01836265
 Final painter+Knapsack_Combined time: 0.000154318
Run 21
File weights 51 and ranks 51
Original previous efficiency: 0.6634290397
Original efficiency: 0.8708354239
Original ratio: 1.312627835
Knapsack previous efficiency: 0.6634290397
Knapsack ratio: 1.328343441
 Final Knapsack time: 7.7665e-05

Karmarkar-Karp previous efficiency: 0.6634290397
Karmarkar-Karp ratio: 1.328343441
 Final Karmarkar-Karp time: 0.006511092

SFC previous efficiency: 0.5572687722
 Time take to run this function: 4.11e-07
SFC ratio: 1.125446739
 Final SFC time: 6.1264e-05

SFC+Knapsack previous efficiency: 0.5508940942
SFC + Knapsack ratio: 1.329505077
 Final SFC+Knapsack_Combined time: 0.000104064

SFC+Painter previous efficiency: 0.5940977717
SFC+painterPartition efficiency: 0.8192860033
SFC+Painter ratio: 1.379042377
 Final SFC+Painter time: 0.000136334

Painter+Knapsack previous efficiency: 0.677925311
Painter+Knapsack ratio: 1.029921434
 Final painter+Knapsack_Combined time: 0.000158214
Run 22
File weights 51 and ranks 51
Original previous efficiency: 0.6767499639
Original efficiency: 0.8717737285
Original ratio: 1.288176986
Knapsack previous efficiency: 0.6767499639
Knapsack ratio: 1.302638536
 Final Knapsack time: 9.5688e-05

Karmarkar-Karp previous efficiency: 0.6767499639
Karmarkar-Karp ratio: 1.302638536
 Final Karmarkar-Karp time: 0.006730359

SFC previous efficiency: 0.546018038
 Time take to run this function: 5.310000001e-07
SFC ratio: 1.147254229
 Final SFC time: 5.9641e-05

SFC+Knapsack previous efficiency: 0.540416664
SFC + Knapsack ratio: 1.258313867
 Final SFC+Knapsack_Combined time: 9.4847e-05

SFC+Painter previous efficiency: 0.5772603364
SFC+painterPartition efficiency: 0.8232765343
SFC+Painter ratio: 1.426178939
 Final SFC+Painter time: 0.000126555

Painter+Knapsack previous efficiency: 0.6425815257
Painter+Knapsack ratio: 1.058252929
 Final painter+Knapsack_Combined time: 0.000173493
Run 23
File weights 51 and ranks 51
Original previous efficiency: 0.6991786624
Original efficiency: 0.8709655961
Original ratio: 1.245698193
Knapsack previous efficiency: 0.6991786624
Knapsack ratio: 1.26279475
 Final Knapsack time: 7.6393e-05

Karmarkar-Karp previous efficiency: 0.6991786624
Karmarkar-Karp ratio: 1.26279475
 Final Karmarkar-Karp time: 0.006647226

SFC previous efficiency: 0.5402220619
 Time take to run this function: 4.31e-07
SFC ratio: 1.15113786
 Final SFC time: 7.5821e-05

SFC+Knapsack previous efficiency: 0.536778134
SFC + Knapsack ratio: 1.250365634
 Final SFC+Knapsack_Combined time: 9.5558e-05

SFC+Painter previous efficiency: 0.5701258831
SFC+painterPartition efficiency: 0.8231589825
SFC+Painter ratio: 1.443819702
 Final SFC+Painter time: 0.000123099

Painter+Knapsack previous efficiency: 0.6218700685
Painter+Knapsack ratio: 1.079275183
 Final painter+Knapsack_Combined time: 0.00019282
Run 24
File weights 51 and ranks 51
Original previous efficiency: 0.6866341469
Original efficiency: 0.8321759082
Original ratio: 1.21196406
Knapsack previous efficiency: 0.6866341469
Knapsack ratio: 1.28387308
 Final Knapsack time: 7.7405e-05

Karmarkar-Karp previous efficiency: 0.6866341469
Karmarkar-Karp ratio: 1.28387308
 Final Karmarkar-Karp time: 0.006621367

SFC previous efficiency: 0.5488850651
 Time take to run this function: 3.81e-07
SFC ratio: 1.077131236
 Final SFC time: 6.0052e-05

SFC+Knapsack previous efficiency: 0.5435856889
SFC + Knapsack ratio: 1.26020204
 Final SFC+Knapsack_Combined time: 0.000116708

SFC+Painter previous efficiency: 0.5276636041
SFC+painterPartition efficiency: 0.821458175
SFC+Painter ratio: 1.556783846
 Final SFC+Painter time: 0.000132066

Painter+Knapsack previous efficiency: 0.5912212487
Painter+Knapsack ratio: 1.158665721
 Final painter+Knapsack_Combined time: 0.00015565
Run 25
File weights 51 and ranks 51
Original previous efficiency: 0.6529664814
Original efficiency: 0.7897067712
Original ratio: 1.20941395
Knapsack previous efficiency: 0.6529664814
Knapsack ratio: 1.352693372
 Final Knapsack time: 7.9508e-05

Karmarkar-Karp previous efficiency: 0.6529664814
Karmarkar-Karp ratio: 1.352693372
 Final Karmarkar-Karp time: 0.006827371

SFC previous efficiency: 0.5471460657
 Time take to run this function: 4.21e-07
SFC ratio: 1
 Final SFC time: 6.0974e-05

SFC+Knapsack previous efficiency: 0.5449512176
SFC + Knapsack ratio: 1.329902151
 Final SFC+Knapsack_Combined time: 0.000115545

SFC+Painter previous efficiency: 0.8096455533
SFC+painterPartition efficiency: 0.8220744764
SFC+Painter ratio: 1.015351067
 Final SFC+Painter time: 0.000129752

Painter+Knapsack previous efficiency: 0.5471460657
Painter+Knapsack ratio: 1.333011683
 Final painter+Knapsack_Combined time: 0.000148908
Run 26
File weights 51 and ranks 51
Original previous efficiency: 0.6599376561
Original efficiency: 0.8725141437
Original ratio: 1.322116015
Knapsack previous efficiency: 0.6599376561
Knapsack ratio: 1.335284408
 Final Knapsack time: 7.8687e-05

Karmarkar-Karp previous efficiency: 0.6599376561
Karmarkar-Karp ratio: 1.335284408
 Final Karmarkar-Karp time: 0.00677886

SFC previous efficiency: 0.5326216122
 Time take to run this function: 6.562e-06
SFC ratio: 1
 Final SFC time: 7.5741e-05

SFC+Knapsack previous efficiency: 0.5539072481
SFC + Knapsack ratio: 1.294688578
 Final SFC+Knapsack_Combined time: 9.7482e-05

SFC+Painter previous efficiency: 0.8033844082
SFC+painterPartition efficiency: 0.8239437346
SFC+Painter ratio: 1.025590895
 Final SFC+Painter time: 0.000123751

Painter+Knapsack previous efficiency: 0.5326216122
Painter+Knapsack ratio: 1.418433262
 Final painter+Knapsack_Combined time: 0.000177621
Run 27
File weights 51 and ranks 51
Original previous efficiency: 0.6501820053
Original efficiency: 0.8396413663
Original ratio: 1.291394347
Knapsack previous efficiency: 0.6501820053
Knapsack ratio: 1.357687223
 Final Knapsack time: 7.9027e-05

Karmarkar-Karp previous efficiency: 0.6501820053
Karmarkar-Karp ratio: 1.357687223
 Final Karmarkar-Karp time: 0.006808987

SFC previous efficiency: 0.5240472798
 Time take to run this function: 4.01e-07
SFC ratio: 1.261491277
 Final SFC time: 6.0844e-05

SFC+Knapsack previous efficiency: 0.5651447284
SFC + Knapsack ratio: 1.277374913
 Final SFC+Knapsack_Combined time: 9.7321e-05

SFC+Painter previous efficiency: 0.7732971574
SFC+painterPartition efficiency: 0.8175162368
SFC+Painter ratio: 1.057182519
 Final SFC+Painter time: 0.000151663

Painter+Knapsack previous efficiency: 0.5240472798
Painter+Knapsack ratio: 1.377550702
 Final painter+Knapsack_Combined time: 0.000154779
Run 28
File weights 51 and ranks 51
Original previous efficiency: 0.6401084713
Original efficiency: 0.7952793496
Original ratio: 1.242413412
Knapsack previous efficiency: 0.6401084713
Knapsack ratio: 1.37824465
 Final Knapsack time: 7.9909e-05

Karmarkar-Karp previous efficiency: 0.6401084713
Karmarkar-Karp ratio: 1.37824465
 Final Karmarkar-Karp time: 0.006788006

SFC previous efficiency: 0.533961851
 Time take to run this function: 4.1e-07
SFC ratio: 1.286459542
 Final SFC time: 6.1755e-05

SFC+Knapsack previous efficiency: 0.5623967525
SFC + Knapsack ratio: 1.404915644
 Final SFC+Knapsack_Combined time: 9.7291e-05

SFC+Painter previous efficiency: 0.6902317146
SFC+painterPartition efficiency: 0.8167100449
SFC+Painter ratio: 1.183240393
 Final SFC+Painter time: 0.000154138

Painter+Knapsack previous efficiency: 0.522879943
Painter+Knapsack ratio: 1.418012277
 Final painter+Knapsack_Combined time: 0.000157994
Run 29
File weights 51 and ranks 51
Original previous efficiency: 0.6418623697
Original efficiency: 0.8765679608
Original ratio: 1.365663423
Knapsack previous efficiency: 0.6418623697
Knapsack ratio: 1.376627835
 Final Knapsack time: 7.9147e-05

Karmarkar-Karp previous efficiency: 0.6418623697
Karmarkar-Karp ratio: 1.376627835
 Final Karmarkar-Karp time: 0.006681419

SFC previous efficiency: 0.5498260194
 Time take to run this function: 3.81e-07
SFC ratio: 1.160304296
 Final SFC time: 6.9509e-05

SFC+Knapsack previous efficiency: 0.5597106553
SFC + Knapsack ratio: 1.395760889
 Final SFC+Knapsack_Combined time: 0.000108192

SFC+Painter previous efficiency: 0.6379654924
SFC+painterPartition efficiency: 0.8158452529
SFC+Painter ratio: 1.278823483
 Final SFC+Painter time: 0.000112589

Painter+Knapsack previous efficiency: 0.5364172814
Painter+Knapsack ratio: 1.442814278
 Final painter+Knapsack_Combined time: 0.000155891
Run 30
File weights 51 and ranks 51
Original previous efficiency: 0.6460531952
Original efficiency: 0.8658318214
Original ratio: 1.340186579
Knapsack previous efficiency: 0.6460531952
Knapsack ratio: 1.36808794
 Final Knapsack time: 8.1592e-05

Karmarkar-Karp previous efficiency: 0.6460531952
Karmarkar-Karp ratio: 1.36808794
 Final Karmarkar-Karp time: 0.006766146

SFC previous efficiency: 0.5642330483
 Time take to run this function: 4.21e-07
SFC ratio: 1.082758378
 Final SFC time: 6.2246e-05

SFC+Knapsack previous efficiency: 0.5718350977
SFC + Knapsack ratio: 1.331683939
 Final SFC+Knapsack_Combined time: 9.8133e-05

SFC+Painter previous efficiency: 0.6109280601
SFC+painterPartition efficiency: 0.8172873486
SFC+Painter ratio: 1.337780014
 Final SFC+Painter time: 0.000154227

Painter+Knapsack previous efficiency: 0.5497428358
Painter+Knapsack ratio: 1.385199707
 Final painter+Knapsack_Combined time: 0.000166761
Run 31
File weights 51 and ranks 51
Original previous efficiency: 0.6609959662
Original efficiency: 0.8520809351
Original ratio: 1.289086437
Knapsack previous efficiency: 0.6609959662
Knapsack ratio: 1.33987838
 Final Knapsack time: 7.9869e-05

Karmarkar-Karp previous efficiency: 0.6609959662
Karmarkar-Karp ratio: 1.33987838
 Final Karmarkar-Karp time: 0.00682153

SFC previous efficiency: 0.5770489839
 Time take to run this function: 4.01e-07
SFC ratio: 1.049330291
 Final SFC time: 6.2236e-05

SFC+Knapsack previous efficiency: 0.5881816262
SFC + Knapsack ratio: 1.202424547
 Final SFC+Knapsack_Combined time: 0.00013429

SFC+Painter previous efficiency: 0.595885714
SFC+painterPartition efficiency: 0.8188277232
SFC+Painter ratio: 1.374135516
 Final SFC+Painter time: 0.000131285

Painter+Knapsack previous efficiency: 0.5609923983
Painter+Knapsack ratio: 1.325360696
 Final painter+Knapsack_Combined time: 0.00015565
Run 32
File weights 51 and ranks 51
Original previous efficiency: 0.6704712276
Original efficiency: 0.8356027386
Original ratio: 1.246291719
Knapsack previous efficiency: 0.6704712276
Knapsack ratio: 1.322864827
 Final Knapsack time: 9.0508e-05

Karmarkar-Karp previous efficiency: 0.6704712276
Karmarkar-Karp ratio: 1.322864827
 Final Karmarkar-Karp time: 0.006854912

SFC previous efficiency: 0.5517517833
 Time take to run this function: 4.21e-07
SFC ratio: 0.9810358521
 Final SFC time: 7.3116e-05

SFC+Knapsack previous efficiency: 0.607378786
SFC + Knapsack ratio: 1.216889661
 Final SFC+Knapsack_Combined time: 0.000102972

SFC+Painter previous efficiency: 0.5412882809
SFC+painterPartition efficiency: 0.8200505706
SFC+Painter ratio: 1.514997829
 Final SFC+Painter time: 0.000130103

Painter+Knapsack previous efficiency: 0.5764781774
Painter+Knapsack ratio: 1.310302859
 Final painter+Knapsack_Combined time: 0.000168744
Run 33
File weights 51 and ranks 51
Original previous efficiency: 0.6730005587
Original efficiency: 0.8206966678
Original ratio: 1.219459118
Knapsack previous efficiency: 0.6730005587
Knapsack ratio: 1.320857881
 Final Knapsack time: 7.9859e-05

Karmarkar-Karp previous efficiency: 0.6730005587
Karmarkar-Karp ratio: 1.320857881
 Final Karmarkar-Karp time: 0.006808025

SFC previous efficiency: 0.5252550149
 Time take to run this function: 4.21e-07
SFC ratio: 1.006684209
 Final SFC time: 6.1875e-05

SFC+Knapsack previous efficiency: 0.6162116099
SFC + Knapsack ratio: 1.224472762
 Final SFC+Knapsack_Combined time: 0.000108582

SFC+Painter previous efficiency: 0.8188465036
SFC+painterPartition efficiency: 0.8193885905
SFC+Painter ratio: 1.000662013
 Final SFC+Painter time: 0.000129842

Painter+Knapsack previous efficiency: 0.6091227058
Painter+Knapsack ratio: 1.238723043
 Final painter+Knapsack_Combined time: 0.000155169
Run 34
File weights 51 and ranks 51
Original previous efficiency: 0.668895124
Original efficiency: 0.7894194607
Original ratio: 1.180184206
Knapsack previous efficiency: 0.668895124
Knapsack ratio: 1.336260189
 Final Knapsack time: 8.0801e-05

Karmarkar-Karp previous efficiency: 0.668895124
Karmarkar-Karp ratio: 1.336260189
 Final Karmarkar-Karp time: 0.006847267

SFC previous efficiency: 0.5001316179
 Time take to run this function: 4.4e-07
SFC ratio: 1.042395297
 Final SFC time: 6.1785e-05

SFC+Knapsack previous efficiency: 0.6001825344
SFC + Knapsack ratio: 1.282163216
 Final SFC+Knapsack_Combined time: 9.8854e-05

SFC+Painter previous efficiency: 0.8188508271
SFC+painterPartition efficiency: 0.8198697836
SFC+Painter ratio: 1.001244374
 Final SFC+Painter time: 0.000129842

Painter+Knapsack previous efficiency: 0.6033796484
Painter+Knapsack ratio: 1.275369447
 Final painter+Knapsack_Combined time: 0.000180406
Run 35
File weights 51 and ranks 51
Original previous efficiency: 0.6558026914
Original efficiency: 0.8795961878
Original ratio: 1.341251262
Knapsack previous efficiency: 0.6562380515
Knapsack ratio: 1.366218747
 Final Knapsack time: 8.1432e-05

Karmarkar-Karp previous efficiency: 0.6806579816
Karmarkar-Karp ratio: 1.31720299
 Final Karmarkar-Karp time: 0.006850184

SFC previous efficiency: 0.4814589663
 Time take to run this function: 5.41e-07
SFC ratio: 1.335736942
 Final SFC time: 8.0179e-05

SFC+Knapsack previous efficiency: 0.5845590622
SFC + Knapsack ratio: 1.28726233
 Final SFC+Knapsack_Combined time: 9.8373e-05

SFC+Painter previous efficiency: 0.7950052423
SFC+painterPartition efficiency: 0.8199545435
SFC+Painter ratio: 1.031382562
 Final SFC+Painter time: 0.000129812

Painter+Knapsack previous efficiency: 0.5907796384
Painter+Knapsack ratio: 1.273708184
 Final painter+Knapsack_Combined time: 0.000178272
Run 36
File weights 51 and ranks 51
Original previous efficiency: 0.6505871733
Original efficiency: 0.869244564
Original ratio: 1.336092379
Knapsack previous efficiency: 0.6509924541
Knapsack ratio: 1.379321665
 Final Knapsack time: 8.1441e-05

Karmarkar-Karp previous efficiency: 0.69186324
Karmarkar-Karp ratio: 1.297840301
 Final Karmarkar-Karp time: 0.006797064

SFC previous efficiency: 0.4686716469
 Time take to run this function: 4.100000001e-07
SFC ratio: 1.414810988
 Final SFC time: 6.2537e-05

SFC+Knapsack previous efficiency: 0.5737796289
SFC + Knapsack ratio: 1.335789445
 Final SFC+Knapsack_Combined time: 9.7962e-05

SFC+Painter previous efficiency: 0.721207703
SFC+painterPartition efficiency: 0.8166947865
SFC+Painter ratio: 1.132398868
 Final SFC+Painter time: 0.000129811

Painter+Knapsack previous efficiency: 0.5738595559
Painter+Knapsack ratio: 1.337565215
 Final painter+Knapsack_Combined time: 0.000179505
Run 37
File weights 51 and ranks 51
Original previous efficiency: 0.6471353689
Original efficiency: 0.8343190732
Original ratio: 1.289249689
Knapsack previous efficiency: 0.6475664014
Knapsack ratio: 1.387643526
 Final Knapsack time: 8.2805e-05

Karmarkar-Karp previous efficiency: 0.6578237585
Karmarkar-Karp ratio: 1.366006188
 Final Karmarkar-Karp time: 0.006823954

SFC previous efficiency: 0.4575778714
 Time take to run this function: 4.01e-07
SFC ratio: 1.473811645
 Final SFC time: 6.1855e-05

SFC+Knapsack previous efficiency: 0.5724986656
SFC + Knapsack ratio: 1.350394452
 Final SFC+Knapsack_Combined time: 9.6981e-05

SFC+Painter previous efficiency: 0.6710635304
SFC+painterPartition efficiency: 0.8098111483
SFC+Painter ratio: 1.206757798
 Final SFC+Painter time: 0.00016114

Painter+Knapsack previous efficiency: 0.5633508409
Painter+Knapsack ratio: 1.301895895
 Final painter+Knapsack_Combined time: 0.000156762
Run 38
File weights 51 and ranks 51
Original previous efficiency: 0.6339931001
Original efficiency: 0.8082108061
Original ratio: 1.274794325
Knapsack previous efficiency: 0.6339931001
Knapsack ratio: 1.425018328
 Final Knapsack time: 8.1181e-05

Karmarkar-Karp previous efficiency: 0.6339931001
Karmarkar-Karp ratio: 1.425018328
 Final Karmarkar-Karp time: 0.006770364

SFC previous efficiency: 0.4570662641
 Time take to run this function: 4.51e-07
SFC ratio: 1.316883142
 Final SFC time: 6.1595e-05

SFC+Knapsack previous efficiency: 0.573723882
SFC + Knapsack ratio: 1.290480149
 Final SFC+Knapsack_Combined time: 0.000116427

SFC+Painter previous efficiency: 0.6355588921
SFC+painterPartition efficiency: 0.7986496827
SFC+Painter ratio: 1.256610037
 Final SFC+Painter time: 0.000132357

Painter+Knapsack previous efficiency: 0.5721517038
Painter+Knapsack ratio: 1.204555568
 Final painter+Knapsack_Combined time: 0.000171971
Run 39
File weights 51 and ranks 51
Original previous efficiency: 0.611481464
Original efficiency: 0.8834237915
Original ratio: 1.444727017
Knapsack previous efficiency: 0.611481464
Knapsack ratio: 1.473530244
 Final Knapsack time: 0.000102541

Karmarkar-Karp previous efficiency: 0.611481464
Karmarkar-Karp ratio: 1.473530244
 Final Karmarkar-Karp time: 0.00675699

SFC previous efficiency: 0.4556659295
 Time take to run this function: 4.11e-07
SFC ratio: 1.337073565
 Final SFC time: 6.0683e-05

SFC+Knapsack previous efficiency: 0.5816366667
SFC + Knapsack ratio: 1.296840241
 Final SFC+Knapsack_Combined time: 9.7131e-05

SFC+Painter previous efficiency: 0.5941898412
SFC+painterPartition efficiency: 0.7911480521
SFC+Painter ratio: 1.331473541
 Final SFC+Painter time: 0.00014469

Painter+Knapsack previous efficiency: 0.5913335383
Painter+Knapsack ratio: 1.134017475
 Final painter+Knapsack_Combined time: 0.000157654
Run 40
File weights 51 and ranks 51
Original previous efficiency: 0.5833930066
Original efficiency: 0.8558067139
Original ratio: 1.466947159
Knapsack previous efficiency: 0.5833930066
Knapsack ratio: 1.542761172
 Final Knapsack time: 8.1792e-05

Karmarkar-Karp previous efficiency: 0.5833930066
Karmarkar-Karp ratio: 1.542761172
 Final Karmarkar-Karp time: 0.006809406

SFC previous efficiency: 0.450582482
 Time take to run this function: 4.11e-07
SFC ratio: 1.274932146
 Final SFC time: 6.2406e-05

SFC+Knapsack previous efficiency: 0.5962593003
SFC + Knapsack ratio: 1.248265478
 Final SFC+Knapsack_Combined time: 9.69e-05

SFC+Painter previous efficiency: 0.5491162609
SFC+painterPartition efficiency: 0.7840748444
SFC+Painter ratio: 1.427884949
 Final SFC+Painter time: 0.00013419

Painter+Knapsack previous efficiency: 0.5928867707
Painter+Knapsack ratio: 1.190423026
 Final painter+Knapsack_Combined time: 0.000158506
Run 41
File weights 51 and ranks 51
Original previous efficiency: 0.5763109915
Original efficiency: 0.8390550893
Original ratio: 1.455906796
Knapsack previous efficiency: 0.8989396733
Knapsack ratio: 1.000881288
 Final Knapsack time: 8.1652e-05

Karmarkar-Karp previous efficiency: 0.8989396733
Karmarkar-Karp ratio: 1.000881288
 Final Karmarkar-Karp time: 0.006859471

SFC previous efficiency: 0.4527336679
 Time take to run this function: 7.02e-07
SFC ratio: 1.357017607
 Final SFC time: 8.0611e-05

SFC+Knapsack previous efficiency: 0.601525288
SFC + Knapsack ratio: 1.238119184
 Final SFC+Knapsack_Combined time: 9.6931e-05

SFC+Painter previous efficiency: 0.5395176861
SFC+painterPartition efficiency: 0.7843666253
SFC+Painter ratio: 1.45382931
 Final SFC+Painter time: 0.000114623

Painter+Knapsack previous efficiency: 0.5605734806
Painter+Knapsack ratio: 1.28747688
 Final painter+Knapsack_Combined time: 0.00017756
Run 42
File weights 51 and ranks 51
Original previous efficiency: 0.5749962394
Original efficiency: 0.8354803575
Original ratio: 1.45301882
Knapsack previous efficiency: 0.8920665784
Knapsack ratio: 1.007400153
 Final Knapsack time: 8.2674e-05

Karmarkar-Karp previous efficiency: 0.8920665784
Karmarkar-Karp ratio: 1.007400153
 Final Karmarkar-Karp time: 0.006984393

SFC previous efficiency: 0.4549605388
 Time take to run this function: 4.11e-07
SFC ratio: 1.365119747
 Final SFC time: 6.0523e-05

SFC+Knapsack previous efficiency: 0.5973933395
SFC + Knapsack ratio: 1.212675742
 Final SFC+Knapsack_Combined time: 0.000115185

SFC+Painter previous efficiency: 0.5329520017
SFC+painterPartition efficiency: 0.7897347452
SFC+Painter ratio: 1.481812138
 Final SFC+Painter time: 0.000127989

Painter+Knapsack previous efficiency: 0.5513958044
Painter+Knapsack ratio: 1.313837365
 Final painter+Knapsack_Combined time: 0.000172401
Run 43
File weights 51 and ranks 51
Original previous efficiency: 0.5764389921
Original efficiency: 0.8358952874
Original ratio: 1.450101917
Knapsack previous efficiency: 0.8706828376
Knapsack ratio: 1.032649481
 Final Knapsack time: 0.000104695

Karmarkar-Karp previous efficiency: 0.8706828376
Karmarkar-Karp ratio: 1.032649481
 Final Karmarkar-Karp time: 0.007174137

SFC previous efficiency: 0.4625127162
 Time take to run this function: 5.41e-07
SFC ratio: 1.288315248
 Final SFC time: 9.5227e-05

SFC+Knapsack previous efficiency: 0.5740604537
SFC + Knapsack ratio: 1.265099633
 Final SFC+Knapsack_Combined time: 0.000106378

SFC+Painter previous efficiency: 0.5391221816
SFC+painterPartition efficiency: 0.7863369604
SFC+Painter ratio: 1.458550561
 Final SFC+Painter time: 0.000125574

Painter+Knapsack previous efficiency: 0.5457429847
Painter+Knapsack ratio: 1.299456982
 Final painter+Knapsack_Combined time: 0.000177651
Run 44
File weights 51 and ranks 51
Original previous efficiency: 0.5626314206
Original efficiency: 0.8326921445
Original ratio: 1.479995809
Knapsack previous efficiency: 0.8531480137
Knapsack ratio: 1.061971203
 Final Knapsack time: 8.8105e-05

Karmarkar-Karp previous efficiency: 0.8531480137
Karmarkar-Karp ratio: 1.061971203
 Final Karmarkar-Karp time: 0.006863147

SFC previous efficiency: 0.4928685458
 Time take to run this function: 4.11e-07
SFC ratio: 1.278207916
 Final SFC time: 6.2507e-05

SFC+Knapsack previous efficiency: 0.5535189679
SFC + Knapsack ratio: 1.320473289
 Final SFC+Knapsack_Combined time: 0.000117038

SFC+Painter previous efficiency: 0.5711109578
SFC+painterPartition efficiency: 0.7826560526
SFC+Painter ratio: 1.370409798
 Final SFC+Painter time: 0.000123861

Painter+Knapsack previous efficiency: 0.5565338693
Painter+Knapsack ratio: 1.313319911
 Final painter+Knapsack_Combined time: 0.000154608
Run 45
File weights 51 and ranks 51
Original previous efficiency: 0.5403794148
Original efficiency: 0.7977461981
Original ratio: 1.476270517
Knapsack previous efficiency: 0.8332108676
Knapsack ratio: 1.086545261
 Final Knapsack time: 9.0098e-05

Karmarkar-Karp previous efficiency: 0.8332108676
Karmarkar-Karp ratio: 1.086545261
 Final Karmarkar-Karp time: 0.006930263

SFC previous efficiency: 0.5105092626
 Time take to run this function: 4.21e-07
SFC ratio: 1.238274686
 Final SFC time: 6.2016e-05

SFC+Knapsack previous efficiency: 0.5397803019
SFC + Knapsack ratio: 1.361085325
 Final SFC+Knapsack_Combined time: 9.6109e-05

SFC+Painter previous efficiency: 0.5684522083
SFC+painterPartition efficiency: 0.7851870441
SFC+Painter ratio: 1.381271869
 Final SFC+Painter time: 0.000129061

Painter+Knapsack previous efficiency: 0.567739101
Painter+Knapsack ratio: 1.294057511
 Final painter+Knapsack_Combined time: 0.000176159
Run 46
File weights 51 and ranks 51
Original previous efficiency: 0.5425814038
Original efficiency: 0.8974407732
Original ratio: 1.654020516
Knapsack previous efficiency: 0.8376433463
Knapsack ratio: 1.08145791
 Final Knapsack time: 8.4056e-05

Karmarkar-Karp previous efficiency: 0.8376433463
Karmarkar-Karp ratio: 1.08145791
 Final Karmarkar-Karp time: 0.0067359

SFC previous efficiency: 0.5272824491
 Time take to run this function: 1.262e-06
SFC ratio: 1.165544083
 Final SFC time: 0.000145712

SFC+Knapsack previous efficiency: 0.5388359125
SFC + Knapsack ratio: 1.253207348
 Final SFC+Knapsack_Combined time: 0.000100657

SFC+Painter previous efficiency: 0.5743788511
SFC+painterPartition efficiency: 0.7873439484
SFC+Painter ratio: 1.370774615
 Final SFC+Painter time: 0.000132688

Painter+Knapsack previous efficiency: 0.5749469805
Painter+Knapsack ratio: 1.307492648
 Final painter+Knapsack_Combined time: 0.000154027
Run 47
File weights 51 and ranks 51
Original previous efficiency: 0.8814515065
Original efficiency: 0.8814515065
Original ratio: 1
Knapsack previous efficiency: 0.8001234518
Knapsack ratio: 1.132494284
 Final Knapsack time: 8.5189e-05

Karmarkar-Karp previous efficiency: 0.8001234518
Karmarkar-Karp ratio: 1.132494284
 Final Karmarkar-Karp time: 0.006914494

SFC previous efficiency: 0.5471197396
 Time take to run this function: 4.100000001e-07
SFC ratio: 1.065161854
 Final SFC time: 6.4721e-05

SFC+Knapsack previous efficiency: 0.5600433968
SFC + Knapsack ratio: 1.257648273
 Final SFC+Knapsack_Combined time: 0.000120535

SFC+Painter previous efficiency: 0.5827710759
SFC+painterPartition efficiency: 0.7745538512
SFC+Painter ratio: 1.329087669
 Final SFC+Painter time: 0.000132547

Painter+Knapsack previous efficiency: 0.5873051953
Painter+Knapsack ratio: 1.279878787
 Final painter+Knapsack_Combined time: 0.00016085
Run 48
File weights 51 and ranks 51
Original previous efficiency: 0.8510835815
Original efficiency: 0.8510835815
Original ratio: 1
Knapsack previous efficiency: 0.775482649
Knapsack ratio: 1.160993888
 Final Knapsack time: 8.5369e-05

Karmarkar-Karp previous efficiency: 0.775482649
Karmarkar-Karp ratio: 1.160993888
 Final Karmarkar-Karp time: 0.006824835

SFC previous efficiency: 0.5604704648
 Time take to run this function: 5.31e-07
SFC ratio: 1.076201588
 Final SFC time: 7.9348e-05

SFC+Knapsack previous efficiency: 0.5752417809
SFC + Knapsack ratio: 1.270722758
 Final SFC+Knapsack_Combined time: 0.00010223

SFC+Painter previous efficiency: 0.5604704648
SFC+painterPartition efficiency: 0.7751770355
SFC+Painter ratio: 1.383082757
 Final SFC+Painter time: 0.000132267

Painter+Knapsack previous efficiency: 0.5921391666
Painter+Knapsack ratio: 1.251586334
 Final painter+Knapsack_Combined time: 0.00018277
Run 49
File weights 51 and ranks 51
Original previous efficiency: 0.8360306321
Original efficiency: 0.8360306321
Original ratio: 1
Knapsack previous efficiency: 0.7624911027
Knapsack ratio: 1.181137583
 Final Knapsack time: 8.558e-05

Karmarkar-Karp previous efficiency: 0.7624911027
Karmarkar-Karp ratio: 1.181137583
 Final Karmarkar-Karp time: 0.006618542

SFC previous efficiency: 0.5493094817
 Time take to run this function: 4.2e-07
SFC ratio: 1.155379503
 Final SFC time: 6.5622e-05

SFC+Knapsack previous efficiency: 0.6208874516
SFC + Knapsack ratio: 1.187724914
 Final SFC+Knapsack_Combined time: 0.000100326

SFC+Painter previous efficiency: 0.5493094817
SFC+painterPartition efficiency: 0.7667934257
SFC+Painter ratio: 1.395922429
 Final SFC+Painter time: 0.000133989

Painter+Knapsack previous efficiency: 0.5780651647
Painter+Knapsack ratio: 1.275709972
 Final painter+Knapsack_Combined time: 0.000159317
Run 50
File weights 51 and ranks 51
Original previous efficiency: 0.8169389791
Original efficiency: 0.8169389791
Original ratio: 1
Knapsack previous efficiency: 0.756429695
Knapsack ratio: 1.194133472
 Final Knapsack time: 8.7183e-05

Karmarkar-Karp previous efficiency: 0.756429695
Karmarkar-Karp ratio: 1.194133472
 Final Karmarkar-Karp time: 0.006618832

SFC previous efficiency: 0.5421447882
 Time take to run this function: 3.91e-07
SFC ratio: 1.195938802
 Final SFC time: 6.6063e-05

SFC+Knapsack previous efficiency: 0.6459874097
SFC + Knapsack ratio: 1.136248672
 Final SFC+Knapsack_Combined time: 0.000102571

SFC+Painter previous efficiency: 0.5421447882
SFC+painterPartition efficiency: 0.784499602
SFC+Painter ratio: 1.447029685
 Final SFC+Painter time: 0.000131515

Painter+Knapsack previous efficiency: 0.563465634
Painter+Knapsack ratio: 1.308868559
 Final painter+Knapsack_Combined time: 0.000156401


TinyProfiler total time across processes [min...avg...max]: 0.6112 ... 0.6112 ... 0.6112

-------------------------------------------------------------------------------------
Name                                  NCalls  Excl. Min  Excl. Avg  Excl. Max   Max %
-------------------------------------------------------------------------------------
kk()                                      51     0.3508     0.3508     0.3508  57.40%
painterPartition()                       102      0.011      0.011      0.011   1.80%
knapsack()                              2499   0.006906   0.006906   0.006906   1.13%
SFCProcessorMapDoIt()                     51   0.002567   0.002567   0.002567   0.42%
SFCProcessorMapDoItCombined()             51   0.002445   0.002445   0.002445   0.40%
SFCProcessorMapDoItCombinedPainter()      51   0.001438   0.001438   0.001438   0.24%
Distribute()                             102  0.0008048  0.0008048  0.0008048   0.13%
KKDoIt()                                  51  0.0007612  0.0007612  0.0007612   0.12%
KnapSackDoIt()                            51  0.0006998  0.0006998  0.0006998   0.11%
knapsack()swap                          1594  0.0001773  0.0001773  0.0001773   0.03%
-------------------------------------------------------------------------------------

-------------------------------------------------------------------------------------
Name                                  NCalls  Incl. Min  Incl. Avg  Incl. Max   Max %
-------------------------------------------------------------------------------------
KKDoIt()                                  51     0.3516     0.3516     0.3516  57.52%
kk()                                      51     0.3508     0.3508     0.3508  57.40%
painterPartition()                       102      0.011      0.011      0.011   1.80%
SFCProcessorMapDoItCombinedPainter()      51   0.007939   0.007939   0.007939   1.30%
knapsack()                              2499   0.007083   0.007083   0.007083   1.16%
SFCProcessorMapDoItCombined()             51   0.004765   0.004765   0.004765   0.78%
KnapSackDoIt()                            51   0.003814   0.003814   0.003814   0.62%
SFCProcessorMapDoIt()                     51   0.003081   0.003081   0.003081   0.50%
Distribute()                             102  0.0008048  0.0008048  0.0008048   0.13%
knapsack()swap                          1594  0.0001773  0.0001773  0.0001773   0.03%
-------------------------------------------------------------------------------------

Pinned Memory Usage:
---------------------------------------------------------------
Name                            Nalloc  Nfree  AvgMem    MaxMem
---------------------------------------------------------------
The_Pinned_Arena::Initialize()       1      1  48 KiB  8192 KiB
---------------------------------------------------------------

AMReX (25.06-22-g1d307c2c661a) finalized
