Initializing AMReX (25.06-22-g1d307c2c661a-dirty)...
OMP initialized with 256 OMP threads
AMReX (25.06-22-g1d307c2c661a-dirty) initialized
Starting running input_laser_ion running with 1 nodes and 4 ranks per node.
Total steps: 5000, intervals: 100 = 50 runs
Reading precomputed weights, memory, and ranks from file: /global/homes/j/jessd/amrex_LB/Tools/lb_extractor/lb_inputs/imp_40/laser_ion_smaller_8_boxes_4_ranks_40_lb_data.txt
/global/homes/j/jessd/amrex_LB/Tools/lb_extractor/lb_inputs/imp_40/laser_ion_smaller_8_boxes_4_ranks_40_lb_data.txt
Run 0: Weights size: 48
Run 1: Weights size: 48
Run 2: Weights size: 48
Run 3: Weights size: 48
Run 4: Weights size: 48
Run 5: Weights size: 48
Run 6: Weights size: 48
Run 7: Weights size: 48
Run 8: Weights size: 48
Run 9: Weights size: 48
Run 10: Weights size: 48
Run 11: Weights size: 48
Run 12: Weights size: 48
Run 13: Weights size: 48
Run 14: Weights size: 48
Run 15: Weights size: 48
Run 16: Weights size: 48
Run 17: Weights size: 48
Run 18: Weights size: 48
Run 19: Weights size: 48
Run 20: Weights size: 48
Run 21: Weights size: 48
Run 22: Weights size: 48
Run 23: Weights size: 48
Run 24: Weights size: 48
Run 25: Weights size: 48
Run 26: Weights size: 48
Run 27: Weights size: 48
Run 28: Weights size: 48
Run 29: Weights size: 48
Run 30: Weights size: 48
Run 31: Weights size: 48
Run 32: Weights size: 48
Run 33: Weights size: 48
Run 34: Weights size: 48
Run 35: Weights size: 48
Run 36: Weights size: 48
Run 37: Weights size: 48
Run 38: Weights size: 48
Run 39: Weights size: 48
Run 40: Weights size: 48
Run 41: Weights size: 48
Run 42: Weights size: 48
Run 43: Weights size: 48
Run 44: Weights size: 48
Run 45: Weights size: 48
Run 46: Weights size: 48
Run 47: Weights size: 48
Run 48: Weights size: 48
Run 49: Weights size: 48
Run 50: Weights size: 48
Run 0
File weights 51 and ranks 51
Original efficiency: 0.3540830326
Original ratio: inf
Knapsack ratio: inf
 Final Knapsack time: 0.001094601

Karmarkar-Karp ratio: inf
 Final Karmarkar-Karp time: 0.001189645

 Time take to run this function: 4.61e-07
SFC ratio: inf
 Final SFC time: 0.000519036

DM: HilbertProcessorMapDoIt called...
  (nprocs, nteams, nworkers) = (4, 4, 1)
Building Hilbert lookup table for order 8...
  Bucket 0 contains 2127365312
  Bucket 1 contains 3134342995
  Bucket 2 contains 3645080768
  Bucket 3 contains 3085423168
Hilbert SFC efficiency: 0.8224929025
Hilbert SFC ratio: inf
 Final Hilbert SFC time: 1.169087086

SFC + Knapsack ratio: inf
 Final SFC+Knapsack_Combined time: 0.000616685

Binary search iterations: 30
SFC+painterPartition efficiency: 0.9357450569
SFC+Painter ratio: inf
 Final SFC+Painter time: 0.001553319

Binary search iterations: 30
Hilbert+painterPartition efficiency: 0.9586513764
Hilbert+Painter ratio: inf
 Final Hilbert+Painter time: 0.001002292
Binary search iterations: 29
SFC+painterPartition efficiency: 1
Painter+Knapsack ratio: inf
 Final painter+Knapsack_Combined time: 0.001637714
Run 1
File weights 51 and ranks 51
Original previous efficiency: 0.3541126223
Original efficiency: 0.3541126223
Original ratio: 1
Knapsack previous efficiency: 0.9980635735
Knapsack ratio: 1.000035111
 Final Knapsack time: 0.00113543

Karmarkar-Karp previous efficiency: 0.9987156212
Karmarkar-Karp ratio: 1
 Final Karmarkar-Karp time: 0.001120371

SFC previous efficiency: 0.932548539
 Time take to run this function: 6.31e-07
SFC ratio: 1
 Final SFC time: 0.000576477

Hilbert SFC previous efficiency: 0.8227333121
DM: HilbertProcessorMapDoIt called...
  (nprocs, nteams, nworkers) = (4, 4, 1)
  Bucket 0 contains 2127310325
  Bucket 1 contains 3134072748
  Bucket 2 contains 3643576591
  Bucket 3 contains 3085807683
Hilbert SFC efficiency: 0.8227333121
Hilbert SFC ratio: 1
 Final Hilbert SFC time: 0.002178621

SFC+Knapsack previous efficiency: 0.9980714813
SFC + Knapsack ratio: 1.000027187
 Final SFC+Knapsack_Combined time: 0.000468788

SFC+Painter previous efficiency: 0.9350579673
Binary search iterations: 30
SFC+painterPartition efficiency: 0.9350579673
SFC+Painter ratio: 1
 Final SFC+Painter time: 0.00129545

Hilbert+Painter previous efficiency: 0.9585527256
Binary search iterations: 30
Hilbert+painterPartition efficiency: 0.9585527256
Hilbert+Painter ratio: 1
 Final Hilbert+Painter time: 0.00086193
Painter+Knapsack previous efficiency: 0.9980635735
Binary search iterations: 29
SFC+painterPartition efficiency: 1
Painter+Knapsack ratio: 1.000035111
 Final painter+Knapsack_Combined time: 0.00153809
Run 2
File weights 51 and ranks 51
Original previous efficiency: 0.3542776801
Original efficiency: 0.9931262251
Original ratio: 2.803242431
Knapsack previous efficiency: 0.9979936738
Knapsack ratio: 1.000070227
 Final Knapsack time: 0.002052276

Karmarkar-Karp previous efficiency: 0.9979249293
Karmarkar-Karp ratio: 1.001321801
 Final Karmarkar-Karp time: 0.00100604

SFC previous efficiency: 0.931387618
 Time take to run this function: 4.11e-07
SFC ratio: 1
 Final SFC time: 0.000569794

Hilbert SFC previous efficiency: 0.8232570088
DM: HilbertProcessorMapDoIt called...
  (nprocs, nteams, nworkers) = (4, 4, 1)
  Bucket 0 contains 2127403091
  Bucket 1 contains 3134071999
  Bucket 2 contains 3641022624
  Bucket 3 contains 3087491863
Hilbert SFC efficiency: 0.8232570088
Hilbert SFC ratio: 1
 Final Hilbert SFC time: 0.002636909

SFC+Knapsack previous efficiency: 0.9980032866
SFC + Knapsack ratio: 1.000060594
 Final SFC+Knapsack_Combined time: 0.000465342

SFC+Painter previous efficiency: 0.9325056909
Binary search iterations: 30
SFC+painterPartition efficiency: 0.9325056909
SFC+Painter ratio: 1
 Final SFC+Painter time: 0.001199173

Hilbert+Painter previous efficiency: 0.9584621189
Binary search iterations: 30
Hilbert+painterPartition efficiency: 0.9584621189
Hilbert+Painter ratio: 1
 Final Hilbert+Painter time: 0.000830619
Painter+Knapsack previous efficiency: 0.9979936738
Binary search iterations: 29
SFC+painterPartition efficiency: 1
Painter+Knapsack ratio: 1.000070227
 Final painter+Knapsack_Combined time: 0.00161033
Run 3
File weights 51 and ranks 51
Original previous efficiency: 0.9902488551
Original efficiency: 0.9902488551
Original ratio: 1
Knapsack previous efficiency: 0.9971916018
Knapsack ratio: 1.001217165
 Final Knapsack time: 0.000922047

Karmarkar-Karp previous efficiency: 0.9965468083
Karmarkar-Karp ratio: 1.002193887
 Final Karmarkar-Karp time: 0.00099621

SFC previous efficiency: 0.9297439098
 Time take to run this function: 4.010000001e-07
SFC ratio: 1
 Final SFC time: 0.000545958

Hilbert SFC previous efficiency: 0.8231085811
DM: HilbertProcessorMapDoIt called...
  (nprocs, nteams, nworkers) = (4, 4, 1)
  Bucket 0 contains 2127400169
  Bucket 1 contains 3133961717
  Bucket 2 contains 3641222146
  Bucket 3 contains 3085900744
Hilbert SFC efficiency: 0.8231085811
Hilbert SFC ratio: 1
 Final Hilbert SFC time: 0.001849514

SFC+Knapsack previous efficiency: 0.9973016883
SFC + Knapsack ratio: 1.001106646
 Final SFC+Knapsack_Combined time: 0.000399003

SFC+Painter previous efficiency: 0.9297439098
Binary search iterations: 30
SFC+painterPartition efficiency: 0.9297439098
SFC+Painter ratio: 1
 Final SFC+Painter time: 0.001240955

Hilbert+Painter previous efficiency: 0.9583524463
Binary search iterations: 30
Hilbert+painterPartition efficiency: 0.9583524463
Hilbert+Painter ratio: 1
 Final Hilbert+Painter time: 0.00081016
Painter+Knapsack previous efficiency: 0.9971916018
Binary search iterations: 29
SFC+painterPartition efficiency: 1
Painter+Knapsack ratio: 1.001217165
 Final painter+Knapsack_Combined time: 0.001560234
Run 4
File weights 51 and ranks 51
Original previous efficiency: 0.9844622428
Original efficiency: 0.9844622428
Original ratio: 1
Knapsack previous efficiency: 0.9941497299
Knapsack ratio: 1.004748791
 Final Knapsack time: 0.000979528

Karmarkar-Karp previous efficiency: 0.9931449917
Karmarkar-Karp ratio: 1.005319774
 Final Karmarkar-Karp time: 0.000979819

SFC previous efficiency: 0.9271383145
 Time take to run this function: 4.809999998e-07
SFC ratio: 1
 Final SFC time: 0.000525278

Hilbert SFC previous efficiency: 0.8225862321
DM: HilbertProcessorMapDoIt called...
  (nprocs, nteams, nworkers) = (4, 4, 1)
  Bucket 0 contains 2127360188
  Bucket 1 contains 3133877348
  Bucket 2 contains 3639221547
  Bucket 3 contains 3073835078
Hilbert SFC efficiency: 0.8225862321
Hilbert SFC ratio: 1
 Final Hilbert SFC time: 0.001908538

SFC+Knapsack previous efficiency: 0.9942799228
SFC + Knapsack ratio: 1.004617228
 Final SFC+Knapsack_Combined time: 0.000436425

SFC+Painter previous efficiency: 0.9318096389
Binary search iterations: 30
SFC+painterPartition efficiency: 0.9318096389
SFC+Painter ratio: 1
 Final SFC+Painter time: 0.001365976

Hilbert+Painter previous efficiency: 0.957220582
Binary search iterations: 30
Hilbert+painterPartition efficiency: 0.957220582
Hilbert+Painter ratio: 1
 Final Hilbert+Painter time: 0.000838104
Painter+Knapsack previous efficiency: 0.9941497299
Binary search iterations: 29
SFC+painterPartition efficiency: 1
Painter+Knapsack ratio: 1.004748791
 Final painter+Knapsack_Combined time: 0.001556596
Run 5
File weights 51 and ranks 51
Original previous efficiency: 0.9765836926
Original efficiency: 0.9765836926
Original ratio: 1
Knapsack previous efficiency: 0.9852840027
Knapsack ratio: 1.013582281
 Final Knapsack time: 0.000964579

Karmarkar-Karp previous efficiency: 0.9846135645
Karmarkar-Karp ratio: 1.014627675
 Final Karmarkar-Karp time: 0.000984276

SFC previous efficiency: 0.9190369853
 Time take to run this function: 4.7e-07
SFC ratio: 1
 Final SFC time: 0.000613078

Hilbert SFC previous efficiency: 0.8151874713
DM: HilbertProcessorMapDoIt called...
  (nprocs, nteams, nworkers) = (4, 4, 1)
  Bucket 0 contains 2127360060
  Bucket 1 contains 3133656750
  Bucket 2 contains 3647225299
  Bucket 3 contains 2984447366
Hilbert SFC efficiency: 0.8151874713
Hilbert SFC ratio: 1
 Final Hilbert SFC time: 0.001939949

SFC+Knapsack previous efficiency: 0.9854212909
SFC + Knapsack ratio: 1.013441069
 Final SFC+Knapsack_Combined time: 0.000446695

SFC+Painter previous efficiency: 0.9395587142
Binary search iterations: 30
SFC+painterPartition efficiency: 0.9454406216
SFC+Painter ratio: 1.006260287
 Final SFC+Painter time: 0.001233089

Hilbert+Painter previous efficiency: 0.9507166061
Binary search iterations: 30
Hilbert+painterPartition efficiency: 0.9507166061
Hilbert+Painter ratio: 1
 Final Hilbert+Painter time: 0.000850959
Painter+Knapsack previous efficiency: 0.9852840027
Binary search iterations: 29
SFC+painterPartition efficiency: 1
Painter+Knapsack ratio: 1.013582281
 Final painter+Knapsack_Combined time: 0.001489596
Run 6
File weights 51 and ranks 51
Original previous efficiency: 0.97230229
Original efficiency: 0.97230229
Original ratio: 1
Knapsack previous efficiency: 0.9829368164
Knapsack ratio: 1.014106102
 Final Knapsack time: 0.000955791

Karmarkar-Karp previous efficiency: 0.9804494608
Karmarkar-Karp ratio: 1.019202933
 Final Karmarkar-Karp time: 0.000979608

SFC previous efficiency: 0.9168993748
 Time take to run this function: 4.010000001e-07
SFC ratio: 1
 Final SFC time: 0.000527733

Hilbert SFC previous efficiency: 0.8135014423
DM: HilbertProcessorMapDoIt called...
  (nprocs, nteams, nworkers) = (4, 4, 1)
  Bucket 0 contains 2127410812
  Bucket 1 contains 3133654055
  Bucket 2 contains 2963255053
  Bucket 3 contains 3648147652
Hilbert SFC efficiency: 0.8135956042
Hilbert SFC ratio: 1.000115749
 Final Hilbert SFC time: 0.001906154

SFC+Knapsack previous efficiency: 0.9830806773
SFC + Knapsack ratio: 1.013957701
 Final SFC+Knapsack_Combined time: 0.000429983

SFC+Painter previous efficiency: 0.9379606589
Binary search iterations: 30
SFC+painterPartition efficiency: 0.9452482044
SFC+Painter ratio: 1.007769564
 Final SFC+Painter time: 0.001258328

Hilbert+Painter previous efficiency: 0.9490768514
Binary search iterations: 30
Hilbert+painterPartition efficiency: 0.9490768514
Hilbert+Painter ratio: 1
 Final Hilbert+Painter time: 0.001653454
Painter+Knapsack previous efficiency: 0.9829368164
Binary search iterations: 29
SFC+painterPartition efficiency: 1
Painter+Knapsack ratio: 1.014106102
 Final painter+Knapsack_Combined time: 0.001590612
Run 7
File weights 51 and ranks 51
Original previous efficiency: 0.9701778831
Original efficiency: 0.9701778831
Original ratio: 1
Knapsack previous efficiency: 0.9791039773
Knapsack ratio: 1.020170027
 Final Knapsack time: 0.001012261

Karmarkar-Karp previous efficiency: 0.9781254452
Karmarkar-Karp ratio: 1.019711558
 Final Karmarkar-Karp time: 0.000955121

SFC previous efficiency: 0.9134543723
 Time take to run this function: 3.910000002e-07
SFC ratio: 1
 Final SFC time: 0.000572088

Hilbert SFC previous efficiency: 0.8104869519
DM: HilbertProcessorMapDoIt called...
  (nprocs, nteams, nworkers) = (4, 4, 1)
  Bucket 0 contains 2127382311
  Bucket 1 contains 3133561039
  Bucket 2 contains 2963461513
  Bucket 3 contains 3620765818
Hilbert SFC efficiency: 0.8178636286
Hilbert SFC ratio: 1.009101537
 Final Hilbert SFC time: 0.001897656

SFC+Knapsack previous efficiency: 0.9792754518
SFC + Knapsack ratio: 1.019991392
 Final SFC+Knapsack_Combined time: 0.000429351

SFC+Painter previous efficiency: 0.9358446344
Binary search iterations: 29
SFC+painterPartition efficiency: 0.9482566775
SFC+Painter ratio: 1.013262931
 Final SFC+Painter time: 0.001243329

Hilbert+Painter previous efficiency: 0.9469026796
Binary search iterations: 30
Hilbert+painterPartition efficiency: 0.9469026796
Hilbert+Painter ratio: 1
 Final Hilbert+Painter time: 0.000834687
Painter+Knapsack previous efficiency: 0.9791039773
Binary search iterations: 29
SFC+painterPartition efficiency: 1
Painter+Knapsack ratio: 1.020170027
 Final painter+Knapsack_Combined time: 0.001517511
Run 8
File weights 51 and ranks 51
Original previous efficiency: 0.9671903347
Original efficiency: 0.9671903347
Original ratio: 1
Knapsack previous efficiency: 0.9793898438
Knapsack ratio: 1.019214757
 Final Knapsack time: 0.000986882

Karmarkar-Karp previous efficiency: 0.9759809435
Karmarkar-Karp ratio: 1.022925114
 Final Karmarkar-Karp time: 0.000977704

SFC previous efficiency: 0.9136961305
 Time take to run this function: 5.010000002e-07
SFC ratio: 1
 Final SFC time: 0.000636273

Hilbert SFC previous efficiency: 0.8112051341
DM: HilbertProcessorMapDoIt called...
  (nprocs, nteams, nworkers) = (4, 4, 1)
  Bucket 0 contains 2127374500
  Bucket 1 contains 3133524333
  Bucket 2 contains 2960466183
  Bucket 3 contains 3611971740
Hilbert SFC efficiency: 0.819035807
Hilbert SFC ratio: 1.009653135
 Final Hilbert SFC time: 0.001886936

SFC+Knapsack previous efficiency: 0.9795924664
SFC + Knapsack ratio: 1.019003939
 Final SFC+Knapsack_Combined time: 0.000403061

SFC+Painter previous efficiency: 0.9349149657
Binary search iterations: 29
SFC+painterPartition efficiency: 0.9470053517
SFC+Painter ratio: 1.01293207
 Final SFC+Painter time: 0.001235484

Hilbert+Painter previous efficiency: 0.9459481709
Binary search iterations: 30
Hilbert+painterPartition efficiency: 0.9459481709
Hilbert+Painter ratio: 1
 Final Hilbert+Painter time: 0.000829998
Painter+Knapsack previous efficiency: 0.9793898438
Binary search iterations: 29
SFC+painterPartition efficiency: 1
Painter+Knapsack ratio: 1.019214757
 Final painter+Knapsack_Combined time: 0.001604539
Run 9
File weights 51 and ranks 51
Original previous efficiency: 0.9475112279
Original efficiency: 0.9475112279
Original ratio: 1
Knapsack previous efficiency: 0.9587377241
Knapsack ratio: 1.041659686
 Final Knapsack time: 0.001037009

Karmarkar-Karp previous efficiency: 0.9585057303
Karmarkar-Karp ratio: 1.042153162
 Final Karmarkar-Karp time: 0.001028332

SFC previous efficiency: 0.9121268664
 Time take to run this function: 4.61e-07
SFC ratio: 1
 Final SFC time: 0.000545607

Hilbert SFC previous efficiency: 0.8117073547
DM: HilbertProcessorMapDoIt called...
  (nprocs, nteams, nworkers) = (4, 4, 1)
  Bucket 0 contains 2023724572
  Bucket 1 contains 3013334517
  Bucket 2 contains 2785767205
  Bucket 3 contains 3330156301
Hilbert SFC efficiency: 0.8372717064
Hilbert SFC ratio: 1.031494542
 Final Hilbert SFC time: 0.002026967

SFC+Knapsack previous efficiency: 0.9737955444
SFC + Knapsack ratio: 1.025552481
 Final SFC+Knapsack_Combined time: 0.000419543

SFC+Painter previous efficiency: 0.9128786394
Binary search iterations: 30
SFC+painterPartition efficiency: 0.9251342856
SFC+Painter ratio: 1.013425274
 Final SFC+Painter time: 0.001271804

Hilbert+Painter previous efficiency: 0.9221228926
Binary search iterations: 30
Hilbert+painterPartition efficiency: 0.9221228926
Hilbert+Painter ratio: 1
 Final Hilbert+Painter time: 0.000850447
Painter+Knapsack previous efficiency: 0.9587377241
Binary search iterations: 29
SFC+painterPartition efficiency: 1
Painter+Knapsack ratio: 1.041659686
 Final painter+Knapsack_Combined time: 0.001508102
Run 10
File weights 51 and ranks 51
Original previous efficiency: 0.9344676957
Original efficiency: 0.9344676957
Original ratio: 1
Knapsack previous efficiency: 0.9447671562
Knapsack ratio: 1.056012167
 Final Knapsack time: 0.001013223

Karmarkar-Karp previous efficiency: 0.9463635834
Karmarkar-Karp ratio: 1.055667617
 Final Karmarkar-Karp time: 0.001008985

SFC previous efficiency: 0.9109206207
 Time take to run this function: 4.810000001e-07
SFC ratio: 1
 Final SFC time: 0.000550447

Hilbert SFC previous efficiency: 0.8115816966
DM: HilbertProcessorMapDoIt called...
  (nprocs, nteams, nworkers) = (4, 4, 1)
  Bucket 0 contains 1984069413
  Bucket 1 contains 2937769484
  Bucket 2 contains 2677500869
  Bucket 3 contains 3127839793
Hilbert SFC efficiency: 0.8573952207
Hilbert SFC ratio: 1.056449676
 Final Hilbert SFC time: 0.001875854

SFC+Knapsack previous efficiency: 0.9648000756
SFC + Knapsack ratio: 1.034085337
 Final SFC+Knapsack_Combined time: 0.000458989

SFC+Painter previous efficiency: 0.8942007423
Binary search iterations: 30
SFC+painterPartition efficiency: 0.9109206207
SFC+Painter ratio: 1.018698126
 Final SFC+Painter time: 0.001181439

Hilbert+Painter previous efficiency: 0.8987039233
Binary search iterations: 30
Hilbert+painterPartition efficiency: 0.8987039233
Hilbert+Painter ratio: 1
 Final Hilbert+Painter time: 0.000773178
Painter+Knapsack previous efficiency: 0.9447671562
Binary search iterations: 29
SFC+painterPartition efficiency: 1
Painter+Knapsack ratio: 1.056012167
 Final painter+Knapsack_Combined time: 0.001480138
Run 11
File weights 51 and ranks 51
Original previous efficiency: 0.9303902017
Original efficiency: 0.9303902017
Original ratio: 1
Knapsack previous efficiency: 0.9425815719
Knapsack ratio: 1.058436954
 Final Knapsack time: 0.000870827

Karmarkar-Karp previous efficiency: 0.9441989281
Karmarkar-Karp ratio: 1.058652804
 Final Karmarkar-Karp time: 0.000938909

SFC previous efficiency: 0.9108830851
 Time take to run this function: 4.21e-07
SFC ratio: 1
 Final SFC time: 0.000543483

Hilbert SFC previous efficiency: 0.8129501813
DM: HilbertProcessorMapDoIt called...
  (nprocs, nteams, nworkers) = (4, 4, 1)
  Bucket 0 contains 2020255303
  Bucket 1 contains 2925443433
  Bucket 2 contains 2654324074
  Bucket 3 contains 3047761963
Hilbert SFC efficiency: 0.8734101369
Hilbert SFC ratio: 1.074371046
 Final Hilbert SFC time: 0.001871175

SFC+Knapsack previous efficiency: 0.9588479045
SFC + Knapsack ratio: 1.040481147
 Final SFC+Knapsack_Combined time: 0.00042873

SFC+Painter previous efficiency: 0.8862683063
Binary search iterations: 30
SFC+painterPartition efficiency: 0.9108830851
SFC+Painter ratio: 1.027773507
 Final SFC+Painter time: 0.001182762

Hilbert+Painter previous efficiency: 0.8813646283
Binary search iterations: 30
Hilbert+painterPartition efficiency: 0.8813646283
Hilbert+Painter ratio: 1
 Final Hilbert+Painter time: 0.000793107
Painter+Knapsack previous efficiency: 0.9425815719
Binary search iterations: 29
SFC+painterPartition efficiency: 1
Painter+Knapsack ratio: 1.058436954
 Final painter+Knapsack_Combined time: 0.001521689
Run 12
File weights 51 and ranks 51
Original previous efficiency: 0.934082159
Original efficiency: 0.934082159
Original ratio: 1
Knapsack previous efficiency: 0.9351500057
Knapsack ratio: 1.0672941
 Final Knapsack time: 0.000910143

Karmarkar-Karp previous efficiency: 0.9493869475
Karmarkar-Karp ratio: 1.05253668
 Final Karmarkar-Karp time: 0.00097003

SFC previous efficiency: 0.9058248351
 Time take to run this function: 4.61e-07
SFC ratio: 1
 Final SFC time: 0.000517262

Hilbert SFC previous efficiency: 0.8091945746
DM: HilbertProcessorMapDoIt called...
  (nprocs, nteams, nworkers) = (4, 4, 1)
  Bucket 0 contains 2034678230
  Bucket 1 contains 2920621929
  Bucket 2 contains 2642692343
  Bucket 3 contains 2996063070
Hilbert SFC efficiency: 0.8839980438
Hilbert SFC ratio: 1.092441882
 Final Hilbert SFC time: 0.001858

SFC+Knapsack previous efficiency: 0.9503300019
SFC + Knapsack ratio: 1.05024579
 Final SFC+Knapsack_Combined time: 0.000386238

SFC+Painter previous efficiency: 0.8807674896
Binary search iterations: 30
SFC+painterPartition efficiency: 0.9058248351
SFC+Painter ratio: 1.028449444
 Final SFC+Painter time: 0.001245744

Hilbert+Painter previous efficiency: 0.8727494948
Binary search iterations: 30
Hilbert+painterPartition efficiency: 0.8839980438
Hilbert+Painter ratio: 1.012888634
 Final Hilbert+Painter time: 0.000802074
Painter+Knapsack previous efficiency: 0.9351500057
Binary search iterations: 29
SFC+painterPartition efficiency: 1
Painter+Knapsack ratio: 1.0672941
 Final painter+Knapsack_Combined time: 0.001650879
Run 13
File weights 51 and ranks 51
Original previous efficiency: 0.9366242068
Original efficiency: 0.9366242068
Original ratio: 1
Knapsack previous efficiency: 0.9282688694
Knapsack ratio: 1.075021222
 Final Knapsack time: 0.000960832

Karmarkar-Karp previous efficiency: 0.955219041
Karmarkar-Karp ratio: 1.045337292
 Final Karmarkar-Karp time: 0.000971352

SFC previous efficiency: 0.9017643441
 Time take to run this function: 4.91e-07
SFC ratio: 1
 Final SFC time: 0.000526019

Hilbert SFC previous efficiency: 0.8066207595
DM: HilbertProcessorMapDoIt called...
  (nprocs, nteams, nworkers) = (4, 4, 1)
  Bucket 0 contains 2042224093
  Bucket 1 contains 2640096652
  Bucket 2 contains 2909374861
  Bucket 3 contains 2953745818
Hilbert SFC efficiency: 0.8925481468
Hilbert SFC ratio: 1.106527617
 Final Hilbert SFC time: 0.001830918

SFC+Knapsack previous efficiency: 0.9441122191
SFC + Knapsack ratio: 1.05698106
 Final SFC+Knapsack_Combined time: 0.000410575

SFC+Painter previous efficiency: 0.8762183737
Binary search iterations: 30
SFC+painterPartition efficiency: 0.9017643441
SFC+Painter ratio: 1.029154799
 Final SFC+Painter time: 0.001225164

Hilbert+Painter previous efficiency: 0.8665897957
Binary search iterations: 29
Hilbert+painterPartition efficiency: 0.8925481468
Hilbert+Painter ratio: 1.029954601
 Final Hilbert+Painter time: 0.000757698
Painter+Knapsack previous efficiency: 0.9282688694
Binary search iterations: 29
SFC+painterPartition efficiency: 1
Painter+Knapsack ratio: 1.075021222
 Final painter+Knapsack_Combined time: 0.001456221
Run 14
File weights 51 and ranks 51
Original previous efficiency: 0.9303001553
Original efficiency: 0.9303001553
Original ratio: 1
Knapsack previous efficiency: 0.9263734297
Knapsack ratio: 1.078026191
 Final Knapsack time: 0.000972234

Karmarkar-Karp previous efficiency: 0.959145249
Karmarkar-Karp ratio: 1.042345138
 Final Karmarkar-Karp time: 0.000935863

SFC previous efficiency: 0.9038676738
 Time take to run this function: 3.909999999e-07
SFC ratio: 1
 Final SFC time: 0.000557851

Hilbert SFC previous efficiency: 0.8083897667
DM: HilbertProcessorMapDoIt called...
  (nprocs, nteams, nworkers) = (4, 4, 1)
  Bucket 0 contains 2048024018
  Bucket 1 contains 2643029696
  Bucket 2 contains 2901578654
  Bucket 3 contains 2896596200
Hilbert SFC efficiency: 0.9037518726
Hilbert SFC ratio: 1.117965504
 Final Hilbert SFC time: 0.001821449

SFC+Knapsack previous efficiency: 0.9434406412
SFC + Knapsack ratio: 1.058524274
 Final SFC+Knapsack_Combined time: 0.00042297

SFC+Painter previous efficiency: 0.8702461364
Binary search iterations: 30
SFC+painterPartition efficiency: 0.9038676738
SFC+Painter ratio: 1.038634515
 Final SFC+Painter time: 0.001146401

Hilbert+Painter previous efficiency: 0.8603302092
Binary search iterations: 30
Hilbert+painterPartition efficiency: 0.9037518726
Hilbert+Painter ratio: 1.050470927
 Final Hilbert+Painter time: 0.000754251
Painter+Knapsack previous efficiency: 0.9263734297
Binary search iterations: 29
SFC+painterPartition efficiency: 1
Painter+Knapsack ratio: 1.078026191
 Final painter+Knapsack_Combined time: 0.001482802
Run 15
File weights 51 and ranks 51
Original previous efficiency: 0.9243538571
Original efficiency: 0.9243538571
Original ratio: 1
Knapsack previous efficiency: 0.9204244687
Knapsack ratio: 1.084624315
 Final Knapsack time: 0.000878081

Karmarkar-Karp previous efficiency: 0.9615823671
Karmarkar-Karp ratio: 1.038423181
 Final Karmarkar-Karp time: 0.000956843

SFC previous efficiency: 0.9083548645
 Time take to run this function: 4.920000001e-07
SFC ratio: 1
 Final SFC time: 0.000540227

Hilbert SFC previous efficiency: 0.8118502359
DM: HilbertProcessorMapDoIt called...
  (nprocs, nteams, nworkers) = (4, 4, 1)
  Bucket 0 contains 2053674659
  Bucket 1 contains 2645711579
  Bucket 2 contains 2895965317
  Bucket 3 contains 2842365913
Hilbert SFC efficiency: 0.9010568434
Hilbert SFC ratio: 1.10988062
 Final Hilbert SFC time: 0.001810939

SFC+Knapsack previous efficiency: 0.9362818603
SFC + Knapsack ratio: 1.066254513
 Final SFC+Knapsack_Combined time: 0.000418771

SFC+Painter previous efficiency: 0.8646961438
Binary search iterations: 30
SFC+painterPartition efficiency: 0.9083548645
SFC+Painter ratio: 1.050490246
 Final SFC+Painter time: 0.001209563

Hilbert+Painter previous efficiency: 0.8545210795
Binary search iterations: 30
Hilbert+painterPartition efficiency: 0.9010568434
Hilbert+Painter ratio: 1.054458298
 Final Hilbert+Painter time: 0.000797736
Painter+Knapsack previous efficiency: 0.9204244687
Binary search iterations: 29
SFC+painterPartition efficiency: 1
Painter+Knapsack ratio: 1.084624315
 Final painter+Knapsack_Combined time: 0.001449068
Run 16
File weights 51 and ranks 51
Original previous efficiency: 0.9191588026
Original efficiency: 0.9191588026
Original ratio: 1
Knapsack previous efficiency: 0.9152417305
Knapsack ratio: 1.090918429
 Final Knapsack time: 0.000921946

Karmarkar-Karp previous efficiency: 0.9671779107
Karmarkar-Karp ratio: 1.033528906
 Final Karmarkar-Karp time: 0.001184986

SFC previous efficiency: 0.9124496225
 Time take to run this function: 5.21e-07
SFC ratio: 1
 Final SFC time: 0.000540377

Hilbert SFC previous efficiency: 0.8145472418
DM: HilbertProcessorMapDoIt called...
  (nprocs, nteams, nworkers) = (4, 4, 1)
  Bucket 0 contains 2057407845
  Bucket 1 contains 2650056003
  Bucket 2 contains 2893268772
  Bucket 3 contains 2787959852
Hilbert SFC efficiency: 0.8976605088
Hilbert SFC ratio: 1.102036153
 Final Hilbert SFC time: 0.00183221

SFC+Knapsack previous efficiency: 0.929395199
SFC + Knapsack ratio: 1.074305174
 Final SFC+Knapsack_Combined time: 0.000377361

SFC+Painter previous efficiency: 0.8590400262
Binary search iterations: 30
SFC+painterPartition efficiency: 0.9124496225
SFC+Painter ratio: 1.062173583
 Final SFC+Painter time: 0.00120773

Hilbert+Painter previous efficiency: 0.8494689779
Binary search iterations: 30
Hilbert+painterPartition efficiency: 0.8976605088
Hilbert+Painter ratio: 1.056731361
 Final Hilbert+Painter time: 0.00077398
Painter+Knapsack previous efficiency: 0.9152417305
Binary search iterations: 29
SFC+painterPartition efficiency: 1
Painter+Knapsack ratio: 1.090918429
 Final painter+Knapsack_Combined time: 0.001440541
Run 17
File weights 51 and ranks 51
Original previous efficiency: 0.9147684036
Original efficiency: 0.9147684036
Original ratio: 1
Knapsack previous efficiency: 0.9108530966
Knapsack ratio: 1.096048469
 Final Knapsack time: 0.000954499

Karmarkar-Karp previous efficiency: 0.9744742992
Karmarkar-Karp ratio: 1.025667055
 Final Karmarkar-Karp time: 0.000936194

SFC previous efficiency: 0.9160262062
 Time take to run this function: 4.810000001e-07
SFC ratio: 1
 Final SFC time: 0.000506031

Hilbert SFC previous efficiency: 0.8170300815
DM: HilbertProcessorMapDoIt called...
  (nprocs, nteams, nworkers) = (4, 4, 1)
  Bucket 0 contains 2061721687
  Bucket 1 contains 2658726182
  Bucket 2 contains 2892486466
  Bucket 3 contains 2740752969
Hilbert SFC efficiency: 0.8948777657
Hilbert SFC ratio: 1.095281295
 Final Hilbert SFC time: 0.001959085

SFC+Knapsack previous efficiency: 0.9225899026
SFC + Knapsack ratio: 1.082104995
 Final SFC+Knapsack_Combined time: 0.000396027

SFC+Painter previous efficiency: 0.8531757318
Binary search iterations: 30
SFC+painterPartition efficiency: 0.9160262062
SFC+Painter ratio: 1.073666505
 Final SFC+Painter time: 0.001180116

Hilbert+Painter previous efficiency: 0.8454138193
Binary search iterations: 30
Hilbert+painterPartition efficiency: 0.8948777657
Hilbert+Painter ratio: 1.058508561
 Final Hilbert+Painter time: 0.000789369
Painter+Knapsack previous efficiency: 0.9108530966
Binary search iterations: 29
SFC+painterPartition efficiency: 1
Painter+Knapsack ratio: 1.096048469
 Final painter+Knapsack_Combined time: 0.001464447
Run 18
File weights 51 and ranks 51
Original previous efficiency: 0.9117392411
Original efficiency: 0.9117392411
Original ratio: 1
Knapsack previous efficiency: 0.9078161994
Knapsack ratio: 1.100229508
 Final Knapsack time: 0.000915954

Karmarkar-Karp previous efficiency: 0.9810040321
Karmarkar-Karp ratio: 1.017730571
 Final Karmarkar-Karp time: 0.000916946

SFC previous efficiency: 0.915185962
 Time take to run this function: 5.010000002e-07
SFC ratio: 1
 Final SFC time: 0.000531119

Hilbert SFC previous efficiency: 0.8166174803
DM: HilbertProcessorMapDoIt called...
  (nprocs, nteams, nworkers) = (4, 4, 1)
  Bucket 0 contains 2066591706
  Bucket 1 contains 2665288859
  Bucket 2 contains 2892151739
  Bucket 3 contains 2717630281
Hilbert SFC efficiency: 0.8939419089
Hilbert SFC ratio: 1.094688677
 Final Hilbert SFC time: 0.001839354

SFC+Knapsack previous efficiency: 0.9181750852
SFC + Knapsack ratio: 1.087816678
 Final SFC+Knapsack_Combined time: 0.000394174

SFC+Painter previous efficiency: 0.8503890746
Binary search iterations: 30
SFC+painterPartition efficiency: 0.915185962
SFC+Painter ratio: 1.076196754
 Final SFC+Painter time: 0.001210616

Hilbert+Painter previous efficiency: 0.8430909274
Binary search iterations: 30
Hilbert+painterPartition efficiency: 0.8939419089
Hilbert+Painter ratio: 1.060314943
 Final Hilbert+Painter time: 0.000804359
Painter+Knapsack previous efficiency: 0.9078161994
Binary search iterations: 29
SFC+painterPartition efficiency: 1
Painter+Knapsack ratio: 1.100229508
 Final painter+Knapsack_Combined time: 0.001463405
Run 19
File weights 51 and ranks 51
Original previous efficiency: 0.9094641396
Original efficiency: 0.9094641396
Original ratio: 1
Knapsack previous efficiency: 0.897250921
Knapsack ratio: 1.113030728
 Final Knapsack time: 0.000915704

Karmarkar-Karp previous efficiency: 0.986107981
Karmarkar-Karp ratio: 1.013603806
 Final Karmarkar-Karp time: 0.000917438

SFC previous efficiency: 0.9052165386
 Time take to run this function: 3.909999999e-07
SFC ratio: 1
 Final SFC time: 0.000529987

Hilbert SFC previous efficiency: 0.816142955
DM: HilbertProcessorMapDoIt called...
  (nprocs, nteams, nworkers) = (4, 4, 1)
  Bucket 0 contains 2083297206
  Bucket 1 contains 2671526591
  Bucket 2 contains 2946500931
  Bucket 3 contains 2711287122
Hilbert SFC efficiency: 0.8834726421
Hilbert SFC ratio: 1.082497419
 Final Hilbert SFC time: 0.001849083

SFC+Knapsack previous efficiency: 0.9043833185
SFC + Knapsack ratio: 1.104252838
 Final SFC+Knapsack_Combined time: 0.000392691

SFC+Painter previous efficiency: 0.8553441831
Binary search iterations: 30
SFC+painterPartition efficiency: 0.9052165386
SFC+Painter ratio: 1.058306769
 Final SFC+Painter time: 0.001205065

Hilbert+Painter previous efficiency: 0.8493175643
Binary search iterations: 30
Hilbert+painterPartition efficiency: 0.8834726421
Hilbert+Painter ratio: 1.040214732
 Final Hilbert+Painter time: 0.000792366
Painter+Knapsack previous efficiency: 0.897250921
Binary search iterations: 29
SFC+painterPartition efficiency: 1
Painter+Knapsack ratio: 1.113030728
 Final painter+Knapsack_Combined time: 0.001431164
Run 20
File weights 51 and ranks 51
Original previous efficiency: 0.9148624729
Original efficiency: 0.9148624729
Original ratio: 1
Knapsack previous efficiency: 0.8908723897
Knapsack ratio: 1.121305724
 Final Knapsack time: 0.000943077

Karmarkar-Karp previous efficiency: 0.9751563668
Karmarkar-Karp ratio: 1.023769195
 Final Karmarkar-Karp time: 0.000931534

SFC previous efficiency: 0.8864528159
 Time take to run this function: 4.410000001e-07
SFC ratio: 1
 Final SFC time: 0.000515699

Hilbert SFC previous efficiency: 0.8140553727
DM: HilbertProcessorMapDoIt called...
  (nprocs, nteams, nworkers) = (4, 4, 1)
  Bucket 0 contains 2079978008
  Bucket 1 contains 2680052278
  Bucket 2 contains 3029434404
  Bucket 3 contains 2713813363
Hilbert SFC efficiency: 0.8667688958
Hilbert SFC ratio: 1.064754223
 Final Hilbert SFC time: 0.002105219

SFC+Knapsack previous efficiency: 0.8923400311
SFC + Knapsack ratio: 1.1194615
 Final SFC+Knapsack_Combined time: 0.000423952

SFC+Painter previous efficiency: 0.8643713534
Binary search iterations: 30
SFC+painterPartition efficiency: 0.8864528159
SFC+Painter ratio: 1.025546268
 Final SFC+Painter time: 0.00122322

Hilbert+Painter previous efficiency: 0.8655590851
Binary search iterations: 30
Hilbert+painterPartition efficiency: 0.8674911795
Hilbert+Painter ratio: 1.002232192
 Final Hilbert+Painter time: 0.000838174
Painter+Knapsack previous efficiency: 0.8908723897
Binary search iterations: 29
SFC+painterPartition efficiency: 1
Painter+Knapsack ratio: 1.121305724
 Final painter+Knapsack_Combined time: 0.001446803
Run 21
File weights 51 and ranks 51
Original previous efficiency: 0.9219153652
Original efficiency: 0.9219153652
Original ratio: 1
Knapsack previous efficiency: 0.8952965653
Knapsack ratio: 1.114329422
 Final Knapsack time: 0.000896858

Karmarkar-Karp previous efficiency: 0.9712129754
Karmarkar-Karp ratio: 1.027591062
 Final Karmarkar-Karp time: 0.000981713

SFC previous efficiency: 0.8745575367
 Time take to run this function: 4.91e-07
SFC ratio: 1
 Final SFC time: 0.000533964

Hilbert SFC previous efficiency: 0.8120948997
DM: HilbertProcessorMapDoIt called...
  (nprocs, nteams, nworkers) = (4, 4, 1)
  Bucket 0 contains 2071274065
  Bucket 1 contains 2728629229
  Bucket 2 contains 3080937151
  Bucket 3 contains 2720075303
Hilbert SFC efficiency: 0.860202207
Hilbert SFC ratio: 1.059238529
 Final Hilbert SFC time: 0.00186856

SFC+Knapsack previous efficiency: 0.8920829867
SFC + Knapsack ratio: 1.118343606
 Final SFC+Knapsack_Combined time: 0.00041312

SFC+Painter previous efficiency: 0.8625773419
Binary search iterations: 30
SFC+painterPartition efficiency: 0.8745575367
SFC+Painter ratio: 1.013888835
 Final SFC+Painter time: 0.001273477

Hilbert+Painter previous efficiency: 0.8754504818
Binary search iterations: 30
Hilbert+painterPartition efficiency: 0.8754504818
Hilbert+Painter ratio: 1
 Final Hilbert+Painter time: 0.000780973
Painter+Knapsack previous efficiency: 0.8952965653
Binary search iterations: 29
SFC+painterPartition efficiency: 1
Painter+Knapsack ratio: 1.114329422
 Final painter+Knapsack_Combined time: 0.001490078
Run 22
File weights 51 and ranks 51
Original previous efficiency: 0.9255890576
Original efficiency: 0.9255890576
Original ratio: 1
Knapsack previous efficiency: 0.8995137472
Knapsack ratio: 1.108942105
 Final Knapsack time: 0.000940472

Karmarkar-Karp previous efficiency: 0.9629302309
Karmarkar-Karp ratio: 1.038382177
 Final Karmarkar-Karp time: 0.000964379

SFC previous efficiency: 0.8685912099
 Time take to run this function: 5.21e-07
SFC ratio: 1
 Final SFC time: 0.000528304

Hilbert SFC previous efficiency: 0.8121344621
DM: HilbertProcessorMapDoIt called...
  (nprocs, nteams, nworkers) = (4, 4, 1)
  Bucket 0 contains 2031116065
  Bucket 1 contains 2724469104
  Bucket 2 contains 3054016156
  Bucket 3 contains 2671222521
Hilbert SFC efficiency: 0.8579541914
Hilbert SFC ratio: 1.056418895
 Final Hilbert SFC time: 0.001791852

SFC+Knapsack previous efficiency: 0.8944238574
SFC + Knapsack ratio: 1.115252752
 Final SFC+Knapsack_Combined time: 0.000442818

SFC+Painter previous efficiency: 0.8575544942
Binary search iterations: 30
SFC+painterPartition efficiency: 0.8686247736
SFC+Painter ratio: 1.012909126
 Final SFC+Painter time: 0.00118733

Hilbert+Painter previous efficiency: 0.8795210104
Binary search iterations: 30
Hilbert+painterPartition efficiency: 0.8795210104
Hilbert+Painter ratio: 1
 Final Hilbert+Painter time: 0.000859826
Painter+Knapsack previous efficiency: 0.8995137472
Binary search iterations: 29
SFC+painterPartition efficiency: 1
Painter+Knapsack ratio: 1.108942105
 Final painter+Knapsack_Combined time: 0.001442865
Run 23
File weights 51 and ranks 51
Original previous efficiency: 0.9235739442
Original efficiency: 0.9235739442
Original ratio: 1
Knapsack previous efficiency: 0.901735022
Knapsack ratio: 1.106976563
 Final Knapsack time: 0.000967625

Karmarkar-Karp previous efficiency: 0.9581919516
Karmarkar-Karp ratio: 1.043186513
 Final Karmarkar-Karp time: 0.000923479

SFC previous efficiency: 0.8683281398
 Time take to run this function: 3.710000001e-07
SFC ratio: 1
 Final SFC time: 0.000564254

Hilbert SFC previous efficiency: 0.8127449158
DM: HilbertProcessorMapDoIt called...
  (nprocs, nteams, nworkers) = (4, 4, 1)
  Bucket 0 contains 2016185900
  Bucket 1 contains 2727753728
  Bucket 2 contains 3024736825
  Bucket 3 contains 2637466721
Hilbert SFC efficiency: 0.8600866601
Hilbert SFC ratio: 1.058249204
 Final Hilbert SFC time: 0.001933837

SFC+Knapsack previous efficiency: 0.8976605533
SFC + Knapsack ratio: 1.112001114
 Final SFC+Knapsack_Combined time: 0.000403812

SFC+Painter previous efficiency: 0.8516469642
Binary search iterations: 30
SFC+painterPartition efficiency: 0.8683281398
SFC+Painter ratio: 1.019586961
 Final SFC+Painter time: 0.00136767

Hilbert+Painter previous efficiency: 0.8771824278
Binary search iterations: 30
Hilbert+painterPartition efficiency: 0.8771824278
Hilbert+Painter ratio: 1
 Final Hilbert+Painter time: 0.000777566
Painter+Knapsack previous efficiency: 0.901735022
Binary search iterations: 29
SFC+painterPartition efficiency: 1
Painter+Knapsack ratio: 1.106976563
 Final painter+Knapsack_Combined time: 0.001426714
Run 24
File weights 51 and ranks 51
Original previous efficiency: 0.9161966941
Original efficiency: 0.9161966941
Original ratio: 1
Knapsack previous efficiency: 0.9008411444
Knapsack ratio: 1.106864696
 Final Knapsack time: 0.000910655

Karmarkar-Karp previous efficiency: 0.9561510969
Karmarkar-Karp ratio: 1.045153826
 Final Karmarkar-Karp time: 0.001003375

SFC previous efficiency: 0.8733122159
 Time take to run this function: 4e-07
SFC ratio: 1
 Final SFC time: 0.000511822

Hilbert SFC previous efficiency: 0.8145056954
DM: HilbertProcessorMapDoIt called...
  (nprocs, nteams, nworkers) = (4, 4, 1)
  Bucket 0 contains 2022317083
  Bucket 1 contains 2729727524
  Bucket 2 contains 2993905315
  Bucket 3 contains 2610195310
Hilbert SFC efficiency: 0.8647689341
Hilbert SFC ratio: 1.061710113
 Final Hilbert SFC time: 0.001702649

SFC+Knapsack previous efficiency: 0.8999688695
SFC + Knapsack ratio: 1.1079375
 Final SFC+Knapsack_Combined time: 0.000384896

SFC+Painter previous efficiency: 0.8455025622
Binary search iterations: 30
SFC+painterPartition efficiency: 0.8733122159
SFC+Painter ratio: 1.032891271
 Final SFC+Painter time: 0.001118828

Hilbert+Painter previous efficiency: 0.8703647541
Binary search iterations: 30
Hilbert+painterPartition efficiency: 0.8703647541
Hilbert+Painter ratio: 1
 Final Hilbert+Painter time: 0.000777677
Painter+Knapsack previous efficiency: 0.9008411444
Binary search iterations: 29
SFC+painterPartition efficiency: 1
Painter+Knapsack ratio: 1.106864696
 Final painter+Knapsack_Combined time: 0.001454328
Run 25
File weights 51 and ranks 51
Original previous efficiency: 0.9071692098
Original efficiency: 0.9071692098
Original ratio: 1
Knapsack previous efficiency: 0.8992938481
Knapsack ratio: 1.109701461
 Final Knapsack time: 0.000911726

Karmarkar-Karp previous efficiency: 0.9568575025
Karmarkar-Karp ratio: 1.044267612
 Final Karmarkar-Karp time: 0.000920133

SFC previous efficiency: 0.8814750389
 Time take to run this function: 4.809999998e-07
SFC ratio: 1
 Final SFC time: 0.000507884

Hilbert SFC previous efficiency: 0.816758896
DM: HilbertProcessorMapDoIt called...
  (nprocs, nteams, nworkers) = (4, 4, 1)
  Bucket 0 contains 2039800287
  Bucket 1 contains 2734892140
  Bucket 2 contains 2962071951
  Bucket 3 contains 2592737671
Hilbert SFC efficiency: 0.8718139042
Hilbert SFC ratio: 1.067406683
 Final Hilbert SFC time: 0.001806881

SFC+Knapsack previous efficiency: 0.9005787268
SFC + Knapsack ratio: 1.108118222
 Final SFC+Knapsack_Combined time: 0.000394935

SFC+Painter previous efficiency: 0.8390164672
Binary search iterations: 30
SFC+painterPartition efficiency: 0.8814750389
SFC+Painter ratio: 1.050605171
 Final SFC+Painter time: 0.001142333

Hilbert+Painter previous efficiency: 0.8620965179
Binary search iterations: 30
Hilbert+painterPartition efficiency: 0.8718139042
Hilbert+Painter ratio: 1.011271808
 Final Hilbert+Painter time: 0.000804919
Painter+Knapsack previous efficiency: 0.8992938481
Binary search iterations: 29
SFC+painterPartition efficiency: 1
Painter+Knapsack ratio: 1.109701461
 Final painter+Knapsack_Combined time: 0.001554412
Run 26
File weights 51 and ranks 51
Original previous efficiency: 0.8982552883
Original efficiency: 0.8982552883
Original ratio: 1
Knapsack previous efficiency: 0.8974513823
Knapsack ratio: 1.112336941
 Final Knapsack time: 0.000872651

Karmarkar-Karp previous efficiency: 0.9593088826
Karmarkar-Karp ratio: 1.040145548
 Final Karmarkar-Karp time: 0.000939651

SFC previous efficiency: 0.8924948155
 Time take to run this function: 4.51e-07
SFC ratio: 1
 Final SFC time: 0.000539045

Hilbert SFC previous efficiency: 0.8199725334
DM: HilbertProcessorMapDoIt called...
  (nprocs, nteams, nworkers) = (4, 4, 1)
  Bucket 0 contains 2059801221
  Bucket 1 contains 2745379094
  Bucket 2 contains 2304998675
  Bucket 3 contains 3207384332
Hilbert SFC efficiency: 0.8042038507
Hilbert SFC ratio: 0.9807692551
 Final Hilbert SFC time: 0.001829785

SFC+Knapsack previous efficiency: 0.896882921
SFC + Knapsack ratio: 1.113041961
 Final SFC+Knapsack_Combined time: 0.000394013

SFC+Painter previous efficiency: 0.8331971581
Binary search iterations: 30
SFC+painterPartition efficiency: 0.8924948155
SFC+Painter ratio: 1.071168819
 Final SFC+Painter time: 0.00115093

Hilbert+Painter previous efficiency: 0.8542537832
Binary search iterations: 30
Hilbert+painterPartition efficiency: 0.879147611
Hilbert+Painter ratio: 1.029141021
 Final Hilbert+Painter time: 0.000806402
Painter+Knapsack previous efficiency: 0.8974513823
Binary search iterations: 29
SFC+painterPartition efficiency: 1
Painter+Knapsack ratio: 1.112336941
 Final painter+Knapsack_Combined time: 0.00141435
Run 27
File weights 51 and ranks 51
Original previous efficiency: 0.8893751193
Original efficiency: 0.99221929
Original ratio: 1.115636438
Knapsack previous efficiency: 0.8947688249
Knapsack ratio: 1.115974957
 Final Knapsack time: 0.000904622

Karmarkar-Karp previous efficiency: 0.9625901243
Karmarkar-Karp ratio: 1.037783259
 Final Karmarkar-Karp time: 0.0009345

SFC previous efficiency: 0.905576256
 Time take to run this function: 4.409999999e-07
SFC ratio: 1
 Final SFC time: 0.000505519

Hilbert SFC previous efficiency: 0.8232166122
DM: HilbertProcessorMapDoIt called...
  (nprocs, nteams, nworkers) = (4, 4, 1)
  Bucket 0 contains 2078708243
  Bucket 1 contains 2749074499
  Bucket 2 contains 2279018182
  Bucket 3 contains 3187411275
Hilbert SFC efficiency: 0.8074116666
Hilbert SFC ratio: 0.9808009881
 Final Hilbert SFC time: 0.001763727

SFC+Knapsack previous efficiency: 0.8904145783
SFC + Knapsack ratio: 1.121432224
 Final SFC+Knapsack_Combined time: 0.0004283

SFC+Painter previous efficiency: 0.828261386
Binary search iterations: 30
SFC+painterPartition efficiency: 0.905576256
SFC+Painter ratio: 1.093345979
 Final SFC+Painter time: 0.001168474

Hilbert+Painter previous efficiency: 0.8467433267
Binary search iterations: 30
Hilbert+painterPartition efficiency: 0.8865640681
Hilbert+Painter ratio: 1.047028114
 Final Hilbert+Painter time: 0.000737439
Painter+Knapsack previous efficiency: 0.8947688249
Binary search iterations: 29
SFC+painterPartition efficiency: 1
Painter+Knapsack ratio: 1.115974957
 Final painter+Knapsack_Combined time: 0.001427335
Run 28
File weights 51 and ranks 51
Original previous efficiency: 0.8831515794
Original efficiency: 0.9977237831
Original ratio: 1.129731075
Knapsack previous efficiency: 0.8947619173
Knapsack ratio: 1.116064684
 Final Knapsack time: 0.000852832

Karmarkar-Karp previous efficiency: 0.9610896122
Karmarkar-Karp ratio: 1.039504707
 Final Karmarkar-Karp time: 0.000927998

SFC previous efficiency: 0.9211426802
 Time take to run this function: 4.309999999e-07
SFC ratio: 1
 Final SFC time: 0.000506842

Hilbert SFC previous efficiency: 0.8239697595
DM: HilbertProcessorMapDoIt called...
  (nprocs, nteams, nworkers) = (4, 4, 1)
  Bucket 0 contains 2065992326
  Bucket 1 contains 2719901651
  Bucket 2 contains 2239828999
  Bucket 3 contains 3135809583
Hilbert SFC efficiency: 0.8101203445
Hilbert SFC ratio: 0.9831918407
 Final Hilbert SFC time: 0.001739781

SFC+Knapsack previous efficiency: 0.8853263773
SFC + Knapsack ratio: 1.127959363
 Final SFC+Knapsack_Combined time: 0.000385527

SFC+Painter previous efficiency: 0.8245858684
Binary search iterations: 30
SFC+painterPartition efficiency: 0.9211426802
SFC+Painter ratio: 1.11709734
 Final SFC+Painter time: 0.001187601

Hilbert+Painter previous efficiency: 0.8421332261
Binary search iterations: 30
Hilbert+painterPartition efficiency: 0.8904465025
Hilbert+Painter ratio: 1.057370111
 Final Hilbert+Painter time: 0.000803637
Painter+Knapsack previous efficiency: 0.8947619173
Binary search iterations: 29
SFC+painterPartition efficiency: 1
Painter+Knapsack ratio: 1.116064684
 Final painter+Knapsack_Combined time: 0.001371457
Run 29
File weights 51 and ranks 51
Original previous efficiency: 0.8776464745
Original efficiency: 0.9908685688
Original ratio: 1.129006494
Knapsack previous efficiency: 0.9040708808
Knapsack ratio: 1.103894992
 Final Knapsack time: 0.000935282

Karmarkar-Karp previous efficiency: 0.9453067642
Karmarkar-Karp ratio: 1.056602068
 Final Karmarkar-Karp time: 0.000920353

SFC previous efficiency: 0.9142555916
 Time take to run this function: 4e-07
SFC ratio: 1
 Final SFC time: 0.000543313

Hilbert SFC previous efficiency: 0.8233344865
DM: HilbertProcessorMapDoIt called...
  (nprocs, nteams, nworkers) = (4, 4, 1)
  Bucket 0 contains 2055599643
  Bucket 1 contains 2663044204
  Bucket 2 contains 2161096047
  Bucket 3 contains 3057611511
Hilbert SFC efficiency: 0.8125093205
Hilbert SFC ratio: 0.9868520435
 Final Hilbert SFC time: 0.001874492

SFC+Knapsack previous efficiency: 0.8882952332
SFC + Knapsack ratio: 1.123499576
 Final SFC+Knapsack_Combined time: 0.000424983

SFC+Painter previous efficiency: 0.8228031479
Binary search iterations: 30
SFC+painterPartition efficiency: 0.9142555916
SFC+Painter ratio: 1.111147416
 Final SFC+Painter time: 0.001198051

Hilbert+Painter previous efficiency: 0.8318376529
Binary search iterations: 30
Hilbert+painterPartition efficiency: 0.9006437723
Hilbert+Painter ratio: 1.082715803
 Final Hilbert+Painter time: 0.000808627
Painter+Knapsack previous efficiency: 0.9040708808
Binary search iterations: 29
SFC+painterPartition efficiency: 1
Painter+Knapsack ratio: 1.103894992
 Final painter+Knapsack_Combined time: 0.001412316
Run 30
File weights 51 and ranks 51
Original previous efficiency: 0.8660000842
Original efficiency: 0.9803349657
Original ratio: 1.132026409
Knapsack previous efficiency: 0.901360515
Knapsack ratio: 1.108743776
 Final Knapsack time: 0.000886478

Karmarkar-Karp previous efficiency: 0.9257980746
Karmarkar-Karp ratio: 1.079122139
 Final Karmarkar-Karp time: 0.000937156

SFC previous efficiency: 0.9121460214
 Time take to run this function: 5.510000001e-07
SFC ratio: 1
 Final SFC time: 0.000544164

Hilbert SFC previous efficiency: 0.8247454237
DM: HilbertProcessorMapDoIt called...
  (nprocs, nteams, nworkers) = (4, 4, 1)
  Bucket 0 contains 2040352025
  Bucket 1 contains 2592858695
  Bucket 2 contains 2082051444
  Bucket 3 contains 2974436559
Hilbert SFC efficiency: 0.8144146405
Hilbert SFC ratio: 0.9874739732
 Final Hilbert SFC time: 0.001766563

SFC+Knapsack previous efficiency: 0.8851342721
SFC + Knapsack ratio: 1.129069219
 Final SFC+Knapsack_Combined time: 0.000403782

SFC+Painter previous efficiency: 0.8271654293
Binary search iterations: 30
SFC+painterPartition efficiency: 0.9121460214
SFC+Painter ratio: 1.102737118
 Final SFC+Painter time: 0.001159346

Hilbert+Painter previous efficiency: 0.8213001879
Binary search iterations: 30
Hilbert+painterPartition efficiency: 0.9099324107
Hilbert+Painter ratio: 1.107916964
 Final Hilbert+Painter time: 0.000757758
Painter+Knapsack previous efficiency: 0.901360515
Binary search iterations: 29
SFC+painterPartition efficiency: 1
Painter+Knapsack ratio: 1.108743776
 Final painter+Knapsack_Combined time: 0.001403369
Run 31
File weights 51 and ranks 51
Original previous efficiency: 0.8545171383
Original efficiency: 0.9788215576
Original ratio: 1.145467438
Knapsack previous efficiency: 0.8918903663
Knapsack ratio: 1.118104269
 Final Knapsack time: 0.000852281

Karmarkar-Karp previous efficiency: 0.9012744969
Karmarkar-Karp ratio: 1.108380637
 Final Karmarkar-Karp time: 0.00092896

SFC previous efficiency: 0.9232546231
 Time take to run this function: 4.61e-07
SFC ratio: 1
 Final SFC time: 0.000565265

Hilbert SFC previous efficiency: 0.8267515711
DM: HilbertProcessorMapDoIt called...
  (nprocs, nteams, nworkers) = (4, 4, 1)
  Bucket 0 contains 1997957586
  Bucket 1 contains 2501680730
  Bucket 2 contains 2004766657
  Bucket 3 contains 2893912951
Hilbert SFC efficiency: 0.8119039932
Hilbert SFC ratio: 0.9820410649
 Final Hilbert SFC time: 0.001957664

SFC+Knapsack previous efficiency: 0.8765791636
SFC + Knapsack ratio: 1.137634189
 Final SFC+Knapsack_Combined time: 0.000427608

SFC+Painter previous efficiency: 0.8410597869
Binary search iterations: 30
SFC+painterPartition efficiency: 0.9232546231
SFC+Painter ratio: 1.097727697
 Final SFC+Painter time: 0.001172061

Hilbert+Painter previous efficiency: 0.8195967224
Binary search iterations: 30
Hilbert+painterPartition efficiency: 0.9157151533
Hilbert+Painter ratio: 1.117275275
 Final Hilbert+Painter time: 0.000990689
Painter+Knapsack previous efficiency: 0.8918903663
Binary search iterations: 29
SFC+painterPartition efficiency: 1
Painter+Knapsack ratio: 1.118104269
 Final painter+Knapsack_Combined time: 0.001419881
Run 32
File weights 51 and ranks 51
Original previous efficiency: 0.8535464578
Original efficiency: 0.9829757556
Original ratio: 1.151637086
Knapsack previous efficiency: 0.8887783502
Knapsack ratio: 1.124266659
 Final Knapsack time: 0.000873803

Karmarkar-Karp previous efficiency: 0.8794870893
Karmarkar-Karp ratio: 1.136570686
 Final Karmarkar-Karp time: 0.000912488

SFC previous efficiency: 0.9372337012
 Time take to run this function: 4e-07
SFC ratio: 1
 Final SFC time: 0.000494118

Hilbert SFC previous efficiency: 0.829125701
DM: HilbertProcessorMapDoIt called...
  (nprocs, nteams, nworkers) = (4, 4, 1)
  Bucket 0 contains 1926022859
  Bucket 1 contains 2408907764
  Bucket 2 contains 2464081518
  Bucket 3 contains 2272851994
Hilbert SFC efficiency: 0.92041031
Hilbert SFC ratio: 1.11009743
 Final Hilbert SFC time: 0.001880834

SFC+Knapsack previous efficiency: 0.8709205388
SFC + Knapsack ratio: 1.147319212
 Final SFC+Knapsack_Combined time: 0.000391829

SFC+Painter previous efficiency: 0.855719848
Binary search iterations: 30
SFC+painterPartition efficiency: 0.9372337012
SFC+Painter ratio: 1.09525764
 Final SFC+Painter time: 0.001226265

Hilbert+Painter previous efficiency: 0.8240595483
Binary search iterations: 30
Hilbert+painterPartition efficiency: 0.92041031
Hilbert+Painter ratio: 1.116922086
 Final Hilbert+Painter time: 0.007949051
Painter+Knapsack previous efficiency: 0.8887783502
Binary search iterations: 29
SFC+painterPartition efficiency: 1
Painter+Knapsack ratio: 1.124266659
 Final painter+Knapsack_Combined time: 0.001556596
Run 33
File weights 51 and ranks 51
Original previous efficiency: 0.8548713274
Original efficiency: 0.9711573955
Original ratio: 1.136027569
Knapsack previous efficiency: 0.8844218018
Knapsack ratio: 1.129045156
 Final Knapsack time: 0.000958627

Karmarkar-Karp previous efficiency: 0.8590216747
Karmarkar-Karp ratio: 1.16312064
 Final Karmarkar-Karp time: 0.000933218

SFC previous efficiency: 0.9517364859
 Time take to run this function: 4.61e-07
SFC ratio: 1
 Final SFC time: 0.000535207

Hilbert SFC previous efficiency: 0.832949949
DM: HilbertProcessorMapDoIt called...
  (nprocs, nteams, nworkers) = (4, 4, 1)
  Bucket 0 contains 1853226074
  Bucket 1 contains 2326488435
  Bucket 2 contains 2374219856
  Bucket 3 contains 2228665399
Hilbert SFC efficiency: 0.9247879616
Hilbert SFC ratio: 1.11025634
 Final Hilbert SFC time: 0.0024467

SFC+Knapsack previous efficiency: 0.8666483528
SFC + Knapsack ratio: 1.152199906
 Final SFC+Knapsack_Combined time: 0.000391659

SFC+Painter previous efficiency: 0.874931112
Binary search iterations: 30
SFC+painterPartition efficiency: 0.9517364859
SFC+Painter ratio: 1.087784481
 Final SFC+Painter time: 0.001213191

Hilbert+Painter previous efficiency: 0.8315086623
Binary search iterations: 30
Hilbert+painterPartition efficiency: 0.9247879616
Hilbert+Painter ratio: 1.112180791
 Final Hilbert+Painter time: 0.00079496
Painter+Knapsack previous efficiency: 0.8844218018
Binary search iterations: 29
SFC+painterPartition efficiency: 1
Painter+Knapsack ratio: 1.129045156
 Final painter+Knapsack_Combined time: 0.001417747
Run 34
File weights 51 and ranks 51
Original previous efficiency: 0.8595742811
Original efficiency: 0.9614660735
Original ratio: 1.118537507
Knapsack previous efficiency: 0.8817832154
Knapsack ratio: 1.133008623
 Final Knapsack time: 0.000925193

Karmarkar-Karp previous efficiency: 0.8435950794
Karmarkar-Karp ratio: 1.184361698
 Final Karmarkar-Karp time: 0.000933509

SFC previous efficiency: 0.9491722522
 Time take to run this function: 5.010000002e-07
SFC ratio: 1
 Final SFC time: 0.000544806

Hilbert SFC previous efficiency: 0.8389903275
DM: HilbertProcessorMapDoIt called...
  (nprocs, nteams, nworkers) = (4, 4, 1)
  Bucket 0 contains 1785061916
  Bucket 1 contains 2261648478
  Bucket 2 contains 2292260952
  Bucket 3 contains 2204089123
Hilbert SFC efficiency: 0.9317286129
Hilbert SFC ratio: 1.110535584
 Final Hilbert SFC time: 0.001755071

SFC+Knapsack previous efficiency: 0.8657907933
SFC + Knapsack ratio: 1.15393695
 Final SFC+Knapsack_Combined time: 0.000399815

SFC+Painter previous efficiency: 0.8955620538
Binary search iterations: 30
SFC+painterPartition efficiency: 0.9491722522
SFC+Painter ratio: 1.05986207
 Final SFC+Painter time: 0.00227078

Hilbert+Painter previous efficiency: 0.8407865821
Binary search iterations: 30
Hilbert+painterPartition efficiency: 0.9317286129
Hilbert+Painter ratio: 1.108163038
 Final Hilbert+Painter time: 0.000795592
Painter+Knapsack previous efficiency: 0.8817832154
Binary search iterations: 29
SFC+painterPartition efficiency: 1
Painter+Knapsack ratio: 1.133008623
 Final painter+Knapsack_Combined time: 0.001447234
Run 35
File weights 51 and ranks 51
Original previous efficiency: 0.8737188113
Original efficiency: 0.9558013369
Original ratio: 1.093946158
Knapsack previous efficiency: 0.887062052
Knapsack ratio: 1.125345894
 Final Knapsack time: 0.000913119

Karmarkar-Karp previous efficiency: 0.8438853623
Karmarkar-Karp ratio: 1.1843456
 Final Karmarkar-Karp time: 0.000944951

SFC previous efficiency: 0.9573728924
 Time take to run this function: 3.909999999e-07
SFC ratio: 1
 Final SFC time: 0.000517012

Hilbert SFC previous efficiency: 0.8451835079
DM: HilbertProcessorMapDoIt called...
  (nprocs, nteams, nworkers) = (4, 4, 1)
  Bucket 0 contains 1749289959
  Bucket 1 contains 2200960209
  Bucket 2 contains 2233253327
  Bucket 3 contains 2211126089
Hilbert SFC efficiency: 0.9397310062
Hilbert SFC ratio: 1.111866237
 Final Hilbert SFC time: 0.001830938

SFC+Knapsack previous efficiency: 0.8728467007
SFC + Knapsack ratio: 1.143673497
 Final SFC+Knapsack_Combined time: 0.000380317

SFC+Painter previous efficiency: 0.9116963419
Binary search iterations: 30
SFC+painterPartition efficiency: 0.9573728924
SFC+Painter ratio: 1.050100618
 Final SFC+Painter time: 0.001162072

Hilbert+Painter previous efficiency: 0.8437562467
Binary search iterations: 30
Hilbert+painterPartition efficiency: 0.9397310062
Hilbert+Painter ratio: 1.113747021
 Final Hilbert+Painter time: 0.000790541
Painter+Knapsack previous efficiency: 0.887062052
Binary search iterations: 29
SFC+painterPartition efficiency: 1
Painter+Knapsack ratio: 1.125345894
 Final painter+Knapsack_Combined time: 0.001379352
Run 36
File weights 51 and ranks 51
Original previous efficiency: 0.8847764661
Original efficiency: 0.9746737648
Original ratio: 1.101604532
Knapsack previous efficiency: 0.8911344652
Knapsack ratio: 1.120672574
 Final Knapsack time: 0.000866429

Karmarkar-Karp previous efficiency: 0.8704181958
Karmarkar-Karp ratio: 1.148426238
 Final Karmarkar-Karp time: 0.000959479

SFC previous efficiency: 0.9611489917
 Time take to run this function: 5.109999999e-07
SFC ratio: 1
 Final SFC time: 0.000537291

Hilbert SFC previous efficiency: 0.864550176
DM: HilbertProcessorMapDoIt called...
  (nprocs, nteams, nworkers) = (4, 4, 1)
  Bucket 0 contains 1864636758
  Bucket 1 contains 2307927800
  Bucket 2 contains 2294982121
  Bucket 3 contains 2406985928
Hilbert SFC efficiency: 0.9217474543
Hilbert SFC ratio: 1.066158425
 Final Hilbert SFC time: 0.001751524

SFC+Knapsack previous efficiency: 0.8793193492
SFC + Knapsack ratio: 1.135730671
 Final SFC+Knapsack_Combined time: 0.000363445

SFC+Painter previous efficiency: 0.9145170782
Binary search iterations: 30
SFC+painterPartition efficiency: 0.9611489917
SFC+Painter ratio: 1.050990752
 Final SFC+Painter time: 0.001150409

Hilbert+Painter previous efficiency: 0.8368563125
Binary search iterations: 30
Hilbert+painterPartition efficiency: 0.9217474543
Hilbert+Painter ratio: 1.101440523
 Final Hilbert+Painter time: 0.000766545
Painter+Knapsack previous efficiency: 0.8911344652
Binary search iterations: 29
SFC+painterPartition efficiency: 1
Painter+Knapsack ratio: 1.120672574
 Final painter+Knapsack_Combined time: 0.001378732
Run 37
File weights 51 and ranks 51
Original previous efficiency: 0.8971567613
Original efficiency: 0.980511581
Original ratio: 1.092909983
Knapsack previous efficiency: 0.8993924891
Knapsack ratio: 1.11019631
 Final Knapsack time: 0.000883151

Karmarkar-Karp previous efficiency: 0.8895247375
Karmarkar-Karp ratio: 1.123551568
 Final Karmarkar-Karp time: 0.000947707

SFC previous efficiency: 0.9630257167
 Time take to run this function: 4.710000001e-07
SFC ratio: 1
 Final SFC time: 0.000531771

Hilbert SFC previous efficiency: 0.8709172687
DM: HilbertProcessorMapDoIt called...
  (nprocs, nteams, nworkers) = (4, 4, 1)
  Bucket 0 contains 1932064909
  Bucket 1 contains 2360372966
  Bucket 2 contains 2343691037
  Bucket 3 contains 2545976272
Hilbert SFC efficiency: 0.9016291005
Hilbert SFC ratio: 1.035263776
 Final Hilbert SFC time: 0.001751283

SFC+Knapsack previous efficiency: 0.8892409236
SFC + Knapsack ratio: 1.1228703
 Final SFC+Knapsack_Combined time: 0.000383703

SFC+Painter previous efficiency: 0.9191220754
Binary search iterations: 30
SFC+painterPartition efficiency: 0.9630257167
SFC+Painter ratio: 1.047766932
 Final SFC+Painter time: 0.001158665

Hilbert+Painter previous efficiency: 0.8356641246
Binary search iterations: 30
Hilbert+painterPartition efficiency: 0.9016291005
Hilbert+Painter ratio: 1.078937188
 Final Hilbert+Painter time: 0.000750744
Painter+Knapsack previous efficiency: 0.8993924891
Binary search iterations: 29
SFC+painterPartition efficiency: 1
Painter+Knapsack ratio: 1.11019631
 Final painter+Knapsack_Combined time: 0.001444388
Run 38
File weights 51 and ranks 51
Original previous efficiency: 0.9092197332
Original efficiency: 0.9765997389
Original ratio: 1.074107505
Knapsack previous efficiency: 0.9088260891
Knapsack ratio: 1.097767081
 Final Knapsack time: 0.000866138

Karmarkar-Karp previous efficiency: 0.9085340192
Karmarkar-Karp ratio: 1.099644342
 Final Karmarkar-Karp time: 0.00091358

SFC previous efficiency: 0.963865759
 Time take to run this function: 4.610000002e-07
SFC ratio: 1
 Final SFC time: 0.000507864

Hilbert SFC previous efficiency: 0.8722386425
DM: HilbertProcessorMapDoIt called...
  (nprocs, nteams, nworkers) = (4, 4, 1)
  Bucket 0 contains 1991405542
  Bucket 1 contains 2406406097
  Bucket 2 contains 2398775198
  Bucket 3 contains 2672370026
Hilbert SFC efficiency: 0.8858201494
Hilbert SFC ratio: 1.015570861
 Final Hilbert SFC time: 0.001797954

SFC+Knapsack previous efficiency: 0.9000566476
SFC + Knapsack ratio: 1.108462857
 Final SFC+Knapsack_Combined time: 0.000413661

SFC+Painter previous efficiency: 0.9222579169
Binary search iterations: 30
SFC+painterPartition efficiency: 0.963865759
SFC+Painter ratio: 1.045115191
 Final SFC+Painter time: 0.001152543

Hilbert+Painter previous efficiency: 0.8354649934
Binary search iterations: 30
Hilbert+painterPartition efficiency: 0.8865894987
Hilbert+Painter ratio: 1.061192875
 Final Hilbert+Painter time: 0.000780583
Painter+Knapsack previous efficiency: 0.9088260891
Binary search iterations: 29
SFC+painterPartition efficiency: 1
Painter+Knapsack ratio: 1.097767081
 Final painter+Knapsack_Combined time: 0.001365796
Run 39
File weights 51 and ranks 51
Original previous efficiency: 0.9174114936
Original efficiency: 0.9712519856
Original ratio: 1.058687396
Knapsack previous efficiency: 0.9150610337
Knapsack ratio: 1.091651017
 Final Knapsack time: 0.000864004

Karmarkar-Karp previous efficiency: 0.930780195
Karmarkar-Karp ratio: 1.073062135
 Final Karmarkar-Karp time: 0.000946333

SFC previous efficiency: 0.9650933725
 Time take to run this function: 4.21e-07
SFC ratio: 1
 Final SFC time: 0.000491863

Hilbert SFC previous efficiency: 0.871506937
DM: HilbertProcessorMapDoIt called...
  (nprocs, nteams, nworkers) = (4, 4, 1)
  Bucket 0 contains 2032020823
  Bucket 1 contains 2433926536
  Bucket 2 contains 2436987612
  Bucket 3 contains 2753606788
Hilbert SFC efficiency: 0.8767175656
Hilbert SFC ratio: 1.005978872
 Final Hilbert SFC time: 0.001768516

SFC+Knapsack previous efficiency: 0.9078045499
SFC + Knapsack ratio: 1.100377067
 Final SFC+Knapsack_Combined time: 0.00038219

SFC+Painter previous efficiency: 0.9237338795
Binary search iterations: 30
SFC+painterPartition efficiency: 0.9650933725
SFC+Painter ratio: 1.044774251
 Final SFC+Painter time: 0.001226507

Hilbert+Painter previous efficiency: 0.833749586
Binary search iterations: 30
Hilbert+painterPartition efficiency: 0.8926520699
Hilbert+Painter ratio: 1.070647692
 Final Hilbert+Painter time: 0.000837703
Painter+Knapsack previous efficiency: 0.9150610337
Binary search iterations: 29
SFC+painterPartition efficiency: 1
Painter+Knapsack ratio: 1.091651017
 Final painter+Knapsack_Combined time: 0.001457754
Run 40
File weights 51 and ranks 51
Original previous efficiency: 0.9227162662
Original efficiency: 0.9633496745
Original ratio: 1.044036731
Knapsack previous efficiency: 0.9189778479
Knapsack ratio: 1.087136741
 Final Knapsack time: 0.000920944

Karmarkar-Karp previous efficiency: 0.9470096204
Karmarkar-Karp ratio: 1.05559089
 Final Karmarkar-Karp time: 0.000947406

SFC previous efficiency: 0.9642964625
 Time take to run this function: 8.109999998e-07
SFC ratio: 1
 Final SFC time: 0.000632716

Hilbert SFC previous efficiency: 0.8718611748
DM: HilbertProcessorMapDoIt called...
  (nprocs, nteams, nworkers) = (4, 4, 1)
  Bucket 0 contains 2081117991
  Bucket 1 contains 2473543480
  Bucket 2 contains 2480012499
  Bucket 3 contains 2826452219
Hilbert SFC efficiency: 0.8722176624
Hilbert SFC ratio: 1.000408881
 Final Hilbert SFC time: 0.001828162

SFC+Knapsack previous efficiency: 0.9129796336
SFC + Knapsack ratio: 1.094279156
 Final SFC+Knapsack_Combined time: 0.000406909

SFC+Painter previous efficiency: 0.9248107882
Binary search iterations: 30
SFC+painterPartition efficiency: 0.9642964625
SFC+Painter ratio: 1.042695949
 Final SFC+Painter time: 0.001168725

Hilbert+Painter previous efficiency: 0.8306318883
Binary search iterations: 30
Hilbert+painterPartition efficiency: 0.8958817241
Hilbert+Painter ratio: 1.078554456
 Final Hilbert+Painter time: 0.002493602
Painter+Knapsack previous efficiency: 0.9189778479
Binary search iterations: 29
SFC+painterPartition efficiency: 1
Painter+Knapsack ratio: 1.087136741
 Final painter+Knapsack_Combined time: 0.001436693
Run 41
File weights 51 and ranks 51
Original previous efficiency: 0.9262143396
Original efficiency: 0.9586397732
Original ratio: 1.035008564
Knapsack previous efficiency: 0.9214597919
Knapsack ratio: 1.082782792
 Final Knapsack time: 0.000972024

Karmarkar-Karp previous efficiency: 0.9595080744
Karmarkar-Karp ratio: 1.041536359
 Final Karmarkar-Karp time: 0.002178391

SFC previous efficiency: 0.9649418538
 Time take to run this function: 4.010000001e-07
SFC ratio: 1
 Final SFC time: 0.000517092

Hilbert SFC previous efficiency: 0.8715035298
DM: HilbertProcessorMapDoIt called...
  (nprocs, nteams, nworkers) = (4, 4, 1)
  Bucket 0 contains 2114315237
  Bucket 1 contains 2501954946
  Bucket 2 contains 2505623730
  Bucket 3 contains 2861863364
Hilbert SFC efficiency: 0.8721378353
Hilbert SFC ratio: 1.000727829
 Final Hilbert SFC time: 0.0018633

SFC+Knapsack previous efficiency: 0.9156868644
SFC + Knapsack ratio: 1.089609172
 Final SFC+Knapsack_Combined time: 0.000438038

SFC+Painter previous efficiency: 0.9244449925
Binary search iterations: 29
SFC+painterPartition efficiency: 0.9649418538
SFC+Painter ratio: 1.043806675
 Final SFC+Painter time: 0.002315968

Hilbert+Painter previous efficiency: 0.8270133421
Binary search iterations: 30
Hilbert+painterPartition efficiency: 0.8959587963
Hilbert+Painter ratio: 1.083366798
 Final Hilbert+Painter time: 0.000883853
Painter+Knapsack previous efficiency: 0.9214597919
Binary search iterations: 29
SFC+painterPartition efficiency: 1
Painter+Knapsack ratio: 1.082782792
 Final painter+Knapsack_Combined time: 0.001559411
Run 42
File weights 51 and ranks 51
Original previous efficiency: 0.9249991638
Original efficiency: 0.9573571282
Original ratio: 1.034981615
Knapsack previous efficiency: 0.9196501116
Knapsack ratio: 1.084489437
 Final Knapsack time: 0.000930864

Karmarkar-Karp previous efficiency: 0.9654078248
Karmarkar-Karp ratio: 1.035287381
 Final Karmarkar-Karp time: 0.001005839

SFC previous efficiency: 0.964359876
 Time take to run this function: 4.499999999e-07
SFC ratio: 1
 Final SFC time: 0.000577078

Hilbert SFC previous efficiency: 0.8709414374
DM: HilbertProcessorMapDoIt called...
  (nprocs, nteams, nworkers) = (4, 4, 1)
  Bucket 0 contains 2134948503
  Bucket 1 contains 2517226956
  Bucket 2 contains 2516727245
  Bucket 3 contains 2866508839
Hilbert SFC efficiency: 0.875229426
Hilbert SFC ratio: 1.004923395
 Final Hilbert SFC time: 0.001870664

SFC+Knapsack previous efficiency: 0.9142841826
SFC + Knapsack ratio: 1.090854299
 Final SFC+Knapsack_Combined time: 0.000405606

SFC+Painter previous efficiency: 0.9240850596
Binary search iterations: 30
SFC+painterPartition efficiency: 0.964359876
SFC+Painter ratio: 1.043583452
 Final SFC+Painter time: 0.001187802

Hilbert+Painter previous efficiency: 0.8225899529
Binary search iterations: 30
Hilbert+painterPartition efficiency: 0.8944993072
Hilbert+Painter ratio: 1.087418226
 Final Hilbert+Painter time: 0.000798457
Painter+Knapsack previous efficiency: 0.9196501116
Binary search iterations: 29
SFC+painterPartition efficiency: 1
Painter+Knapsack ratio: 1.084489437
 Final painter+Knapsack_Combined time: 0.001451161
Run 43
File weights 51 and ranks 51
Original previous efficiency: 0.9227976975
Original efficiency: 0.9573940856
Original ratio: 1.037490761
Knapsack previous efficiency: 0.9169650868
Knapsack ratio: 1.088024069
 Final Knapsack time: 0.000912408

Karmarkar-Karp previous efficiency: 0.9670230503
Karmarkar-Karp ratio: 1.033413645
 Final Karmarkar-Karp time: 0.001017621

SFC previous efficiency: 0.9634477289
 Time take to run this function: 3.909999999e-07
SFC ratio: 1
 Final SFC time: 0.0005211

Hilbert SFC previous efficiency: 0.8718105616
DM: HilbertProcessorMapDoIt called...
  (nprocs, nteams, nworkers) = (4, 4, 1)
  Bucket 0 contains 2147862491
  Bucket 1 contains 2535422723
  Bucket 2 contains 2524685450
  Bucket 3 contains 2862975172
Hilbert SFC efficiency: 0.8794126067
Hilbert SFC ratio: 1.008719836
 Final Hilbert SFC time: 0.001889421

SFC+Knapsack previous efficiency: 0.9116385366
SFC + Knapsack ratio: 1.09438121
 Final SFC+Knapsack_Combined time: 0.000418891

SFC+Painter previous efficiency: 0.922320566
Binary search iterations: 30
SFC+painterPartition efficiency: 0.9634477289
SFC+Painter ratio: 1.044590964
 Final SFC+Painter time: 0.001226056

Hilbert+Painter previous efficiency: 0.8197522922
Binary search iterations: 30
Hilbert+painterPartition efficiency: 0.8907350506
Hilbert+Painter ratio: 1.086590497
 Final Hilbert+Painter time: 0.000853694
Painter+Knapsack previous efficiency: 0.9169650868
Binary search iterations: 29
SFC+painterPartition efficiency: 1
Painter+Knapsack ratio: 1.088024069
 Final painter+Knapsack_Combined time: 0.001509024
Run 44
File weights 51 and ranks 51
Original previous efficiency: 0.9190003033
Original efficiency: 0.9577663612
Original ratio: 1.042182857
Knapsack previous efficiency: 0.9126926718
Knapsack ratio: 1.09255549
 Final Knapsack time: 0.000969649

Karmarkar-Karp previous efficiency: 0.9666050085
Karmarkar-Karp ratio: 1.034294987
 Final Karmarkar-Karp time: 0.000947625

SFC previous efficiency: 0.962122819
 Time take to run this function: 4.720000002e-07
SFC ratio: 1
 Final SFC time: 0.000547871

Hilbert SFC previous efficiency: 0.8722027788
DM: HilbertProcessorMapDoIt called...
  (nprocs, nteams, nworkers) = (4, 4, 1)
  Bucket 0 contains 2155187599
  Bucket 1 contains 2542684898
  Bucket 2 contains 2527266683
  Bucket 3 contains 2851389523
Hilbert SFC efficiency: 0.8834752865
Hilbert SFC ratio: 1.012924182
 Final Hilbert SFC time: 0.001853431

SFC+Knapsack previous efficiency: 0.9083283877
SFC + Knapsack ratio: 1.097804938
 Final SFC+Knapsack_Combined time: 0.000389936

SFC+Painter previous efficiency: 0.9221816527
Binary search iterations: 30
SFC+painterPartition efficiency: 0.962122819
SFC+Painter ratio: 1.043311604
 Final SFC+Painter time: 0.0012232

Hilbert+Painter previous efficiency: 0.8170044851
Binary search iterations: 30
Hilbert+painterPartition efficiency: 0.8879781805
Hilbert+Painter ratio: 1.086870631
 Final Hilbert+Painter time: 0.000817403
Painter+Knapsack previous efficiency: 0.9126926718
Binary search iterations: 29
SFC+painterPartition efficiency: 1
Painter+Knapsack ratio: 1.09255549
 Final painter+Knapsack_Combined time: 0.001489776
Run 45
File weights 51 and ranks 51
Original previous efficiency: 0.9137024601
Original efficiency: 0.9608432176
Original ratio: 1.051593117
Knapsack previous efficiency: 0.9069358293
Knapsack ratio: 1.099737612
 Final Knapsack time: 0.000940212

Karmarkar-Karp previous efficiency: 0.9651345557
Karmarkar-Karp ratio: 1.035934936
 Final Karmarkar-Karp time: 0.001198091

SFC previous efficiency: 0.9606704266
 Time take to run this function: 4.61e-07
SFC ratio: 1
 Final SFC time: 0.000534526

Hilbert SFC previous efficiency: 0.8730923152
DM: HilbertProcessorMapDoIt called...
  (nprocs, nteams, nworkers) = (4, 4, 1)
  Bucket 0 contains 2160605781
  Bucket 1 contains 2553977758
  Bucket 2 contains 2531523854
  Bucket 3 contains 2837180957
Hilbert SFC efficiency: 0.88849535
Hilbert SFC ratio: 1.017641931
 Final Hilbert SFC time: 0.001892587

SFC+Knapsack previous efficiency: 0.9031703104
SFC + Knapsack ratio: 1.104322664
 Final SFC+Knapsack_Combined time: 0.000431907

SFC+Painter previous efficiency: 0.9212956054
Binary search iterations: 30
SFC+painterPartition efficiency: 0.9606704266
SFC+Painter ratio: 1.042738532
 Final SFC+Painter time: 0.001222568

Hilbert+Painter previous efficiency: 0.8149394396
Binary search iterations: 30
Hilbert+painterPartition efficiency: 0.88849535
Hilbert+Painter ratio: 1.090259358
 Final Hilbert+Painter time: 0.000836451
Painter+Knapsack previous efficiency: 0.9069358293
Binary search iterations: 29
SFC+painterPartition efficiency: 1
Painter+Knapsack ratio: 1.099737612
 Final painter+Knapsack_Combined time: 0.001378642
Run 46
File weights 51 and ranks 51
Original previous efficiency: 0.9083079331
Original efficiency: 0.9651284941
Original ratio: 1.062556495
Knapsack previous efficiency: 0.9010419284
Knapsack ratio: 1.107186499
 Final Knapsack time: 0.00091337

Karmarkar-Karp previous efficiency: 0.963798749
Karmarkar-Karp ratio: 1.036612744
 Final Karmarkar-Karp time: 0.000900244

SFC previous efficiency: 0.9583261208
 Time take to run this function: 3.909999999e-07
SFC ratio: 1
 Final SFC time: 0.000519757

Hilbert SFC previous efficiency: 0.8746179952
DM: HilbertProcessorMapDoIt called...
  (nprocs, nteams, nworkers) = (4, 4, 1)
  Bucket 0 contains 2163056887
  Bucket 1 contains 2558836153
  Bucket 2 contains 2528166454
  Bucket 3 contains 2821379204
Hilbert SFC efficiency: 0.8924215756
Hilbert SFC ratio: 1.020355836
 Final Hilbert SFC time: 0.002071664

SFC+Knapsack previous efficiency: 0.898126838
SFC + Knapsack ratio: 1.110780144
 Final SFC+Knapsack_Combined time: 0.000366931

SFC+Painter previous efficiency: 0.9206114213
Binary search iterations: 30
SFC+painterPartition efficiency: 0.9583261208
SFC+Painter ratio: 1.040967012
 Final SFC+Painter time: 0.001157252

Hilbert+Painter previous efficiency: 0.8127071903
Binary search iterations: 30
Hilbert+painterPartition efficiency: 0.8924215756
Hilbert+Painter ratio: 1.098085001
 Final Hilbert+Painter time: 0.00081559
Painter+Knapsack previous efficiency: 0.9010419284
Binary search iterations: 29
SFC+painterPartition efficiency: 1
Painter+Knapsack ratio: 1.107186499
 Final painter+Knapsack_Combined time: 0.001396045
Run 47
File weights 51 and ranks 51
Original previous efficiency: 0.9040417854
Original efficiency: 0.9678680138
Original ratio: 1.070600972
Knapsack previous efficiency: 0.8961098471
Knapsack ratio: 1.113576001
 Final Knapsack time: 0.000893772

Karmarkar-Karp previous efficiency: 0.962367093
Karmarkar-Karp ratio: 1.03758373
 Final Karmarkar-Karp time: 0.000966794

SFC previous efficiency: 0.9572529693
 Time take to run this function: 4.309999999e-07
SFC ratio: 1
 Final SFC time: 0.000537411

Hilbert SFC previous efficiency: 0.8759629107
DM: HilbertProcessorMapDoIt called...
  (nprocs, nteams, nworkers) = (4, 4, 1)
  Bucket 0 contains 2165343526
  Bucket 1 contains 2566637467
  Bucket 2 contains 2533919569
  Bucket 3 contains 2806238291
Hilbert SFC efficiency: 0.8972989647
Hilbert SFC ratio: 1.024357257
 Final Hilbert SFC time: 0.00181655

SFC+Knapsack previous efficiency: 0.8936533102
SFC + Knapsack ratio: 1.116637077
 Final SFC+Knapsack_Combined time: 0.000405445

SFC+Painter previous efficiency: 0.9195924354
Binary search iterations: 30
SFC+painterPartition efficiency: 0.9572529693
SFC+Painter ratio: 1.040953506
 Final SFC+Painter time: 0.001180797

Hilbert+Painter previous efficiency: 0.8114800514
Binary search iterations: 30
Hilbert+painterPartition efficiency: 0.8972989647
Hilbert+Painter ratio: 1.105756036
 Final Hilbert+Painter time: 0.000801994
Painter+Knapsack previous efficiency: 0.8961098471
Binary search iterations: 29
SFC+painterPartition efficiency: 1
Painter+Knapsack ratio: 1.113576001
 Final painter+Knapsack_Combined time: 0.001388511
Run 48
File weights 51 and ranks 51
Original previous efficiency: 0.9020624878
Original efficiency: 0.9720343013
Original ratio: 1.077568699
Knapsack previous efficiency: 0.8924979572
Knapsack ratio: 1.118096018
 Final Knapsack time: 0.00090829

Karmarkar-Karp previous efficiency: 0.9621460747
Karmarkar-Karp ratio: 1.03834979
 Final Karmarkar-Karp time: 0.000929141

SFC previous efficiency: 0.9545731395
 Time take to run this function: 4.61e-07
SFC ratio: 1
 Final SFC time: 0.000548002

Hilbert SFC previous efficiency: 0.8764593234
DM: HilbertProcessorMapDoIt called...
  (nprocs, nteams, nworkers) = (4, 4, 1)
  Bucket 0 contains 2165173939
  Bucket 1 contains 2571152267
  Bucket 2 contains 2537874841
  Bucket 3 contains 2799578105
Hilbert SFC efficiency: 0.899580113
Hilbert SFC ratio: 1.026379763
 Final Hilbert SFC time: 0.00191492

SFC+Knapsack previous efficiency: 0.8906728399
SFC + Knapsack ratio: 1.120387158
 Final SFC+Knapsack_Combined time: 0.000394094

SFC+Painter previous efficiency: 0.9190139622
Binary search iterations: 30
SFC+painterPartition efficiency: 0.9545731395
SFC+Painter ratio: 1.03869275
 Final SFC+Painter time: 0.001203452

Hilbert+Painter previous efficiency: 0.8114125028
Binary search iterations: 30
Hilbert+painterPartition efficiency: 0.899580113
Hilbert+Painter ratio: 1.108659418
 Final Hilbert+Painter time: 0.000767868
Painter+Knapsack previous efficiency: 0.8924979572
Binary search iterations: 29
SFC+painterPartition efficiency: 1
Painter+Knapsack ratio: 1.118096018
 Final painter+Knapsack_Combined time: 0.001387137
Run 49
File weights 51 and ranks 51
Original previous efficiency: 0.9022965648
Original efficiency: 0.9758012713
Original ratio: 1.081464021
Knapsack previous efficiency: 0.8894817517
Knapsack ratio: 1.121970992
 Final Knapsack time: 0.000880626

Karmarkar-Karp previous efficiency: 0.9618128899
Karmarkar-Karp ratio: 1.03904391
 Final Karmarkar-Karp time: 0.000925623

SFC previous efficiency: 0.9515878351
 Time take to run this function: 4.21e-07
SFC ratio: 1
 Final SFC time: 0.000582698

Hilbert SFC previous efficiency: 0.8760512614
DM: HilbertProcessorMapDoIt called...
  (nprocs, nteams, nworkers) = (4, 4, 1)
  Bucket 0 contains 2165175106
  Bucket 1 contains 2576605174
  Bucket 2 contains 2549545646
  Bucket 3 contains 2797058441
Hilbert SFC efficiency: 0.9016958869
Hilbert SFC ratio: 1.029272974
 Final Hilbert SFC time: 0.002008441

SFC+Knapsack previous efficiency: 0.8889108367
SFC + Knapsack ratio: 1.122691593
 Final SFC+Knapsack_Combined time: 0.000401068

SFC+Painter previous efficiency: 0.9190195066
Binary search iterations: 30
SFC+painterPartition efficiency: 0.9515878351
SFC+Painter ratio: 1.035438125
 Final SFC+Painter time: 0.001168074

Hilbert+Painter previous efficiency: 0.8124208553
Binary search iterations: 30
Hilbert+painterPartition efficiency: 0.9016958869
Hilbert+Painter ratio: 1.109887666
 Final Hilbert+Painter time: 0.000811864
Painter+Knapsack previous efficiency: 0.8894817517
Binary search iterations: 29
SFC+painterPartition efficiency: 1
Painter+Knapsack ratio: 1.121970992
 Final painter+Knapsack_Combined time: 0.001440632
Run 50
File weights 51 and ranks 51
Original previous efficiency: 0.9024269108
Original efficiency: 0.9809935294
Original ratio: 1.087061476
Knapsack previous efficiency: 0.8865686736
Knapsack ratio: 1.126599246
 Final Knapsack time: 0.000918099

Karmarkar-Karp previous efficiency: 0.9626232526
Karmarkar-Karp ratio: 1.038750562
 Final Karmarkar-Karp time: 0.000943248

SFC previous efficiency: 0.9477577187
 Time take to run this function: 4.410000001e-07
SFC ratio: 1
 Final SFC time: 0.000508064

Hilbert SFC previous efficiency: 0.8750490018
DM: HilbertProcessorMapDoIt called...
  (nprocs, nteams, nworkers) = (4, 4, 1)
  Bucket 0 contains 2164817788
  Bucket 1 contains 2580955678
  Bucket 2 contains 2564186891
  Bucket 3 contains 2799951810
Hilbert SFC efficiency: 0.9026862651
Hilbert SFC ratio: 1.031583675
 Final Hilbert SFC time: 0.001915892

SFC+Knapsack previous efficiency: 0.8881282302
SFC + Knapsack ratio: 1.124620934
 Final SFC+Knapsack_Combined time: 0.000388252

SFC+Painter previous efficiency: 0.9194053029
Binary search iterations: 30
SFC+painterPartition efficiency: 0.9477577187
SFC+Painter ratio: 1.030837777
 Final SFC+Painter time: 0.001168253

Hilbert+Painter previous efficiency: 0.8145412042
Binary search iterations: 30
Hilbert+painterPartition efficiency: 0.9026862651
Hilbert+Painter ratio: 1.108214367
 Final Hilbert+Painter time: 0.001464798
Painter+Knapsack previous efficiency: 0.8865686736
Binary search iterations: 29
SFC+painterPartition efficiency: 1
Painter+Knapsack ratio: 1.126599246
 Final painter+Knapsack_Combined time: 0.001510516


TinyProfiler total time across processes [min...avg...max]: 1.917 ... 1.917 ... 1.917

-------------------------------------------------------------------------------------
Name                                  NCalls  Excl. Min  Excl. Avg  Excl. Max   Max %
-------------------------------------------------------------------------------------
HilbertProcessorMapDoIt()                 51      1.243      1.243      1.243  64.86%
painterPartition()                       153     0.1058     0.1058     0.1058   5.52%
KnapSackDoIt()                            51    0.03369    0.03369    0.03369   1.76%
KKDoIt()                                  51    0.03346    0.03346    0.03346   1.75%
SFCProcessorMapDoItCombinedPainter()      51    0.03331    0.03331    0.03331   1.74%
SFCProcessorMapDoIt()                     51    0.01387    0.01387    0.01387   0.72%
SFCProcessorMapDoItCombined()             51   0.007254   0.007254   0.007254   0.38%
kk()                                      51   0.001974   0.001974   0.001974   0.10%
knapsack()                               153  0.0006719  0.0006719  0.0006719   0.04%
Distribute()                             102  7.757e-05  7.757e-05  7.757e-05   0.00%
HilbertDistribute()                       51  5.464e-05  5.464e-05  5.464e-05   0.00%
-------------------------------------------------------------------------------------

-------------------------------------------------------------------------------------
Name                                  NCalls  Incl. Min  Incl. Avg  Incl. Max   Max %
-------------------------------------------------------------------------------------
HilbertProcessorMapDoIt()                 51      1.243      1.243      1.243  64.86%
painterPartition()                       153     0.1058     0.1058     0.1058   5.52%
SFCProcessorMapDoItCombinedPainter()      51    0.06143    0.06143    0.06143   3.21%
KKDoIt()                                  51    0.03543    0.03543    0.03543   1.85%
KnapSackDoIt()                            51     0.0339     0.0339     0.0339   1.77%
SFCProcessorMapDoIt()                     51    0.01392    0.01392    0.01392   0.73%
SFCProcessorMapDoItCombined()             51   0.007548   0.007548   0.007548   0.39%
kk()                                      51   0.001974   0.001974   0.001974   0.10%
knapsack()                               153  0.0006719  0.0006719  0.0006719   0.04%
Distribute()                             102  7.757e-05  7.757e-05  7.757e-05   0.00%
HilbertDistribute()                       51  5.464e-05  5.464e-05  5.464e-05   0.00%
-------------------------------------------------------------------------------------

Pinned Memory Usage:
-----------------------------------------------------------------
Name                            Nalloc  Nfree    AvgMem    MaxMem
-----------------------------------------------------------------
The_Pinned_Arena::Initialize()       1      1  4829   B  8192 KiB
-----------------------------------------------------------------

AMReX (25.06-22-g1d307c2c661a-dirty) finalized
