Initializing AMReX (25.06-22-g1d307c2c661a)...
OMP initialized with 256 OMP threads
AMReX (25.06-22-g1d307c2c661a) initialized
Starting running input_laser_ion running with 24 nodes and 4 ranks per node.
Total steps: 5000, intervals: 100 = 50 runs
Reading precomputed weights and ranks from file: /global/homes/j/jessd/lb_extractor/lb_inputs/laser_ion_4_boxes_96_ranks_lb_data.txt
/global/homes/j/jessd/lb_extractor/lb_inputs/laser_ion_4_boxes_96_ranks_lb_data.txt
Run 0: Weights size: 435
Run 1: Weights size: 435
Run 2: Weights size: 435
Run 3: Weights size: 435
Run 4: Weights size: 435
Run 5: Weights size: 435
Run 6: Weights size: 435
Run 7: Weights size: 435
Run 8: Weights size: 435
Run 9: Weights size: 435
Run 10: Weights size: 435
Run 11: Weights size: 435
Run 12: Weights size: 435
Run 13: Weights size: 435
Run 14: Weights size: 435
Run 15: Weights size: 435
Run 16: Weights size: 435
Run 17: Weights size: 435
Run 18: Weights size: 435
Run 19: Weights size: 435
Run 20: Weights size: 435
Run 21: Weights size: 435
Run 22: Weights size: 435
Run 23: Weights size: 435
Run 24: Weights size: 435
Run 25: Weights size: 435
Run 26: Weights size: 435
Run 27: Weights size: 435
Run 28: Weights size: 435
Run 29: Weights size: 435
Run 30: Weights size: 435
Run 31: Weights size: 435
Run 32: Weights size: 435
Run 33: Weights size: 435
Run 34: Weights size: 435
Run 35: Weights size: 435
Run 36: Weights size: 435
Run 37: Weights size: 435
Run 38: Weights size: 435
Run 39: Weights size: 435
Run 40: Weights size: 435
Run 41: Weights size: 435
Run 42: Weights size: 435
Run 43: Weights size: 435
Run 44: Weights size: 435
Run 45: Weights size: 435
Run 46: Weights size: 435
Run 47: Weights size: 435
Run 48: Weights size: 435
Run 49: Weights size: 435
Run 50: Weights size: 435
Run 0
File weights 51 and ranks 51
Original efficiency: 0.2759491367
Original ratio: inf
Knapsack ratio: inf
 Final Knapsack time: 9.2563e-05

Karmarkar-Karp ratio: inf
 Final Karmarkar-Karp time: 0.006697607

 Time take to run this function: 8.22e-07
SFC ratio: inf
 Final SFC time: 7.3356e-05

SFC + Knapsack ratio: inf
 Final SFC+Knapsack_Combined time: 0.000104675

SFC+painterPartition efficiency: 0.6898728417
SFC+Painter ratio: inf
 Final SFC+Painter time: 0.000137386

Painter+Knapsack ratio: inf
 Final painter+Knapsack_Combined time: 0.000145281
Run 1
File weights 51 and ranks 51
Original previous efficiency: 0.2759363465
Original efficiency: 0.7358374482
Original ratio: 2.666692727
Knapsack previous efficiency: 0.7357933186
Knapsack ratio: 1.000062215
 Final Knapsack time: 6.489e-05

Karmarkar-Karp previous efficiency: 0.7356294821
Karmarkar-Karp ratio: 1.000284945
 Final Karmarkar-Karp time: 0.006147162

SFC previous efficiency: 0.6895629661
 Time take to run this function: 3.91e-07
SFC ratio: 1
 Final SFC time: 5.6856e-05

SFC+Knapsack previous efficiency: 0.6897844765
SFC + Knapsack ratio: 1.000095189
 Final SFC+Knapsack_Combined time: 8.5018e-05

SFC+Painter previous efficiency: 0.6895206748
SFC+painterPartition efficiency: 0.6898586669
SFC+Painter ratio: 1.000490184
 Final SFC+Painter time: 0.000126976

Painter+Knapsack previous efficiency: 0.6898401578
Painter+Knapsack ratio: 1.000012366
 Final painter+Knapsack_Combined time: 0.000148887
Run 2
File weights 51 and ranks 51
Original previous efficiency: 0.735543049
Original efficiency: 0.735543049
Original ratio: 1
Knapsack previous efficiency: 0.7354232176
Knapsack ratio: 1.000292587
 Final Knapsack time: 6.4951e-05

Karmarkar-Karp previous efficiency: 0.7280668362
Karmarkar-Karp ratio: 1.010399536
 Final Karmarkar-Karp time: 0.006158763

SFC previous efficiency: 0.6777343502
 Time take to run this function: 4.5e-07
SFC ratio: 1
 Final SFC time: 5.8098e-05

SFC+Knapsack previous efficiency: 0.6861255076
SFC + Knapsack ratio: 1.005398696
 Final SFC+Knapsack_Combined time: 8.5991e-05

SFC+Painter previous efficiency: 0.6764712529
SFC+painterPartition efficiency: 0.689842244
SFC+Painter ratio: 1.019765794
 Final SFC+Painter time: 0.000125895

Painter+Knapsack previous efficiency: 0.6882804163
Painter+Knapsack ratio: 1.002256312
 Final painter+Knapsack_Combined time: 0.000145231
Run 3
File weights 51 and ranks 51
Original previous efficiency: 0.7341112033
Original efficiency: 0.7341112033
Original ratio: 1
Knapsack previous efficiency: 0.7339473778
Knapsack ratio: 1.000446026
 Final Knapsack time: 6.5642e-05

Karmarkar-Karp previous efficiency: 0.7278877092
Karmarkar-Karp ratio: 1.008774744
 Final Karmarkar-Karp time: 0.006433705

SFC previous efficiency: 0.6752447843
 Time take to run this function: 4.21e-07
SFC ratio: 1
 Final SFC time: 8.569e-05

SFC+Knapsack previous efficiency: 0.6837571563
SFC + Knapsack ratio: 1.008858898
 Final SFC+Knapsack_Combined time: 8.3977e-05

SFC+Painter previous efficiency: 0.6752447843
SFC+painterPartition efficiency: 0.6898217333
SFC+Painter ratio: 1.021587651
 Final SFC+Painter time: 0.000121997

Painter+Knapsack previous efficiency: 0.6844510774
Painter+Knapsack ratio: 1.007836786
 Final painter+Knapsack_Combined time: 0.000142756
Run 4
File weights 51 and ranks 51
Original previous efficiency: 0.7325621166
Original efficiency: 0.7325621166
Original ratio: 1
Knapsack previous efficiency: 0.7323786571
Knapsack ratio: 1.000706474
 Final Knapsack time: 6.8037e-05

Karmarkar-Karp previous efficiency: 0.727934023
Karmarkar-Karp ratio: 1.006816607
 Final Karmarkar-Karp time: 0.006237119

SFC previous efficiency: 0.674906985
 Time take to run this function: 4e-07
SFC ratio: 1
 Final SFC time: 5.8058e-05

SFC+Knapsack previous efficiency: 0.6813279664
SFC + Knapsack ratio: 1.012421936
 Final SFC+Knapsack_Combined time: 8.4758e-05

SFC+Painter previous efficiency: 0.6728029092
SFC+painterPartition efficiency: 0.6898036099
SFC+Painter ratio: 1.025268471
 Final SFC+Painter time: 0.00012361

Painter+Knapsack previous efficiency: 0.6854613156
Painter+Knapsack ratio: 1.006323814
 Final painter+Knapsack_Combined time: 0.000140031
Run 5
File weights 51 and ranks 51
Original previous efficiency: 0.731989532
Original efficiency: 0.731989532
Original ratio: 1
Knapsack previous efficiency: 0.7318016438
Knapsack ratio: 1.001405925
 Final Knapsack time: 6.8238e-05

Karmarkar-Karp previous efficiency: 0.7280482551
Karmarkar-Karp ratio: 1.006568585
 Final Karmarkar-Karp time: 0.006349538

SFC previous efficiency: 0.6748503508
 Time take to run this function: 4.3e-07
SFC ratio: 1
 Final SFC time: 5.7808e-05

SFC+Knapsack previous efficiency: 0.6795156374
SFC + Knapsack ratio: 1.015085518
 Final SFC+Knapsack_Combined time: 8.573e-05

SFC+Painter previous efficiency: 0.6699347583
SFC+painterPartition efficiency: 0.6897814494
SFC+Painter ratio: 1.029624812
 Final SFC+Painter time: 0.000127878

Painter+Knapsack previous efficiency: 0.6874399621
Painter+Knapsack ratio: 1.003391115
 Final painter+Knapsack_Combined time: 0.00014464
Run 6
File weights 51 and ranks 51
Original previous efficiency: 0.7316914209
Original efficiency: 0.7316914209
Original ratio: 1
Knapsack previous efficiency: 0.7314741797
Knapsack ratio: 1.002174584
 Final Knapsack time: 6.8017e-05

Karmarkar-Karp previous efficiency: 0.7281945596
Karmarkar-Karp ratio: 1.006688147
 Final Karmarkar-Karp time: 0.006350299

SFC previous efficiency: 0.6750336008
 Time take to run this function: 4.01e-07
SFC ratio: 1
 Final SFC time: 5.897e-05

SFC+Knapsack previous efficiency: 0.6777993291
SFC + Knapsack ratio: 1.017640416
 Final SFC+Knapsack_Combined time: 8.5409e-05

SFC+Painter previous efficiency: 0.6660643049
SFC+painterPartition efficiency: 0.6897633939
SFC+Painter ratio: 1.035580782
 Final SFC+Painter time: 0.000123681

Painter+Knapsack previous efficiency: 0.6897294396
Painter+Knapsack ratio: 1.00002753
 Final painter+Knapsack_Combined time: 0.000142776
Run 7
File weights 51 and ranks 51
Original previous efficiency: 0.7312176388
Original efficiency: 0.7312176388
Original ratio: 1
Knapsack previous efficiency: 0.730998504
Knapsack ratio: 1.005692603
 Final Knapsack time: 7.1523e-05

Karmarkar-Karp previous efficiency: 0.7284268345
Karmarkar-Karp ratio: 1.009243143
 Final Karmarkar-Karp time: 0.006234083

SFC previous efficiency: 0.6748297838
 Time take to run this function: 4.01e-07
SFC ratio: 1.002012547
 Final SFC time: 5.943e-05

SFC+Knapsack previous efficiency: 0.6762128118
SFC + Knapsack ratio: 1.019967703
 Final SFC+Knapsack_Combined time: 8.5178e-05

SFC+Painter previous efficiency: 0.6608913656
SFC+painterPartition efficiency: 0.689745963
SFC+Painter ratio: 1.043660122
 Final SFC+Painter time: 0.00012348

Painter+Knapsack previous efficiency: 0.689704608
Painter+Knapsack ratio: 1.000038962
 Final painter+Knapsack_Combined time: 0.000146393
Run 8
File weights 51 and ranks 51
Original previous efficiency: 0.7285675855
Original efficiency: 0.7285675855
Original ratio: 1
Knapsack previous efficiency: 0.7283455423
Knapsack ratio: 1.009962904
 Final Knapsack time: 6.8417e-05

Karmarkar-Karp previous efficiency: 0.7283069635
Karmarkar-Karp ratio: 1.010016403
 Final Karmarkar-Karp time: 0.006264931

SFC previous efficiency: 0.6721805288
 Time take to run this function: 3.8e-07
SFC ratio: 1
 Final SFC time: 5.6976e-05

SFC+Knapsack previous efficiency: 0.672219352
SFC + Knapsack ratio: 1.025925657
 Final SFC+Knapsack_Combined time: 8.4196e-05

SFC+Painter previous efficiency: 0.6540692533
SFC+painterPartition efficiency: 0.6897218996
SFC+Painter ratio: 1.054508978
 Final SFC+Painter time: 0.000125594

Painter+Knapsack previous efficiency: 0.6896824768
Painter+Knapsack ratio: 0.9999944006
 Final painter+Knapsack_Combined time: 0.000144218
Run 9
File weights 51 and ranks 51
Original previous efficiency: 0.7233087986
Original efficiency: 0.7233087986
Original ratio: 1
Knapsack previous efficiency: 0.7230803895
Knapsack ratio: 1.015509941
 Final Knapsack time: 6.8637e-05

Karmarkar-Karp previous efficiency: 0.7212801203
Karmarkar-Karp ratio: 1.018044589
 Final Karmarkar-Karp time: 0.006379905

SFC previous efficiency: 0.6637365442
 Time take to run this function: 4.01e-07
SFC ratio: 0.9769554705
 Final SFC time: 6.0643e-05

SFC+Knapsack previous efficiency: 0.6669864364
SFC + Knapsack ratio: 1.034036827
 Final SFC+Knapsack_Combined time: 8.5048e-05

SFC+Painter previous efficiency: 0.6484410478
SFC+painterPartition efficiency: 0.6896927221
SFC+Painter ratio: 1.063616692
 Final SFC+Painter time: 0.000120685

Painter+Knapsack previous efficiency: 0.6856224855
Painter+Knapsack ratio: 1.005929515
 Final painter+Knapsack_Combined time: 0.000145481
Run 10
File weights 51 and ranks 51
Original previous efficiency: 0.7215711743
Original efficiency: 0.7215711743
Original ratio: 1
Knapsack previous efficiency: 0.698780718
Knapsack ratio: 1.053063142
 Final Knapsack time: 6.7396e-05

Karmarkar-Karp previous efficiency: 0.7075848808
Karmarkar-Karp ratio: 1.039960347
 Final Karmarkar-Karp time: 0.0063126

SFC previous efficiency: 0.6401416631
 Time take to run this function: 3.71e-07
SFC ratio: 1.021781432
 Final SFC time: 0.000175297

SFC+Knapsack previous efficiency: 0.6372565996
SFC + Knapsack ratio: 1.082223188
 Final SFC+Knapsack_Combined time: 8.4848e-05

SFC+Painter previous efficiency: 0.6298947366
SFC+painterPartition efficiency: 0.6896691542
SFC+Painter ratio: 1.094895884
 Final SFC+Painter time: 0.000124552

Painter+Knapsack previous efficiency: 0.6571810687
Painter+Knapsack ratio: 1.049412257
 Final painter+Knapsack_Combined time: 0.000140883
Run 11
File weights 51 and ranks 51
Original previous efficiency: 0.7214629066
Original efficiency: 0.7214629066
Original ratio: 1
Knapsack previous efficiency: 0.6524033183
Knapsack ratio: 1.127189112
 Final Knapsack time: 6.7706e-05

Karmarkar-Karp previous efficiency: 0.6899511931
Karmarkar-Karp ratio: 1.065846287
 Final Karmarkar-Karp time: 0.006328789

SFC previous efficiency: 0.6070761108
 Time take to run this function: 4.31e-07
SFC ratio: 1.042855051
 Final SFC time: 6.0222e-05

SFC+Knapsack previous efficiency: 0.5763529885
SFC + Knapsack ratio: 1.195695762
 Final SFC+Knapsack_Combined time: 8.6902e-05

SFC+Painter previous efficiency: 0.5618202698
SFC+painterPartition efficiency: 0.689154724
SFC+Painter ratio: 1.226646244
 Final SFC+Painter time: 0.000124111

Painter+Knapsack previous efficiency: 0.6159783696
Painter+Knapsack ratio: 1.118776333
 Final painter+Knapsack_Combined time: 0.000149829
Run 12
File weights 51 and ranks 51
Original previous efficiency: 0.7181768879
Original efficiency: 0.7181768879
Original ratio: 1
Knapsack previous efficiency: 0.7349178559
Knapsack ratio: 1.000604135
 Final Knapsack time: 6.7426e-05

Karmarkar-Karp previous efficiency: 0.6796418571
Karmarkar-Karp ratio: 1.08198434
 Final Karmarkar-Karp time: 0.006246786

SFC previous efficiency: 0.5901992588
 Time take to run this function: 4e-07
SFC ratio: 1.066473394
 Final SFC time: 5.8369e-05

SFC+Knapsack previous efficiency: 0.6889323456
SFC + Knapsack ratio: 1.000001399
 Final SFC+Knapsack_Combined time: 8.5259e-05

SFC+Painter previous efficiency: 0.6889492223
SFC+painterPartition efficiency: 0.6889564556
SFC+Painter ratio: 1.000010499
 Final SFC+Painter time: 0.000123179

Painter+Knapsack previous efficiency: 0.6889231839
Painter+Knapsack ratio: 1.000014698
 Final painter+Knapsack_Combined time: 0.000143878
Run 13
File weights 51 and ranks 51
Original previous efficiency: 0.7116609064
Original efficiency: 0.7116609064
Original ratio: 1
Knapsack previous efficiency: 0.7333988165
Knapsack ratio: 1.002521916
 Final Knapsack time: 6.8147e-05

Karmarkar-Karp previous efficiency: 0.6695169218
Karmarkar-Karp ratio: 1.098177452
 Final Karmarkar-Karp time: 0.006376309

SFC previous efficiency: 0.5840704996
 Time take to run this function: 4.41e-07
SFC ratio: 1.071400821
 Final SFC time: 6.0192e-05

SFC+Knapsack previous efficiency: 0.6878532024
SFC + Knapsack ratio: 1.001416402
 Final SFC+Knapsack_Combined time: 8.8094e-05

SFC+Painter previous efficiency: 0.6888189617
SFC+painterPartition efficiency: 0.6888435501
SFC+Painter ratio: 1.000035697
 Final SFC+Painter time: 0.000120354

Painter+Knapsack previous efficiency: 0.6878532024
Painter+Knapsack ratio: 1.001416402
 Final painter+Knapsack_Combined time: 0.000148105
Run 14
File weights 51 and ranks 51
Original previous efficiency: 0.7018858755
Original efficiency: 0.7018858755
Original ratio: 1
Knapsack previous efficiency: 0.7309654202
Knapsack ratio: 1.006573297
 Final Knapsack time: 6.7827e-05

Karmarkar-Karp previous efficiency: 0.6599835121
Karmarkar-Karp ratio: 1.114831294
 Final Karmarkar-Karp time: 0.006273466

SFC previous efficiency: 0.5795072971
 Time take to run this function: 3.7e-07
SFC ratio: 1.079592769
 Final SFC time: 5.7217e-05

SFC+Knapsack previous efficiency: 0.6856969905
SFC + Knapsack ratio: 1.004289058
 Final SFC+Knapsack_Combined time: 8.5099e-05

SFC+Painter previous efficiency: 0.6872821012
SFC+painterPartition efficiency: 0.6886603174
SFC+Painter ratio: 1.002005314
 Final SFC+Painter time: 0.000121627

Painter+Knapsack previous efficiency: 0.6856969905
Painter+Knapsack ratio: 1.004289058
 Final painter+Knapsack_Combined time: 0.0001451
Run 15
File weights 51 and ranks 51
Original previous efficiency: 0.6915001372
Original efficiency: 0.6915001372
Original ratio: 1
Knapsack previous efficiency: 0.726445508
Knapsack ratio: 1.009625418
 Final Knapsack time: 6.8537e-05

Karmarkar-Karp previous efficiency: 0.7298518852
Karmarkar-Karp ratio: 1.004913277
 Final Karmarkar-Karp time: 0.006361902

SFC previous efficiency: 0.5761409929
 Time take to run this function: 4.11e-07
SFC ratio: 1.091311538
 Final SFC time: 5.8168e-05

SFC+Knapsack previous efficiency: 0.681588464
SFC + Knapsack ratio: 1.007285987
 Final SFC+Knapsack_Combined time: 8.617e-05

SFC+Painter previous efficiency: 0.6725427716
SFC+painterPartition efficiency: 0.6865727698
SFC+Painter ratio: 1.020861124
 Final SFC+Painter time: 0.000122869

Painter+Knapsack previous efficiency: 0.681588464
Painter+Knapsack ratio: 1.007292567
 Final painter+Knapsack_Combined time: 0.000147365
Run 16
File weights 51 and ranks 51
Original previous efficiency: 0.6867570477
Original efficiency: 0.6867570477
Original ratio: 1
Knapsack previous efficiency: 0.72220585
Knapsack ratio: 1.013135619
 Final Knapsack time: 6.8137e-05

Karmarkar-Karp previous efficiency: 0.7311014316
Karmarkar-Karp ratio: 1.000808423
 Final Karmarkar-Karp time: 0.006393269

SFC previous efficiency: 0.5337050576
 Time take to run this function: 4.11e-07
SFC ratio: 1.21165529
 Final SFC time: 5.9611e-05

SFC+Knapsack previous efficiency: 0.6776957193
SFC + Knapsack ratio: 1.009557484
 Final SFC+Knapsack_Combined time: 8.6732e-05

SFC+Painter previous efficiency: 0.6603812071
SFC+painterPartition efficiency: 0.6841892268
SFC+Painter ratio: 1.036051934
 Final SFC+Painter time: 0.00012336

Painter+Knapsack previous efficiency: 0.6776957193
Painter+Knapsack ratio: 1.009561724
 Final painter+Knapsack_Combined time: 0.000144589
Run 17
File weights 51 and ranks 51
Original previous efficiency: 0.6817628668
Original efficiency: 0.6817628668
Original ratio: 1
Knapsack previous efficiency: 0.7202078544
Knapsack ratio: 1.015288292
 Final Knapsack time: 6.8568e-05

Karmarkar-Karp previous efficiency: 0.7268574456
Karmarkar-Karp ratio: 1.006000017
 Final Karmarkar-Karp time: 0.006418958

SFC previous efficiency: 0.641030699
 Time take to run this function: 4.11e-07
SFC ratio: 1
 Final SFC time: 5.932e-05

SFC+Knapsack previous efficiency: 0.6759085109
SFC + Knapsack ratio: 1.011413912
 Final SFC+Knapsack_Combined time: 8.7062e-05

SFC+Painter previous efficiency: 0.6517165984
SFC+painterPartition efficiency: 0.6836406562
SFC+Painter ratio: 1.048984571
 Final SFC+Painter time: 0.000125393

Painter+Knapsack previous efficiency: 0.6759085109
Painter+Knapsack ratio: 1.011416271
 Final painter+Knapsack_Combined time: 0.000143587
Run 18
File weights 51 and ranks 51
Original previous efficiency: 0.6761932157
Original efficiency: 0.6761932157
Original ratio: 1
Knapsack previous efficiency: 0.7175336016
Knapsack ratio: 1.019297733
 Final Knapsack time: 6.937e-05

Karmarkar-Karp previous efficiency: 0.7205438107
Karmarkar-Karp ratio: 1.015039422
 Final Karmarkar-Karp time: 0.006513184

SFC previous efficiency: 0.647170396
 Time take to run this function: 4.11e-07
SFC ratio: 1
 Final SFC time: 5.8178e-05

SFC+Knapsack previous efficiency: 0.6735551178
SFC + Knapsack ratio: 1.014446995
 Final SFC+Knapsack_Combined time: 8.7012e-05

SFC+Painter previous efficiency: 0.6495151812
SFC+painterPartition efficiency: 0.6833180088
SFC+Painter ratio: 1.052043168
 Final SFC+Painter time: 0.000127177

Painter+Knapsack previous efficiency: 0.6735551178
Painter+Knapsack ratio: 1.014458119
 Final painter+Knapsack_Combined time: 0.00014521
Run 19
File weights 51 and ranks 51
Original previous efficiency: 0.6597256136
Original efficiency: 0.7317393861
Original ratio: 1.109157157
Knapsack previous efficiency: 0.7130125545
Knapsack ratio: 1.026264379
 Final Knapsack time: 7.0501e-05

Karmarkar-Karp previous efficiency: 0.7130641357
Karmarkar-Karp ratio: 1.026190141
 Final Karmarkar-Karp time: 0.006388241

SFC previous efficiency: 0.5789991828
 Time take to run this function: 4.11e-07
SFC ratio: 1.038272568
 Final SFC time: 5.938e-05

SFC+Knapsack previous efficiency: 0.6221765181
SFC + Knapsack ratio: 1.006811183
 Final SFC+Knapsack_Combined time: 8.7052e-05

SFC+Painter previous efficiency: 0.6221721544
SFC+painterPartition efficiency: 0.6830373059
SFC+Painter ratio: 1.097826865
 Final SFC+Painter time: 0.000121396

Painter+Knapsack previous efficiency: 0.6170156787
Painter+Knapsack ratio: 1.023847103
 Final painter+Knapsack_Combined time: 0.000157333
Run 20
File weights 51 and ranks 51
Original previous efficiency: 0.7316667841
Original efficiency: 0.7316667841
Original ratio: 1
Knapsack previous efficiency: 0.7068728876
Knapsack ratio: 1.036196944
 Final Knapsack time: 6.986e-05

Karmarkar-Karp previous efficiency: 0.7069319678
Karmarkar-Karp ratio: 1.036110346
 Final Karmarkar-Karp time: 0.006327928

SFC previous efficiency: 0.5406855362
 Time take to run this function: 4.31e-07
SFC ratio: 1.103594404
 Final SFC time: 5.914e-05

SFC+Knapsack previous efficiency: 0.6000993923
SFC + Knapsack ratio: 1.004110754
 Final SFC+Knapsack_Combined time: 8.7493e-05

SFC+Painter previous efficiency: 0.6001061604
SFC+painterPartition efficiency: 0.6827951271
SFC+Painter ratio: 1.137790565
 Final SFC+Painter time: 0.000122318

Painter+Knapsack previous efficiency: 0.5680370618
Painter+Knapsack ratio: 1.1245338
 Final painter+Knapsack_Combined time: 0.00014455
Run 21
File weights 51 and ranks 51
Original previous efficiency: 0.7310744265
Original efficiency: 0.7310744265
Original ratio: 1
Knapsack previous efficiency: 0.7007237498
Knapsack ratio: 1.048220532
 Final Knapsack time: 7.0682e-05

Karmarkar-Karp previous efficiency: 0.7033913145
Karmarkar-Karp ratio: 1.044245225
 Final Karmarkar-Karp time: 0.0063025

SFC previous efficiency: 0.5897488625
 Time take to run this function: 3.8e-07
SFC ratio: 1.027803499
 Final SFC time: 5.7206e-05

SFC+Knapsack previous efficiency: 0.5792996793
SFC + Knapsack ratio: 1.132649757
 Final SFC+Knapsack_Combined time: 8.5329e-05

SFC+Painter previous efficiency: 0.6820887498
SFC+painterPartition efficiency: 0.6821111891
SFC+Painter ratio: 1.000032898
 Final SFC+Painter time: 0.000124232

Painter+Knapsack previous efficiency: 0.6521658179
Painter+Knapsack ratio: 1
 Final painter+Knapsack_Combined time: 0.000146643
Run 22
File weights 51 and ranks 51
Original previous efficiency: 0.7283830176
Original efficiency: 0.7283830176
Original ratio: 1
Knapsack previous efficiency: 0.6914135509
Knapsack ratio: 1.058061453
 Final Knapsack time: 7.0221e-05

Karmarkar-Karp previous efficiency: 0.6914750885
Karmarkar-Karp ratio: 1.057967291
 Final Karmarkar-Karp time: 0.006401535

SFC previous efficiency: 0.5799579527
 Time take to run this function: 3.909999999e-07
SFC ratio: 0.9655075181
 Final SFC time: 5.923e-05

SFC+Knapsack previous efficiency: 0.6356513143
SFC + Knapsack ratio: 1
 Final SFC+Knapsack_Combined time: 8.6601e-05

SFC+Painter previous efficiency: 0.681527621
SFC+painterPartition efficiency: 0.6815568786
SFC+Painter ratio: 1.000042929
 Final SFC+Painter time: 0.000126505

Painter+Knapsack previous efficiency: 0.6548197877
Painter+Knapsack ratio: 1
 Final painter+Knapsack_Combined time: 0.000145551
Run 23
File weights 51 and ranks 51
Original previous efficiency: 0.7289918869
Original efficiency: 0.7289918869
Original ratio: 1
Knapsack previous efficiency: 0.679067685
Knapsack ratio: 1.077152759
 Final Knapsack time: 6.964e-05

Karmarkar-Karp previous efficiency: 0.6791253294
Karmarkar-Karp ratio: 1.07706133
 Final Karmarkar-Karp time: 0.006302621

SFC previous efficiency: 0.5763180222
 Time take to run this function: 3.81e-07
SFC ratio: 0.9508597186
 Final SFC time: 5.8018e-05

SFC+Knapsack previous efficiency: 0.6250860524
SFC + Knapsack ratio: 1.005272642
 Final SFC+Knapsack_Combined time: 8.586e-05

SFC+Painter previous efficiency: 0.6809902803
SFC+painterPartition efficiency: 0.6813001058
SFC+Painter ratio: 1.000454963
 Final SFC+Painter time: 0.000127578

Painter+Knapsack previous efficiency: 0.6612149509
Painter+Knapsack ratio: 0.9380476272
 Final painter+Knapsack_Combined time: 0.000154779
Run 24
File weights 51 and ranks 51
Original previous efficiency: 0.7304295507
Original efficiency: 0.7304295507
Original ratio: 1
Knapsack previous efficiency: 0.6839564363
Knapsack ratio: 1.094038412
 Final Knapsack time: 7.0702e-05

Karmarkar-Karp previous efficiency: 0.6908804315
Karmarkar-Karp ratio: 1.083073972
 Final Karmarkar-Karp time: 0.006403058

SFC previous efficiency: 0.5743525153
 Time take to run this function: 4.21e-07
SFC ratio: 1.069100779
 Final SFC time: 5.904e-05

SFC+Knapsack previous efficiency: 0.6163673321
SFC + Knapsack ratio: 1.104909361
 Final SFC+Knapsack_Combined time: 8.6041e-05

SFC+Painter previous efficiency: 0.6781350013
SFC+painterPartition efficiency: 0.6810502152
SFC+Painter ratio: 1.00429887
 Final SFC+Painter time: 0.000121025

Painter+Knapsack previous efficiency: 0.6781350013
Painter+Knapsack ratio: 0.9760712171
 Final painter+Knapsack_Combined time: 0.000140391
Run 25
File weights 51 and ranks 51
Original previous efficiency: 0.7265715315
Original efficiency: 0.7265715315
Original ratio: 1
Knapsack previous efficiency: 0.6754773385
Knapsack ratio: 1.110663209
 Final Knapsack time: 7.0001e-05

Karmarkar-Karp previous efficiency: 0.6863558991
Karmarkar-Karp ratio: 1.093059489
 Final Karmarkar-Karp time: 0.006360088

SFC previous efficiency: 0.5532768507
 Time take to run this function: 4.21e-07
SFC ratio: 1.116520361
 Final SFC time: 5.8659e-05

SFC+Knapsack previous efficiency: 0.6808388178
SFC + Knapsack ratio: 1.000009799
 Final SFC+Knapsack_Combined time: 8.568e-05

SFC+Painter previous efficiency: 0.6688244944
SFC+painterPartition efficiency: 0.6808807549
SFC+Painter ratio: 1.018026045
 Final SFC+Painter time: 0.000113371

Painter+Knapsack previous efficiency: 0.6688244944
Painter+Knapsack ratio: 1.017982106
 Final painter+Knapsack_Combined time: 0.000147064
Run 26
File weights 51 and ranks 51
Original previous efficiency: 0.7277585349
Original efficiency: 0.7277585349
Original ratio: 1
Knapsack previous efficiency: 0.7596211406
Knapsack ratio: 1
 Final Knapsack time: 7.1263e-05

Karmarkar-Karp previous efficiency: 0.6791925377
Karmarkar-Karp ratio: 1.118417972
 Final Karmarkar-Karp time: 0.006410292

SFC previous efficiency: 0.6147277109
 Time take to run this function: 4.210000001e-07
SFC ratio: 0.9857056136
 Final SFC time: 5.9661e-05

SFC+Knapsack previous efficiency: 0.6806607001
SFC + Knapsack ratio: 1.000022398
 Final SFC+Knapsack_Combined time: 8.7092e-05

SFC+Painter previous efficiency: 0.663753418
SFC+painterPartition efficiency: 0.6807132673
SFC+Painter ratio: 1.02555143
 Final SFC+Painter time: 0.000122188

Painter+Knapsack previous efficiency: 0.663753418
Painter+Knapsack ratio: 1.025499988
 Final painter+Knapsack_Combined time: 0.000146763
Run 27
File weights 51 and ranks 51
Original previous efficiency: 0.7118274938
Original efficiency: 0.7118274938
Original ratio: 1
Knapsack previous efficiency: 0.7675230573
Knapsack ratio: 1
 Final Knapsack time: 7.2085e-05

Karmarkar-Karp previous efficiency: 0.7571862409
Karmarkar-Karp ratio: 1.013651617
 Final Karmarkar-Karp time: 0.006438384

SFC previous efficiency: 0.6067446428
 Time take to run this function: 4.300000001e-07
SFC ratio: 0.9532562358
 Final SFC time: 5.9681e-05

SFC+Knapsack previous efficiency: 0.6397085381
SFC + Knapsack ratio: 1.06354241
 Final SFC+Knapsack_Combined time: 8.7743e-05

SFC+Painter previous efficiency: 0.6446530548
SFC+painterPartition efficiency: 0.6803939887
SFC+Painter ratio: 1.055442123
 Final SFC+Painter time: 0.000121677

Painter+Knapsack previous efficiency: 0.6446530548
Painter+Knapsack ratio: 1.036023491
 Final painter+Knapsack_Combined time: 0.000154858
Run 28
File weights 51 and ranks 51
Original previous efficiency: 0.6994832327
Original efficiency: 0.7705383911
Original ratio: 1.101582361
Knapsack previous efficiency: 0.7581439905
Knapsack ratio: 1.016348346
 Final Knapsack time: 7.2014e-05

Karmarkar-Karp previous efficiency: 0.7485946381
Karmarkar-Karp ratio: 1.029313265
 Final Karmarkar-Karp time: 0.006520717

SFC previous efficiency: 0.5967728036
 Time take to run this function: 3.91e-07
SFC ratio: 0.9960620562
 Final SFC time: 6.0403e-05

SFC+Knapsack previous efficiency: 0.608424717
SFC + Knapsack ratio: 1.030990025
 Final SFC+Knapsack_Combined time: 8.7623e-05

SFC+Painter previous efficiency: 0.6272798141
SFC+painterPartition efficiency: 0.6801624139
SFC+Painter ratio: 1.084304641
 Final SFC+Painter time: 0.000122368

Painter+Knapsack previous efficiency: 0.6272798141
Painter+Knapsack ratio: 1.04718195
 Final painter+Knapsack_Combined time: 0.000146503
Run 29
File weights 51 and ranks 51
Original previous efficiency: 0.7641680117
Original efficiency: 0.7641680117
Original ratio: 1
Knapsack previous efficiency: 0.7426880915
Knapsack ratio: 1.04521121
 Final Knapsack time: 7.0201e-05

Karmarkar-Karp previous efficiency: 0.7426932026
Karmarkar-Karp ratio: 1.045204017
 Final Karmarkar-Karp time: 0.006428495

SFC previous efficiency: 0.5870653463
 Time take to run this function: 4.01e-07
SFC ratio: 1
 Final SFC time: 6.2386e-05

SFC+Knapsack previous efficiency: 0.5759683092
SFC + Knapsack ratio: 1.096710282
 Final SFC+Knapsack_Combined time: 8.9006e-05

SFC+Painter previous efficiency: 0.621664648
SFC+painterPartition efficiency: 0.6799331257
SFC+Painter ratio: 1.093729759
 Final SFC+Painter time: 0.000125704

Painter+Knapsack previous efficiency: 0.621664648
Painter+Knapsack ratio: 1.065350042
 Final painter+Knapsack_Combined time: 0.000149168
Run 30
File weights 51 and ranks 51
Original previous efficiency: 0.7464667591
Original efficiency: 0.7464667591
Original ratio: 1
Knapsack previous efficiency: 0.7225176646
Knapsack ratio: 1.075040922
 Final Knapsack time: 7.0431e-05

Karmarkar-Karp previous efficiency: 0.7225303878
Karmarkar-Karp ratio: 1.075021992
 Final Karmarkar-Karp time: 0.006410652

SFC previous efficiency: 0.5752499868
 Time take to run this function: 4e-07
SFC ratio: 1.051794842
 Final SFC time: 6.2186e-05

SFC+Knapsack previous efficiency: 0.5562512305
SFC + Knapsack ratio: 1.110297805
 Final SFC+Knapsack_Combined time: 8.7964e-05

SFC+Painter previous efficiency: 0.5996004869
SFC+painterPartition efficiency: 0.6797463513
SFC+Painter ratio: 1.133665443
 Final SFC+Painter time: 0.000124542

Painter+Knapsack previous efficiency: 0.5996004869
Painter+Knapsack ratio: 1.078653124
 Final painter+Knapsack_Combined time: 0.000147405
Run 31
File weights 51 and ranks 51
Original previous efficiency: 0.7331045921
Original efficiency: 0.7331045921
Original ratio: 1
Knapsack previous efficiency: 0.7107593263
Knapsack ratio: 1.092681618
 Final Knapsack time: 7.0551e-05

Karmarkar-Karp previous efficiency: 0.7107353931
Karmarkar-Karp ratio: 1.092718413
 Final Karmarkar-Karp time: 0.006349699

SFC previous efficiency: 0.5667233018
 Time take to run this function: 4.11e-07
SFC ratio: 1.067459765
 Final SFC time: 5.9851e-05

SFC+Knapsack previous efficiency: 0.6154597302
SFC + Knapsack ratio: 1
 Final SFC+Knapsack_Combined time: 8.8745e-05

SFC+Painter previous efficiency: 0.6796453393
SFC+painterPartition efficiency: 0.6796933931
SFC+Painter ratio: 1.000070704
 Final SFC+Painter time: 0.000133539

Painter+Knapsack previous efficiency: 0.5953110128
Painter+Knapsack ratio: 1.089088955
 Final painter+Knapsack_Combined time: 0.000146072
Run 32
File weights 51 and ranks 51
Original previous efficiency: 0.7245155271
Original efficiency: 0.7245155271
Original ratio: 1
Knapsack previous efficiency: 0.7003653123
Knapsack ratio: 1.10866246
 Final Knapsack time: 7.1463e-05

Karmarkar-Karp previous efficiency: 0.7003323008
Karmarkar-Karp ratio: 1.108714719
 Final Karmarkar-Karp time: 0.006596518

SFC previous efficiency: 0.5636931813
 Time take to run this function: 4.21e-07
SFC ratio: 1.012053168
 Final SFC time: 6.0393e-05

SFC+Knapsack previous efficiency: 0.6265907796
SFC + Knapsack ratio: 1.003876921
 Final SFC+Knapsack_Combined time: 8.7544e-05

SFC+Painter previous efficiency: 0.6795151925
SFC+painterPartition efficiency: 0.6795591153
SFC+Painter ratio: 1.000064638
 Final SFC+Painter time: 0.000124362

Painter+Knapsack previous efficiency: 0.5716583993
Painter+Knapsack ratio: 1.147359473
 Final painter+Knapsack_Combined time: 0.000142405
Run 33
File weights 51 and ranks 51
Original previous efficiency: 0.70924266
Original efficiency: 0.70924266
Original ratio: 1
Knapsack previous efficiency: 0.7743885385
Knapsack ratio: 1.002251885
 Final Knapsack time: 7.1823e-05

Karmarkar-Karp previous efficiency: 0.7743885385
Karmarkar-Karp ratio: 1.002251885
 Final Karmarkar-Karp time: 0.006462188

SFC previous efficiency: 0.5593302354
 Time take to run this function: 4.01e-07
SFC ratio: 1.067757228
 Final SFC time: 6.0773e-05

SFC+Knapsack previous efficiency: 0.616993843
SFC + Knapsack ratio: 1.01354167
 Final SFC+Knapsack_Combined time: 8.8735e-05

SFC+Painter previous efficiency: 0.6792238453
SFC+painterPartition efficiency: 0.6792672737
SFC+Painter ratio: 1.000063938
 Final SFC+Painter time: 0.000127527

Painter+Knapsack previous efficiency: 0.6403946768
Painter+Knapsack ratio: 1.009546829
 Final painter+Knapsack_Combined time: 0.00014474
Run 34
File weights 51 and ranks 51
Original previous efficiency: 0.7018793082
Original efficiency: 0.7759302023
Original ratio: 1.105503743
Knapsack previous efficiency: 0.7634951939
Knapsack ratio: 1.01628695
 Final Knapsack time: 7.0982e-05

Karmarkar-Karp previous efficiency: 0.7634951939
Karmarkar-Karp ratio: 1.01628695
 Final Karmarkar-Karp time: 0.006511771

SFC previous efficiency: 0.5549628796
 Time take to run this function: 3.9e-07
SFC ratio: 1.089099113
 Final SFC time: 5.9661e-05

SFC+Knapsack previous efficiency: 0.6246161494
SFC + Knapsack ratio: 1.087002706
 Final SFC+Knapsack_Combined time: 8.8675e-05

SFC+Painter previous efficiency: 0.6705953592
SFC+painterPartition efficiency: 0.6794449891
SFC+Painter ratio: 1.013196676
 Final SFC+Painter time: 0.000124372

Painter+Knapsack previous efficiency: 0.6356978213
Painter+Knapsack ratio: 1.034463497
 Final painter+Knapsack_Combined time: 0.000146183
Run 35
File weights 51 and ranks 51
Original previous efficiency: 0.7756723055
Original efficiency: 0.7756723055
Original ratio: 1
Knapsack previous efficiency: 0.7562240378
Knapsack ratio: 1.025753702
 Final Knapsack time: 7.2495e-05

Karmarkar-Karp previous efficiency: 0.7562240378
Karmarkar-Karp ratio: 1.025753702
 Final Karmarkar-Karp time: 0.00643618

SFC previous efficiency: 0.551375497
 Time take to run this function: 4.2e-07
SFC ratio: 1.084208664
 Final SFC time: 6.2717e-05

SFC+Knapsack previous efficiency: 0.6358459854
SFC + Knapsack ratio: 1.0498123
 Final SFC+Knapsack_Combined time: 8.9266e-05

SFC+Painter previous efficiency: 0.6531090948
SFC+painterPartition efficiency: 0.6789107015
SFC+Painter ratio: 1.039505814
 Final SFC+Painter time: 0.000116016

Painter+Knapsack previous efficiency: 0.6341807645
Painter+Knapsack ratio: 1.052568879
 Final painter+Knapsack_Combined time: 0.000146993
Run 36
File weights 51 and ranks 51
Original previous efficiency: 0.7691701483
Original efficiency: 0.7691701483
Original ratio: 1
Knapsack previous efficiency: 0.7506854676
Knapsack ratio: 1.033064654
 Final Knapsack time: 7.1693e-05

Karmarkar-Karp previous efficiency: 0.7506854676
Karmarkar-Karp ratio: 1.033064654
 Final Karmarkar-Karp time: 0.006402467

SFC previous efficiency: 0.557997785
 Time take to run this function: 4.21e-07
SFC ratio: 1.06616191
 Final SFC time: 5.9571e-05

SFC+Knapsack previous efficiency: 0.5949159843
SFC + Knapsack ratio: 1.110935253
 Final SFC+Knapsack_Combined time: 8.6331e-05

SFC+Painter previous efficiency: 0.6354209835
SFC+painterPartition efficiency: 0.6787423455
SFC+Painter ratio: 1.068177418
 Final SFC+Painter time: 0.000112429

Painter+Knapsack previous efficiency: 0.6150577391
Painter+Knapsack ratio: 1.07727116
 Final painter+Knapsack_Combined time: 0.00015023
Run 37
File weights 51 and ranks 51
Original previous efficiency: 0.7703481936
Original efficiency: 0.7703481936
Original ratio: 1
Knapsack previous efficiency: 0.753892881
Knapsack ratio: 1.028492631
 Final Knapsack time: 7.2024e-05

Karmarkar-Karp previous efficiency: 0.753892881
Karmarkar-Karp ratio: 1.028492631
 Final Karmarkar-Karp time: 0.006400032

SFC previous efficiency: 0.5612120109
 Time take to run this function: 4e-07
SFC ratio: 0.9974066866
 Final SFC time: 6.1104e-05

SFC+Knapsack previous efficiency: 0.651760898
SFC + Knapsack ratio: 1
 Final SFC+Knapsack_Combined time: 8.8645e-05

SFC+Painter previous efficiency: 0.6220507368
SFC+painterPartition efficiency: 0.6785206347
SFC+Painter ratio: 1.090780212
 Final SFC+Painter time: 0.000121797

Painter+Knapsack previous efficiency: 0.6057429431
Painter+Knapsack ratio: 1.086778912
 Final painter+Knapsack_Combined time: 0.000146904
Run 38
File weights 51 and ranks 51
Original previous efficiency: 0.7697581153
Original efficiency: 0.7697581153
Original ratio: 1
Knapsack previous efficiency: 0.7559891689
Knapsack ratio: 1.025080533
 Final Knapsack time: 7.2825e-05

Karmarkar-Karp previous efficiency: 0.7559891689
Karmarkar-Karp ratio: 1.025080533
 Final Karmarkar-Karp time: 0.006529243

SFC previous efficiency: 0.5620795953
 Time take to run this function: 4.11e-07
SFC ratio: 0.9900177585
 Final SFC time: 6.0953e-05

SFC+Knapsack previous efficiency: 0.6359698715
SFC + Knapsack ratio: 1
 Final SFC+Knapsack_Combined time: 8.8886e-05

SFC+Painter previous efficiency: 0.6253857421
SFC+painterPartition efficiency: 0.6785123731
SFC+Painter ratio: 1.084950179
 Final SFC+Painter time: 0.000126416

Painter+Knapsack previous efficiency: 0.5817030772
Painter+Knapsack ratio: 1.103537037
 Final painter+Knapsack_Combined time: 0.000148778
Run 39
File weights 51 and ranks 51
Original previous efficiency: 0.765556749
Original efficiency: 0.765556749
Original ratio: 1
Knapsack previous efficiency: 0.7517076901
Knapsack ratio: 1.030332258
 Final Knapsack time: 7.1072e-05

Karmarkar-Karp previous efficiency: 0.7517076901
Karmarkar-Karp ratio: 1.030332258
 Final Karmarkar-Karp time: 0.006317809

SFC previous efficiency: 0.5624383119
 Time take to run this function: 4.610000001e-07
SFC ratio: 1.008153994
 Final SFC time: 6.0803e-05

SFC+Knapsack previous efficiency: 0.6203638996
SFC + Knapsack ratio: 1
 Final SFC+Knapsack_Combined time: 8.7744e-05

SFC+Painter previous efficiency: 0.6290179063
SFC+painterPartition efficiency: 0.6782134175
SFC+Painter ratio: 1.078210033
 Final SFC+Painter time: 0.000126666

Painter+Knapsack previous efficiency: 0.6260432562
Painter+Knapsack ratio: 1.016051363
 Final painter+Knapsack_Combined time: 0.000210582
Run 40
File weights 51 and ranks 51
Original previous efficiency: 0.7626611275
Original efficiency: 0.7626611275
Original ratio: 1
Knapsack previous efficiency: 0.7494096141
Knapsack ratio: 1.033334894
 Final Knapsack time: 7.4459e-05

Karmarkar-Karp previous efficiency: 0.7494096141
Karmarkar-Karp ratio: 1.033334894
 Final Karmarkar-Karp time: 0.006397768

SFC previous efficiency: 0.5638912417
 Time take to run this function: 4.31e-07
SFC ratio: 0.9894430411
 Final SFC time: 6.2807e-05

SFC+Knapsack previous efficiency: 0.597539133
SFC + Knapsack ratio: 1.035245508
 Final SFC+Knapsack_Combined time: 9.2132e-05

SFC+Painter previous efficiency: 0.6259087215
SFC+painterPartition efficiency: 0.678030183
SFC+Painter ratio: 1.083273263
 Final SFC+Painter time: 0.000127117

Painter+Knapsack previous efficiency: 0.5947022367
Painter+Knapsack ratio: 1.072778544
 Final painter+Knapsack_Combined time: 0.00015011
Run 41
File weights 51 and ranks 51
Original previous efficiency: 0.7509598336
Original efficiency: 0.7509598336
Original ratio: 1
Knapsack previous efficiency: 0.738262961
Knapsack ratio: 1.048383387
 Final Knapsack time: 8.2744e-05

Karmarkar-Karp previous efficiency: 0.738262961
Karmarkar-Karp ratio: 1.048383387
 Final Karmarkar-Karp time: 0.006412987

SFC previous efficiency: 0.5654053823
 Time take to run this function: 3.799999999e-07
SFC ratio: 1.035766309
 Final SFC time: 6.2486e-05

SFC+Knapsack previous efficiency: 0.5725289414
SFC + Knapsack ratio: 1.052715968
 Final SFC+Knapsack_Combined time: 9.108e-05

SFC+Painter previous efficiency: 0.614760376
SFC+painterPartition efficiency: 0.677745357
SFC+Painter ratio: 1.102454523
 Final SFC+Painter time: 0.000129281

Painter+Knapsack previous efficiency: 0.5667508384
Painter+Knapsack ratio: 1.109781429
 Final painter+Knapsack_Combined time: 0.000149057
Run 42
File weights 51 and ranks 51
Original previous efficiency: 0.7326993489
Original efficiency: 0.7326993489
Original ratio: 1
Knapsack previous efficiency: 0.7213338281
Knapsack ratio: 1.072592421
 Final Knapsack time: 7.2605e-05

Karmarkar-Karp previous efficiency: 0.7213338281
Karmarkar-Karp ratio: 1.072592421
 Final Karmarkar-Karp time: 0.006451228

SFC previous efficiency: 0.5556946639
 Time take to run this function: 3.7e-07
SFC ratio: 1.050802977
 Final SFC time: 6.3859e-05

SFC+Knapsack previous efficiency: 0.5556946639
SFC + Knapsack ratio: 1.131266362
 Final SFC+Knapsack_Combined time: 9.163e-05

SFC+Painter previous efficiency: 0.6764548908
SFC+painterPartition efficiency: 0.6774200975
SFC+Painter ratio: 1.00142686
 Final SFC+Painter time: 0.000133418

Painter+Knapsack previous efficiency: 0.6085854101
Painter+Knapsack ratio: 1.104468651
 Final painter+Knapsack_Combined time: 0.000151693
Run 43
File weights 51 and ranks 51
Original previous efficiency: 0.7022085757
Original efficiency: 0.773632876
Original ratio: 1.101713797
Knapsack previous efficiency: 0.6930459639
Knapsack ratio: 1.116279318
 Final Knapsack time: 7.505e-05

Karmarkar-Karp previous efficiency: 0.6930459639
Karmarkar-Karp ratio: 1.116279318
 Final Karmarkar-Karp time: 0.006531888

SFC previous efficiency: 0.5451149186
 Time take to run this function: 3.799999999e-07
SFC ratio: 1.090505746
 Final SFC time: 6.2877e-05

SFC+Knapsack previous efficiency: 0.6308255542
SFC + Knapsack ratio: 1
 Final SFC+Knapsack_Combined time: 9.0258e-05

SFC+Painter previous efficiency: 0.6658373001
SFC+painterPartition efficiency: 0.6768133934
SFC+Painter ratio: 1.016484648
 Final SFC+Painter time: 0.000127758

Painter+Knapsack previous efficiency: 0.6643963863
Painter+Knapsack ratio: 0.9535669493
 Final painter+Knapsack_Combined time: 0.000147575
Run 44
File weights 51 and ranks 51
Original previous efficiency: 0.7725627043
Original efficiency: 0.7725627043
Original ratio: 1
Knapsack previous efficiency: 0.7725627043
Knapsack ratio: 1.000007742
 Final Knapsack time: 7.2655e-05

Karmarkar-Karp previous efficiency: 0.7725627043
Karmarkar-Karp ratio: 1.000007742
 Final Karmarkar-Karp time: 0.006643356

SFC previous efficiency: 0.543152526
 Time take to run this function: 3.909999999e-07
SFC ratio: 1.100983902
 Final SFC time: 6.0984e-05

SFC+Knapsack previous efficiency: 0.6321482593
SFC + Knapsack ratio: 1
 Final SFC+Knapsack_Combined time: 8.8535e-05

SFC+Painter previous efficiency: 0.6475459531
SFC+painterPartition efficiency: 0.675875838
SFC+Painter ratio: 1.043749613
 Final SFC+Painter time: 0.000127247

Painter+Knapsack previous efficiency: 0.6505022607
Painter+Knapsack ratio: 0.971343513
 Final painter+Knapsack_Combined time: 0.000146383
Run 45
File weights 51 and ranks 51
Original previous efficiency: 0.7639079918
Original efficiency: 0.7639079918
Original ratio: 1
Knapsack previous efficiency: 0.7639079918
Knapsack ratio: 1.01074729
 Final Knapsack time: 7.2665e-05

Karmarkar-Karp previous efficiency: 0.7639079918
Karmarkar-Karp ratio: 1.01074729
 Final Karmarkar-Karp time: 0.006525216

SFC previous efficiency: 0.6090885704
 Time take to run this function: 4.31e-07
SFC ratio: 1
 Final SFC time: 6.0793e-05

SFC+Knapsack previous efficiency: 0.6345989145
SFC + Knapsack ratio: 1
 Final SFC+Knapsack_Combined time: 8.8155e-05

SFC+Painter previous efficiency: 0.630303573
SFC+painterPartition efficiency: 0.6754900134
SFC+Painter ratio: 1.071689964
 Final SFC+Painter time: 0.000121787

Painter+Knapsack previous efficiency: 0.6378013236
Painter+Knapsack ratio: 0.9891226691
 Final painter+Knapsack_Combined time: 0.000147825
Run 46
File weights 51 and ranks 51
Original previous efficiency: 0.7637483315
Original efficiency: 0.7637483315
Original ratio: 1
Knapsack previous efficiency: 0.7637483315
Knapsack ratio: 1.010473173
 Final Knapsack time: 7.1874e-05

Karmarkar-Karp previous efficiency: 0.7637483315
Karmarkar-Karp ratio: 1.010473173
 Final Karmarkar-Karp time: 0.006494409

SFC previous efficiency: 0.6176851194
 Time take to run this function: 4.01e-07
SFC ratio: 1.005014709
 Final SFC time: 6.0312e-05

SFC+Knapsack previous efficiency: 0.6371769027
SFC + Knapsack ratio: 1
 Final SFC+Knapsack_Combined time: 8.8544e-05

SFC+Painter previous efficiency: 0.6190354249
SFC+painterPartition efficiency: 0.6761856529
SFC+Painter ratio: 1.092321418
 Final SFC+Painter time: 0.000120454

Painter+Knapsack previous efficiency: 0.6238282721
Painter+Knapsack ratio: 1
 Final painter+Knapsack_Combined time: 0.000148577
Run 47
File weights 51 and ranks 51
Original previous efficiency: 0.7621991889
Original efficiency: 0.7621991889
Original ratio: 1
Knapsack previous efficiency: 0.7621991889
Knapsack ratio: 1.011999948
 Final Knapsack time: 7.3297e-05

Karmarkar-Karp previous efficiency: 0.7621991889
Karmarkar-Karp ratio: 1.011999948
 Final Karmarkar-Karp time: 0.006523302

SFC previous efficiency: 0.6087314389
 Time take to run this function: 3.81e-07
SFC ratio: 0.993442593
 Final SFC time: 6.1354e-05

SFC+Knapsack previous efficiency: 0.6315485355
SFC + Knapsack ratio: 0.9904752005
 Final SFC+Knapsack_Combined time: 8.9417e-05

SFC+Painter previous efficiency: 0.6115781655
SFC+painterPartition efficiency: 0.6766537436
SFC+Painter ratio: 1.106405987
 Final SFC+Painter time: 0.000122117

Painter+Knapsack previous efficiency: 0.6111062183
Painter+Knapsack ratio: 1
 Final painter+Knapsack_Combined time: 0.000148177
Run 48
File weights 51 and ranks 51
Original previous efficiency: 0.7613502061
Original efficiency: 0.7613502061
Original ratio: 1
Knapsack previous efficiency: 0.7613502061
Knapsack ratio: 1.012317872
 Final Knapsack time: 7.1984e-05

Karmarkar-Karp previous efficiency: 0.7613502061
Karmarkar-Karp ratio: 1.012317872
 Final Karmarkar-Karp time: 0.006361831

SFC previous efficiency: 0.6008301275
 Time take to run this function: 3.91e-07
SFC ratio: 1.001586159
 Final SFC time: 6.1945e-05

SFC+Knapsack previous efficiency: 0.6054086122
SFC + Knapsack ratio: 1.024513663
 Final SFC+Knapsack_Combined time: 0.000101349

SFC+Painter previous efficiency: 0.6741641868
SFC+painterPartition efficiency: 0.6741641868
SFC+Painter ratio: 1
 Final SFC+Painter time: 0.000120875

Painter+Knapsack previous efficiency: 0.5997627439
Painter+Knapsack ratio: 1.019171346
 Final painter+Knapsack_Combined time: 0.000148808
Run 49
File weights 51 and ranks 51
Original previous efficiency: 0.7547385047
Original efficiency: 0.7547385047
Original ratio: 1
Knapsack previous efficiency: 0.7547385047
Knapsack ratio: 1.020284614
 Final Knapsack time: 7.2095e-05

Karmarkar-Karp previous efficiency: 0.7547385047
Karmarkar-Karp ratio: 1.020284614
 Final Karmarkar-Karp time: 0.006351031

SFC previous efficiency: 0.5923714805
 Time take to run this function: 4.2e-07
SFC ratio: 0.9843666014
 Final SFC time: 6.0223e-05

SFC+Knapsack previous efficiency: 0.5899862461
SFC + Knapsack ratio: 1.060181805
 Final SFC+Knapsack_Combined time: 8.7783e-05

SFC+Painter previous efficiency: 0.674695972
SFC+painterPartition efficiency: 0.674695972
SFC+Painter ratio: 1
 Final SFC+Painter time: 0.000124071

Painter+Knapsack previous efficiency: 0.5843906282
Painter+Knapsack ratio: 1.042915198
 Final painter+Knapsack_Combined time: 0.000147205
Run 50
File weights 51 and ranks 51
Original previous efficiency: 0.7409274996
Original efficiency: 0.7409274996
Original ratio: 1
Knapsack previous efficiency: 0.7409274996
Knapsack ratio: 1.038337269
 Final Knapsack time: 7.3056e-05

Karmarkar-Karp previous efficiency: 0.7409274996
Karmarkar-Karp ratio: 1.038337269
 Final Karmarkar-Karp time: 0.006447681

SFC previous efficiency: 0.5852998925
 Time take to run this function: 4.11e-07
SFC ratio: 0.9975714799
 Final SFC time: 6.1004e-05

SFC+Knapsack previous efficiency: 0.5839012459
SFC + Knapsack ratio: 1.07883587
 Final SFC+Knapsack_Combined time: 8.7844e-05

SFC+Painter previous efficiency: 0.6740498851
SFC+painterPartition efficiency: 0.6740498851
SFC+Painter ratio: 1
 Final SFC+Painter time: 0.000116226

Painter+Knapsack previous efficiency: 0.5755182436
Painter+Knapsack ratio: 1.069709815
 Final painter+Knapsack_Combined time: 0.00015557


TinyProfiler total time across processes [min...avg...max]: 0.5831 ... 0.5831 ... 0.5831

-------------------------------------------------------------------------------------
Name                                  NCalls  Excl. Min  Excl. Avg  Excl. Max   Max %
-------------------------------------------------------------------------------------
kk()                                      51     0.3249     0.3249     0.3249  55.72%
painterPartition()                       102    0.01019    0.01019    0.01019   1.75%
knapsack()                              2499   0.005422   0.005422   0.005422   0.93%
SFCProcessorMapDoIt()                     51    0.00235    0.00235    0.00235   0.40%
SFCProcessorMapDoItCombined()             51   0.002207   0.002207   0.002207   0.38%
SFCProcessorMapDoItCombinedPainter()      51   0.001273   0.001273   0.001273   0.22%
Distribute()                             102  0.0006872  0.0006872  0.0006872   0.12%
KKDoIt()                                  51  0.0006562  0.0006562  0.0006562   0.11%
KnapSackDoIt()                            51  0.0006159  0.0006159  0.0006159   0.11%
knapsack()swap                          1977  0.0001899  0.0001899  0.0001899   0.03%
-------------------------------------------------------------------------------------

-------------------------------------------------------------------------------------
Name                                  NCalls  Incl. Min  Incl. Avg  Incl. Max   Max %
-------------------------------------------------------------------------------------
KKDoIt()                                  51     0.3256     0.3256     0.3256  55.83%
kk()                                      51     0.3249     0.3249     0.3249  55.72%
painterPartition()                       102    0.01019    0.01019    0.01019   1.75%
SFCProcessorMapDoItCombinedPainter()      51   0.007041   0.007041   0.007041   1.21%
knapsack()                              2499   0.005612   0.005612   0.005612   0.96%
SFCProcessorMapDoItCombined()             51   0.004025   0.004025   0.004025   0.69%
KnapSackDoIt()                            51   0.003172   0.003172   0.003172   0.54%
SFCProcessorMapDoIt()                     51   0.002778   0.002778   0.002778   0.48%
Distribute()                             102  0.0006872  0.0006872  0.0006872   0.12%
knapsack()swap                          1977  0.0001899  0.0001899  0.0001899   0.03%
-------------------------------------------------------------------------------------

Pinned Memory Usage:
---------------------------------------------------------------
Name                            Nalloc  Nfree  AvgMem    MaxMem
---------------------------------------------------------------
The_Pinned_Arena::Initialize()       1      1  47 KiB  8192 KiB
---------------------------------------------------------------

AMReX (25.06-22-g1d307c2c661a) finalized
