Initializing AMReX (25.06-22-g1d307c2c661a)...
OMP initialized with 256 OMP threads
AMReX (25.06-22-g1d307c2c661a) initialized
Starting running input_laser_ion running with 2 nodes and 4 ranks per node.
Total steps: 5000, intervals: 100 = 50 runs
Reading precomputed weights and ranks from file: /global/homes/j/jessd/lb_extractor/lb_inputs/laser_ion_smaller_4_boxes_8_ranks_timers_lb_data.txt
/global/homes/j/jessd/lb_extractor/lb_inputs/laser_ion_smaller_4_boxes_8_ranks_timers_lb_data.txt
Run 0: Weights size: 48
Run 1: Weights size: 48
Run 2: Weights size: 48
Run 3: Weights size: 48
Run 4: Weights size: 48
Run 5: Weights size: 48
Run 6: Weights size: 48
Run 7: Weights size: 48
Run 8: Weights size: 48
Run 9: Weights size: 48
Run 10: Weights size: 48
Run 11: Weights size: 48
Run 12: Weights size: 48
Run 13: Weights size: 48
Run 14: Weights size: 48
Run 15: Weights size: 48
Run 16: Weights size: 48
Run 17: Weights size: 48
Run 18: Weights size: 48
Run 19: Weights size: 48
Run 20: Weights size: 48
Run 21: Weights size: 48
Run 22: Weights size: 48
Run 23: Weights size: 48
Run 24: Weights size: 48
Run 25: Weights size: 48
Run 26: Weights size: 48
Run 27: Weights size: 48
Run 28: Weights size: 48
Run 29: Weights size: 48
Run 30: Weights size: 48
Run 31: Weights size: 48
Run 32: Weights size: 48
Run 33: Weights size: 48
Run 34: Weights size: 48
Run 35: Weights size: 48
Run 36: Weights size: 48
Run 37: Weights size: 48
Run 38: Weights size: 48
Run 39: Weights size: 48
Run 40: Weights size: 48
Run 41: Weights size: 48
Run 42: Weights size: 48
Run 43: Weights size: 48
Run 44: Weights size: 48
Run 45: Weights size: 48
Run 46: Weights size: 48
Run 47: Weights size: 48
Run 48: Weights size: 48
Run 49: Weights size: 48
Run 50: Weights size: 48
Run 0
File weights 51 and ranks 51
Original efficiency: 0.8841276629
Original ratio: inf
Knapsack ratio: inf
 Final Knapsack time: 5.5162e-05

Karmarkar-Karp ratio: inf
 Final Karmarkar-Karp time: 0.000176569

 Time take to run this function: 1.372e-06
SFC ratio: inf
 Final SFC time: 4.9843e-05

SFC + Knapsack ratio: inf
 Final SFC+Knapsack_Combined time: 5.1586e-05

SFC+painterPartition efficiency: 0.9607612078
SFC+Painter ratio: inf
 Final SFC+Painter time: 7.502e-05

Painter+Knapsack ratio: inf
 Final painter+Knapsack_Combined time: 5.0204e-05
Run 1
File weights 51 and ranks 51
Original previous efficiency: 0.3902991366
Original efficiency: 0.3902991366
Original ratio: 1
Knapsack previous efficiency: 0.4556952873
Knapsack ratio: 2.145012895
 Final Knapsack time: 2.2933e-05

Karmarkar-Karp previous efficiency: 0.4556533292
Karmarkar-Karp ratio: 2.161149987
 Final Karmarkar-Karp time: 0.00013378

SFC previous efficiency: 0.4967076604
 Time take to run this function: 6.11e-07
SFC ratio: 1.371638841
 Final SFC time: 3.1579e-05

SFC+Knapsack previous efficiency: 0.2251424299
SFC + Knapsack ratio: 4.173220726
 Final SFC+Knapsack_Combined time: 2.9234e-05

SFC+Painter previous efficiency: 0.5609851195
SFC+painterPartition efficiency: 0.8863219323
SFC+Painter ratio: 1.5799384
 Final SFC+Painter time: 4.9452e-05

Painter+Knapsack previous efficiency: 0.4073842215
Painter+Knapsack ratio: 2.180350638
 Final painter+Knapsack_Combined time: 5.5012e-05
Run 2
File weights 51 and ranks 51
Original previous efficiency: 0.3683033902
Original efficiency: 0.8956618274
Original ratio: 2.431858764
Knapsack previous efficiency: 0.8956618274
Knapsack ratio: 1.096638414
 Final Knapsack time: 2.2733e-05

Karmarkar-Karp previous efficiency: 0.9205720411
Karmarkar-Karp ratio: 1.067706249
 Final Karmarkar-Karp time: 0.000138999

SFC previous efficiency: 0.6305326332
 Time take to run this function: 8.02e-07
SFC ratio: 1.157226651
 Final SFC time: 3.1439e-05

SFC+Knapsack previous efficiency: 0.9259484552
SFC + Knapsack ratio: 1.039858384
 Final SFC+Knapsack_Combined time: 3.1268e-05

SFC+Painter previous efficiency: 0.9344967774
SFC+painterPartition efficiency: 0.9344967774
SFC+Painter ratio: 1
 Final SFC+Painter time: 3.8141e-05

Painter+Knapsack previous efficiency: 0.800124395
Painter+Knapsack ratio: 1.203381962
 Final painter+Knapsack_Combined time: 3.9042e-05
Run 3
File weights 51 and ranks 51
Original previous efficiency: 0.9019777191
Original efficiency: 0.9019777191
Original ratio: 1
Knapsack previous efficiency: 0.9019777191
Knapsack ratio: 1.086289979
 Final Knapsack time: 2.2021e-05

Karmarkar-Karp previous efficiency: 0.912479917
Karmarkar-Karp ratio: 1.074771454
 Final Karmarkar-Karp time: 0.000137877

SFC previous efficiency: 0.7293843775
 Time take to run this function: 7.91e-07
SFC ratio: 1
 Final SFC time: 3.228e-05

SFC+Knapsack previous efficiency: 0.9200701547
SFC + Knapsack ratio: 1.040145736
 Final SFC+Knapsack_Combined time: 3.0978e-05

SFC+Painter previous efficiency: 0.9419938217
SFC+painterPartition efficiency: 0.9419938217
SFC+Painter ratio: 1
 Final SFC+Painter time: 4.0705e-05

Painter+Knapsack previous efficiency: 0.9570070485
Painter+Knapsack ratio: 1
 Final painter+Knapsack_Combined time: 3.791e-05
Run 4
File weights 51 and ranks 51
Original previous efficiency: 0.8921877769
Original efficiency: 0.8921877769
Original ratio: 1
Knapsack previous efficiency: 0.8921877769
Knapsack ratio: 1.096935963
 Final Knapsack time: 2.3073e-05

Karmarkar-Karp previous efficiency: 0.9067378041
Karmarkar-Karp ratio: 1.081198284
 Final Karmarkar-Karp time: 0.000147485

SFC previous efficiency: 0.723205069
 Time take to run this function: 7.91e-07
SFC ratio: 1
 Final SFC time: 3.1368e-05

SFC+Knapsack previous efficiency: 0.9233748088
SFC + Knapsack ratio: 1.034462644
 Final SFC+Knapsack_Combined time: 3.0056e-05

SFC+Painter previous efficiency: 0.9476514454
SFC+painterPartition efficiency: 0.9476514454
SFC+Painter ratio: 1
 Final SFC+Painter time: 3.8442e-05

Painter+Knapsack previous efficiency: 0.9551967461
Painter+Knapsack ratio: 1
 Final painter+Knapsack_Combined time: 3.9233e-05
Run 5
File weights 51 and ranks 51
Original previous efficiency: 0.8920478804
Original efficiency: 0.8920478804
Original ratio: 1
Knapsack previous efficiency: 0.8920478804
Knapsack ratio: 1.100654409
 Final Knapsack time: 1.9346e-05

Karmarkar-Karp previous efficiency: 0.9116254698
Karmarkar-Karp ratio: 1.079687968
 Final Karmarkar-Karp time: 0.000111658

SFC previous efficiency: 0.7207813897
 Time take to run this function: 5.31e-07
SFC ratio: 1
 Final SFC time: 2.3563e-05

SFC+Knapsack previous efficiency: 0.9212687529
SFC + Knapsack ratio: 1.059176597
 Final SFC+Knapsack_Combined time: 2.2101e-05

SFC+Painter previous efficiency: 0.9489866734
SFC+painterPartition efficiency: 0.9489866734
SFC+Painter ratio: 1
 Final SFC+Painter time: 2.8303e-05

Painter+Knapsack previous efficiency: 0.9621727722
Painter+Knapsack ratio: 1.014148738
 Final painter+Knapsack_Combined time: 2.6509e-05
Run 6
File weights 51 and ranks 51
Original previous efficiency: 0.8727058889
Original efficiency: 0.9826790724
Original ratio: 1.126014027
Knapsack previous efficiency: 0.9826790724
Knapsack ratio: 1.002630541
 Final Knapsack time: 1.6551e-05

Karmarkar-Karp previous efficiency: 0.906569886
Karmarkar-Karp ratio: 1.090138291
 Final Karmarkar-Karp time: 9.7231e-05

SFC previous efficiency: 0.7254604923
 Time take to run this function: 4.91e-07
SFC ratio: 1
 Final SFC time: 2.2742e-05

SFC+Knapsack previous efficiency: 0.9191627278
SFC + Knapsack ratio: 1.057888572
 Final SFC+Knapsack_Combined time: 2.0589e-05

SFC+Painter previous efficiency: 0.9360185375
SFC+painterPartition efficiency: 0.9360185375
SFC+Painter ratio: 1
 Final SFC+Painter time: 2.7131e-05

Painter+Knapsack previous efficiency: 0.9648563437
Painter+Knapsack ratio: 1.00778914
 Final painter+Knapsack_Combined time: 2.5437e-05
Run 7
File weights 51 and ranks 51
Original previous efficiency: 0.9794749381
Original efficiency: 0.9794749381
Original ratio: 1
Knapsack previous efficiency: 0.9794749381
Knapsack ratio: 1.006778631
 Final Knapsack time: 1.5589e-05

Karmarkar-Karp previous efficiency: 0.90585489
Karmarkar-Karp ratio: 1.089286293
 Final Karmarkar-Karp time: 9.3805e-05

SFC previous efficiency: 0.7298016377
 Time take to run this function: 4.81e-07
SFC ratio: 1
 Final SFC time: 2.1951e-05

SFC+Knapsack previous efficiency: 0.9162424189
SFC + Knapsack ratio: 1.063464058
 Final SFC+Knapsack_Combined time: 1.9527e-05

SFC+Painter previous efficiency: 0.9396009962
SFC+painterPartition efficiency: 0.9396009962
SFC+Painter ratio: 1
 Final SFC+Painter time: 2.6569e-05

Painter+Knapsack previous efficiency: 0.9701043804
Painter+Knapsack ratio: 1.004418597
 Final painter+Knapsack_Combined time: 2.4877e-05
Run 8
File weights 51 and ranks 51
Original previous efficiency: 0.9732333674
Original efficiency: 0.9732333674
Original ratio: 1
Knapsack previous efficiency: 0.9732333674
Knapsack ratio: 1.013901014
 Final Knapsack time: 1.579e-05

Karmarkar-Karp previous efficiency: 0.8976971203
Karmarkar-Karp ratio: 1.099826951
 Final Karmarkar-Karp time: 9.2212e-05

SFC previous efficiency: 0.7244736773
 Time take to run this function: 5.01e-07
SFC ratio: 1
 Final SFC time: 2.189e-05

SFC+Knapsack previous efficiency: 0.9165865909
SFC + Knapsack ratio: 1.064606559
 Final SFC+Knapsack_Combined time: 1.9126e-05

SFC+Painter previous efficiency: 0.9369831324
SFC+painterPartition efficiency: 0.9369831324
SFC+Painter ratio: 1
 Final SFC+Painter time: 3.743e-05

Painter+Knapsack previous efficiency: 0.9726308548
Painter+Knapsack ratio: 1.003262534
 Final painter+Knapsack_Combined time: 2.5167e-05
Run 9
File weights 51 and ranks 51
Original previous efficiency: 0.9648315744
Original efficiency: 0.9648315744
Original ratio: 1
Knapsack previous efficiency: 0.9648315744
Knapsack ratio: 1.021291681
 Final Knapsack time: 1.5148e-05

Karmarkar-Karp previous efficiency: 0.8721070851
Karmarkar-Karp ratio: 1.130858475
 Final Karmarkar-Karp time: 9.1841e-05

SFC previous efficiency: 0.7111666597
 Time take to run this function: 4.21e-07
SFC ratio: 1
 Final SFC time: 2.1319e-05

SFC+Knapsack previous efficiency: 0.9108428381
SFC + Knapsack ratio: 1.069707251
 Final SFC+Knapsack_Combined time: 1.9737e-05

SFC+Painter previous efficiency: 0.935555765
SFC+painterPartition efficiency: 0.935555765
SFC+Painter ratio: 1
 Final SFC+Painter time: 2.666e-05

Painter+Knapsack previous efficiency: 0.9744525191
Painter+Knapsack ratio: 0.9998795928
 Final painter+Knapsack_Combined time: 2.4796e-05
Run 10
File weights 51 and ranks 51
Original previous efficiency: 0.9413258969
Original efficiency: 0.9413258969
Original ratio: 1
Knapsack previous efficiency: 0.9413258969
Knapsack ratio: 1.049450881
 Final Knapsack time: 1.5569e-05

Karmarkar-Karp previous efficiency: 0.9780790107
Karmarkar-Karp ratio: 1.011961414
 Final Karmarkar-Karp time: 8.7473e-05

SFC previous efficiency: 0.6983682777
 Time take to run this function: 4.81e-07
SFC ratio: 1.059739378
 Final SFC time: 2.1901e-05

SFC+Knapsack previous efficiency: 0.8803233109
SFC + Knapsack ratio: 1.106556022
 Final SFC+Knapsack_Combined time: 2.137e-05

SFC+Painter previous efficiency: 0.9280767697
SFC+painterPartition efficiency: 0.9280767697
SFC+Painter ratio: 1
 Final SFC+Painter time: 2.655e-05

Painter+Knapsack previous efficiency: 0.9409891171
Painter+Knapsack ratio: 1.035216076
 Final painter+Knapsack_Combined time: 2.4966e-05
Run 11
File weights 51 and ranks 51
Original previous efficiency: 0.9240256801
Original efficiency: 0.9240256801
Original ratio: 1
Knapsack previous efficiency: 0.9240256801
Knapsack ratio: 1.066556644
 Final Knapsack time: 1.5599e-05

Karmarkar-Karp previous efficiency: 0.9555389541
Karmarkar-Karp ratio: 1.032137684
 Final Karmarkar-Karp time: 9.3804e-05

SFC previous efficiency: 0.6983026472
 Time take to run this function: 5.21e-07
SFC ratio: 1.069749773
 Final SFC time: 2.152e-05

SFC+Knapsack previous efficiency: 0.9715231812
SFC + Knapsack ratio: 1.000929362
 Final SFC+Knapsack_Combined time: 1.9225e-05

SFC+Painter previous efficiency: 0.9078711987
SFC+painterPartition efficiency: 0.9078711987
SFC+Painter ratio: 1
 Final SFC+Painter time: 2.6569e-05

Painter+Knapsack previous efficiency: 0.9239562242
Painter+Knapsack ratio: 1.052459037
 Final painter+Knapsack_Combined time: 2.4626e-05
Run 12
File weights 51 and ranks 51
Original previous efficiency: 0.9182351783
Original efficiency: 0.9182351783
Original ratio: 1
Knapsack previous efficiency: 0.9182351783
Knapsack ratio: 1.074074863
 Final Knapsack time: 1.606e-05

Karmarkar-Karp previous efficiency: 0.9400954432
Karmarkar-Karp ratio: 1.053170587
 Final Karmarkar-Karp time: 9.3434e-05

SFC previous efficiency: 0.703478032
 Time take to run this function: 4.3e-07
SFC ratio: 1.064346281
 Final SFC time: 2.149e-05

SFC+Knapsack previous efficiency: 0.9632295697
SFC + Knapsack ratio: 1.00760916
 Final SFC+Knapsack_Combined time: 1.9877e-05

SFC+Painter previous efficiency: 0.8988321617
SFC+painterPartition efficiency: 0.8988321617
SFC+Painter ratio: 1
 Final SFC+Painter time: 2.6108e-05

Painter+Knapsack previous efficiency: 0.922339103
Painter+Knapsack ratio: 1.052279942
 Final painter+Knapsack_Combined time: 2.4656e-05
Run 13
File weights 51 and ranks 51
Original previous efficiency: 0.921083001
Original efficiency: 0.921083001
Original ratio: 1
Knapsack previous efficiency: 0.921083001
Knapsack ratio: 1.071408581
 Final Knapsack time: 1.5218e-05

Karmarkar-Karp previous efficiency: 0.9261917552
Karmarkar-Karp ratio: 1.069329369
 Final Karmarkar-Karp time: 9.4746e-05

SFC previous efficiency: 0.7121391488
 Time take to run this function: 4.81e-07
SFC ratio: 1
 Final SFC time: 2.158e-05

SFC+Knapsack previous efficiency: 0.9588010137
SFC + Knapsack ratio: 1.003595402
 Final SFC+Knapsack_Combined time: 1.8986e-05

SFC+Painter previous efficiency: 0.8854948384
SFC+painterPartition efficiency: 0.8854948384
SFC+Painter ratio: 1
 Final SFC+Painter time: 2.7171e-05

Painter+Knapsack previous efficiency: 0.9347541138
Painter+Knapsack ratio: 1.02941327
 Final painter+Knapsack_Combined time: 2.4615e-05
Run 14
File weights 51 and ranks 51
Original previous efficiency: 0.9171425701
Original efficiency: 0.9171425701
Original ratio: 1
Knapsack previous efficiency: 0.9171425701
Knapsack ratio: 1.077956655
 Final Knapsack time: 1.574e-05

Karmarkar-Karp previous efficiency: 0.9256619264
Karmarkar-Karp ratio: 1.070082609
 Final Karmarkar-Karp time: 9.0759e-05

SFC previous efficiency: 0.7200034375
 Time take to run this function: 4.51e-07
SFC ratio: 1
 Final SFC time: 2.155e-05

SFC+Knapsack previous efficiency: 0.9544232999
SFC + Knapsack ratio: 1.00844213
 Final SFC+Knapsack_Combined time: 1.9156e-05

SFC+Painter previous efficiency: 0.8777412446
SFC+painterPartition efficiency: 0.8777412446
SFC+Painter ratio: 1
 Final SFC+Painter time: 2.641e-05

Painter+Knapsack previous efficiency: 0.9426225111
Painter+Knapsack ratio: 1.021066921
 Final painter+Knapsack_Combined time: 2.3985e-05
Run 15
File weights 51 and ranks 51
Original previous efficiency: 0.912865878
Original efficiency: 0.912865878
Original ratio: 1
Knapsack previous efficiency: 0.912865878
Knapsack ratio: 1.085924668
 Final Knapsack time: 1.5208e-05

Karmarkar-Karp previous efficiency: 0.9196129364
Karmarkar-Karp ratio: 1.080222242
 Final Karmarkar-Karp time: 0.067372486

SFC previous efficiency: 0.7202362495
 Time take to run this function: 1.132e-06
SFC ratio: 1
 Final SFC time: 4.315e-05

SFC+Knapsack previous efficiency: 0.9513872226
SFC + Knapsack ratio: 1.004064967
 Final SFC+Knapsack_Combined time: 4.7248e-05

SFC+Painter previous efficiency: 0.8688688236
SFC+painterPartition efficiency: 0.8688688236
SFC+Painter ratio: 1
 Final SFC+Painter time: 4.4463e-05

Painter+Knapsack previous efficiency: 0.9373490426
Painter+Knapsack ratio: 1.019102316
 Final painter+Knapsack_Combined time: 4.4103e-05
Run 16
File weights 51 and ranks 51
Original previous efficiency: 0.9084441093
Original efficiency: 0.9084441093
Original ratio: 1
Knapsack previous efficiency: 0.9084441093
Knapsack ratio: 1.090386456
 Final Knapsack time: 2.728e-05

Karmarkar-Karp previous efficiency: 0.9109283335
Karmarkar-Karp ratio: 1.087725755
 Final Karmarkar-Karp time: 0.000161311

SFC previous efficiency: 0.7263116829
 Time take to run this function: 8.41e-07
SFC ratio: 1
 Final SFC time: 3.1379e-05

SFC+Knapsack previous efficiency: 0.9502089465
SFC + Knapsack ratio: 1.01574891
 Final SFC+Knapsack_Combined time: 2.8944e-05

SFC+Painter previous efficiency: 0.8557084208
SFC+painterPartition efficiency: 0.8557084208
SFC+Painter ratio: 1
 Final SFC+Painter time: 5.9862e-05

Painter+Knapsack previous efficiency: 0.9356872896
Painter+Knapsack ratio: 1.031513106
 Final painter+Knapsack_Combined time: 4.0986e-05
Run 17
File weights 51 and ranks 51
Original previous efficiency: 0.9012657113
Original efficiency: 0.9012657113
Original ratio: 1
Knapsack previous efficiency: 0.9012657113
Knapsack ratio: 1.089441942
 Final Knapsack time: 2.4706e-05

Karmarkar-Karp previous efficiency: 0.9090985959
Karmarkar-Karp ratio: 1.080055201
 Final Karmarkar-Karp time: 0.000146723

SFC previous efficiency: 0.7265983942
 Time take to run this function: 8.32e-07
SFC ratio: 1
 Final SFC time: 3.3633e-05

SFC+Knapsack previous efficiency: 0.9435805317
SFC + Knapsack ratio: 1.025591227
 Final SFC+Knapsack_Combined time: 3.0026e-05

SFC+Painter previous efficiency: 0.8456657339
SFC+painterPartition efficiency: 0.8456657339
SFC+Painter ratio: 1
 Final SFC+Painter time: 0.000118431

Painter+Knapsack previous efficiency: 0.9313204566
Painter+Knapsack ratio: 1.0390923
 Final painter+Knapsack_Combined time: 4.0406e-05
Run 18
File weights 51 and ranks 51
Original previous efficiency: 0.9009182412
Original efficiency: 0.9009182412
Original ratio: 1
Knapsack previous efficiency: 0.9009182412
Knapsack ratio: 1.089355223
 Final Knapsack time: 2.3754e-05

Karmarkar-Karp previous efficiency: 0.9052535653
Karmarkar-Karp ratio: 1.084514627
 Final Karmarkar-Karp time: 0.000141443

SFC previous efficiency: 0.7332641836
 Time take to run this function: 8.82e-07
SFC ratio: 1
 Final SFC time: 3.224e-05

SFC+Knapsack previous efficiency: 0.9400544564
SFC + Knapsack ratio: 1.024623798
 Final SFC+Knapsack_Combined time: 2.9865e-05

SFC+Painter previous efficiency: 0.8358448763
SFC+painterPartition efficiency: 0.8358448763
SFC+Painter ratio: 1
 Final SFC+Painter time: 3.9293e-05

Painter+Knapsack previous efficiency: 0.9268235881
Painter+Knapsack ratio: 1.039250813
 Final painter+Knapsack_Combined time: 3.7039e-05
Run 19
File weights 51 and ranks 51
Original previous efficiency: 0.885763822
Original efficiency: 0.885763822
Original ratio: 1
Knapsack previous efficiency: 0.885763822
Knapsack ratio: 1.117005573
 Final Knapsack time: 2.3504e-05

Karmarkar-Karp previous efficiency: 0.8878730386
Karmarkar-Karp ratio: 1.115187633
 Final Karmarkar-Karp time: 0.000147044

SFC previous efficiency: 0.7461660229
 Time take to run this function: 7.12e-07
SFC ratio: 1
 Final SFC time: 3.1608e-05

SFC+Knapsack previous efficiency: 0.9408002075
SFC + Knapsack ratio: 1.018672311
 Final SFC+Knapsack_Combined time: 3.0166e-05

SFC+Painter previous efficiency: 0.8261728781
SFC+painterPartition efficiency: 0.8261728781
SFC+Painter ratio: 1
 Final SFC+Painter time: 4.0336e-05

Painter+Knapsack previous efficiency: 0.9289212871
Painter+Knapsack ratio: 1.031698956
 Final painter+Knapsack_Combined time: 4.0927e-05
Run 20
File weights 51 and ranks 51
Original previous efficiency: 0.8710051602
Original efficiency: 0.9700067561
Original ratio: 1.113663616
Knapsack previous efficiency: 0.9700067561
Knapsack ratio: 1.017300603
 Final Knapsack time: 2.3744e-05

Karmarkar-Karp previous efficiency: 0.9699853329
Karmarkar-Karp ratio: 1.017323071
 Final Karmarkar-Karp time: 0.000152053

SFC previous efficiency: 0.7638313442
 Time take to run this function: 8.52e-07
SFC ratio: 1
 Final SFC time: 3.1158e-05

SFC+Knapsack previous efficiency: 0.9269549535
SFC + Knapsack ratio: 1.025341752
 Final SFC+Knapsack_Combined time: 3.0767e-05

SFC+Painter previous efficiency: 0.8291934121
SFC+painterPartition efficiency: 0.8291934121
SFC+Painter ratio: 1
 Final SFC+Painter time: 3.8421e-05

Painter+Knapsack previous efficiency: 0.9068636971
Painter+Knapsack ratio: 1.048057849
 Final painter+Knapsack_Combined time: 3.8622e-05
Run 21
File weights 51 and ranks 51
Original previous efficiency: 0.964201519
Original efficiency: 0.964201519
Original ratio: 1
Knapsack previous efficiency: 0.964201519
Knapsack ratio: 1.021637844
 Final Knapsack time: 2.2512e-05

Karmarkar-Karp previous efficiency: 0.9639988916
Karmarkar-Karp ratio: 1.022435336
 Final Karmarkar-Karp time: 0.000167713

SFC previous efficiency: 0.7763843671
 Time take to run this function: 8.41e-07
SFC ratio: 1
 Final SFC time: 3.3072e-05

SFC+Knapsack previous efficiency: 0.9134493926
SFC + Knapsack ratio: 1.03493674
 Final SFC+Knapsack_Combined time: 3.1118e-05

SFC+Painter previous efficiency: 0.8229114544
SFC+painterPartition efficiency: 0.8229114544
SFC+Painter ratio: 1
 Final SFC+Painter time: 3.8422e-05

Painter+Knapsack previous efficiency: 0.8957310806
Painter+Knapsack ratio: 1.055408657
 Final painter+Knapsack_Combined time: 3.6678e-05
Run 22
File weights 51 and ranks 51
Original previous efficiency: 0.9450045866
Original efficiency: 0.9450045866
Original ratio: 1
Knapsack previous efficiency: 0.9450045866
Knapsack ratio: 1.046882399
 Final Knapsack time: 2.3544e-05

Karmarkar-Karp previous efficiency: 0.9451017304
Karmarkar-Karp ratio: 1.046902429
 Final Karmarkar-Karp time: 0.000151782

SFC previous efficiency: 0.7743514849
 Time take to run this function: 7.92e-07
SFC ratio: 1
 Final SFC time: 3.1198e-05

SFC+Knapsack previous efficiency: 0.9100153937
SFC + Knapsack ratio: 1.025246539
 Final SFC+Knapsack_Combined time: 2.9264e-05

SFC+Painter previous efficiency: 0.8271724361
SFC+painterPartition efficiency: 0.8271724361
SFC+Painter ratio: 1
 Final SFC+Painter time: 3.9934e-05

Painter+Knapsack previous efficiency: 0.8961754515
Painter+Knapsack ratio: 1.04107977
 Final painter+Knapsack_Combined time: 3.9393e-05
Run 23
File weights 51 and ranks 51
Original previous efficiency: 0.9355674132
Original efficiency: 0.9355674132
Original ratio: 1
Knapsack previous efficiency: 0.9355674132
Knapsack ratio: 1.046760074
 Final Knapsack time: 1.8755e-05

Karmarkar-Karp previous efficiency: 0.9355394968
Karmarkar-Karp ratio: 1.046827675
 Final Karmarkar-Karp time: 0.000105727

SFC previous efficiency: 0.7703265746
 Time take to run this function: 5.21e-07
SFC ratio: 1
 Final SFC time: 2.3022e-05

SFC+Knapsack previous efficiency: 0.9076681586
SFC + Knapsack ratio: 1.025741299
 Final SFC+Knapsack_Combined time: 2.1821e-05

SFC+Painter previous efficiency: 0.834576633
SFC+painterPartition efficiency: 0.834576633
SFC+Painter ratio: 1
 Final SFC+Painter time: 2.8092e-05

Painter+Knapsack previous efficiency: 0.8974170189
Painter+Knapsack ratio: 1.006596796
 Final painter+Knapsack_Combined time: 2.8574e-05
Run 24
File weights 51 and ranks 51
Original previous efficiency: 0.9282981805
Original efficiency: 0.9282981805
Original ratio: 1
Knapsack previous efficiency: 0.9282981805
Knapsack ratio: 1.054500416
 Final Knapsack time: 1.7021e-05

Karmarkar-Karp previous efficiency: 0.9283809288
Karmarkar-Karp ratio: 1.05545296
 Final Karmarkar-Karp time: 0.000103213

SFC previous efficiency: 0.7699460287
 Time take to run this function: 5.31e-07
SFC ratio: 1
 Final SFC time: 2.2783e-05

SFC+Knapsack previous efficiency: 0.9045496547
SFC + Knapsack ratio: 1.034843963
 Final SFC+Knapsack_Combined time: 2.0719e-05

SFC+Painter previous efficiency: 0.822633449
SFC+painterPartition efficiency: 0.822633449
SFC+Painter ratio: 1
 Final SFC+Painter time: 2.7652e-05

Painter+Knapsack previous efficiency: 0.8896733509
Painter+Knapsack ratio: 1.052147677
 Final painter+Knapsack_Combined time: 2.5597e-05
Run 25
File weights 51 and ranks 51
Original previous efficiency: 0.9305238694
Original efficiency: 0.9305238694
Original ratio: 1
Knapsack previous efficiency: 0.9305238694
Knapsack ratio: 1.055471472
 Final Knapsack time: 1.6321e-05

Karmarkar-Karp previous efficiency: 0.9305733354
Karmarkar-Karp ratio: 1.055474584
 Final Karmarkar-Karp time: 0.000111598

SFC previous efficiency: 0.7683692863
 Time take to run this function: 4.31e-07
SFC ratio: 1
 Final SFC time: 2.2282e-05

SFC+Knapsack previous efficiency: 0.8903422346
SFC + Knapsack ratio: 1.047230218
 Final SFC+Knapsack_Combined time: 2.0288e-05

SFC+Painter previous efficiency: 0.8195091705
SFC+painterPartition efficiency: 0.8195091705
SFC+Painter ratio: 1
 Final SFC+Painter time: 2.7501e-05

Painter+Knapsack previous efficiency: 0.8748650211
Painter+Knapsack ratio: 1.06575674
 Final painter+Knapsack_Combined time: 2.5818e-05
Run 26
File weights 51 and ranks 51
Original previous efficiency: 0.931739361
Original efficiency: 0.931739361
Original ratio: 1
Knapsack previous efficiency: 0.931739361
Knapsack ratio: 1.059003869
 Final Knapsack time: 1.6171e-05

Karmarkar-Karp previous efficiency: 0.9318227141
Karmarkar-Karp ratio: 1.059054513
 Final Karmarkar-Karp time: 0.000103032

SFC previous efficiency: 0.7670789052
 Time take to run this function: 4.91e-07
SFC ratio: 1
 Final SFC time: 2.2192e-05

SFC+Knapsack previous efficiency: 0.8908822096
SFC + Knapsack ratio: 1.053289125
 Final SFC+Knapsack_Combined time: 1.9596e-05

SFC+Painter previous efficiency: 0.8090875011
SFC+painterPartition efficiency: 0.8090875011
SFC+Painter ratio: 1
 Final SFC+Painter time: 2.7311e-05

Painter+Knapsack previous efficiency: 0.8754668673
Painter+Knapsack ratio: 1.071835587
 Final painter+Knapsack_Combined time: 2.6279e-05
Run 27
File weights 51 and ranks 51
Original previous efficiency: 0.9289194176
Original efficiency: 0.9289194176
Original ratio: 1
Knapsack previous efficiency: 0.9289194176
Knapsack ratio: 1.061745256
 Final Knapsack time: 1.619e-05

Karmarkar-Karp previous efficiency: 0.9289665835
Karmarkar-Karp ratio: 1.06251481
 Final Karmarkar-Karp time: 0.00010194

SFC previous efficiency: 0.7668481087
 Time take to run this function: 5.21e-07
SFC ratio: 1
 Final SFC time: 4.4333e-05

SFC+Knapsack previous efficiency: 0.8861122511
SFC + Knapsack ratio: 1.057506973
 Final SFC+Knapsack_Combined time: 2.0438e-05

SFC+Painter previous efficiency: 0.7967732357
SFC+painterPartition efficiency: 0.7967732357
SFC+Painter ratio: 1
 Final SFC+Painter time: 2.7942e-05

Painter+Knapsack previous efficiency: 0.8737454758
Painter+Knapsack ratio: 1.072474663
 Final painter+Knapsack_Combined time: 2.5557e-05
Run 28
File weights 51 and ranks 51
Original previous efficiency: 0.9337494452
Original efficiency: 0.9337494452
Original ratio: 1
Knapsack previous efficiency: 0.9337494452
Knapsack ratio: 1.054493606
 Final Knapsack time: 1.5859e-05

Karmarkar-Karp previous efficiency: 0.9338172576
Karmarkar-Karp ratio: 1.055085088
 Final Karmarkar-Karp time: 0.000104204

SFC previous efficiency: 0.7745571563
 Time take to run this function: 5.01e-07
SFC ratio: 1
 Final SFC time: 2.3224e-05

SFC+Knapsack previous efficiency: 0.8806253752
SFC + Knapsack ratio: 1.055046225
 Final SFC+Knapsack_Combined time: 1.9757e-05

SFC+Painter previous efficiency: 0.7862939773
SFC+painterPartition efficiency: 0.7862939773
SFC+Painter ratio: 1
 Final SFC+Painter time: 2.6891e-05

Painter+Knapsack previous efficiency: 0.8809893116
Painter+Knapsack ratio: 1.054610386
 Final painter+Knapsack_Combined time: 2.4546e-05
Run 29
File weights 51 and ranks 51
Original previous efficiency: 0.9311681856
Original efficiency: 0.9311681856
Original ratio: 1
Knapsack previous efficiency: 0.9311681856
Knapsack ratio: 1.059072467
 Final Knapsack time: 1.613e-05

Karmarkar-Karp previous efficiency: 0.9312169464
Karmarkar-Karp ratio: 1.059461501
 Final Karmarkar-Karp time: 9.8463e-05

SFC previous efficiency: 0.7756696479
 Time take to run this function: 4.11e-07
SFC ratio: 1
 Final SFC time: 2.1731e-05

SFC+Knapsack previous efficiency: 0.8772447532
SFC + Knapsack ratio: 1.07766935
 Final SFC+Knapsack_Combined time: 2.0047e-05

SFC+Painter previous efficiency: 0.7788828685
SFC+painterPartition efficiency: 0.7788828685
SFC+Painter ratio: 1
 Final SFC+Painter time: 2.688e-05

Painter+Knapsack previous efficiency: 0.888215237
Painter+Knapsack ratio: 1.064358889
 Final painter+Knapsack_Combined time: 2.4706e-05
Run 30
File weights 51 and ranks 51
Original previous efficiency: 0.9271574535
Original efficiency: 0.9271574535
Original ratio: 1
Knapsack previous efficiency: 0.9271574535
Knapsack ratio: 1.066669608
 Final Knapsack time: 1.624e-05

Karmarkar-Karp previous efficiency: 0.9272182685
Karmarkar-Karp ratio: 1.066934056
 Final Karmarkar-Karp time: 8.8074e-05

SFC previous efficiency: 0.7788863503
 Time take to run this function: 5.01e-07
SFC ratio: 1
 Final SFC time: 2.1821e-05

SFC+Knapsack previous efficiency: 0.8898504592
SFC + Knapsack ratio: 1.062929231
 Final SFC+Knapsack_Combined time: 1.9806e-05

SFC+Painter previous efficiency: 0.7661533441
SFC+painterPartition efficiency: 0.7788863503
SFC+Painter ratio: 1.016619396
 Final SFC+Painter time: 2.7902e-05

Painter+Knapsack previous efficiency: 0.8818846543
Painter+Knapsack ratio: 1.072530358
 Final painter+Knapsack_Combined time: 2.4887e-05
Run 31
File weights 51 and ranks 51
Original previous efficiency: 0.9228135947
Original efficiency: 0.9228135947
Original ratio: 1
Knapsack previous efficiency: 0.9228135947
Knapsack ratio: 1.068447463
 Final Knapsack time: 1.5529e-05

Karmarkar-Karp previous efficiency: 0.9228232966
Karmarkar-Karp ratio: 1.06920081
 Final Karmarkar-Karp time: 9.4596e-05

SFC previous efficiency: 0.7798105362
 Time take to run this function: 5.01e-07
SFC ratio: 1
 Final SFC time: 2.167e-05

SFC+Knapsack previous efficiency: 0.9042511299
SFC + Knapsack ratio: 1.049856669
 Final SFC+Knapsack_Combined time: 1.9436e-05

SFC+Painter previous efficiency: 0.7532888327
SFC+painterPartition efficiency: 0.7798105362
SFC+Painter ratio: 1.035207881
 Final SFC+Painter time: 2.717e-05

Painter+Knapsack previous efficiency: 0.8803804937
Painter+Knapsack ratio: 1.078322482
 Final painter+Knapsack_Combined time: 2.5598e-05
Run 32
File weights 51 and ranks 51
Original previous efficiency: 0.9142896624
Original efficiency: 0.9142896624
Original ratio: 1
Knapsack previous efficiency: 0.9142896624
Knapsack ratio: 1.079877461
 Final Knapsack time: 1.611e-05

Karmarkar-Karp previous efficiency: 0.9143645093
Karmarkar-Karp ratio: 1.079789066
 Final Karmarkar-Karp time: 0.000119774

SFC previous efficiency: 0.7886945029
 Time take to run this function: 4.61e-07
SFC ratio: 1
 Final SFC time: 2.2622e-05

SFC+Knapsack previous efficiency: 0.9138837625
SFC + Knapsack ratio: 1.042218276
 Final SFC+Knapsack_Combined time: 2.0267e-05

SFC+Painter previous efficiency: 0.740528814
SFC+painterPartition efficiency: 0.7886945029
SFC+Painter ratio: 1.065042289
 Final SFC+Painter time: 2.7752e-05

Painter+Knapsack previous efficiency: 0.8842627005
Painter+Knapsack ratio: 1.07713054
 Final painter+Knapsack_Combined time: 2.5037e-05
Run 33
File weights 51 and ranks 51
Original previous efficiency: 0.9052617711
Original efficiency: 0.9052617711
Original ratio: 1
Knapsack previous efficiency: 0.9052617711
Knapsack ratio: 1.080847856
 Final Knapsack time: 1.5819e-05

Karmarkar-Karp previous efficiency: 0.9053552266
Karmarkar-Karp ratio: 1.092220074
 Final Karmarkar-Karp time: 9.8754e-05

SFC previous efficiency: 0.7885495654
 Time take to run this function: 4.5e-07
SFC ratio: 1
 Final SFC time: 2.1801e-05

SFC+Knapsack previous efficiency: 0.9265817865
SFC + Knapsack ratio: 1.032304898
 Final SFC+Knapsack_Combined time: 1.9667e-05

SFC+Painter previous efficiency: 0.7319625858
SFC+painterPartition efficiency: 0.7885495654
SFC+Painter ratio: 1.077308568
 Final SFC+Painter time: 2.8863e-05

Painter+Knapsack previous efficiency: 0.8767841871
Painter+Knapsack ratio: 1.09093541
 Final painter+Knapsack_Combined time: 2.5277e-05
Run 34
File weights 51 and ranks 51
Original previous efficiency: 0.8695678762
Original efficiency: 0.8695678762
Original ratio: 1
Knapsack previous efficiency: 0.8695678762
Knapsack ratio: 1.131110505
 Final Knapsack time: 1.5739e-05

Karmarkar-Karp previous efficiency: 0.8697005492
Karmarkar-Karp ratio: 1.138239595
 Final Karmarkar-Karp time: 9.4116e-05

SFC previous efficiency: 0.775022038
 Time take to run this function: 5.71e-07
SFC ratio: 1.018699809
 Final SFC time: 2.2261e-05

SFC+Knapsack previous efficiency: 0.9074266133
SFC + Knapsack ratio: 1.018393321
 Final SFC+Knapsack_Combined time: 2.0769e-05

SFC+Painter previous efficiency: 0.7225437035
SFC+painterPartition efficiency: 0.7895148017
SFC+Painter ratio: 1.092687955
 Final SFC+Painter time: 2.7761e-05

Painter+Knapsack previous efficiency: 0.8699208228
Painter+Knapsack ratio: 1.062300359
 Final painter+Knapsack_Combined time: 2.5638e-05
Run 35
File weights 51 and ranks 51
Original previous efficiency: 0.8488546197
Original efficiency: 0.9699572788
Original ratio: 1.14266596
Knapsack previous efficiency: 0.9699572788
Knapsack ratio: 1.007728356
 Final Knapsack time: 1.5849e-05

Karmarkar-Karp previous efficiency: 0.9632645617
Karmarkar-Karp ratio: 1.023491436
 Final Karmarkar-Karp time: 9.4075e-05

SFC previous efficiency: 0.7692235272
 Time take to run this function: 4.61e-07
SFC ratio: 1.025336253
 Final SFC time: 2.2221e-05

SFC+Knapsack previous efficiency: 0.8854704243
SFC + Knapsack ratio: 1
 Final SFC+Knapsack_Combined time: 2.4736e-05

SFC+Painter previous efficiency: 0.7109493869
SFC+painterPartition efficiency: 0.7945088813
SFC+Painter ratio: 1.117532269
 Final SFC+Painter time: 3.0496e-05

Painter+Knapsack previous efficiency: 0.8731075455
Painter+Knapsack ratio: 1.014159629
 Final painter+Knapsack_Combined time: 3.3252e-05
Run 36
File weights 51 and ranks 51
Original previous efficiency: 0.9396097191
Original efficiency: 0.9396097191
Original ratio: 1
Knapsack previous efficiency: 0.9396097191
Knapsack ratio: 1.051488565
 Final Knapsack time: 2.0779e-05

Karmarkar-Karp previous efficiency: 0.9615479034
Karmarkar-Karp ratio: 1.027937697
 Final Karmarkar-Karp time: 0.000143818

SFC previous efficiency: 0.768806953
 Time take to run this function: 7.21e-07
SFC ratio: 1
 Final SFC time: 4.1517e-05

SFC+Knapsack previous efficiency: 0.909657338
SFC + Knapsack ratio: 1
 Final SFC+Knapsack_Combined time: 2.8032e-05

SFC+Painter previous efficiency: 0.8038545714
SFC+painterPartition efficiency: 0.8038545714
SFC+Painter ratio: 1
 Final SFC+Painter time: 3.6989e-05

Painter+Knapsack previous efficiency: 0.8990907986
Painter+Knapsack ratio: 1.011752472
 Final painter+Knapsack_Combined time: 3.8301e-05
Run 37
File weights 51 and ranks 51
Original previous efficiency: 0.9170810971
Original efficiency: 0.9170810971
Original ratio: 1
Knapsack previous efficiency: 0.9170810971
Knapsack ratio: 1.072959435
 Final Knapsack time: 2.2502e-05

Karmarkar-Karp previous efficiency: 0.9336078493
Karmarkar-Karp ratio: 1.054262475
 Final Karmarkar-Karp time: 0.000129452

SFC previous efficiency: 0.7549849144
 Time take to run this function: 6.31e-07
SFC ratio: 0.9808921683
 Final SFC time: 3.0657e-05

SFC+Knapsack previous efficiency: 0.9202371306
SFC + Knapsack ratio: 0.9390879039
 Final SFC+Knapsack_Combined time: 2.8774e-05

SFC+Painter previous efficiency: 0.8096540703
SFC+painterPartition efficiency: 0.8096540703
SFC+Painter ratio: 1
 Final SFC+Painter time: 3.4534e-05

Painter+Knapsack previous efficiency: 0.905417027
Painter+Knapsack ratio: 1.025111674
 Final painter+Knapsack_Combined time: 3.3943e-05
Run 38
File weights 51 and ranks 51
Original previous efficiency: 0.8986205999
Original efficiency: 0.8986205999
Original ratio: 1
Knapsack previous efficiency: 0.8986205999
Knapsack ratio: 1.102177355
 Final Knapsack time: 2.0118e-05

Karmarkar-Karp previous efficiency: 0.907986931
Karmarkar-Karp ratio: 1.091419329
 Final Karmarkar-Karp time: 0.000130564

SFC previous efficiency: 0.7507561788
 Time take to run this function: 6.61e-07
SFC ratio: 1
 Final SFC time: 2.8854e-05

SFC+Knapsack previous efficiency: 0.9187079145
SFC + Knapsack ratio: 1.043845678
 Final SFC+Knapsack_Combined time: 2.7802e-05

SFC+Painter previous efficiency: 0.8203801262
SFC+painterPartition efficiency: 0.8203801262
SFC+Painter ratio: 1
 Final SFC+Painter time: 3.8621e-05

Painter+Knapsack previous efficiency: 0.8986094755
Painter+Knapsack ratio: 1.067192492
 Final painter+Knapsack_Combined time: 3.8792e-05
Run 39
File weights 51 and ranks 51
Original previous efficiency: 0.8784541601
Original efficiency: 0.9697322063
Original ratio: 1.10390758
Knapsack previous efficiency: 0.9697322063
Knapsack ratio: 1.013764714
 Final Knapsack time: 2.2802e-05

Karmarkar-Karp previous efficiency: 0.8871883231
Karmarkar-Karp ratio: 1.110962925
 Final Karmarkar-Karp time: 0.000138639

SFC previous efficiency: 0.7414591384
 Time take to run this function: 7.21e-07
SFC ratio: 1.034883903
 Final SFC time: 3.2019e-05

SFC+Knapsack previous efficiency: 0.9166565143
SFC + Knapsack ratio: 0.9475674854
 Final SFC+Knapsack_Combined time: 2.8924e-05

SFC+Painter previous efficiency: 0.8413727431
SFC+painterPartition efficiency: 0.8413727431
SFC+Painter ratio: 1
 Final SFC+Painter time: 3.9133e-05

Painter+Knapsack previous efficiency: 0.9138950045
Painter+Knapsack ratio: 1.065224465
 Final painter+Knapsack_Combined time: 3.9644e-05
Run 40
File weights 51 and ranks 51
Original previous efficiency: 0.9538731765
Original efficiency: 0.9538731765
Original ratio: 1
Knapsack previous efficiency: 0.9538731765
Knapsack ratio: 1.031257847
 Final Knapsack time: 2.2562e-05

Karmarkar-Karp previous efficiency: 0.9788869366
Karmarkar-Karp ratio: 1.008917706
 Final Karmarkar-Karp time: 0.000173684

SFC previous efficiency: 0.738285024
 Time take to run this function: 8.02e-07
SFC ratio: 1.064292688
 Final SFC time: 3.0868e-05

SFC+Knapsack previous efficiency: 0.9182145882
SFC + Knapsack ratio: 0.944938756
 Final SFC+Knapsack_Combined time: 3.0987e-05

SFC+Painter previous efficiency: 0.8300204942
SFC+painterPartition efficiency: 0.8300204942
SFC+Painter ratio: 1
 Final SFC+Painter time: 3.722e-05

Painter+Knapsack previous efficiency: 0.9135428438
Painter+Knapsack ratio: 1.051359213
 Final painter+Knapsack_Combined time: 3.769e-05
Run 41
File weights 51 and ranks 51
Original previous efficiency: 0.9431862434
Original efficiency: 0.9431862434
Original ratio: 1
Knapsack previous efficiency: 0.9431862434
Knapsack ratio: 1.044823424
 Final Knapsack time: 2.2692e-05

Karmarkar-Karp previous efficiency: 0.9698799218
Karmarkar-Karp ratio: 1.021665404
 Final Karmarkar-Karp time: 0.000144409

SFC previous efficiency: 0.7361254707
 Time take to run this function: 6.51e-07
SFC ratio: 1.084393241
 Final SFC time: 2.9164e-05

SFC+Knapsack previous efficiency: 0.9118872684
SFC + Knapsack ratio: 0.9482315498
 Final SFC+Knapsack_Combined time: 2.9635e-05

SFC+Painter previous efficiency: 0.8084909576
SFC+painterPartition efficiency: 0.8198282133
SFC+Painter ratio: 1.014022737
 Final SFC+Painter time: 3.8942e-05

Painter+Knapsack previous efficiency: 0.9060108385
Painter+Knapsack ratio: 1.048953076
 Final painter+Knapsack_Combined time: 3.6979e-05
Run 42
File weights 51 and ranks 51
Original previous efficiency: 0.9312761624
Original efficiency: 0.9312761624
Original ratio: 1
Knapsack previous efficiency: 0.9312761624
Knapsack ratio: 1.059489874
 Final Knapsack time: 2.4626e-05

Karmarkar-Karp previous efficiency: 0.9678576859
Karmarkar-Karp ratio: 1.024706759
 Final Karmarkar-Karp time: 0.000140432

SFC previous efficiency: 0.7360590498
 Time take to run this function: 6.81e-07
SFC ratio: 1.08291997
 Final SFC time: 3.0136e-05

SFC+Knapsack previous efficiency: 0.9038413227
SFC + Knapsack ratio: 0.9564543935
 Final SFC+Knapsack_Combined time: 2.9134e-05

SFC+Painter previous efficiency: 0.7970930444
SFC+painterPartition efficiency: 0.8206739924
SFC+Painter ratio: 1.029583683
 Final SFC+Painter time: 3.9113e-05

Painter+Knapsack previous efficiency: 0.9000518444
Painter+Knapsack ratio: 1.043358753
 Final painter+Knapsack_Combined time: 3.8732e-05
Run 43
File weights 51 and ranks 51
Original previous efficiency: 0.9220316972
Original efficiency: 0.9220316972
Original ratio: 1
Knapsack previous efficiency: 0.9220316972
Knapsack ratio: 1.069098362
 Final Knapsack time: 2.178e-05

Karmarkar-Karp previous efficiency: 0.9662984314
Karmarkar-Karp ratio: 1.020669656
 Final Karmarkar-Karp time: 0.000148657

SFC previous efficiency: 0.7380120973
 Time take to run this function: 6.51e-07
SFC ratio: 1
 Final SFC time: 3.1118e-05

SFC+Knapsack previous efficiency: 0.8978081292
SFC + Knapsack ratio: 1.038914695
 Final SFC+Knapsack_Combined time: 3.0016e-05

SFC+Painter previous efficiency: 0.7862750501
SFC+painterPartition efficiency: 0.8173545246
SFC+Painter ratio: 1.039527484
 Final SFC+Painter time: 3.8973e-05

Painter+Knapsack previous efficiency: 0.8983456608
Painter+Knapsack ratio: 1.038293053
 Final painter+Knapsack_Combined time: 3.5576e-05
Run 44
File weights 51 and ranks 51
Original previous efficiency: 0.919787482
Original efficiency: 0.919787482
Original ratio: 1
Knapsack previous efficiency: 0.919787482
Knapsack ratio: 1.068337727
 Final Knapsack time: 2.175e-05

Karmarkar-Karp previous efficiency: 0.9598923485
Karmarkar-Karp ratio: 1.035523835
 Final Karmarkar-Karp time: 0.000136153

SFC previous efficiency: 0.7377406153
 Time take to run this function: 6.71e-07
SFC ratio: 1
 Final SFC time: 3.0006e-05

SFC+Knapsack previous efficiency: 0.8977455297
SFC + Knapsack ratio: 1.036842117
 Final SFC+Knapsack_Combined time: 2.7672e-05

SFC+Painter previous efficiency: 0.7779090674
SFC+painterPartition efficiency: 0.8180954486
SFC+Painter ratio: 1.051659484
 Final SFC+Painter time: 3.6198e-05

Painter+Knapsack previous efficiency: 0.8935872787
Painter+Knapsack ratio: 1.041666995
 Final painter+Knapsack_Combined time: 3.8562e-05
Run 45
File weights 51 and ranks 51
Original previous efficiency: 0.9168474203
Original efficiency: 0.9168474203
Original ratio: 1
Knapsack previous efficiency: 0.9168474203
Knapsack ratio: 1.071147278
 Final Knapsack time: 2.2873e-05

Karmarkar-Karp previous efficiency: 0.9594761245
Karmarkar-Karp ratio: 1.036493956
 Final Karmarkar-Karp time: 0.000137596

SFC previous efficiency: 0.7420147202
 Time take to run this function: 7.81e-07
SFC ratio: 1
 Final SFC time: 3.1489e-05

SFC+Knapsack previous efficiency: 0.8948219706
SFC + Knapsack ratio: 1.043578724
 Final SFC+Knapsack_Combined time: 2.9234e-05

SFC+Painter previous efficiency: 0.7752889127
SFC+painterPartition efficiency: 0.8160158523
SFC+Painter ratio: 1.052531307
 Final SFC+Painter time: 3.7329e-05

Painter+Knapsack previous efficiency: 0.8928017773
Painter+Knapsack ratio: 1.045940088
 Final painter+Knapsack_Combined time: 3.763e-05
Run 46
File weights 51 and ranks 51
Original previous efficiency: 0.907605246
Original efficiency: 0.907605246
Original ratio: 1
Knapsack previous efficiency: 0.907605246
Knapsack ratio: 1.085545642
 Final Knapsack time: 2.3133e-05

Karmarkar-Karp previous efficiency: 0.9544414266
Karmarkar-Karp ratio: 1.033496067
 Final Karmarkar-Karp time: 0.000138548

SFC previous efficiency: 0.7404905936
 Time take to run this function: 7.72e-07
SFC ratio: 1
 Final SFC time: 2.9616e-05

SFC+Knapsack previous efficiency: 0.8980891018
SFC + Knapsack ratio: 1.036239065
 Final SFC+Knapsack_Combined time: 2.9585e-05

SFC+Painter previous efficiency: 0.772301448
SFC+painterPartition efficiency: 0.8184240036
SFC+Painter ratio: 1.059720923
 Final SFC+Painter time: 3.8171e-05

Painter+Knapsack previous efficiency: 0.8897151733
Painter+Knapsack ratio: 1.045992065
 Final painter+Knapsack_Combined time: 3.8712e-05
Run 47
File weights 51 and ranks 51
Original previous efficiency: 0.8870443297
Original efficiency: 0.8870443297
Original ratio: 1
Knapsack previous efficiency: 0.8870443297
Knapsack ratio: 1.114161555
 Final Knapsack time: 2.3213e-05

Karmarkar-Karp previous efficiency: 0.9432644718
Karmarkar-Karp ratio: 1.047755661
 Final Karmarkar-Karp time: 0.000135713

SFC previous efficiency: 0.7442610695
 Time take to run this function: 7.72e-07
SFC ratio: 1
 Final SFC time: 3.0126e-05

SFC+Knapsack previous efficiency: 0.9024855324
SFC + Knapsack ratio: 1.037353221
 Final SFC+Knapsack_Combined time: 2.7942e-05

SFC+Painter previous efficiency: 0.7518019956
SFC+painterPartition efficiency: 0.8236191059
SFC+Painter ratio: 1.095526629
 Final SFC+Painter time: 3.4194e-05

Painter+Knapsack previous efficiency: 0.8930000279
Painter+Knapsack ratio: 1.048372054
 Final painter+Knapsack_Combined time: 3.6297e-05
Run 48
File weights 51 and ranks 51
Original previous efficiency: 0.8809517719
Original efficiency: 0.9886428036
Original ratio: 1.122243958
Knapsack previous efficiency: 0.9886428036
Knapsack ratio: 1.001136156
 Final Knapsack time: 1.9967e-05

Karmarkar-Karp previous efficiency: 0.9422722822
Karmarkar-Karp ratio: 1.054650424
 Final Karmarkar-Karp time: 0.000123991

SFC previous efficiency: 0.7401618527
 Time take to run this function: 3.6e-07
SFC ratio: 1
 Final SFC time: 2.144e-05

SFC+Knapsack previous efficiency: 0.9078880373
SFC + Knapsack ratio: 1.040725462
 Final SFC+Knapsack_Combined time: 2.7461e-05

SFC+Painter previous efficiency: 0.7435595567
SFC+painterPartition efficiency: 0.8129726064
SFC+Painter ratio: 1.093352374
 Final SFC+Painter time: 3.6027e-05

Painter+Knapsack previous efficiency: 0.8894266167
Painter+Knapsack ratio: 1.062327324
 Final painter+Knapsack_Combined time: 3.5436e-05
Run 49
File weights 51 and ranks 51
Original previous efficiency: 0.9875464786
Original efficiency: 0.9875464786
Original ratio: 1
Knapsack previous efficiency: 0.9875464786
Knapsack ratio: 1.003556421
 Final Knapsack time: 2.0629e-05

Karmarkar-Karp previous efficiency: 0.9493525314
Karmarkar-Karp ratio: 1.043931077
 Final Karmarkar-Karp time: 0.000130784

SFC previous efficiency: 0.7422483801
 Time take to run this function: 5.61e-07
SFC ratio: 1
 Final SFC time: 2.7171e-05

SFC+Knapsack previous efficiency: 0.9070161096
SFC + Knapsack ratio: 1.042341894
 Final SFC+Knapsack_Combined time: 2.8343e-05

SFC+Painter previous efficiency: 0.7428531437
SFC+painterPartition efficiency: 0.8127901652
SFC+Painter ratio: 1.094146497
 Final SFC+Painter time: 3.6087e-05

Painter+Knapsack previous efficiency: 0.8834244007
Painter+Knapsack ratio: 1.070177469
 Final painter+Knapsack_Combined time: 3.5476e-05
Run 50
File weights 51 and ranks 51
Original previous efficiency: 0.9830321123
Original efficiency: 0.9830321123
Original ratio: 1
Knapsack previous efficiency: 0.9830321123
Knapsack ratio: 1.008525943
 Final Knapsack time: 2.2392e-05

Karmarkar-Karp previous efficiency: 0.9540039477
Karmarkar-Karp ratio: 1.039213088
 Final Karmarkar-Karp time: 0.000129321

SFC previous efficiency: 0.74431961
 Time take to run this function: 6.21e-07
SFC ratio: 1
 Final SFC time: 2.8423e-05

SFC+Knapsack previous efficiency: 0.9123471386
SFC + Knapsack ratio: 1.04458619
 Final SFC+Knapsack_Combined time: 2.8774e-05

SFC+Painter previous efficiency: 0.73203781
SFC+painterPartition efficiency: 0.8035036154
SFC+Painter ratio: 1.097625839
 Final SFC+Painter time: 3.5656e-05

Painter+Knapsack previous efficiency: 0.8806019784
Painter+Knapsack ratio: 1.082242881
 Final painter+Knapsack_Combined time: 3.4875e-05


TinyProfiler total time across processes [min...avg...max]: 0.515 ... 0.515 ... 0.515

-------------------------------------------------------------------------------------
Name                                  NCalls  Excl. Min  Excl. Avg  Excl. Max   Max %
-------------------------------------------------------------------------------------
kk()                                      51    0.07249    0.07249    0.07249  14.08%
painterPartition()                       102   0.001848   0.001848   0.001848   0.36%
knapsack()                               255  0.0009686  0.0009686  0.0009686   0.19%
SFCProcessorMapDoIt()                     51  0.0008105  0.0008105  0.0008105   0.16%
SFCProcessorMapDoItCombined()             51  0.0003621  0.0003621  0.0003621   0.07%
SFCProcessorMapDoItCombinedPainter()      51   0.000238   0.000238   0.000238   0.05%
Distribute()                             102  0.0001605  0.0001605  0.0001605   0.03%
KKDoIt()                                  51  0.0001296  0.0001296  0.0001296   0.03%
KnapSackDoIt()                            51  0.0001275  0.0001275  0.0001275   0.02%
knapsack()swap                            10  3.596e-06  3.596e-06  3.596e-06   0.00%
-------------------------------------------------------------------------------------

-------------------------------------------------------------------------------------
Name                                  NCalls  Incl. Min  Incl. Avg  Incl. Max   Max %
-------------------------------------------------------------------------------------
KKDoIt()                                  51    0.07262    0.07262    0.07262  14.10%
kk()                                      51    0.07249    0.07249    0.07249  14.08%
painterPartition()                       102   0.001848   0.001848   0.001848   0.36%
SFCProcessorMapDoItCombinedPainter()      51   0.001055   0.001055   0.001055   0.20%
knapsack()                               255  0.0009722  0.0009722  0.0009722   0.19%
SFCProcessorMapDoIt()                     51  0.0009127  0.0009127  0.0009127   0.18%
SFCProcessorMapDoItCombined()             51  0.0007424  0.0007424  0.0007424   0.14%
KnapSackDoIt()                            51  0.0004852  0.0004852  0.0004852   0.09%
Distribute()                             102  0.0001605  0.0001605  0.0001605   0.03%
knapsack()swap                            10  3.596e-06  3.596e-06  3.596e-06   0.00%
-------------------------------------------------------------------------------------

Pinned Memory Usage:
---------------------------------------------------------------
Name                            Nalloc  Nfree  AvgMem    MaxMem
---------------------------------------------------------------
The_Pinned_Arena::Initialize()       1      1  55 KiB  8192 KiB
---------------------------------------------------------------

AMReX (25.06-22-g1d307c2c661a) finalized
