Initializing AMReX (25.06-22-g1d307c2c661a-dirty)...
OMP initialized with 256 OMP threads
AMReX (25.06-22-g1d307c2c661a-dirty) initialized
Starting running input_laser_ion running with 2 nodes and 4 ranks per node.
Total steps: 5000, intervals: 100 = 50 runs
Reading precomputed weights, memory, and ranks from file: /global/homes/j/jessd/amrex_LB/Tools/lb_extractor/lb_inputs/laser_ion_smaller_4_boxes_8_ranks_lb_data.txt
/global/homes/j/jessd/amrex_LB/Tools/lb_extractor/lb_inputs/laser_ion_smaller_4_boxes_8_ranks_lb_data.txt
Run 0: Weights size: 48
Run 1: Weights size: 48
Run 2: Weights size: 48
Run 3: Weights size: 48
Run 4: Weights size: 48
Run 5: Weights size: 48
Run 6: Weights size: 48
Run 7: Weights size: 48
Run 8: Weights size: 48
Run 9: Weights size: 48
Run 10: Weights size: 48
Run 11: Weights size: 48
Run 12: Weights size: 48
Run 13: Weights size: 48
Run 14: Weights size: 48
Run 15: Weights size: 48
Run 16: Weights size: 48
Run 17: Weights size: 48
Run 18: Weights size: 48
Run 19: Weights size: 48
Run 20: Weights size: 48
Run 21: Weights size: 48
Run 22: Weights size: 48
Run 23: Weights size: 48
Run 24: Weights size: 48
Run 25: Weights size: 48
Run 26: Weights size: 48
Run 27: Weights size: 48
Run 28: Weights size: 48
Run 29: Weights size: 48
Run 30: Weights size: 48
Run 31: Weights size: 48
Run 32: Weights size: 48
Run 33: Weights size: 48
Run 34: Weights size: 48
Run 35: Weights size: 48
Run 36: Weights size: 48
Run 37: Weights size: 48
Run 38: Weights size: 48
Run 39: Weights size: 48
Run 40: Weights size: 48
Run 41: Weights size: 48
Run 42: Weights size: 48
Run 43: Weights size: 48
Run 44: Weights size: 48
Run 45: Weights size: 48
Run 46: Weights size: 48
Run 47: Weights size: 48
Run 48: Weights size: 48
Run 49: Weights size: 48
Run 50: Weights size: 48
Run 0
File weights 51 and ranks 51
Original efficiency: 0.3186647986
Original ratio: inf
Knapsack ratio: inf
 Final Knapsack time: 0.001996238

Karmarkar-Karp ratio: inf
 Final Karmarkar-Karp time: 0.001667431

 Time take to run this function: 1.062e-06
SFC ratio: inf
 Final SFC time: 0.000622115

DM: HilbertProcessorMapDoIt called...
  (nprocs, nteams, nworkers) = (8, 8, 1)
Building Hilbert lookup table for order 8...
  Bucket 0 contains 1127365312
  Bucket 1 contains 1000000000
  Bucket 2 contains 1750082458
  Bucket 3 contains 1617588156
  Bucket 4 contains 1869041565
  Bucket 5 contains 1542711584
  Bucket 6 contains 1322418452
  Bucket 7 contains 1763004716
Hilbert SFC efficiency: 0.8020295313
Hilbert SFC ratio: inf
 Final Hilbert SFC time: 1.17108979

SFC + Knapsack ratio: inf
 Final SFC+Knapsack_Combined time: 0.000616645

Binary search iterations: 30
SFC+painterPartition efficiency: 0.8118243548
SFC+Painter ratio: inf
 Final SFC+Painter time: 0.002242405

Binary search iterations: 30
Hilbert+painterPartition efficiency: 0.8098837076
Hilbert+Painter ratio: inf
 Final Hilbert+Painter time: 0.001236345
Binary search iterations: 30
SFC+painterPartition efficiency: 0.9951569781
Painter+Knapsack ratio: inf
 Final painter+Knapsack_Combined time: 0.002675964
Run 1
File weights 51 and ranks 51
Original previous efficiency: 0.3184924937
Original efficiency: 0.3184924937
Original ratio: 1
Knapsack previous efficiency: 0.9717151628
Knapsack ratio: 1.000471826
 Final Knapsack time: 0.002278685

Karmarkar-Karp previous efficiency: 0.971629925
Karmarkar-Karp ratio: 1.000559594
 Final Karmarkar-Karp time: 0.001807953

SFC previous efficiency: 0.7386215348
 Time take to run this function: 8.119999999e-07
SFC ratio: 1
 Final SFC time: 0.000693473

Hilbert SFC previous efficiency: 0.8021191568
DM: HilbertProcessorMapDoIt called...
  (nprocs, nteams, nworkers) = (8, 8, 1)
  Bucket 0 contains 1127385660
  Bucket 1 contains 999997201
  Bucket 2 contains 1750092140
  Bucket 3 contains 1617335349
  Bucket 4 contains 1868635820
  Bucket 5 contains 1541694384
  Bucket 6 contains 1324663067
  Bucket 7 contains 1761145085
Hilbert SFC efficiency: 0.8021191568
Hilbert SFC ratio: 1
 Final Hilbert SFC time: 0.003676122

SFC+Knapsack previous efficiency: 0.8511415532
SFC + Knapsack ratio: 1.000798191
 Final SFC+Knapsack_Combined time: 0.000660159

SFC+Painter previous efficiency: 0.8114321269
Binary search iterations: 30
SFC+painterPartition efficiency: 0.8114321269
SFC+Painter ratio: 1
 Final SFC+Painter time: 0.002087304

Hilbert+Painter previous efficiency: 0.809916464
Binary search iterations: 30
Hilbert+painterPartition efficiency: 0.809916464
Hilbert+Painter ratio: 1
 Final Hilbert+Painter time: 0.001090764
Painter+Knapsack previous efficiency: 0.8511415532
Binary search iterations: 30
SFC+painterPartition efficiency: 0.9949954335
Painter+Knapsack ratio: 1.000798191
 Final painter+Knapsack_Combined time: 0.002529651
Run 2
File weights 51 and ranks 51
Original previous efficiency: 0.3178943502
Original efficiency: 0.9735981106
Original ratio: 3.062646788
Knapsack previous efficiency: 0.9703069001
Knapsack ratio: 1.00371656
 Final Knapsack time: 0.001653784

Karmarkar-Karp previous efficiency: 0.9706197669
Karmarkar-Karp ratio: 1.003393025
 Final Karmarkar-Karp time: 0.001889701

SFC previous efficiency: 0.7371981607
 Time take to run this function: 4.610000002e-07
SFC ratio: 1
 Final SFC time: 0.000651072

Hilbert SFC previous efficiency: 0.8021664641
DM: HilbertProcessorMapDoIt called...
  (nprocs, nteams, nworkers) = (8, 8, 1)
  Bucket 0 contains 1127322204
  Bucket 1 contains 1000000001
  Bucket 2 contains 1750036029
  Bucket 3 contains 1617181363
  Bucket 4 contains 1868293414
  Bucket 5 contains 1539323367
  Bucket 6 contains 1333736016
  Bucket 7 contains 1753566180
Hilbert SFC efficiency: 0.8021664641
Hilbert SFC ratio: 1
 Final Hilbert SFC time: 0.003457279

SFC+Knapsack previous efficiency: 0.8544057025
SFC + Knapsack ratio: 1.004350581
 Final SFC+Knapsack_Combined time: 0.000495109

SFC+Painter previous efficiency: 0.8096345988
Binary search iterations: 30
SFC+painterPartition efficiency: 0.8096345988
SFC+Painter ratio: 1
 Final SFC+Painter time: 0.002045975

Hilbert+Painter previous efficiency: 0.8098784982
Binary search iterations: 29
Hilbert+painterPartition efficiency: 0.8098784982
Hilbert+Painter ratio: 1
 Final Hilbert+Painter time: 0.000953317
Painter+Knapsack previous efficiency: 0.8544057025
Binary search iterations: 30
SFC+painterPartition efficiency: 0.9943050393
Painter+Knapsack ratio: 1.004350581
 Final painter+Knapsack_Combined time: 0.002600659
Run 3
File weights 51 and ranks 51
Original previous efficiency: 0.973195089
Original efficiency: 0.973195089
Original ratio: 1
Knapsack previous efficiency: 0.9677874728
Knapsack ratio: 1.007690639
 Final Knapsack time: 0.001730393

Karmarkar-Karp previous efficiency: 0.9719392191
Karmarkar-Karp ratio: 1.003386177
 Final Karmarkar-Karp time: 0.001846217

SFC previous efficiency: 0.7353455493
 Time take to run this function: 4.910000002e-07
SFC ratio: 1
 Final SFC time: 0.00060915

Hilbert SFC previous efficiency: 0.8021880558
DM: HilbertProcessorMapDoIt called...
  (nprocs, nteams, nworkers) = (8, 8, 1)
  Bucket 0 contains 1127281286
  Bucket 1 contains 999980870
  Bucket 2 contains 1750025880
  Bucket 3 contains 1617112353
  Bucket 4 contains 1867994710
  Bucket 5 contains 1539756069
  Bucket 6 contains 1347156849
  Bucket 7 contains 1738556340
Hilbert SFC efficiency: 0.8021880558
Hilbert SFC ratio: 1
 Final Hilbert SFC time: 0.004612025

SFC+Knapsack previous efficiency: 0.8586457258
SFC + Knapsack ratio: 1.00810968
 Final SFC+Knapsack_Combined time: 0.000664287

SFC+Painter previous efficiency: 0.8073245844
Binary search iterations: 30
SFC+painterPartition efficiency: 0.8073245844
SFC+Painter ratio: 1
 Final SFC+Painter time: 0.002014293

Hilbert+Painter previous efficiency: 0.8097958571
Binary search iterations: 30
Hilbert+painterPartition efficiency: 0.8097958571
Hilbert+Painter ratio: 1
 Final Hilbert+Painter time: 0.001009957
Painter+Knapsack previous efficiency: 0.8586457258
Binary search iterations: 30
SFC+painterPartition efficiency: 0.993397635
Painter+Knapsack ratio: 1.00810968
 Final painter+Knapsack_Combined time: 0.002553838
Run 4
File weights 51 and ranks 51
Original previous efficiency: 0.9731499685
Original efficiency: 0.9731499685
Original ratio: 1
Knapsack previous efficiency: 0.9624808971
Knapsack ratio: 1.013424944
 Final Knapsack time: 0.001739801

Karmarkar-Karp previous efficiency: 0.9626204025
Karmarkar-Karp ratio: 1.013278076
 Final Karmarkar-Karp time: 0.001724812

SFC previous efficiency: 0.7324777315
 Time take to run this function: 6.510000001e-07
SFC ratio: 1
 Final SFC time: 0.000567078

Hilbert SFC previous efficiency: 0.8013546769
DM: HilbertProcessorMapDoIt called...
  (nprocs, nteams, nworkers) = (8, 8, 1)
  Bucket 0 contains 1127297007
  Bucket 1 contains 1000000001
  Bucket 2 contains 1750037896
  Bucket 3 contains 1617061446
  Bucket 4 contains 1867770353
  Bucket 5 contains 1538043011
  Bucket 6 contains 1354773221
  Bucket 7 contains 1718989127
Hilbert SFC efficiency: 0.8013546769
Hilbert SFC ratio: 1
 Final Hilbert SFC time: 0.003538556

SFC+Knapsack previous efficiency: 0.870599051
SFC + Knapsack ratio: 1.000131105
 Final SFC+Knapsack_Combined time: 0.000494167

SFC+Painter previous efficiency: 0.8038688729
Binary search iterations: 30
SFC+painterPartition efficiency: 0.8056416475
SFC+Painter ratio: 1.002205303
 Final SFC+Painter time: 0.002083075

Hilbert+Painter previous efficiency: 0.8088786951
Binary search iterations: 30
Hilbert+painterPartition efficiency: 0.8088786951
Hilbert+Painter ratio: 1
 Final Hilbert+Painter time: 0.001113427
Painter+Knapsack previous efficiency: 0.870599051
Binary search iterations: 30
SFC+painterPartition efficiency: 0.9913256503
Painter+Knapsack ratio: 1.000131105
 Final painter+Knapsack_Combined time: 0.002611691
Run 5
File weights 51 and ranks 51
Original previous efficiency: 0.9613547067
Original efficiency: 0.9613547067
Original ratio: 1
Knapsack previous efficiency: 0.952597314
Knapsack ratio: 1.040713204
 Final Knapsack time: 0.001592605

Karmarkar-Karp previous efficiency: 0.9670758833
Karmarkar-Karp ratio: 1.025132174
 Final Karmarkar-Karp time: 0.001758888

SFC previous efficiency: 0.7252380753
 Time take to run this function: 5.009999999e-07
SFC ratio: 0.9557136802
 Final SFC time: 0.000656231

Hilbert SFC previous efficiency: 0.7960180155
DM: HilbertProcessorMapDoIt called...
  (nprocs, nteams, nworkers) = (8, 8, 1)
  Bucket 0 contains 1127266240
  Bucket 1 contains 999950541
  Bucket 2 contains 1750047577
  Bucket 3 contains 1616983466
  Bucket 4 contains 1867518906
  Bucket 5 contains 1546337354
  Bucket 6 contains 1330400634
  Bucket 7 contains 1654124829
Hilbert SFC efficiency: 0.7960180155
Hilbert SFC ratio: 1
 Final Hilbert SFC time: 0.00390144

SFC+Knapsack previous efficiency: 0.8760988892
SFC + Knapsack ratio: 1.025808973
 Final SFC+Knapsack_Combined time: 0.000396879

SFC+Painter previous efficiency: 0.7956094461
Binary search iterations: 30
SFC+painterPartition efficiency: 0.8193613656
SFC+Painter ratio: 1.029853742
 Final SFC+Painter time: 0.001948416

Hilbert+Painter previous efficiency: 0.8034148266
Binary search iterations: 30
Hilbert+painterPartition efficiency: 0.8034148266
Hilbert+Painter ratio: 1
 Final Hilbert+Painter time: 0.001130901
Painter+Knapsack previous efficiency: 0.8760988892
Binary search iterations: 30
SFC+painterPartition efficiency: 0.9835707766
Painter+Knapsack ratio: 1.025808973
 Final painter+Knapsack_Combined time: 0.00242067
Run 6
File weights 51 and ranks 51
Original previous efficiency: 0.9587740407
Original efficiency: 0.9587740407
Original ratio: 1
Knapsack previous efficiency: 0.9463249612
Knapsack ratio: 1.045828393
 Final Knapsack time: 0.001745812

Karmarkar-Karp previous efficiency: 0.9709600411
Karmarkar-Karp ratio: 1.019293763
 Final Karmarkar-Karp time: 0.001663012

SFC previous efficiency: 0.7233062383
 Time take to run this function: 5.009999999e-07
SFC ratio: 0.9587723354
 Final SFC time: 0.000591506

Hilbert SFC previous efficiency: 0.7947431088
DM: HilbertProcessorMapDoIt called...
  (nprocs, nteams, nworkers) = (8, 8, 1)
  Bucket 0 contains 1127229724
  Bucket 1 contains 999941678
  Bucket 2 contains 1750044893
  Bucket 3 contains 1616859743
  Bucket 4 contains 1867221481
  Bucket 5 contains 862552715
  Bucket 6 contains 2013431753
  Bucket 7 contains 1634409250
Hilbert SFC efficiency: 0.7370308939
Hilbert SFC ratio: 0.9273825538
 Final Hilbert SFC time: 0.003283562

SFC+Knapsack previous efficiency: 0.8704316807
SFC + Knapsack ratio: 1.043102785
 Final SFC+Knapsack_Combined time: 0.000473708

SFC+Painter previous efficiency: 0.7933974793
Binary search iterations: 30
SFC+painterPartition efficiency: 0.8191510199
SFC+Painter ratio: 1.032459821
 Final SFC+Painter time: 0.001898378

Hilbert+Painter previous efficiency: 0.8020671623
Binary search iterations: 30
Hilbert+painterPartition efficiency: 0.8020671623
Hilbert+Painter ratio: 1
 Final Hilbert+Painter time: 0.000843344
Painter+Knapsack previous efficiency: 0.8704316807
Binary search iterations: 29
SFC+painterPartition efficiency: 0.9815705114
Painter+Knapsack ratio: 1.043102785
 Final painter+Knapsack_Combined time: 0.002404779
Run 7
File weights 51 and ranks 51
Original previous efficiency: 0.9531928678
Original efficiency: 0.9531928678
Original ratio: 1
Knapsack previous efficiency: 0.9440511032
Knapsack ratio: 1.046033603
 Final Knapsack time: 0.001697459

Karmarkar-Karp previous efficiency: 0.9785724773
Karmarkar-Karp ratio: 1.009132384
 Final Karmarkar-Karp time: 0.001655327

SFC previous efficiency: 0.719960266
 Time take to run this function: 5.91e-07
SFC ratio: 0.9688391428
 Final SFC time: 0.000604301

Hilbert SFC previous efficiency: 0.7930231135
DM: HilbertProcessorMapDoIt called...
  (nprocs, nteams, nworkers) = (8, 8, 1)
  Bucket 0 contains 1127215908
  Bucket 1 contains 999942144
  Bucket 2 contains 1750030079
  Bucket 3 contains 1616805985
  Bucket 4 contains 1867006172
  Bucket 5 contains 863058721
  Bucket 6 contains 2004834061
  Bucket 7 contains 1615739310
Hilbert SFC efficiency: 0.7385045358
Hilbert SFC ratio: 0.931252221
 Final Hilbert SFC time: 0.003187836

SFC+Knapsack previous efficiency: 0.8686308349
SFC + Knapsack ratio: 1.054933456
 Final SFC+Knapsack_Combined time: 0.000460542

SFC+Painter previous efficiency: 0.7894661852
Binary search iterations: 30
SFC+painterPartition efficiency: 0.818927452
SFC+Painter ratio: 1.037317959
 Final SFC+Painter time: 0.005968003

Hilbert+Painter previous efficiency: 0.8002700389
Binary search iterations: 30
Hilbert+painterPartition efficiency: 0.8002700389
Hilbert+Painter ratio: 1
 Final Hilbert+Painter time: 0.00093411
Painter+Knapsack previous efficiency: 0.8686308349
Binary search iterations: 30
SFC+painterPartition efficiency: 0.978563309
Painter+Knapsack ratio: 1.054933456
 Final painter+Knapsack_Combined time: 0.002927142
Run 8
File weights 51 and ranks 51
Original previous efficiency: 0.9537892523
Original efficiency: 0.9537892523
Original ratio: 1
Knapsack previous efficiency: 0.9409188957
Knapsack ratio: 1.048456936
 Final Knapsack time: 0.001609328

Karmarkar-Karp previous efficiency: 0.9771079579
Karmarkar-Karp ratio: 1.009625328
 Final Karmarkar-Karp time: 0.001635869

SFC previous efficiency: 0.7206642547
 Time take to run this function: 6.41e-07
SFC ratio: 0.9665598845
 Final SFC time: 0.000570475

Hilbert SFC previous efficiency: 0.7923149112
DM: HilbertProcessorMapDoIt called...
  (nprocs, nteams, nworkers) = (8, 8, 1)
  Bucket 0 contains 1127269242
  Bucket 1 contains 1000000001
  Bucket 2 contains 1750015848
  Bucket 3 contains 1616700584
  Bucket 4 contains 1866804888
  Bucket 5 contains 860262704
  Bucket 6 contains 2004782311
  Bucket 7 contains 1606943215
Hilbert SFC efficiency: 0.7377845171
Hilbert SFC ratio: 0.9311758577
 Final Hilbert SFC time: 0.003391842

SFC+Knapsack previous efficiency: 0.8645244223
SFC + Knapsack ratio: 1.064679672
 Final SFC+Knapsack_Combined time: 0.000468077

SFC+Painter previous efficiency: 0.7903601539
Binary search iterations: 30
SFC+painterPartition efficiency: 0.8194892484
SFC+Painter ratio: 1.036855469
 Final SFC+Painter time: 0.003970382

Hilbert+Painter previous efficiency: 0.7995027753
Binary search iterations: 30
Hilbert+painterPartition efficiency: 0.7995027753
Hilbert+Painter ratio: 1
 Final Hilbert+Painter time: 0.000952215
Painter+Knapsack previous efficiency: 0.8645244223
Binary search iterations: 30
SFC+painterPartition efficiency: 0.9782572056
Painter+Knapsack ratio: 1.064679672
 Final painter+Knapsack_Combined time: 0.002391163
Run 9
File weights 51 and ranks 51
Original previous efficiency: 0.9288668316
Original efficiency: 0.9288668316
Original ratio: 1
Knapsack previous efficiency: 0.9447345591
Knapsack ratio: 1.025019203
 Final Knapsack time: 0.001694283

Karmarkar-Karp previous efficiency: 0.9607205098
Karmarkar-Karp ratio: 1.007963351
 Final Karmarkar-Karp time: 0.001714602

SFC previous efficiency: 0.7192162506
 Time take to run this function: 4.91e-07
SFC ratio: 0.9921935466
 Final SFC time: 0.000638317

Hilbert SFC previous efficiency: 0.791440728
DM: HilbertProcessorMapDoIt called...
  (nprocs, nteams, nworkers) = (8, 8, 1)
  Bucket 0 contains 1075906553
  Bucket 1 contains 947856355
  Bucket 2 contains 1707778744
  Bucket 3 contains 1525600408
  Bucket 4 contains 818642208
  Bucket 5 contains 1746952157
  Bucket 6 contains 1878473504
  Bucket 7 contains 1451664357
Hilbert SFC efficiency: 0.742150093
Hilbert SFC ratio: 0.937720371
 Final Hilbert SFC time: 0.003445956

SFC+Knapsack previous efficiency: 0.8635508852
SFC + Knapsack ratio: 1.07590304
 Final SFC+Knapsack_Combined time: 0.000450152

SFC+Painter previous efficiency: 0.7886727275
Binary search iterations: 30
SFC+painterPartition efficiency: 0.8105835112
SFC+Painter ratio: 1.027781845
 Final SFC+Painter time: 0.001932635

Hilbert+Painter previous efficiency: 0.7985500761
Binary search iterations: 30
Hilbert+painterPartition efficiency: 0.7985500761
Hilbert+Painter ratio: 1
 Final Hilbert+Painter time: 0.001006199
Painter+Knapsack previous efficiency: 0.8635508852
Binary search iterations: 30
SFC+painterPartition efficiency: 0.9652504421
Painter+Knapsack ratio: 1.07590304
 Final painter+Knapsack_Combined time: 0.002436871
Run 10
File weights 51 and ranks 51
Original previous efficiency: 0.9048994917
Original efficiency: 0.9048994917
Original ratio: 1
Knapsack previous efficiency: 0.9336271894
Knapsack ratio: 1.025133825
 Final Knapsack time: 0.001625109

Karmarkar-Karp previous efficiency: 0.9351254946
Karmarkar-Karp ratio: 1.023491304
 Final Karmarkar-Karp time: 0.001676288

SFC previous efficiency: 0.7179424356
 Time take to run this function: 5.110000001e-07
SFC ratio: 0.9922018972
 Final SFC time: 0.000706328

Hilbert SFC previous efficiency: 0.7909620214
DM: HilbertProcessorMapDoIt called...
  (nprocs, nteams, nworkers) = (8, 8, 1)
  Bucket 0 contains 1057676036
  Bucket 1 contains 926851626
  Bucket 2 contains 1681339031
  Bucket 3 contains 1468627332
  Bucket 4 contains 787975649
  Bucket 5 contains 1678179625
  Bucket 6 contains 1785745646
  Bucket 7 contains 1342892223
Hilbert SFC efficiency: 0.7510369122
Hilbert SFC ratio: 0.949523355
 Final Hilbert SFC time: 0.003567923

SFC+Knapsack previous efficiency: 0.8629505856
SFC + Knapsack ratio: 1.094004891
 Final SFC+Knapsack_Combined time: 0.000444562

SFC+Painter previous efficiency: 0.7871295094
Binary search iterations: 30
SFC+painterPartition efficiency: 0.7871295094
SFC+Painter ratio: 1
 Final SFC+Painter time: 0.001951872

Hilbert+Painter previous efficiency: 0.797674277
Binary search iterations: 30
Hilbert+painterPartition efficiency: 0.797674277
Hilbert+Painter ratio: 1
 Final Hilbert+Painter time: 0.000895485
Painter+Knapsack previous efficiency: 0.8629505856
Binary search iterations: 29
SFC+painterPartition efficiency: 0.95409097
Painter+Knapsack ratio: 1.094004891
 Final painter+Knapsack_Combined time: 0.002428155
Run 11
File weights 51 and ranks 51
Original previous efficiency: 0.9003850518
Original efficiency: 0.9003850518
Original ratio: 1
Knapsack previous efficiency: 0.9287814041
Knapsack ratio: 1.029543629
 Final Knapsack time: 0.001648213

Karmarkar-Karp previous efficiency: 0.930337474
Karmarkar-Karp ratio: 1.027821628
 Final Karmarkar-Karp time: 0.00164662

SFC previous efficiency: 0.7183683204
 Time take to run this function: 5.619999999e-07
SFC ratio: 0.9921892337
 Final SFC time: 0.000653546

Hilbert SFC previous efficiency: 0.7902597082
DM: HilbertProcessorMapDoIt called...
  (nprocs, nteams, nworkers) = (8, 8, 1)
  Bucket 0 contains 1068627560
  Bucket 1 contains 953308005
  Bucket 2 contains 1677423006
  Bucket 3 contains 1459826396
  Bucket 4 contains 783092551
  Bucket 5 contains 1662207059
  Bucket 6 contains 1266253880
  Bucket 7 contains 1783713461
Hilbert SFC efficiency: 0.7466482251
Hilbert SFC ratio: 0.9448137332
 Final Hilbert SFC time: 0.003741118

SFC+Knapsack previous efficiency: 0.8604093304
SFC + Knapsack ratio: 1.089609314
 Final SFC+Knapsack_Combined time: 0.000473948

SFC+Painter previous efficiency: 0.7876629649
Binary search iterations: 30
SFC+painterPartition efficiency: 0.7876629649
SFC+Painter ratio: 1
 Final SFC+Painter time: 0.001895042

Hilbert+Painter previous efficiency: 0.793959833
Binary search iterations: 30
Hilbert+painterPartition efficiency: 0.793959833
Hilbert+Painter ratio: 1
 Final Hilbert+Painter time: 0.000900254
Painter+Knapsack previous efficiency: 0.8604093304
Binary search iterations: 30
SFC+painterPartition efficiency: 0.9496738093
Painter+Knapsack ratio: 1.089609314
 Final painter+Knapsack_Combined time: 0.00230684
Run 12
File weights 51 and ranks 51
Original previous efficiency: 0.8968768832
Original efficiency: 0.8968768832
Original ratio: 1
Knapsack previous efficiency: 0.9250429802
Knapsack ratio: 1.032342342
 Final Knapsack time: 0.001633014

Karmarkar-Karp previous efficiency: 0.9266326274
Karmarkar-Karp ratio: 1.030571349
 Final Karmarkar-Karp time: 0.001700405

SFC previous efficiency: 0.7124958591
 Time take to run this function: 5.810000001e-07
SFC ratio: 0.992242543
 Final SFC time: 0.000599462

Hilbert SFC previous efficiency: 0.7892560554
DM: HilbertProcessorMapDoIt called...
  (nprocs, nteams, nworkers) = (8, 8, 1)
  Bucket 0 contains 1073342307
  Bucket 1 contains 962963111
  Bucket 2 contains 1677175335
  Bucket 3 contains 1454122839
  Bucket 4 contains 779913141
  Bucket 5 contains 1654069267
  Bucket 6 contains 1252865335
  Bucket 7 contains 1744683428
Hilbert SFC efficiency: 0.7593881068
Hilbert SFC ratio: 0.9621568332
 Final Hilbert SFC time: 0.00335452

SFC+Knapsack previous efficiency: 0.8713096626
SFC + Knapsack ratio: 1.071664995
 Final SFC+Knapsack_Combined time: 0.000479799

SFC+Painter previous efficiency: 0.7806498546
Binary search iterations: 29
SFC+painterPartition efficiency: 0.7806498546
SFC+Painter ratio: 1
 Final SFC+Painter time: 0.001876316

Hilbert+Painter previous efficiency: 0.7899542867
Binary search iterations: 29
Hilbert+painterPartition efficiency: 0.7899542867
Hilbert+Painter ratio: 1
 Final Hilbert+Painter time: 0.000880226
Painter+Knapsack previous efficiency: 0.8713096626
Binary search iterations: 30
SFC+painterPartition efficiency: 0.9437241048
Painter+Knapsack ratio: 1.071664995
 Final painter+Knapsack_Combined time: 0.002440458
Run 13
File weights 51 and ranks 51
Original previous efficiency: 0.8936863944
Original efficiency: 0.8936863944
Original ratio: 1
Knapsack previous efficiency: 0.9216302851
Knapsack ratio: 1.033873704
 Final Knapsack time: 0.001568679

Karmarkar-Karp previous efficiency: 0.9232670512
Karmarkar-Karp ratio: 1.032040855
 Final Karmarkar-Karp time: 0.001654255

SFC previous efficiency: 0.707778486
 Time take to run this function: 5.120000002e-07
SFC ratio: 0.9922835547
 Final SFC time: 0.000678545

Hilbert SFC previous efficiency: 0.7851353094
DM: HilbertProcessorMapDoIt called...
  (nprocs, nteams, nworkers) = (8, 8, 1)
  Bucket 0 contains 1073091551
  Bucket 1 contains 969980962
  Bucket 2 contains 1679504395
  Bucket 3 contains 1449102904
  Bucket 4 contains 777082464
  Bucket 5 contains 1645300158
  Bucket 6 contains 1238419383
  Bucket 7 contains 1716623805
Hilbert SFC efficiency: 0.7681579382
Hilbert SFC ratio: 0.9783765028
 Final Hilbert SFC time: 0.00345829

SFC+Knapsack previous efficiency: 0.8811633284
SFC + Knapsack ratio: 1.055798631
 Final SFC+Knapsack_Combined time: 0.000479178

SFC+Painter previous efficiency: 0.7749934254
Binary search iterations: 30
SFC+painterPartition efficiency: 0.7749934254
SFC+Painter ratio: 1
 Final SFC+Painter time: 0.001875584

Hilbert+Painter previous efficiency: 0.7851353094
Binary search iterations: 30
Hilbert+painterPartition efficiency: 0.7851353094
Hilbert+Painter ratio: 1
 Final Hilbert+Painter time: 0.000905695
Painter+Knapsack previous efficiency: 0.8811633284
Binary search iterations: 30
SFC+painterPartition efficiency: 0.9389101971
Painter+Knapsack ratio: 1.055798631
 Final painter+Knapsack_Combined time: 0.002426892
Run 14
File weights 51 and ranks 51
Original previous efficiency: 0.8895551226
Original efficiency: 0.8895551226
Original ratio: 1
Knapsack previous efficiency: 0.9172655204
Knapsack ratio: 1.033474278
 Final Knapsack time: 0.002721713

Karmarkar-Karp previous efficiency: 0.9189554318
Karmarkar-Karp ratio: 1.031573772
 Final Karmarkar-Karp time: 0.001688922

SFC previous efficiency: 0.7114842431
 Time take to run this function: 5.009999999e-07
SFC ratio: 0.9922188084
 Final SFC time: 0.000653516

Hilbert SFC previous efficiency: 0.7787035286
DM: HilbertProcessorMapDoIt called...
  (nprocs, nteams, nworkers) = (8, 8, 1)
  Bucket 0 contains 1073375178
  Bucket 1 contains 975713606
  Bucket 2 contains 1684233602
  Bucket 3 contains 1445808306
  Bucket 4 contains 775215436
  Bucket 5 contains 1640375709
  Bucket 6 contains 1202339814
  Bucket 7 contains 1695087540
Hilbert SFC efficiency: 0.7737173556
Hilbert SFC ratio: 0.9935968275
 Final Hilbert SFC time: 0.003285916

SFC+Knapsack previous efficiency: 0.8873509879
SFC + Knapsack ratio: 1.043492399
 Final SFC+Knapsack_Combined time: 0.000420435

SFC+Painter previous efficiency: 0.7727556622
Binary search iterations: 30
SFC+painterPartition efficiency: 0.7727556622
SFC+Painter ratio: 1
 Final SFC+Painter time: 0.002128073

Hilbert+Painter previous efficiency: 0.7787035286
Binary search iterations: 30
Hilbert+painterPartition efficiency: 0.7877077867
Hilbert+Painter ratio: 1.01156314
 Final Hilbert+Painter time: 0.001122585
Painter+Knapsack previous efficiency: 0.8873509879
Binary search iterations: 30
SFC+painterPartition efficiency: 0.9366783232
Painter+Knapsack ratio: 1.043492399
 Final painter+Knapsack_Combined time: 0.002476429
Run 15
File weights 51 and ranks 51
Original previous efficiency: 0.8857145238
Original efficiency: 0.8857145238
Original ratio: 1
Knapsack previous efficiency: 0.9132326455
Knapsack ratio: 1.030038747
 Final Knapsack time: 0.001637312

Karmarkar-Karp previous efficiency: 0.9149534228
Karmarkar-Karp ratio: 1.028101526
 Final Karmarkar-Karp time: 0.001705425

SFC previous efficiency: 0.7181121887
 Time take to run this function: 5.109999999e-07
SFC ratio: 0.9843672104
 Final SFC time: 0.000604953

Hilbert SFC previous efficiency: 0.7727357968
DM: HilbertProcessorMapDoIt called...
  (nprocs, nteams, nworkers) = (8, 8, 1)
  Bucket 0 contains 1073929185
  Bucket 1 contains 980593204
  Bucket 2 contains 1688889763
  Bucket 3 contains 1443226770
  Bucket 4 contains 773755683
  Bucket 5 contains 1637104276
  Bucket 6 contains 1166528381
  Bucket 7 contains 1676497352
Hilbert SFC efficiency: 0.7727357968
Hilbert SFC ratio: 1
 Final Hilbert SFC time: 0.003198737

SFC+Knapsack previous efficiency: 0.8873377737
SFC + Knapsack ratio: 1.038931883
 Final SFC+Knapsack_Combined time: 0.000446415

SFC+Painter previous efficiency: 0.7665852845
Binary search iterations: 30
SFC+painterPartition efficiency: 0.7665852845
SFC+Painter ratio: 1
 Final SFC+Painter time: 0.001970949

Hilbert+Painter previous efficiency: 0.7727357968
Binary search iterations: 30
Hilbert+painterPartition efficiency: 0.7971792609
Hilbert+Painter ratio: 1.031632369
 Final Hilbert+Painter time: 0.000952585
Painter+Knapsack previous efficiency: 0.8873377737
Binary search iterations: 30
SFC+painterPartition efficiency: 0.9358452503
Painter+Knapsack ratio: 1.038931883
 Final painter+Knapsack_Combined time: 0.002285589
Run 16
File weights 51 and ranks 51
Original previous efficiency: 0.8818874222
Original efficiency: 0.8818874222
Original ratio: 1
Knapsack previous efficiency: 0.9092200464
Knapsack ratio: 1.030454466
 Final Knapsack time: 0.001630719

Karmarkar-Karp previous efficiency: 0.9070282561
Karmarkar-Karp ratio: 1.03294451
 Final Karmarkar-Karp time: 0.001772635

SFC previous efficiency: 0.7245459495
 Time take to run this function: 4.91e-07
SFC ratio: 0.9841758066
 Final SFC time: 0.000600303

Hilbert SFC previous efficiency: 0.7665496194
DM: HilbertProcessorMapDoIt called...
  (nprocs, nteams, nworkers) = (8, 8, 1)
  Bucket 0 contains 1074000071
  Bucket 1 contains 983598144
  Bucket 2 contains 1694329226
  Bucket 3 contains 1441192758
  Bucket 4 contains 772600529
  Bucket 5 contains 1636111461
  Bucket 6 contains 1125627116
  Bucket 7 contains 1662840082
Hilbert SFC efficiency: 0.7665496194
Hilbert SFC ratio: 1
 Final Hilbert SFC time: 0.003426799

SFC+Knapsack previous efficiency: 0.8884413417
SFC + Knapsack ratio: 1.03310649
 Final SFC+Knapsack_Combined time: 0.000504588

SFC+Painter previous efficiency: 0.7604153216
Binary search iterations: 30
SFC+painterPartition efficiency: 0.7604153216
SFC+Painter ratio: 1
 Final SFC+Painter time: 0.00198194

Hilbert+Painter previous efficiency: 0.7665496194
Binary search iterations: 30
Hilbert+painterPartition efficiency: 0.7938257596
Hilbert+Painter ratio: 1.035583007
 Final Hilbert+Painter time: 0.000908771
Painter+Knapsack previous efficiency: 0.8884413417
Binary search iterations: 30
SFC+painterPartition efficiency: 0.9348103729
Painter+Knapsack ratio: 1.03310649
 Final painter+Knapsack_Combined time: 0.002356175
Run 17
File weights 51 and ranks 51
Original previous efficiency: 0.878935375
Original efficiency: 0.878935375
Original ratio: 1
Knapsack previous efficiency: 0.9061206994
Knapsack ratio: 1.041365834
 Final Knapsack time: 0.001597585

Karmarkar-Karp previous efficiency: 0.8973962312
Karmarkar-Karp ratio: 1.051489972
 Final Karmarkar-Karp time: 0.001659095

SFC previous efficiency: 0.7301930267
 Time take to run this function: 4.710000001e-07
SFC ratio: 0.9840080312
 Final SFC time: 0.000594471

Hilbert SFC previous efficiency: 0.7599271964
DM: HilbertProcessorMapDoIt called...
  (nprocs, nteams, nworkers) = (8, 8, 1)
  Bucket 0 contains 1075324517
  Bucket 1 contains 985788061
  Bucket 2 contains 1702890324
  Bucket 3 contains 1232426096
  Bucket 4 contains 979790839
  Bucket 5 contains 1635626602
  Bucket 6 contains 1088097382
  Bucket 7 contains 1652637536
Hilbert SFC efficiency: 0.7599271964
Hilbert SFC ratio: 1
 Final Hilbert SFC time: 0.003461888

SFC+Knapsack previous efficiency: 0.889446927
SFC + Knapsack ratio: 1.028464071
 Final SFC+Knapsack_Combined time: 0.019050351

SFC+Painter previous efficiency: 0.7532966209
Binary search iterations: 30
SFC+painterPartition efficiency: 0.7532966209
SFC+Painter ratio: 1
 Final SFC+Painter time: 0.003394597

Hilbert+Painter previous efficiency: 0.7599271964
Binary search iterations: 30
Hilbert+painterPartition efficiency: 0.7911785416
Hilbert+Painter ratio: 1.041124131
 Final Hilbert+Painter time: 0.001221727
Painter+Knapsack previous efficiency: 0.889446927
Binary search iterations: 30
SFC+painterPartition efficiency: 0.9332973618
Painter+Knapsack ratio: 1.028464071
 Final painter+Knapsack_Combined time: 0.003269826
Run 18
File weights 51 and ranks 51
Original previous efficiency: 0.8779777563
Original efficiency: 0.8779777563
Original ratio: 1
Knapsack previous efficiency: 0.9050901415
Knapsack ratio: 1.047282627
 Final Knapsack time: 0.00207498

Karmarkar-Karp previous efficiency: 0.8924668989
Karmarkar-Karp ratio: 1.062095616
 Final Karmarkar-Karp time: 0.002103977

SFC previous efficiency: 0.7297166244
 Time take to run this function: 5.009999999e-07
SFC ratio: 0.9840015011
 Final SFC time: 0.000656633

Hilbert SFC previous efficiency: 0.7568522649
DM: HilbertProcessorMapDoIt called...
  (nprocs, nteams, nworkers) = (8, 8, 1)
  Bucket 0 contains 1076640948
  Bucket 1 contains 989285791
  Bucket 2 contains 1707828300
  Bucket 3 contains 1234073644
  Bucket 4 contains 979550307
  Bucket 5 contains 1635265385
  Bucket 6 contains 1074886040
  Bucket 7 contains 1643059321
Hilbert SFC efficiency: 0.7568522649
Hilbert SFC ratio: 1
 Final Hilbert SFC time: 0.011850079

SFC+Knapsack previous efficiency: 0.8895961907
SFC + Knapsack ratio: 1.027166591
 Final SFC+Knapsack_Combined time: 0.000630632

SFC+Painter previous efficiency: 0.7497348594
Binary search iterations: 30
SFC+painterPartition efficiency: 0.7497348594
SFC+Painter ratio: 1
 Final SFC+Painter time: 0.002406673

Hilbert+Painter previous efficiency: 0.7568522649
Binary search iterations: 30
Hilbert+painterPartition efficiency: 0.7904366648
Hilbert+Painter ratio: 1.044373785
 Final Hilbert+Painter time: 0.001081195
Painter+Knapsack previous efficiency: 0.8895961907
Binary search iterations: 30
SFC+painterPartition efficiency: 0.931340646
Painter+Knapsack ratio: 1.027166591
 Final painter+Knapsack_Combined time: 0.003191493
Run 19
File weights 51 and ranks 51
Original previous efficiency: 0.8905386239
Original efficiency: 0.8905386239
Original ratio: 1
Knapsack previous efficiency: 0.9089496584
Knapsack ratio: 1.038165807
 Final Knapsack time: 0.005711406

Karmarkar-Karp previous efficiency: 0.8886210305
Karmarkar-Karp ratio: 1.061915511
 Final Karmarkar-Karp time: 0.004007906

SFC previous efficiency: 0.729928973
 Time take to run this function: 4.809999998e-07
SFC ratio: 0.9736248306
 Final SFC time: 0.000762478

Hilbert SFC previous efficiency: 0.7520206347
DM: HilbertProcessorMapDoIt called...
  (nprocs, nteams, nworkers) = (8, 8, 1)
  Bucket 0 contains 1083709350
  Bucket 1 contains 1000000001
  Bucket 2 contains 1702789800
  Bucket 3 contains 1275008329
  Bucket 4 contains 991494893
  Bucket 5 contains 1649720427
  Bucket 6 contains 1062698851
  Bucket 7 contains 1650534808
Hilbert SFC efficiency: 0.7646243578
Hilbert SFC ratio: 1.01675981
 Final Hilbert SFC time: 0.003873134

SFC+Knapsack previous efficiency: 0.8892462505
SFC + Knapsack ratio: 1.017912954
 Final SFC+Knapsack_Combined time: 0.000519356

SFC+Painter previous efficiency: 0.7468841327
Binary search iterations: 30
SFC+painterPartition efficiency: 0.7539799887
SFC+Painter ratio: 1.009500611
 Final SFC+Painter time: 0.002422754

Hilbert+Painter previous efficiency: 0.7646243578
Binary search iterations: 30
Hilbert+painterPartition efficiency: 0.7892213348
Hilbert+Painter ratio: 1.032168707
 Final Hilbert+Painter time: 0.00107885
Painter+Knapsack previous efficiency: 0.8892462505
Binary search iterations: 30
SFC+painterPartition efficiency: 0.9292381314
Painter+Knapsack ratio: 1.017912954
 Final painter+Knapsack_Combined time: 0.003089206
Run 20
File weights 51 and ranks 51
Original previous efficiency: 0.902772595
Original efficiency: 0.902772595
Original ratio: 1
Knapsack previous efficiency: 0.8879023048
Knapsack ratio: 1.059592024
 Final Knapsack time: 0.002273295

Karmarkar-Karp previous efficiency: 0.8749794679
Karmarkar-Karp ratio: 1.075241459
 Final Karmarkar-Karp time: 0.00255002

SFC previous efficiency: 0.7324587847
 Time take to run this function: 4.710000001e-07
SFC ratio: 1
 Final SFC time: 0.000825059

Hilbert SFC previous efficiency: 0.7443371248
DM: HilbertProcessorMapDoIt called...
  (nprocs, nteams, nworkers) = (8, 8, 1)
  Bucket 0 contains 1080181463
  Bucket 1 contains 1000000001
  Bucket 2 contains 1685850064
  Bucket 3 contains 1340888262
  Bucket 4 contains 1017149915
  Bucket 5 contains 1665988961
  Bucket 6 contains 1053848965
  Bucket 7 contains 1660771712
Hilbert SFC efficiency: 0.7788859436
Hilbert SFC ratio: 1.046415552
 Final Hilbert SFC time: 0.003758853

SFC+Knapsack previous efficiency: 0.8828428683
SFC + Knapsack ratio: 1.030088477
 Final SFC+Knapsack_Combined time: 0.000568922

SFC+Painter previous efficiency: 0.7502509614
Binary search iterations: 29
SFC+painterPartition efficiency: 0.7762053122
SFC+Painter ratio: 1.034594225
 Final SFC+Painter time: 0.002568607

Hilbert+Painter previous efficiency: 0.7360168698
Binary search iterations: 30
Hilbert+painterPartition efficiency: 0.7881714397
Hilbert+Painter ratio: 1.070860563
 Final Hilbert+Painter time: 0.001150869
Painter+Knapsack previous efficiency: 0.8828428683
Binary search iterations: 30
SFC+painterPartition efficiency: 0.92654449
Painter+Knapsack ratio: 1.030088477
 Final painter+Knapsack_Combined time: 0.003114464
Run 21
File weights 51 and ranks 51
Original previous efficiency: 0.8983691791
Original efficiency: 0.8983691791
Original ratio: 1
Knapsack previous efficiency: 0.8755661579
Knapsack ratio: 1.079585216
 Final Knapsack time: 0.00279221

Karmarkar-Karp previous efficiency: 0.8801992251
Karmarkar-Karp ratio: 1.073902649
 Final Karmarkar-Karp time: 0.00194095

SFC previous efficiency: 0.7326903497
 Time take to run this function: 6.71e-07
SFC ratio: 1
 Final SFC time: 0.000672142

Hilbert SFC previous efficiency: 0.7383709652
DM: HilbertProcessorMapDoIt called...
  (nprocs, nteams, nworkers) = (8, 8, 1)
  Bucket 0 contains 1078497970
  Bucket 1 contains 992036755
  Bucket 2 contains 1698421893
  Bucket 3 contains 1386368999
  Bucket 4 contains 1040645001
  Bucket 5 contains 1681792756
  Bucket 6 contains 1046959824
  Bucket 7 contains 1672240898
Hilbert SFC efficiency: 0.7799125279
Hilbert SFC ratio: 1.0562611
 Final Hilbert SFC time: 0.003795022

SFC+Knapsack previous efficiency: 0.880204502
SFC + Knapsack ratio: 1.036758121
 Final SFC+Knapsack_Combined time: 0.000528234

SFC+Painter previous efficiency: 0.7501099013
Binary search iterations: 30
SFC+painterPartition efficiency: 0.7845510644
SFC+Painter ratio: 1.045914823
 Final SFC+Painter time: 0.002844632

Hilbert+Painter previous efficiency: 0.7169876329
Binary search iterations: 30
Hilbert+painterPartition efficiency: 0.7799125279
Hilbert+Painter ratio: 1.087762874
 Final Hilbert+Painter time: 0.006116832
Painter+Knapsack previous efficiency: 0.880204502
Binary search iterations: 30
SFC+painterPartition efficiency: 0.9221177622
Painter+Knapsack ratio: 1.036758121
 Final painter+Knapsack_Combined time: 0.00245145
Run 22
File weights 51 and ranks 51
Original previous efficiency: 0.8928937089
Original efficiency: 0.8928937089
Original ratio: 1
Knapsack previous efficiency: 0.870586692
Knapsack ratio: 1.088456287
 Final Knapsack time: 0.002042487

Karmarkar-Karp previous efficiency: 0.889367799
Karmarkar-Karp ratio: 1.065470955
 Final Karmarkar-Karp time: 0.009682349

SFC previous efficiency: 0.7342716488
 Time take to run this function: 4.810000001e-07
SFC ratio: 1
 Final SFC time: 0.000749913

Hilbert SFC previous efficiency: 0.7322901418
DM: HilbertProcessorMapDoIt called...
  (nprocs, nteams, nworkers) = (8, 8, 1)
  Bucket 0 contains 1064366612
  Bucket 1 contains 968200554
  Bucket 2 contains 1685262218
  Bucket 3 contains 1392360311
  Bucket 4 contains 1040460558
  Bucket 5 contains 1663859874
  Bucket 6 contains 1019881515
  Bucket 7 contains 1653345512
Hilbert SFC efficiency: 0.7779009879
Hilbert SFC ratio: 1.062285211
 Final Hilbert SFC time: 0.003477077

SFC+Knapsack previous efficiency: 0.8777646753
SFC + Knapsack ratio: 1.039922484
 Final SFC+Knapsack_Combined time: 0.000481152

SFC+Painter previous efficiency: 0.7438826593
Binary search iterations: 29
SFC+painterPartition efficiency: 0.7851139909
SFC+Painter ratio: 1.055427198
 Final SFC+Painter time: 0.001944658

Hilbert+Painter previous efficiency: 0.7054315982
Binary search iterations: 30
Hilbert+painterPartition efficiency: 0.7786036226
Hilbert+Painter ratio: 1.103726604
 Final Hilbert+Painter time: 0.000989628
Painter+Knapsack previous efficiency: 0.8777646753
Binary search iterations: 30
SFC+painterPartition efficiency: 0.9185584879
Painter+Knapsack ratio: 1.039922484
 Final painter+Knapsack_Combined time: 0.002388578
Run 23
File weights 51 and ranks 51
Original previous efficiency: 0.8867235371
Original efficiency: 0.8867235371
Original ratio: 1
Knapsack previous efficiency: 0.8736528643
Knapsack ratio: 1.083721038
 Final Knapsack time: 0.001782685

Karmarkar-Karp previous efficiency: 0.8971503951
Karmarkar-Karp ratio: 1.05533698
 Final Karmarkar-Karp time: 0.001766332

SFC previous efficiency: 0.7345579454
 Time take to run this function: 4.710000001e-07
SFC ratio: 1
 Final SFC time: 0.000594442

Hilbert SFC previous efficiency: 0.7268587316
DM: HilbertProcessorMapDoIt called...
  (nprocs, nteams, nworkers) = (8, 8, 1)
  Bucket 0 contains 1059969513
  Bucket 1 contains 957470170
  Bucket 2 contains 1681211021
  Bucket 3 contains 1383286389
  Bucket 4 contains 1039973197
  Bucket 5 contains 1649624768
  Bucket 6 contains 999525067
  Bucket 7 contains 1639644903
Hilbert SFC efficiency: 0.7740480596
Hilbert SFC ratio: 1.064922283
 Final Hilbert SFC time: 0.003637668

SFC+Knapsack previous efficiency: 0.8768309054
SFC + Knapsack ratio: 1.041842517
 Final SFC+Knapsack_Combined time: 0.000486743

SFC+Painter previous efficiency: 0.7463212346
Binary search iterations: 30
SFC+painterPartition efficiency: 0.7796888763
SFC+Painter ratio: 1.04470949
 Final SFC+Painter time: 0.002214281

Hilbert+Painter previous efficiency: 0.7890963584
Binary search iterations: 30
Hilbert+painterPartition efficiency: 0.7890963584
Hilbert+Painter ratio: 1
 Final Hilbert+Painter time: 0.000967064
Painter+Knapsack previous efficiency: 0.8768309054
Binary search iterations: 30
SFC+painterPartition efficiency: 0.9164631963
Painter+Knapsack ratio: 1.041842517
 Final painter+Knapsack_Combined time: 0.012621905
Run 24
File weights 51 and ranks 51
Original previous efficiency: 0.8846446426
Original efficiency: 0.8846446426
Original ratio: 1
Knapsack previous efficiency: 0.8815896144
Knapsack ratio: 1.08473911
 Final Knapsack time: 0.003250317

Karmarkar-Karp previous efficiency: 0.8911934728
Karmarkar-Karp ratio: 1.073049526
 Final Karmarkar-Karp time: 0.001660498

SFC previous efficiency: 0.7354229577
 Time take to run this function: 4.809999998e-07
SFC ratio: 1
 Final SFC time: 0.000669256

Hilbert SFC previous efficiency: 0.7218581955
DM: HilbertProcessorMapDoIt called...
  (nprocs, nteams, nworkers) = (8, 8, 1)
  Bucket 0 contains 1065277409
  Bucket 1 contains 959153505
  Bucket 2 contains 1680934168
  Bucket 3 contains 1365621848
  Bucket 4 contains 1037487233
  Bucket 5 contains 1640383608
  Bucket 6 contains 981377859
  Bucket 7 contains 1631064032
Hilbert SFC efficiency: 0.7705015951
Hilbert SFC ratio: 1.067386365
 Final Hilbert SFC time: 0.003368336

SFC+Knapsack previous efficiency: 0.8772532452
SFC + Knapsack ratio: 1.042425566
 Final SFC+Knapsack_Combined time: 0.000458308

SFC+Painter previous efficiency: 0.7471911192
Binary search iterations: 30
SFC+painterPartition efficiency: 0.7713589968
SFC+Painter ratio: 1.032344974
 Final SFC+Painter time: 0.001834445

Hilbert+Painter previous efficiency: 0.7940598483
Binary search iterations: 30
Hilbert+painterPartition efficiency: 0.7940598483
Hilbert+Painter ratio: 1
 Final Hilbert+Painter time: 0.000889013
Painter+Knapsack previous efficiency: 0.8772532452
Binary search iterations: 30
SFC+painterPartition efficiency: 0.9162294754
Painter+Knapsack ratio: 1.042425566
 Final painter+Knapsack_Combined time: 0.002407023
Run 25
File weights 51 and ranks 51
Original previous efficiency: 0.8853267082
Original efficiency: 0.8853267082
Original ratio: 1
Knapsack previous efficiency: 0.8921384668
Knapsack ratio: 1.079330231
 Final Knapsack time: 0.001533481

Karmarkar-Karp previous efficiency: 0.8819944989
Karmarkar-Karp ratio: 1.09174379
 Final Karmarkar-Karp time: 0.001721796

SFC previous efficiency: 0.7356442892
 Time take to run this function: 4.61e-07
SFC ratio: 1
 Final SFC time: 0.000614952

Hilbert SFC previous efficiency: 0.7178101175
DM: HilbertProcessorMapDoIt called...
  (nprocs, nteams, nworkers) = (8, 8, 1)
  Bucket 0 contains 1073043328
  Bucket 1 contains 968580905
  Bucket 2 contains 1687695669
  Bucket 3 contains 1342762219
  Bucket 4 contains 1033088901
  Bucket 5 contains 1633482317
  Bucket 6 contains 968790588
  Bucket 7 contains 1625419438
Hilbert SFC efficiency: 0.7653085472
Hilbert SFC ratio: 1.066171302
 Final Hilbert SFC time: 0.003315204

SFC+Knapsack previous efficiency: 0.8783977262
SFC + Knapsack ratio: 1.040171822
 Final SFC+Knapsack_Combined time: 0.000390757

SFC+Painter previous efficiency: 0.7395577579
Binary search iterations: 30
SFC+painterPartition efficiency: 0.7636120631
SFC+Painter ratio: 1.032525256
 Final SFC+Painter time: 0.001979075

Hilbert+Painter previous efficiency: 0.7946305369
Binary search iterations: 30
Hilbert+painterPartition efficiency: 0.7946305369
Hilbert+Painter ratio: 1
 Final Hilbert+Painter time: 0.000867721
Painter+Knapsack previous efficiency: 0.8783977262
Binary search iterations: 30
SFC+painterPartition efficiency: 0.916852138
Painter+Knapsack ratio: 1.040171822
 Final painter+Knapsack_Combined time: 0.002396272
Run 26
File weights 51 and ranks 51
Original previous efficiency: 0.8785517908
Original efficiency: 0.8785517908
Original ratio: 1
Knapsack previous efficiency: 0.8941542982
Knapsack ratio: 1.083295801
 Final Knapsack time: 0.001626421

Karmarkar-Karp previous efficiency: 0.8714604295
Karmarkar-Karp ratio: 1.111506115
 Final Karmarkar-Karp time: 0.001679373

SFC previous efficiency: 0.7362777879
 Time take to run this function: 5.110000001e-07
SFC ratio: 1
 Final SFC time: 0.000682773

Hilbert SFC previous efficiency: 0.7138311813
DM: HilbertProcessorMapDoIt called...
  (nprocs, nteams, nworkers) = (8, 8, 1)
  Bucket 0 contains 1077315374
  Bucket 1 contains 985358459
  Bucket 2 contains 1704314701
  Bucket 3 contains 1316755445
  Bucket 4 contains 1028557124
  Bucket 5 contains 1000000001
  Bucket 6 contains 1585685410
  Bucket 7 contains 1623543517
Hilbert SFC efficiency: 0.7570146834
Hilbert SFC ratio: 1.060495399
 Final Hilbert SFC time: 0.003431438

SFC+Knapsack previous efficiency: 0.8804558313
SFC + Knapsack ratio: 1.02619445
 Final SFC+Knapsack_Combined time: 0.000448509

SFC+Painter previous efficiency: 0.7305764733
Binary search iterations: 30
SFC+painterPartition efficiency: 0.758671478
SFC+Painter ratio: 1.03845594
 Final SFC+Painter time: 0.001893188

Hilbert+Painter previous efficiency: 0.7946761145
Binary search iterations: 29
Hilbert+painterPartition efficiency: 0.7946761145
Hilbert+Painter ratio: 1
 Final Hilbert+Painter time: 0.000908571
Painter+Knapsack previous efficiency: 0.8804558313
Binary search iterations: 30
SFC+painterPartition efficiency: 0.9186278692
Painter+Knapsack ratio: 1.02619445
 Final painter+Knapsack_Combined time: 0.002374911
Run 27
File weights 51 and ranks 51
Original previous efficiency: 0.8668232359
Original efficiency: 0.9721762936
Original ratio: 1.121539264
Knapsack previous efficiency: 0.891215946
Knapsack ratio: 1.099300082
 Final Knapsack time: 0.001621802

Karmarkar-Karp previous efficiency: 0.9721762936
Karmarkar-Karp ratio: 1.007753192
 Final Karmarkar-Karp time: 0.001655528

SFC previous efficiency: 0.7362044245
 Time take to run this function: 6.109999999e-07
SFC ratio: 1
 Final SFC time: 0.000662474

Hilbert SFC previous efficiency: 0.7095040597
DM: HilbertProcessorMapDoIt called...
  (nprocs, nteams, nworkers) = (8, 8, 1)
  Bucket 0 contains 1077325370
  Bucket 1 contains 1000000001
  Bucket 2 contains 1721383774
  Bucket 3 contains 1285038632
  Bucket 4 contains 1016764462
  Bucket 5 contains 998945772
  Bucket 6 contains 1567695045
  Bucket 7 contains 1616921758
Hilbert SFC efficiency: 0.746788352
Hilbert SFC ratio: 1.052549794
 Final Hilbert SFC time: 0.003278492

SFC+Knapsack previous efficiency: 0.8779373885
SFC + Knapsack ratio: 1.016874391
 Final SFC+Knapsack_Combined time: 0.00050046

SFC+Painter previous efficiency: 0.7199038102
Binary search iterations: 30
SFC+painterPartition efficiency: 0.7550113039
SFC+Painter ratio: 1.048766923
 Final SFC+Painter time: 0.001889301

Hilbert+Painter previous efficiency: 0.7950349764
Binary search iterations: 30
Hilbert+painterPartition efficiency: 0.7950349764
Hilbert+Painter ratio: 1
 Final Hilbert+Painter time: 0.000876919
Painter+Knapsack previous efficiency: 0.8779373885
Binary search iterations: 30
SFC+painterPartition efficiency: 0.9206355109
Painter+Knapsack ratio: 1.016874391
 Final painter+Knapsack_Combined time: 0.002316217
Run 28
File weights 51 and ranks 51
Original previous efficiency: 0.9757972247
Original efficiency: 0.9757972247
Original ratio: 1
Knapsack previous efficiency: 0.8887142527
Knapsack ratio: 1.121615183
 Final Knapsack time: 0.001695465

Karmarkar-Karp previous efficiency: 0.9757972247
Karmarkar-Karp ratio: 1.021518994
 Final Karmarkar-Karp time: 0.001631772

SFC previous efficiency: 0.7360892048
 Time take to run this function: 5.9e-07
SFC ratio: 1
 Final SFC time: 0.000587108

Hilbert SFC previous efficiency: 0.7004805155
DM: HilbertProcessorMapDoIt called...
  (nprocs, nteams, nworkers) = (8, 8, 1)
  Bucket 0 contains 1063825204
  Bucket 1 contains 990906136
  Bucket 2 contains 1717716374
  Bucket 3 contains 1233718135
  Bucket 4 contains 992925040
  Bucket 5 contains 1000000001
  Bucket 6 contains 1531735833
  Bucket 7 contains 1591974467
Hilbert SFC efficiency: 0.7366467293
Hilbert SFC ratio: 1.051630578
 Final Hilbert SFC time: 0.003248665

SFC+Knapsack previous efficiency: 0.8690949198
SFC + Knapsack ratio: 1.022109483
 Final SFC+Knapsack_Combined time: 0.000472205

SFC+Painter previous efficiency: 0.7089170771
Binary search iterations: 30
SFC+painterPartition efficiency: 0.7523008818
SFC+Painter ratio: 1.061197291
 Final SFC+Painter time: 0.001901244

Hilbert+Painter previous efficiency: 0.7948306804
Binary search iterations: 30
Hilbert+painterPartition efficiency: 0.7948306804
Hilbert+Painter ratio: 1
 Final Hilbert+Painter time: 0.0009493
Painter+Knapsack previous efficiency: 0.8690949198
Binary search iterations: 30
SFC+painterPartition efficiency: 0.9236526362
Painter+Knapsack ratio: 1.022109483
 Final painter+Knapsack_Combined time: 0.002517357
Run 29
File weights 51 and ranks 51
Original previous efficiency: 0.9678368663
Original efficiency: 0.9678368663
Original ratio: 1
Knapsack previous efficiency: 0.9704846743
Knapsack ratio: 1.021274765
 Final Knapsack time: 0.00167717

Karmarkar-Karp previous efficiency: 0.97776274
Karmarkar-Karp ratio: 1.013672813
 Final Karmarkar-Karp time: 0.001676939

SFC previous efficiency: 0.7322345624
 Time take to run this function: 4.810000001e-07
SFC ratio: 1
 Final SFC time: 0.000597207

Hilbert SFC previous efficiency: 0.6900901127
DM: HilbertProcessorMapDoIt called...
  (nprocs, nteams, nworkers) = (8, 8, 1)
  Bucket 0 contains 1070768307
  Bucket 1 contains 967611473
  Bucket 2 contains 933781918
  Bucket 3 contains 1452346201
  Bucket 4 contains 1419783955
  Bucket 5 contains 1000000001
  Bucket 6 contains 1486421094
  Bucket 7 contains 1554575171
Hilbert SFC efficiency: 0.7948544645
Hilbert SFC ratio: 1.151812567
 Final Hilbert SFC time: 0.003603472

SFC+Knapsack previous efficiency: 0.8598511965
SFC + Knapsack ratio: 1.032693552
 Final SFC+Knapsack_Combined time: 0.000491252

SFC+Painter previous efficiency: 0.6983632962
Binary search iterations: 30
SFC+painterPartition efficiency: 0.7511946506
SFC+Painter ratio: 1.075650245
 Final SFC+Painter time: 0.001959547

Hilbert+Painter previous efficiency: 0.7948544645
Binary search iterations: 30
Hilbert+painterPartition efficiency: 0.7948544645
Hilbert+Painter ratio: 1
 Final Hilbert+Painter time: 0.000931084
Painter+Knapsack previous efficiency: 0.8598511965
Binary search iterations: 30
SFC+painterPartition efficiency: 0.926844516
Painter+Knapsack ratio: 1.032693552
 Final painter+Knapsack_Combined time: 0.00234792
Run 30
File weights 51 and ranks 51
Original previous efficiency: 0.9547930365
Original efficiency: 0.9547930365
Original ratio: 1
Knapsack previous efficiency: 0.9351157848
Knapsack ratio: 1.065991651
 Final Knapsack time: 0.001540925

Karmarkar-Karp previous efficiency: 0.967538048
Karmarkar-Karp ratio: 1.030270201
 Final Karmarkar-Karp time: 0.00155895

SFC previous efficiency: 0.7210733324
 Time take to run this function: 4.709999999e-07
SFC ratio: 1.048251441
 Final SFC time: 0.000646904

Hilbert SFC previous efficiency: 0.7947037437
DM: HilbertProcessorMapDoIt called...
  (nprocs, nteams, nworkers) = (8, 8, 1)
  Bucket 0 contains 1078127722
  Bucket 1 contains 938859106
  Bucket 2 contains 911458431
  Bucket 3 contains 1437800985
  Bucket 4 contains 1299783383
  Bucket 5 contains 1000000001
  Bucket 6 contains 1438980584
  Bucket 7 contains 1512797690
Hilbert SFC efficiency: 0.7947037437
Hilbert SFC ratio: 1
 Final Hilbert SFC time: 0.003465745

SFC+Knapsack previous efficiency: 0.8453159484
SFC + Knapsack ratio: 1.05292093
 Final SFC+Knapsack_Combined time: 0.000405135

SFC+Painter previous efficiency: 0.6955923057
Binary search iterations: 30
SFC+painterPartition efficiency: 0.7558661594
SFC+Painter ratio: 1.086651122
 Final SFC+Painter time: 0.00199751

Hilbert+Painter previous efficiency: 0.7947037437
Binary search iterations: 30
Hilbert+painterPartition efficiency: 0.7947037437
Hilbert+Painter ratio: 1
 Final Hilbert+Painter time: 0.000991
Painter+Knapsack previous efficiency: 0.8453159484
Binary search iterations: 30
SFC+painterPartition efficiency: 0.9305141225
Painter+Knapsack ratio: 1.05292093
 Final painter+Knapsack_Combined time: 0.002419388
Run 31
File weights 51 and ranks 51
Original previous efficiency: 0.932822184
Original efficiency: 0.932822184
Original ratio: 1
Knapsack previous efficiency: 0.9012575408
Knapsack ratio: 1.105885037
 Final Knapsack time: 0.00152762

Karmarkar-Karp previous efficiency: 0.9464642784
Karmarkar-Karp ratio: 1.053071191
 Final Karmarkar-Karp time: 0.00188402

SFC previous efficiency: 0.7058206251
 Time take to run this function: 4.810000001e-07
SFC ratio: 1.109169579
 Final SFC time: 0.000699655

Hilbert SFC previous efficiency: 0.7865594495
DM: HilbertProcessorMapDoIt called...
  (nprocs, nteams, nworkers) = (8, 8, 1)
  Bucket 0 contains 1074909705
  Bucket 1 contains 910987239
  Bucket 2 contains 874043318
  Bucket 3 contains 1426173941
  Bucket 4 contains 1188849595
  Bucket 5 contains 1000000001
  Bucket 6 contains 1392749897
  Bucket 7 contains 1486584785
Hilbert SFC efficiency: 0.7865594495
Hilbert SFC ratio: 1
 Final Hilbert SFC time: 0.003577692

SFC+Knapsack previous efficiency: 0.8299300998
SFC + Knapsack ratio: 1.072106097
 Final SFC+Knapsack_Combined time: 0.000530057

SFC+Painter previous efficiency: 0.7022981622
Binary search iterations: 30
SFC+painterPartition efficiency: 0.7828747658
SFC+Painter ratio: 1.114732756
 Final SFC+Painter time: 0.002284356

Hilbert+Painter previous efficiency: 0.7865594495
Binary search iterations: 30
Hilbert+painterPartition efficiency: 0.7865594495
Hilbert+Painter ratio: 1
 Final Hilbert+Painter time: 0.001093298
Painter+Knapsack previous efficiency: 0.8299300998
Binary search iterations: 30
SFC+painterPartition efficiency: 0.9374475173
Painter+Knapsack ratio: 1.072106097
 Final painter+Knapsack_Combined time: 0.003043577
Run 32
File weights 51 and ranks 51
Original previous efficiency: 0.9090417602
Original efficiency: 0.9090417602
Original ratio: 1
Knapsack previous efficiency: 0.9650145542
Knapsack ratio: 1.03213408
 Final Knapsack time: 0.00191456

Karmarkar-Karp previous efficiency: 0.9184842034
Karmarkar-Karp ratio: 1.085570464
 Final Karmarkar-Karp time: 0.002326588

SFC previous efficiency: 0.8064917836
 Time take to run this function: 4.910000002e-07
SFC ratio: 1
 Final SFC time: 0.00064509

Hilbert SFC previous efficiency: 0.7727308088
DM: HilbertProcessorMapDoIt called...
  (nprocs, nteams, nworkers) = (8, 8, 1)
  Bucket 0 contains 1054559679
  Bucket 1 contains 879419148
  Bucket 2 contains 836001294
  Bucket 3 contains 1413529383
  Bucket 4 contains 1090811190
  Bucket 5 contains 1541150216
  Bucket 6 contains 808061695
  Bucket 7 contains 1471200015
Hilbert SFC efficiency: 0.7376578647
Hilbert SFC ratio: 0.9546116918
 Final Hilbert SFC time: 0.003593714

SFC+Knapsack previous efficiency: 0.8140343357
SFC + Knapsack ratio: 1.094501211
 Final SFC+Knapsack_Combined time: 0.000509667

SFC+Painter previous efficiency: 0.7990791784
Binary search iterations: 30
SFC+painterPartition efficiency: 0.8064917836
SFC+Painter ratio: 1.009276434
 Final SFC+Painter time: 0.002043459

Hilbert+Painter previous efficiency: 0.7727308088
Binary search iterations: 30
Hilbert+painterPartition efficiency: 0.7727308088
Hilbert+Painter ratio: 1
 Final Hilbert+Painter time: 0.000889764
Painter+Knapsack previous efficiency: 0.8140343357
Binary search iterations: 30
SFC+painterPartition efficiency: 0.946104365
Painter+Knapsack ratio: 1.094501211
 Final painter+Knapsack_Combined time: 0.002320736
Run 33
File weights 51 and ranks 51
Original previous efficiency: 0.8798908518
Original efficiency: 0.8798908518
Original ratio: 1
Knapsack previous efficiency: 0.9283855221
Knapsack ratio: 1.07454149
 Final Knapsack time: 0.001616612

Karmarkar-Karp previous efficiency: 0.8846300707
Karmarkar-Karp ratio: 1.127690314
 Final Karmarkar-Karp time: 0.001637602

SFC previous efficiency: 0.8289674742
 Time take to run this function: 4.810000003e-07
SFC ratio: 1
 Final SFC time: 0.000641202

Hilbert SFC previous efficiency: 0.7564089642
DM: HilbertProcessorMapDoIt called...
  (nprocs, nteams, nworkers) = (8, 8, 1)
  Bucket 0 contains 1023607852
  Bucket 1 contains 839180463
  Bucket 2 contains 797703840
  Bucket 3 contains 1394871718
  Bucket 4 contains 1002696215
  Bucket 5 contains 1524070631
  Bucket 6 contains 785009599
  Bucket 7 contains 1458472388
Hilbert SFC efficiency: 0.7238520091
Hilbert SFC ratio: 0.9569585283
 Final Hilbert SFC time: 0.003562573

SFC+Knapsack previous efficiency: 0.7945330188
SFC + Knapsack ratio: 1.13099563
 Final SFC+Knapsack_Combined time: 0.000470171

SFC+Painter previous efficiency: 0.8012981839
Binary search iterations: 30
SFC+painterPartition efficiency: 0.8289674742
SFC+Painter ratio: 1.034530579
 Final SFC+Painter time: 0.001821669

Hilbert+Painter previous efficiency: 0.7564089642
Binary search iterations: 30
Hilbert+painterPartition efficiency: 0.7564089642
Hilbert+Painter ratio: 1
 Final Hilbert+Painter time: 0.001018774
Painter+Knapsack previous efficiency: 0.7945330188
Binary search iterations: 30
SFC+painterPartition efficiency: 0.9561051306
Painter+Knapsack ratio: 1.13099563
 Final painter+Knapsack_Combined time: 0.003205901
Run 34
File weights 51 and ranks 51
Original previous efficiency: 0.8533536094
Original efficiency: 0.9737526546
Original ratio: 1.141089279
Knapsack previous efficiency: 0.899462045
Knapsack ratio: 1.107640127
 Final Knapsack time: 0.001598578

Karmarkar-Karp previous efficiency: 0.9737526546
Karmarkar-Karp ratio: 1.023142069
 Final Karmarkar-Karp time: 0.00164105

SFC previous efficiency: 0.8188015005
 Time take to run this function: 5.110000001e-07
SFC ratio: 1
 Final SFC time: 0.000588991

Hilbert SFC previous efficiency: 0.7410671718
DM: HilbertProcessorMapDoIt called...
  (nprocs, nteams, nworkers) = (8, 8, 1)
  Bucket 0 contains 993400844
  Bucket 1 contains 800191226
  Bucket 2 contains 1398445127
  Bucket 3 contains 1013584544
  Bucket 4 contains 652589137
  Bucket 5 contains 1509640223
  Bucket 6 contains 770280328
  Bucket 7 contains 1448326529
Hilbert SFC efficiency: 0.7109688974
Hilbert SFC ratio: 0.9593852276
 Final Hilbert SFC time: 0.003296707

SFC+Knapsack previous efficiency: 0.9048714827
SFC + Knapsack ratio: 1
 Final SFC+Knapsack_Combined time: 0.000449671

SFC+Painter previous efficiency: 0.8058238727
Binary search iterations: 30
SFC+painterPartition efficiency: 0.8480394391
SFC+Painter ratio: 1.052388081
 Final SFC+Painter time: 0.00183726

Hilbert+Painter previous efficiency: 0.7410671718
Binary search iterations: 30
Hilbert+painterPartition efficiency: 0.767500436
Hilbert+Painter ratio: 1.035669188
 Final Hilbert+Painter time: 0.000972043
Painter+Knapsack previous efficiency: 0.9048714827
Binary search iterations: 30
SFC+painterPartition efficiency: 0.9664324064
Painter+Knapsack ratio: 1
 Final painter+Knapsack_Combined time: 0.002294876
Run 35
File weights 51 and ranks 51
Original previous efficiency: 0.9586700959
Original efficiency: 0.9586700959
Original ratio: 1
Knapsack previous efficiency: 0.9695495757
Knapsack ratio: 1.025875163
 Final Knapsack time: 0.001559692

Karmarkar-Karp previous efficiency: 0.9586700959
Karmarkar-Karp ratio: 1.03751732
 Final Karmarkar-Karp time: 0.006346907

SFC previous efficiency: 0.7978763095
 Time take to run this function: 9.520000002e-07
SFC ratio: 1
 Final SFC time: 0.001488003

Hilbert SFC previous efficiency: 0.722302298
DM: HilbertProcessorMapDoIt called...
  (nprocs, nteams, nworkers) = (8, 8, 1)
  Bucket 0 contains 993436240
  Bucket 1 contains 786360694
  Bucket 2 contains 1378469137
  Bucket 3 contains 1097561165
  Bucket 4 contains 503108440
  Bucket 5 contains 1515874562
  Bucket 6 contains 1183504767
  Bucket 7 contains 1077422939
Hilbert SFC efficiency: 0.7038624895
Hilbert SFC ratio: 0.974470788
 Final Hilbert SFC time: 0.004211159

SFC+Knapsack previous efficiency: 0.9003520839
SFC + Knapsack ratio: 1
 Final SFC+Knapsack_Combined time: 0.00042857

SFC+Painter previous efficiency: 0.8051536285
Binary search iterations: 30
SFC+painterPartition efficiency: 0.8591379484
SFC+Painter ratio: 1.067048471
 Final SFC+Painter time: 0.001922946

Hilbert+Painter previous efficiency: 0.722302298
Binary search iterations: 30
Hilbert+painterPartition efficiency: 0.7740233092
Hilbert+Painter ratio: 1.071605769
 Final Hilbert+Painter time: 0.000916456
Painter+Knapsack previous efficiency: 0.9003520839
Binary search iterations: 29
SFC+painterPartition efficiency: 0.9794008847
Painter+Knapsack ratio: 1
 Final painter+Knapsack_Combined time: 0.002513811
Run 36
File weights 51 and ranks 51
Original previous efficiency: 0.9304993766
Original efficiency: 0.9304993766
Original ratio: 1
Knapsack previous efficiency: 0.9407580435
Knapsack ratio: 1.046640973
 Final Knapsack time: 0.001631912

Karmarkar-Karp previous efficiency: 0.9304993766
Karmarkar-Karp ratio: 1.05818009
 Final Karmarkar-Karp time: 0.00221985

SFC previous efficiency: 0.7739333655
 Time take to run this function: 5.310000004e-07
SFC ratio: 0.916169256
 Final SFC time: 0.000657554

Hilbert SFC previous efficiency: 0.702628655
DM: HilbertProcessorMapDoIt called...
  (nprocs, nteams, nworkers) = (8, 8, 1)
  Bucket 0 contains 1057343379
  Bucket 1 contains 825561887
  Bucket 2 contains 1450121270
  Bucket 3 contains 1140659519
  Bucket 4 contains 499417868
  Bucket 5 contains 1558670064
  Bucket 6 contains 1285432725
  Bucket 7 contains 1165157469
Hilbert SFC efficiency: 0.7203548388
Hilbert SFC ratio: 1.025228381
 Final Hilbert SFC time: 0.003686483

SFC+Knapsack previous efficiency: 0.8898037036
SFC + Knapsack ratio: 1.002740874
 Final SFC+Knapsack_Combined time: 0.000485451

SFC+Painter previous efficiency: 0.797889239
Binary search iterations: 30
SFC+painterPartition efficiency: 0.8550953246
SFC+Painter ratio: 1.071696775
 Final SFC+Painter time: 0.002077835

Hilbert+Painter previous efficiency: 0.702628655
Binary search iterations: 30
Hilbert+painterPartition efficiency: 0.7742769835
Hilbert+Painter ratio: 1.101971828
 Final Hilbert+Painter time: 0.000904012
Painter+Knapsack previous efficiency: 0.8898037036
Binary search iterations: 30
SFC+painterPartition efficiency: 0.9840764165
Painter+Knapsack ratio: 1.002740874
 Final painter+Knapsack_Combined time: 0.002400251
Run 37
File weights 51 and ranks 51
Original previous efficiency: 0.9073104924
Original efficiency: 0.9073104924
Original ratio: 1
Knapsack previous efficiency: 0.9166255426
Knapsack ratio: 1.049887624
 Final Knapsack time: 0.001609368

Karmarkar-Karp previous efficiency: 0.9073104924
Karmarkar-Karp ratio: 1.060666465
 Final Karmarkar-Karp time: 0.00165665

SFC previous efficiency: 0.7590987252
 Time take to run this function: 5.21e-07
SFC ratio: 0.9456315349
 Final SFC time: 0.000609992

Hilbert SFC previous efficiency: 0.6892259126
DM: HilbertProcessorMapDoIt called...
  (nprocs, nteams, nworkers) = (8, 8, 1)
  Bucket 0 contains 1099020802
  Bucket 1 contains 850361014
  Bucket 2 contains 1493926367
  Bucket 3 contains 1157985427
  Bucket 4 contains 502397582
  Bucket 5 contains 1593457708
  Bucket 6 contains 1360268670
  Bucket 7 contains 1230232773
Hilbert SFC efficiency: 0.7285767843
Hilbert SFC ratio: 1.057094301
 Final Hilbert SFC time: 0.003479612

SFC+Knapsack previous efficiency: 0.8844487726
SFC + Knapsack ratio: 1.00618544
 Final SFC+Knapsack_Combined time: 0.000560696

SFC+Painter previous efficiency: 0.7933958963
Binary search iterations: 30
SFC+painterPartition efficiency: 0.8476532637
SFC+Painter ratio: 1.068386247
 Final SFC+Painter time: 0.002260771

Hilbert+Painter previous efficiency: 0.7742165012
Binary search iterations: 30
Hilbert+painterPartition efficiency: 0.7771174795
Hilbert+Painter ratio: 1.003746986
 Final Hilbert+Painter time: 0.000979929
Painter+Knapsack previous efficiency: 0.8844487726
Binary search iterations: 30
SFC+painterPartition efficiency: 0.9886526757
Painter+Knapsack ratio: 1.00618544
 Final painter+Knapsack_Combined time: 0.00268923
Run 38
File weights 51 and ranks 51
Original previous efficiency: 0.8882894059
Original efficiency: 0.8882894059
Original ratio: 1
Knapsack previous efficiency: 0.8965249058
Knapsack ratio: 1.052389361
 Final Knapsack time: 0.001700715

Karmarkar-Karp previous efficiency: 0.8882894059
Karmarkar-Karp ratio: 1.062146263
 Final Karmarkar-Karp time: 0.001618857

SFC previous efficiency: 0.7484364366
 Time take to run this function: 4.809999998e-07
SFC ratio: 0.9701436852
 Final SFC time: 0.000584263

Hilbert SFC previous efficiency: 0.6807006139
DM: HilbertProcessorMapDoIt called...
  (nprocs, nteams, nworkers) = (8, 8, 1)
  Bucket 0 contains 1130838416
  Bucket 1 contains 869107076
  Bucket 2 contains 1525618216
  Bucket 3 contains 1167664023
  Bucket 4 contains 508545941
  Bucket 5 contains 1628383923
  Bucket 6 contains 1428981596
  Bucket 7 contains 1276591989
Hilbert SFC efficiency: 0.7319934695
Hilbert SFC ratio: 1.075353033
 Final Hilbert SFC time: 0.003380309

SFC+Knapsack previous efficiency: 0.8814691535
SFC + Knapsack ratio: 1.006435699
 Final SFC+Knapsack_Combined time: 0.000465933

SFC+Painter previous efficiency: 0.7924899735
Binary search iterations: 30
SFC+painterPartition efficiency: 0.8413147925
SFC+Painter ratio: 1.061609384
 Final SFC+Painter time: 0.001895323

Hilbert+Painter previous efficiency: 0.7530412858
Binary search iterations: 30
Hilbert+painterPartition efficiency: 0.7813005803
Hilbert+Painter ratio: 1.037526886
 Final Hilbert+Painter time: 0.000863303
Painter+Knapsack previous efficiency: 0.8814691535
Binary search iterations: 30
SFC+painterPartition efficiency: 0.9924762067
Painter+Knapsack ratio: 1.006435699
 Final painter+Knapsack_Combined time: 0.00233273
Run 39
File weights 51 and ranks 51
Original previous efficiency: 0.8749019659
Original efficiency: 0.8749019659
Original ratio: 1
Knapsack previous efficiency: 0.8822460345
Knapsack ratio: 1.054522755
 Final Knapsack time: 0.001599038

Karmarkar-Karp previous efficiency: 0.8749019659
Karmarkar-Karp ratio: 1.063374589
 Final Karmarkar-Karp time: 0.001663453

SFC previous efficiency: 0.7428775464
 Time take to run this function: 5.009999997e-07
SFC ratio: 0.987104913
 Final SFC time: 0.000623157

Hilbert SFC previous efficiency: 0.6763235581
DM: HilbertProcessorMapDoIt called...
  (nprocs, nteams, nworkers) = (8, 8, 1)
  Bucket 0 contains 1159424270
  Bucket 1 contains 886392426
  Bucket 2 contains 1555917725
  Bucket 3 contains 1172647195
  Bucket 4 contains 514939280
  Bucket 5 contains 1656724689
  Bucket 6 contains 1483378731
  Bucket 7 contains 1312957936
Hilbert SFC efficiency: 0.7350634596
Hilbert SFC ratio: 1.086851775
 Final Hilbert SFC time: 0.003216391

SFC+Knapsack previous efficiency: 0.8787753914
SFC + Knapsack ratio: 1.008544764
 Final SFC+Knapsack_Combined time: 0.000447036

SFC+Painter previous efficiency: 0.7914781973
Binary search iterations: 30
SFC+painterPartition efficiency: 0.8508349514
SFC+Painter ratio: 1.074994806
 Final SFC+Painter time: 0.001888379

Hilbert+Painter previous efficiency: 0.7369662352
Binary search iterations: 30
Hilbert+painterPartition efficiency: 0.7826877745
Hilbert+Painter ratio: 1.062040209
 Final Hilbert+Painter time: 0.000931915
Painter+Knapsack previous efficiency: 0.8787753914
Binary search iterations: 30
SFC+painterPartition efficiency: 0.9942720488
Painter+Knapsack ratio: 1.008544764
 Final painter+Knapsack_Combined time: 0.002346798
Run 40
File weights 51 and ranks 51
Original previous efficiency: 0.8689446139
Original efficiency: 0.8689446139
Original ratio: 1
Knapsack previous efficiency: 0.8748940643
Knapsack ratio: 1.061502295
 Final Knapsack time: 0.001599409

Karmarkar-Karp previous efficiency: 0.8689446139
Karmarkar-Karp ratio: 1.06877014
 Final Karmarkar-Karp time: 0.001670307

SFC previous efficiency: 0.7413626256
 Time take to run this function: 6.210000003e-07
SFC ratio: 0.9973426039
 Final SFC time: 0.000663165

Hilbert SFC previous efficiency: 0.6769464898
DM: HilbertProcessorMapDoIt called...
  (nprocs, nteams, nworkers) = (8, 8, 1)
  Bucket 0 contains 1179343943
  Bucket 1 contains 898298513
  Bucket 2 contains 1575599168
  Bucket 3 contains 1173712170
  Bucket 4 contains 520002158
  Bucket 5 contains 1676519022
  Bucket 6 contains 1512976936
  Bucket 7 contains 1327676693
Hilbert SFC efficiency: 0.7354620253
Hilbert SFC ratio: 1.086440415
 Final Hilbert SFC time: 0.003419856

SFC+Knapsack previous efficiency: 0.8759438866
SFC + Knapsack ratio: 1.011194148
 Final SFC+Knapsack_Combined time: 0.00046423

SFC+Painter previous efficiency: 0.7912224967
Binary search iterations: 30
SFC+painterPartition efficiency: 0.8606978925
SFC+Painter ratio: 1.08780766
 Final SFC+Painter time: 0.001868911

Hilbert+Painter previous efficiency: 0.7271279686
Binary search iterations: 30
Hilbert+painterPartition efficiency: 0.7825696411
Hilbert+Painter ratio: 1.076247476
 Final Hilbert+Painter time: 0.00101655
Painter+Knapsack previous efficiency: 0.8759438866
Binary search iterations: 30
SFC+painterPartition efficiency: 0.994662834
Painter+Knapsack ratio: 1.011194148
 Final painter+Knapsack_Combined time: 0.002352678
Run 41
File weights 51 and ranks 51
Original previous efficiency: 0.8683329683
Original efficiency: 0.8683329683
Original ratio: 1
Knapsack previous efficiency: 0.8723122452
Knapsack ratio: 1.069006409
 Final Knapsack time: 0.001560203

Karmarkar-Karp previous efficiency: 0.8683329683
Karmarkar-Karp ratio: 1.073905304
 Final Karmarkar-Karp time: 0.001644366

SFC previous efficiency: 0.7445150204
 Time take to run this function: 5.21e-07
SFC ratio: 1
 Final SFC time: 0.00061943

Hilbert SFC previous efficiency: 0.6800019913
DM: HilbertProcessorMapDoIt called...
  (nprocs, nteams, nworkers) = (8, 8, 1)
  Bucket 0 contains 1197219551
  Bucket 1 contains 912070264
  Bucket 2 contains 1599365425
  Bucket 3 contains 1180222979
  Bucket 4 contains 525020506
  Bucket 5 contains 1690754466
  Bucket 6 contains 1530499070
  Bucket 7 contains 1336698659
Hilbert SFC efficiency: 0.7372338149
Hilbert SFC ratio: 1.0841642
 Final Hilbert SFC time: 0.003305164

SFC+Knapsack previous efficiency: 0.8750049596
SFC + Knapsack ratio: 1.011441834
 Final SFC+Knapsack_Combined time: 0.000462015

SFC+Painter previous efficiency: 0.7901821
Binary search iterations: 30
SFC+painterPartition efficiency: 0.8728915747
SFC+Painter ratio: 1.10467141
 Final SFC+Painter time: 0.001954467

Hilbert+Painter previous efficiency: 0.7226411545
Binary search iterations: 30
Hilbert+painterPartition efficiency: 0.7793599546
Hilbert+Painter ratio: 1.078488195
 Final Hilbert+Painter time: 0.000852933
Painter+Knapsack previous efficiency: 0.8750049596
Binary search iterations: 30
SFC+painterPartition efficiency: 0.9925204575
Painter+Knapsack ratio: 1.011441834
 Final painter+Knapsack_Combined time: 0.002591391
Run 42
File weights 51 and ranks 51
Original previous efficiency: 0.8720017094
Original efficiency: 0.8720017094
Original ratio: 1
Knapsack previous efficiency: 0.874206045
Knapsack ratio: 1.076245439
 Final Knapsack time: 0.001612684

Karmarkar-Karp previous efficiency: 0.8720017094
Karmarkar-Karp ratio: 1.078966083
 Final Karmarkar-Karp time: 0.001846608

SFC previous efficiency: 0.7482432484
 Time take to run this function: 5.320000001e-07
SFC ratio: 1
 Final SFC time: 0.00060902

Hilbert SFC previous efficiency: 0.6848202171
DM: HilbertProcessorMapDoIt called...
  (nprocs, nteams, nworkers) = (8, 8, 1)
  Bucket 0 contains 1206318391
  Bucket 1 contains 923787690
  Bucket 2 contains 1614046863
  Bucket 3 contains 1182730180
  Bucket 4 contains 527768530
  Bucket 5 contains 1698352906
  Bucket 6 contains 1537473604
  Bucket 7 contains 1331489977
Hilbert SFC efficiency: 0.7376240905
Hilbert SFC ratio: 1.077106184
 Final Hilbert SFC time: 0.003443973

SFC+Knapsack previous efficiency: 0.8726842715
SFC + Knapsack ratio: 1.009781025
 Final SFC+Knapsack_Combined time: 0.000563061

SFC+Painter previous efficiency: 0.8801439972
Binary search iterations: 30
SFC+painterPartition efficiency: 0.8801439972
SFC+Painter ratio: 1
 Final SFC+Painter time: 0.003346524

Hilbert+Painter previous efficiency: 0.7207933026
Binary search iterations: 30
Hilbert+painterPartition efficiency: 0.7761521963
Hilbert+Painter ratio: 1.07680273
 Final Hilbert+Painter time: 0.000934461
Painter+Knapsack previous efficiency: 0.8726842715
Binary search iterations: 29
SFC+painterPartition efficiency: 0.9905479813
Painter+Knapsack ratio: 1.009781025
 Final painter+Knapsack_Combined time: 0.00259119
Run 43
File weights 51 and ranks 51
Original previous efficiency: 0.8762050489
Original efficiency: 0.8762050489
Original ratio: 1
Knapsack previous efficiency: 0.8766597943
Knapsack ratio: 1.080592567
 Final Knapsack time: 0.002083737

Karmarkar-Karp previous efficiency: 0.8762050489
Karmarkar-Karp ratio: 1.081153389
 Final Karmarkar-Karp time: 0.001641039

SFC previous efficiency: 0.7531618272
 Time take to run this function: 5.110000001e-07
SFC ratio: 1
 Final SFC time: 0.000577179

Hilbert SFC previous efficiency: 0.688924554
DM: HilbertProcessorMapDoIt called...
  (nprocs, nteams, nworkers) = (8, 8, 1)
  Bucket 0 contains 1213694905
  Bucket 1 contains 931470114
  Bucket 2 contains 920161128
  Bucket 3 contains 1431448135
  Bucket 4 contains 995879443
  Bucket 5 contains 1702723020
  Bucket 6 contains 1537562198
  Bucket 7 contains 1327497703
Hilbert SFC efficiency: 0.7385549887
Hilbert SFC ratio: 1.07204045
 Final Hilbert SFC time: 0.004326233

SFC+Knapsack previous efficiency: 0.8734895318
SFC + Knapsack ratio: 1.007227105
 Final SFC+Knapsack_Combined time: 0.000511341

SFC+Painter previous efficiency: 0.8804052478
Binary search iterations: 30
SFC+painterPartition efficiency: 0.8804052478
SFC+Painter ratio: 1
 Final SFC+Painter time: 0.001893699

Hilbert+Painter previous efficiency: 0.7217391027
Binary search iterations: 30
Hilbert+painterPartition efficiency: 0.7721417137
Hilbert+Painter ratio: 1.069834946
 Final Hilbert+Painter time: 0.000890415
Painter+Knapsack previous efficiency: 0.8734895318
Binary search iterations: 30
SFC+painterPartition efficiency: 0.9877437026
Painter+Knapsack ratio: 1.007227105
 Final painter+Knapsack_Combined time: 0.002528379
Run 44
File weights 51 and ranks 51
Original previous efficiency: 0.8820537105
Original efficiency: 0.8820537105
Original ratio: 1
Knapsack previous efficiency: 0.8812268151
Knapsack ratio: 1.08146889
 Final Knapsack time: 0.001644577

Karmarkar-Karp previous efficiency: 0.8820537105
Karmarkar-Karp ratio: 1.08045505
 Final Karmarkar-Karp time: 0.001707207

SFC previous efficiency: 0.7574383867
 Time take to run this function: 5.299999999e-07
SFC ratio: 1
 Final SFC time: 0.00067602

Hilbert SFC previous efficiency: 0.6926076892
DM: HilbertProcessorMapDoIt called...
  (nprocs, nteams, nworkers) = (8, 8, 1)
  Bucket 0 contains 1214659229
  Bucket 1 contains 936152749
  Bucket 2 contains 924255721
  Bucket 3 contains 1431293851
  Bucket 4 contains 1000862656
  Bucket 5 contains 1700694203
  Bucket 6 contains 1531240870
  Bucket 7 contains 1319286636
Hilbert SFC efficiency: 0.739289719
Hilbert SFC ratio: 1.067400392
 Final Hilbert SFC time: 0.003436298

SFC+Knapsack previous efficiency: 0.8730018166
SFC + Knapsack ratio: 1.005601215
 Final SFC+Knapsack_Combined time: 0.000461935

SFC+Painter previous efficiency: 0.8802734223
Binary search iterations: 30
SFC+painterPartition efficiency: 0.8802734223
SFC+Painter ratio: 1
 Final SFC+Painter time: 0.002552576

Hilbert+Painter previous efficiency: 0.7242961599
Binary search iterations: 30
Hilbert+painterPartition efficiency: 0.770136914
Hilbert+Painter ratio: 1.063290069
 Final Hilbert+Painter time: 0.000977103
Painter+Knapsack previous efficiency: 0.8730018166
Binary search iterations: 30
SFC+painterPartition efficiency: 0.9856930261
Painter+Knapsack ratio: 1.005601215
 Final painter+Knapsack_Combined time: 0.002332118
Run 45
File weights 51 and ranks 51
Original previous efficiency: 0.8871514479
Original efficiency: 0.8871514479
Original ratio: 1
Knapsack previous efficiency: 0.8858225045
Knapsack ratio: 1.081586976
 Final Knapsack time: 0.002168071

Karmarkar-Karp previous efficiency: 0.8871514479
Karmarkar-Karp ratio: 1.07996677
 Final Karmarkar-Karp time: 0.00172886

SFC previous efficiency: 0.7613821813
 Time take to run this function: 4.410000001e-07
SFC ratio: 0.9972303703
 Final SFC time: 0.000691229

Hilbert SFC previous efficiency: 0.69584313
DM: HilbertProcessorMapDoIt called...
  (nprocs, nteams, nworkers) = (8, 8, 1)
  Bucket 0 contains 1216005838
  Bucket 1 contains 938246717
  Bucket 2 contains 928103516
  Bucket 3 contains 1434731675
  Bucket 4 contains 1006934568
  Bucket 5 contains 1698451063
  Bucket 6 contains 1522850768
  Bucket 7 contains 1312175347
Hilbert SFC efficiency: 0.7401964436
Hilbert SFC ratio: 1.063740392
 Final Hilbert SFC time: 0.003609783

SFC+Knapsack previous efficiency: 0.8739549624
SFC + Knapsack ratio: 1.003993153
 Final SFC+Knapsack_Combined time: 0.000437738

SFC+Painter previous efficiency: 0.8801611694
Binary search iterations: 30
SFC+painterPartition efficiency: 0.8801611694
SFC+Painter ratio: 1
 Final SFC+Painter time: 0.002212747

Hilbert+Painter previous efficiency: 0.7280588724
Binary search iterations: 30
Hilbert+painterPartition efficiency: 0.7678374863
Hilbert+Painter ratio: 1.054636535
 Final Hilbert+Painter time: 0.000957024
Painter+Knapsack previous efficiency: 0.8739549624
Binary search iterations: 30
SFC+painterPartition efficiency: 0.9833619941
Painter+Knapsack ratio: 1.003993153
 Final painter+Knapsack_Combined time: 0.002285729
Run 46
File weights 51 and ranks 51
Original previous efficiency: 0.8938246058
Original efficiency: 0.8938246058
Original ratio: 1
Knapsack previous efficiency: 0.8930163593
Knapsack ratio: 1.076651193
 Final Knapsack time: 0.001968183

Karmarkar-Karp previous efficiency: 0.8938246058
Karmarkar-Karp ratio: 1.075677624
 Final Karmarkar-Karp time: 0.001654756

SFC previous efficiency: 0.7653675982
 Time take to run this function: 4.61e-07
SFC ratio: 0.9920663058
 Final SFC time: 0.000606415

Hilbert SFC previous efficiency: 0.6986543693
DM: HilbertProcessorMapDoIt called...
  (nprocs, nteams, nworkers) = (8, 8, 1)
  Bucket 0 contains 1214477461
  Bucket 1 contains 939281861
  Bucket 2 contains 930119449
  Bucket 3 contains 1434347493
  Bucket 4 contains 1012574800
  Bucket 5 contains 1689882570
  Bucket 6 contains 1510939659
  Bucket 7 contains 1304836585
Hilbert SFC efficiency: 0.7423932923
Hilbert SFC ratio: 1.062604522
 Final Hilbert SFC time: 0.003430947

SFC+Knapsack previous efficiency: 0.8742395653
SFC + Knapsack ratio: 1.003429764
 Final SFC+Knapsack_Combined time: 0.000590124

SFC+Painter previous efficiency: 0.8798573095
Binary search iterations: 30
SFC+painterPartition efficiency: 0.8798573095
SFC+Painter ratio: 1
 Final SFC+Painter time: 0.002052908

Hilbert+Painter previous efficiency: 0.7336670912
Binary search iterations: 30
Hilbert+painterPartition efficiency: 0.7660328404
Hilbert+Painter ratio: 1.044115035
 Final Hilbert+Painter time: 0.000954209
Painter+Knapsack previous efficiency: 0.8742395653
Binary search iterations: 30
SFC+painterPartition efficiency: 0.9809136422
Painter+Knapsack ratio: 1.003429764
 Final painter+Knapsack_Combined time: 0.002421211
Run 47
File weights 51 and ranks 51
Original previous efficiency: 0.8974773139
Original efficiency: 0.8974773139
Original ratio: 1
Knapsack previous efficiency: 0.8978245363
Knapsack ratio: 1.074991518
 Final Knapsack time: 0.00170821

Karmarkar-Karp previous efficiency: 0.8975057394
Karmarkar-Karp ratio: 1.075373359
 Final Karmarkar-Karp time: 0.001736755

SFC previous efficiency: 0.7681220615
 Time take to run this function: 4.61e-07
SFC ratio: 0.9897280735
 Final SFC time: 0.000600623

Hilbert SFC previous efficiency: 0.7010213355
DM: HilbertProcessorMapDoIt called...
  (nprocs, nteams, nworkers) = (8, 8, 1)
  Bucket 0 contains 1214876589
  Bucket 1 contains 940933164
  Bucket 2 contains 933370707
  Bucket 3 contains 1437187094
  Bucket 4 contains 1021926741
  Bucket 5 contains 1686696518
  Bucket 6 contains 1499852056
  Bucket 7 contains 1299589919
Hilbert SFC efficiency: 0.7436453951
Hilbert SFC ratio: 1.060802799
 Final Hilbert SFC time: 0.003584845

SFC+Knapsack previous efficiency: 0.8743681739
SFC + Knapsack ratio: 1.002747539
 Final SFC+Knapsack_Combined time: 0.000514176

SFC+Painter previous efficiency: 0.8790020488
Binary search iterations: 30
SFC+painterPartition efficiency: 0.8790020488
SFC+Painter ratio: 1
 Final SFC+Painter time: 0.002015194

Hilbert+Painter previous efficiency: 0.7391798987
Binary search iterations: 30
Hilbert+painterPartition efficiency: 0.7642264603
Hilbert+Painter ratio: 1.033884257
 Final Hilbert+Painter time: 0.000914862
Painter+Knapsack previous efficiency: 0.8743681739
Binary search iterations: 30
SFC+painterPartition efficiency: 0.9791682046
Painter+Knapsack ratio: 1.002747539
 Final painter+Knapsack_Combined time: 0.002355644
Run 48
File weights 51 and ranks 51
Original previous efficiency: 0.8943024803
Original efficiency: 0.8943024803
Original ratio: 1
Knapsack previous efficiency: 0.9011342182
Knapsack ratio: 1.073177334
 Final Knapsack time: 0.001604649

Karmarkar-Karp previous efficiency: 0.9015380082
Karmarkar-Karp ratio: 1.072696668
 Final Karmarkar-Karp time: 0.001650848

SFC previous efficiency: 0.7707939575
 Time take to run this function: 4.810000003e-07
SFC ratio: 0.9866524114
 Final SFC time: 0.000633788

Hilbert SFC previous efficiency: 0.7028124545
DM: HilbertProcessorMapDoIt called...
  (nprocs, nteams, nworkers) = (8, 8, 1)
  Bucket 0 contains 1214075994
  Bucket 1 contains 941444653
  Bucket 2 contains 933980537
  Bucket 3 contains 1437885378
  Bucket 4 contains 1033159962
  Bucket 5 contains 1681489966
  Bucket 6 contains 1494171648
  Bucket 7 contains 1296824701
Hilbert SFC efficiency: 0.7458439421
Hilbert SFC ratio: 1.061227554
 Final Hilbert SFC time: 0.003356353

SFC+Knapsack previous efficiency: 0.8750948004
SFC + Knapsack ratio: 1.002849208
 Final SFC+Knapsack_Combined time: 0.000487905

SFC+Painter previous efficiency: 0.8796763686
Binary search iterations: 30
SFC+painterPartition efficiency: 0.8796763686
SFC+Painter ratio: 1
 Final SFC+Painter time: 0.001969385

Hilbert+Painter previous efficiency: 0.7429486278
Binary search iterations: 30
Hilbert+painterPartition efficiency: 0.7638303811
Hilbert+Painter ratio: 1.028106591
 Final Hilbert+Painter time: 0.000994527
Painter+Knapsack previous efficiency: 0.8750948004
Binary search iterations: 30
SFC+painterPartition efficiency: 0.9771233634
Painter+Knapsack ratio: 1.002849208
 Final painter+Knapsack_Combined time: 0.002418015
Run 49
File weights 51 and ranks 51
Original previous efficiency: 0.8863672904
Original efficiency: 0.8863672904
Original ratio: 1
Knapsack previous efficiency: 0.8987989038
Knapsack ratio: 1.07780691
 Final Knapsack time: 0.001643685

Karmarkar-Karp previous efficiency: 0.9024282281
Karmarkar-Karp ratio: 1.073472259
 Final Karmarkar-Karp time: 0.001756423

SFC previous efficiency: 0.7724167063
 Time take to run this function: 4.51e-07
SFC ratio: 0.9859866517
 Final SFC time: 0.000699215

Hilbert SFC previous efficiency: 0.7038340074
DM: HilbertProcessorMapDoIt called...
  (nprocs, nteams, nworkers) = (8, 8, 1)
  Bucket 0 contains 1213697897
  Bucket 1 contains 942267288
  Bucket 2 contains 935196758
  Bucket 3 contains 1439480829
  Bucket 4 contains 1048246656
  Bucket 5 contains 1682239994
  Bucket 6 contains 1492386335
  Bucket 7 contains 1296845324
Hilbert SFC efficiency: 0.746798994
Hilbert SFC ratio: 1.061044204
 Final Hilbert SFC time: 0.003925305

SFC+Knapsack previous efficiency: 0.8764766362
SFC + Knapsack ratio: 1.002093201
 Final SFC+Knapsack_Combined time: 0.000614431

SFC+Painter previous efficiency: 0.8808216244
Binary search iterations: 30
SFC+painterPartition efficiency: 0.8808216244
SFC+Painter ratio: 1
 Final SFC+Painter time: 0.001996368

Hilbert+Painter previous efficiency: 0.7448946635
Binary search iterations: 30
Hilbert+painterPartition efficiency: 0.7643487617
Hilbert+Painter ratio: 1.026116576
 Final Hilbert+Painter time: 0.000941083
Painter+Knapsack previous efficiency: 0.8764766362
Binary search iterations: 30
SFC+painterPartition efficiency: 0.9757929371
Painter+Knapsack ratio: 1.002093201
 Final painter+Knapsack_Combined time: 0.002449445
Run 50
File weights 51 and ranks 51
Original previous efficiency: 0.8828955647
Original efficiency: 0.8828955647
Original ratio: 1
Knapsack previous efficiency: 0.8964683728
Knapsack ratio: 1.082098611
 Final Knapsack time: 0.001618526

Karmarkar-Karp previous efficiency: 0.903108327
Karmarkar-Karp ratio: 1.074142661
 Final Karmarkar-Karp time: 0.001695846

SFC previous efficiency: 0.7734892453
 Time take to run this function: 5.510000003e-07
SFC ratio: 0.9863559907
 Final SFC time: 0.00066547

Hilbert SFC previous efficiency: 0.7048763062
DM: HilbertProcessorMapDoIt called...
  (nprocs, nteams, nworkers) = (8, 8, 1)
  Bucket 0 contains 1213357573
  Bucket 1 contains 942712317
  Bucket 2 contains 934312767
  Bucket 3 contains 1441029959
  Bucket 4 contains 1066721952
  Bucket 5 contains 1683443919
  Bucket 6 contains 1493772604
  Bucket 7 contains 1298025661
Hilbert SFC efficiency: 0.7479738884
Hilbert SFC ratio: 1.06114205
 Final Hilbert SFC time: 0.003485913

SFC+Knapsack previous efficiency: 0.8776670607
SFC + Knapsack ratio: 1.002530312
 Final SFC+Knapsack_Combined time: 0.000400736

SFC+Painter previous efficiency: 0.8828357526
Binary search iterations: 30
SFC+painterPartition efficiency: 0.8828357526
SFC+Painter ratio: 1
 Final SFC+Painter time: 0.001856597

Hilbert+Painter previous efficiency: 0.7455711808
Binary search iterations: 30
Hilbert+painterPartition efficiency: 0.7659899115
Hilbert+Painter ratio: 1.027386695
 Final Hilbert+Painter time: 0.000933949
Painter+Knapsack previous efficiency: 0.8776670607
Binary search iterations: 30
SFC+painterPartition efficiency: 0.97442569
Painter+Knapsack ratio: 1.002530312
 Final painter+Knapsack_Combined time: 0.00234292


TinyProfiler total time across processes [min...avg...max]: 2.305 ... 2.305 ... 2.305

-------------------------------------------------------------------------------------
Name                                  NCalls  Excl. Min  Excl. Avg  Excl. Max   Max %
-------------------------------------------------------------------------------------
HilbertProcessorMapDoIt()                 51      1.331      1.331      1.331  57.73%
painterPartition()                       153     0.1636     0.1636     0.1636   7.09%
KKDoIt()                                  51    0.08122    0.08122    0.08122   3.52%
SFCProcessorMapDoItCombinedPainter()      51    0.07804    0.07804    0.07804   3.39%
KnapSackDoIt()                            51    0.07752    0.07752    0.07752   3.36%
SFCProcessorMapDoItCombined()             51    0.02629    0.02629    0.02629   1.14%
SFCProcessorMapDoIt()                     51    0.01717    0.01717    0.01717   0.74%
kk()                                      51   0.003278   0.003278   0.003278   0.14%
knapsack()                               255   0.000851   0.000851   0.000851   0.04%
Distribute()                             102  0.0001072  0.0001072  0.0001072   0.00%
HilbertDistribute()                       51  7.778e-05  7.778e-05  7.778e-05   0.00%
knapsack()swap                            96  1.513e-05  1.513e-05  1.513e-05   0.00%
-------------------------------------------------------------------------------------

-------------------------------------------------------------------------------------
Name                                  NCalls  Incl. Min  Incl. Avg  Incl. Max   Max %
-------------------------------------------------------------------------------------
HilbertProcessorMapDoIt()                 51      1.331      1.331      1.331  57.73%
painterPartition()                       153     0.1636     0.1636     0.1636   7.09%
SFCProcessorMapDoItCombinedPainter()      51     0.1206     0.1206     0.1206   5.23%
KKDoIt()                                  51    0.08449    0.08449    0.08449   3.67%
KnapSackDoIt()                            51     0.0779     0.0779     0.0779   3.38%
SFCProcessorMapDoItCombined()             51    0.02658    0.02658    0.02658   1.15%
SFCProcessorMapDoIt()                     51    0.01724    0.01724    0.01724   0.75%
kk()                                      51   0.003278   0.003278   0.003278   0.14%
knapsack()                               255  0.0008661  0.0008661  0.0008661   0.04%
Distribute()                             102  0.0001072  0.0001072  0.0001072   0.00%
HilbertDistribute()                       51  7.778e-05  7.778e-05  7.778e-05   0.00%
knapsack()swap                            96  1.513e-05  1.513e-05  1.513e-05   0.00%
-------------------------------------------------------------------------------------

Pinned Memory Usage:
-----------------------------------------------------------------
Name                            Nalloc  Nfree    AvgMem    MaxMem
-----------------------------------------------------------------
The_Pinned_Arena::Initialize()       1      1  3950   B  8192 KiB
-----------------------------------------------------------------

AMReX (25.06-22-g1d307c2c661a-dirty) finalized
