Initializing AMReX (25.06-22-g1d307c2c661a)...
OMP initialized with 256 OMP threads
AMReX (25.06-22-g1d307c2c661a) initialized
Starting running input_laser_ion running with 1 nodes and 4 ranks per node.
Total steps: 5000, intervals: 100 = 50 runs
Reading precomputed weights and ranks from file: /global/homes/j/jessd/lb_extractor/lb_inputs/laser_ion_smaller_8_boxes_4_ranks_timers_lb_data.txt
/global/homes/j/jessd/lb_extractor/lb_inputs/laser_ion_smaller_8_boxes_4_ranks_timers_lb_data.txt
Run 0: Weights size: 48
Run 1: Weights size: 48
Run 2: Weights size: 48
Run 3: Weights size: 48
Run 4: Weights size: 48
Run 5: Weights size: 48
Run 6: Weights size: 48
Run 7: Weights size: 48
Run 8: Weights size: 48
Run 9: Weights size: 48
Run 10: Weights size: 48
Run 11: Weights size: 48
Run 12: Weights size: 48
Run 13: Weights size: 48
Run 14: Weights size: 48
Run 15: Weights size: 48
Run 16: Weights size: 48
Run 17: Weights size: 48
Run 18: Weights size: 48
Run 19: Weights size: 48
Run 20: Weights size: 48
Run 21: Weights size: 48
Run 22: Weights size: 48
Run 23: Weights size: 48
Run 24: Weights size: 48
Run 25: Weights size: 48
Run 26: Weights size: 48
Run 27: Weights size: 48
Run 28: Weights size: 48
Run 29: Weights size: 48
Run 30: Weights size: 48
Run 31: Weights size: 48
Run 32: Weights size: 48
Run 33: Weights size: 48
Run 34: Weights size: 48
Run 35: Weights size: 48
Run 36: Weights size: 48
Run 37: Weights size: 48
Run 38: Weights size: 48
Run 39: Weights size: 48
Run 40: Weights size: 48
Run 41: Weights size: 48
Run 42: Weights size: 48
Run 43: Weights size: 48
Run 44: Weights size: 48
Run 45: Weights size: 48
Run 46: Weights size: 48
Run 47: Weights size: 48
Run 48: Weights size: 48
Run 49: Weights size: 48
Run 50: Weights size: 48
Run 0
File weights 51 and ranks 51
Original efficiency: 0.8055944476
Original ratio: inf
Knapsack ratio: inf
 Final Knapsack time: 2.7932e-05

Karmarkar-Karp ratio: inf
 Final Karmarkar-Karp time: 7.6362e-05

 Time take to run this function: 4.41e-07
SFC ratio: inf
 Final SFC time: 2.665e-05

SFC + Knapsack ratio: inf
 Final SFC+Knapsack_Combined time: 2.5397e-05

SFC+painterPartition efficiency: 0.9057163822
SFC+Painter ratio: inf
 Final SFC+Painter time: 3.8622e-05

Painter+Knapsack ratio: inf
 Final painter+Knapsack_Combined time: 2.6239e-05
Run 1
File weights 51 and ranks 51
Original previous efficiency: 0.4315318126
Original efficiency: 0.4315318126
Original ratio: 1
Knapsack previous efficiency: 0.8269663299
Knapsack ratio: 1.195507721
 Final Knapsack time: 1.0509e-05

Karmarkar-Karp previous efficiency: 0.8379257892
Karmarkar-Karp ratio: 1.193018474
 Final Karmarkar-Karp time: 5.7708e-05

SFC previous efficiency: 0.6111420414
 Time take to run this function: 3.41e-07
SFC ratio: 1.432500821
 Final SFC time: 1.7453e-05

SFC+Knapsack previous efficiency: 0.8269663299
SFC + Knapsack ratio: 1.195507721
 Final SFC+Knapsack_Combined time: 1.4446e-05

SFC+Painter previous efficiency: 0.6028378335
SFC+painterPartition efficiency: 0.9235341212
SFC+Painter ratio: 1.531977706
 Final SFC+Painter time: 2.2422e-05

Painter+Knapsack previous efficiency: 0.8269663299
Painter+Knapsack ratio: 1.195507721
 Final painter+Knapsack_Combined time: 1.7552e-05
Run 2
File weights 51 and ranks 51
Original previous efficiency: 0.4155710924
Original efficiency: 0.9580994772
Original ratio: 2.305500779
Knapsack previous efficiency: 0.9580994772
Knapsack ratio: 1.037184239
 Final Knapsack time: 1.0209e-05

Karmarkar-Karp previous efficiency: 0.9572057674
Karmarkar-Karp ratio: 1.042541348
 Final Karmarkar-Karp time: 5.3831e-05

SFC previous efficiency: 0.8302316728
 Time take to run this function: 2.9e-07
SFC ratio: 1
 Final SFC time: 1.615e-05

SFC+Knapsack previous efficiency: 0.9580994772
SFC + Knapsack ratio: 1.037184239
 Final SFC+Knapsack_Combined time: 1.3856e-05

SFC+Painter previous efficiency: 0.8734778343
SFC+painterPartition efficiency: 0.9466048701
SFC+Painter ratio: 1.083719395
 Final SFC+Painter time: 2.721e-05

Painter+Knapsack previous efficiency: 0.9580994772
Painter+Knapsack ratio: 1.037184239
 Final painter+Knapsack_Combined time: 1.6881e-05
Run 3
File weights 51 and ranks 51
Original previous efficiency: 0.9522621169
Original efficiency: 0.9522621169
Original ratio: 1
Knapsack previous efficiency: 0.9522621169
Knapsack ratio: 1.03796487
 Final Knapsack time: 9.708e-06

Karmarkar-Karp previous efficiency: 0.9492680706
Karmarkar-Karp ratio: 1.053294277
 Final Karmarkar-Karp time: 5.0314e-05

SFC previous efficiency: 0.8188649221
 Time take to run this function: 3.2e-07
SFC ratio: 1
 Final SFC time: 1.584e-05

SFC+Knapsack previous efficiency: 0.9522621169
SFC + Knapsack ratio: 1.03796487
 Final SFC+Knapsack_Combined time: 1.2764e-05

SFC+Painter previous efficiency: 0.8625002106
SFC+painterPartition efficiency: 0.9603247046
SFC+Painter ratio: 1.113419675
 Final SFC+Painter time: 1.8965e-05

Painter+Knapsack previous efficiency: 0.9522621169
Painter+Knapsack ratio: 1.03796487
 Final painter+Knapsack_Combined time: 1.5869e-05
Run 4
File weights 51 and ranks 51
Original previous efficiency: 0.955781589
Original efficiency: 0.955781589
Original ratio: 1
Knapsack previous efficiency: 0.955781589
Knapsack ratio: 1.034885174
 Final Knapsack time: 9.688e-06

Karmarkar-Karp previous efficiency: 0.9483827902
Karmarkar-Karp ratio: 1.049895748
 Final Karmarkar-Karp time: 4.7068e-05

SFC previous efficiency: 0.8179432566
 Time take to run this function: 2.7e-07
SFC ratio: 1
 Final SFC time: 1.5479e-05

SFC+Knapsack previous efficiency: 0.955781589
SFC + Knapsack ratio: 1.034885174
 Final SFC+Knapsack_Combined time: 1.2613e-05

SFC+Painter previous efficiency: 0.9599459775
SFC+painterPartition efficiency: 0.9599459775
SFC+Painter ratio: 1
 Final SFC+Painter time: 1.8725e-05

Painter+Knapsack previous efficiency: 0.955781589
Painter+Knapsack ratio: 1.034885174
 Final painter+Knapsack_Combined time: 1.4918e-05
Run 5
File weights 51 and ranks 51
Original previous efficiency: 0.9673457877
Original efficiency: 0.9673457877
Original ratio: 1
Knapsack previous efficiency: 0.9673457877
Knapsack ratio: 1.021318624
 Final Knapsack time: 9.558e-06

Karmarkar-Karp previous efficiency: 0.952827598
Karmarkar-Karp ratio: 1.045894472
 Final Karmarkar-Karp time: 5.0484e-05

SFC previous efficiency: 0.8232977242
 Time take to run this function: 2.71e-07
SFC ratio: 1
 Final SFC time: 1.5359e-05

SFC+Knapsack previous efficiency: 0.9673457877
SFC + Knapsack ratio: 1.021318624
 Final SFC+Knapsack_Combined time: 1.2574e-05

SFC+Painter previous efficiency: 0.9620125768
SFC+painterPartition efficiency: 0.9620125768
SFC+Painter ratio: 1
 Final SFC+Painter time: 1.8445e-05

Painter+Knapsack previous efficiency: 0.9673457877
Painter+Knapsack ratio: 1.021318624
 Final painter+Knapsack_Combined time: 1.5439e-05
Run 6
File weights 51 and ranks 51
Original previous efficiency: 0.9689717333
Original efficiency: 0.9689717333
Original ratio: 1
Knapsack previous efficiency: 0.9689717333
Knapsack ratio: 1.02549867
 Final Knapsack time: 9.948e-06

Karmarkar-Karp previous efficiency: 0.952521406
Karmarkar-Karp ratio: 1.047040079
 Final Karmarkar-Karp time: 4.7038e-05

SFC previous efficiency: 0.8308210688
 Time take to run this function: 3.01e-07
SFC ratio: 1
 Final SFC time: 2.0127e-05

SFC+Knapsack previous efficiency: 0.9689717333
SFC + Knapsack ratio: 1.02549867
 Final SFC+Knapsack_Combined time: 1.2914e-05

SFC+Painter previous efficiency: 0.9629464688
SFC+painterPartition efficiency: 0.9629464688
SFC+Painter ratio: 1
 Final SFC+Painter time: 1.8414e-05

Painter+Knapsack previous efficiency: 0.9689717333
Painter+Knapsack ratio: 1.02549867
 Final painter+Knapsack_Combined time: 1.5348e-05
Run 7
File weights 51 and ranks 51
Original previous efficiency: 0.9678039012
Original efficiency: 0.9678039012
Original ratio: 1
Knapsack previous efficiency: 0.9678039012
Knapsack ratio: 1.028978513
 Final Knapsack time: 9.699e-06

Karmarkar-Karp previous efficiency: 0.9459064201
Karmarkar-Karp ratio: 1.056443907
 Final Karmarkar-Karp time: 5.1937e-05

SFC previous efficiency: 0.8295191183
 Time take to run this function: 2.81e-07
SFC ratio: 1
 Final SFC time: 1.5459e-05

SFC+Knapsack previous efficiency: 0.9678039012
SFC + Knapsack ratio: 1.028978513
 Final SFC+Knapsack_Combined time: 1.2853e-05

SFC+Painter previous efficiency: 0.9633304541
SFC+painterPartition efficiency: 0.9633304541
SFC+Painter ratio: 1
 Final SFC+Painter time: 1.8494e-05

Painter+Knapsack previous efficiency: 0.9678039012
Painter+Knapsack ratio: 1.028978513
 Final painter+Knapsack_Combined time: 1.5329e-05
Run 8
File weights 51 and ranks 51
Original previous efficiency: 0.9685143416
Original efficiency: 0.9685143416
Original ratio: 1
Knapsack previous efficiency: 0.9685143416
Knapsack ratio: 1.029445086
 Final Knapsack time: 9.337e-06

Karmarkar-Karp previous efficiency: 0.9459947598
Karmarkar-Karp ratio: 1.055337169
 Final Karmarkar-Karp time: 4.7478e-05

SFC previous efficiency: 0.826681685
 Time take to run this function: 2.7e-07
SFC ratio: 1
 Final SFC time: 1.5609e-05

SFC+Knapsack previous efficiency: 0.9685143416
SFC + Knapsack ratio: 1.029445086
 Final SFC+Knapsack_Combined time: 1.2954e-05

SFC+Painter previous efficiency: 0.967689431
SFC+painterPartition efficiency: 0.967689431
SFC+Painter ratio: 1
 Final SFC+Painter time: 1.9306e-05

Painter+Knapsack previous efficiency: 0.9685143416
Painter+Knapsack ratio: 1.029445086
 Final painter+Knapsack_Combined time: 1.5959e-05
Run 9
File weights 51 and ranks 51
Original previous efficiency: 0.9822630548
Original efficiency: 0.9822630548
Original ratio: 1
Knapsack previous efficiency: 0.9822630548
Knapsack ratio: 1.015578369
 Final Knapsack time: 9.578e-06

Karmarkar-Karp previous efficiency: 0.9553975526
Karmarkar-Karp ratio: 1.042536981
 Final Karmarkar-Karp time: 6.0132e-05

SFC previous efficiency: 0.82771265
 Time take to run this function: 3.11e-07
SFC ratio: 1
 Final SFC time: 1.5669e-05

SFC+Knapsack previous efficiency: 0.9822630548
SFC + Knapsack ratio: 1.015578369
 Final SFC+Knapsack_Combined time: 1.3025e-05

SFC+Painter previous efficiency: 0.9713613747
SFC+painterPartition efficiency: 0.9713613747
SFC+Painter ratio: 1
 Final SFC+Painter time: 1.9537e-05

Painter+Knapsack previous efficiency: 0.9822630548
Painter+Knapsack ratio: 1.015578369
 Final painter+Knapsack_Combined time: 1.5579e-05
Run 10
File weights 51 and ranks 51
Original previous efficiency: 0.980532347
Original efficiency: 0.980532347
Original ratio: 1
Knapsack previous efficiency: 0.980532347
Knapsack ratio: 1.012667981
 Final Knapsack time: 9.447e-06

Karmarkar-Karp previous efficiency: 0.9692182041
Karmarkar-Karp ratio: 1.023252068
 Final Karmarkar-Karp time: 5.0985e-05

SFC previous efficiency: 0.8281526663
 Time take to run this function: 2.9e-07
SFC ratio: 1
 Final SFC time: 1.5429e-05

SFC+Knapsack previous efficiency: 0.980532347
SFC + Knapsack ratio: 1.012667981
 Final SFC+Knapsack_Combined time: 1.3585e-05

SFC+Painter previous efficiency: 0.9679420429
SFC+painterPartition efficiency: 0.9679420429
SFC+Painter ratio: 1
 Final SFC+Painter time: 1.8604e-05

Painter+Knapsack previous efficiency: 0.980532347
Painter+Knapsack ratio: 1.012667981
 Final painter+Knapsack_Combined time: 1.5279e-05
Run 11
File weights 51 and ranks 51
Original previous efficiency: 0.971585206
Original efficiency: 0.971585206
Original ratio: 1
Knapsack previous efficiency: 0.971585206
Knapsack ratio: 1.023663059
 Final Knapsack time: 9.488e-06

Karmarkar-Karp previous efficiency: 0.9778927396
Karmarkar-Karp ratio: 1.021199321
 Final Karmarkar-Karp time: 5.1135e-05

SFC previous efficiency: 0.8266807658
 Time take to run this function: 3.01e-07
SFC ratio: 1
 Final SFC time: 1.5409e-05

SFC+Knapsack previous efficiency: 0.971585206
SFC + Knapsack ratio: 1.023663059
 Final SFC+Knapsack_Combined time: 1.2623e-05

SFC+Painter previous efficiency: 0.9652272446
SFC+painterPartition efficiency: 0.9718316011
SFC+Painter ratio: 1.006842281
 Final SFC+Painter time: 1.8675e-05

Painter+Knapsack previous efficiency: 0.971585206
Painter+Knapsack ratio: 1.023663059
 Final painter+Knapsack_Combined time: 1.4918e-05
Run 12
File weights 51 and ranks 51
Original previous efficiency: 0.9611797591
Original efficiency: 0.9611797591
Original ratio: 1
Knapsack previous efficiency: 0.9611797591
Knapsack ratio: 1.03434376
 Final Knapsack time: 9.788e-06

Karmarkar-Karp previous efficiency: 0.9809630968
Karmarkar-Karp ratio: 1.013516968
 Final Karmarkar-Karp time: 5.3891e-05

SFC previous efficiency: 0.8253826384
 Time take to run this function: 2.9e-07
SFC ratio: 1
 Final SFC time: 1.572e-05

SFC+Knapsack previous efficiency: 0.9611797591
SFC + Knapsack ratio: 1.03434376
 Final SFC+Knapsack_Combined time: 1.2594e-05

SFC+Painter previous efficiency: 0.9604736708
SFC+painterPartition efficiency: 0.9706082307
SFC+Painter ratio: 1.010551627
 Final SFC+Painter time: 1.9877e-05

Painter+Knapsack previous efficiency: 0.9611797591
Painter+Knapsack ratio: 1.03434376
 Final painter+Knapsack_Combined time: 1.5509e-05
Run 13
File weights 51 and ranks 51
Original previous efficiency: 0.9575037745
Original efficiency: 0.9575037745
Original ratio: 1
Knapsack previous efficiency: 0.9575037745
Knapsack ratio: 1.04150242
 Final Knapsack time: 9.377e-06

Karmarkar-Karp previous efficiency: 0.9793403499
Karmarkar-Karp ratio: 1.020433748
 Final Karmarkar-Karp time: 5.1807e-05

SFC previous efficiency: 0.8293519432
 Time take to run this function: 3.11e-07
SFC ratio: 1
 Final SFC time: 1.5779e-05

SFC+Knapsack previous efficiency: 0.9575037745
SFC + Knapsack ratio: 1.04150242
 Final SFC+Knapsack_Combined time: 1.2834e-05

SFC+Painter previous efficiency: 0.9588200439
SFC+painterPartition efficiency: 0.9622006566
SFC+Painter ratio: 1.003525805
 Final SFC+Painter time: 1.8835e-05

Painter+Knapsack previous efficiency: 0.9575037745
Painter+Knapsack ratio: 1.04150242
 Final painter+Knapsack_Combined time: 1.5369e-05
Run 14
File weights 51 and ranks 51
Original previous efficiency: 0.9530988488
Original efficiency: 0.9530988488
Original ratio: 1
Knapsack previous efficiency: 0.9530988488
Knapsack ratio: 1.047089361
 Final Knapsack time: 9.688e-06

Karmarkar-Karp previous efficiency: 0.9722042456
Karmarkar-Karp ratio: 1.026900947
 Final Karmarkar-Karp time: 4.8751e-05

SFC previous efficiency: 0.8348489934
 Time take to run this function: 3.21e-07
SFC ratio: 1
 Final SFC time: 1.5499e-05

SFC+Knapsack previous efficiency: 0.9530988488
SFC + Knapsack ratio: 1.047089361
 Final SFC+Knapsack_Combined time: 1.2483e-05

SFC+Painter previous efficiency: 0.9531993307
SFC+painterPartition efficiency: 0.9643354602
SFC+Painter ratio: 1.011682897
 Final SFC+Painter time: 1.8304e-05

Painter+Knapsack previous efficiency: 0.9530988488
Painter+Knapsack ratio: 1.047089361
 Final painter+Knapsack_Combined time: 1.5148e-05
Run 15
File weights 51 and ranks 51
Original previous efficiency: 0.9436306455
Original efficiency: 0.9436306455
Original ratio: 1
Knapsack previous efficiency: 0.9436306455
Knapsack ratio: 1.056117512
 Final Knapsack time: 9.728e-06

Karmarkar-Karp previous efficiency: 0.9624021131
Karmarkar-Karp ratio: 1.035043727
 Final Karmarkar-Karp time: 4.867e-05

SFC previous efficiency: 0.8296630277
 Time take to run this function: 3e-07
SFC ratio: 1
 Final SFC time: 1.5559e-05

SFC+Knapsack previous efficiency: 0.9436306455
SFC + Knapsack ratio: 1.056117512
 Final SFC+Knapsack_Combined time: 1.2403e-05

SFC+Painter previous efficiency: 0.9468116944
SFC+painterPartition efficiency: 0.9654835158
SFC+Painter ratio: 1.019720734
 Final SFC+Painter time: 1.8655e-05

Painter+Knapsack previous efficiency: 0.9436306455
Painter+Knapsack ratio: 1.056117512
 Final painter+Knapsack_Combined time: 1.5159e-05
Run 16
File weights 51 and ranks 51
Original previous efficiency: 0.9383216816
Original efficiency: 0.9383216816
Original ratio: 1
Knapsack previous efficiency: 0.9383216816
Knapsack ratio: 1.061767788
 Final Knapsack time: 9.378e-06

Karmarkar-Karp previous efficiency: 0.9539704599
Karmarkar-Karp ratio: 1.046634398
 Final Karmarkar-Karp time: 5.1025e-05

SFC previous efficiency: 0.8298056306
 Time take to run this function: 2.91e-07
SFC ratio: 1
 Final SFC time: 1.5509e-05

SFC+Knapsack previous efficiency: 0.9383216816
SFC + Knapsack ratio: 1.061767788
 Final SFC+Knapsack_Combined time: 1.2594e-05

SFC+Painter previous efficiency: 0.9388034868
SFC+painterPartition efficiency: 0.9580272485
SFC+Painter ratio: 1.020476875
 Final SFC+Painter time: 1.8715e-05

Painter+Knapsack previous efficiency: 0.9383216816
Painter+Knapsack ratio: 1.061767788
 Final painter+Knapsack_Combined time: 1.4888e-05
Run 17
File weights 51 and ranks 51
Original previous efficiency: 0.9365063226
Original efficiency: 0.9365063226
Original ratio: 1
Knapsack previous efficiency: 0.9365063226
Knapsack ratio: 1.061056143
 Final Knapsack time: 9.237e-06

Karmarkar-Karp previous efficiency: 0.9530396946
Karmarkar-Karp ratio: 1.04208292
 Final Karmarkar-Karp time: 4.7549e-05

SFC previous efficiency: 0.8287642019
 Time take to run this function: 2.9e-07
SFC ratio: 1
 Final SFC time: 1.5429e-05

SFC+Knapsack previous efficiency: 0.9365063226
SFC + Knapsack ratio: 1.061056143
 Final SFC+Knapsack_Combined time: 1.2152e-05

SFC+Painter previous efficiency: 0.9374593856
SFC+painterPartition efficiency: 0.9614401341
SFC+Painter ratio: 1.025580573
 Final SFC+Painter time: 1.9286e-05

Painter+Knapsack previous efficiency: 0.9365063226
Painter+Knapsack ratio: 1.061056143
 Final painter+Knapsack_Combined time: 1.5138e-05
Run 18
File weights 51 and ranks 51
Original previous efficiency: 0.9307002032
Original efficiency: 0.9307002032
Original ratio: 1
Knapsack previous efficiency: 0.9307002032
Knapsack ratio: 1.069422967
 Final Knapsack time: 9.438e-06

Karmarkar-Karp previous efficiency: 0.9474579675
Karmarkar-Karp ratio: 1.053782527
 Final Karmarkar-Karp time: 5.2198e-05

SFC previous efficiency: 0.8316833166
 Time take to run this function: 3e-07
SFC ratio: 1
 Final SFC time: 1.5579e-05

SFC+Knapsack previous efficiency: 0.9307002032
SFC + Knapsack ratio: 1.069422967
 Final SFC+Knapsack_Combined time: 1.2473e-05

SFC+Painter previous efficiency: 0.9320317323
SFC+painterPartition efficiency: 0.9586238314
SFC+Painter ratio: 1.028531324
 Final SFC+Painter time: 1.8615e-05

Painter+Knapsack previous efficiency: 0.9307002032
Painter+Knapsack ratio: 1.069422967
 Final painter+Knapsack_Combined time: 1.5219e-05
Run 19
File weights 51 and ranks 51
Original previous efficiency: 0.9293637399
Original efficiency: 0.9293637399
Original ratio: 1
Knapsack previous efficiency: 0.9293637399
Knapsack ratio: 1.070481234
 Final Knapsack time: 9.748e-06

Karmarkar-Karp previous efficiency: 0.940836427
Karmarkar-Karp ratio: 1.059889367
 Final Karmarkar-Karp time: 5.0654e-05

SFC previous efficiency: 0.8375074887
 Time take to run this function: 2.9e-07
SFC ratio: 1
 Final SFC time: 1.5298e-05

SFC+Knapsack previous efficiency: 0.9293637399
SFC + Knapsack ratio: 1.070481234
 Final SFC+Knapsack_Combined time: 1.2504e-05

SFC+Painter previous efficiency: 0.9214416431
SFC+painterPartition efficiency: 0.9574473618
SFC+Painter ratio: 1.039075419
 Final SFC+Painter time: 1.8555e-05

Painter+Knapsack previous efficiency: 0.9293637399
Painter+Knapsack ratio: 1.070481234
 Final painter+Knapsack_Combined time: 1.4818e-05
Run 20
File weights 51 and ranks 51
Original previous efficiency: 0.9272512756
Original efficiency: 0.9272512756
Original ratio: 1
Knapsack previous efficiency: 0.9272512756
Knapsack ratio: 1.077591023
 Final Knapsack time: 9.428e-06

Karmarkar-Karp previous efficiency: 0.9335459497
Karmarkar-Karp ratio: 1.063052258
 Final Karmarkar-Karp time: 5.0074e-05

SFC previous efficiency: 0.8520635714
 Time take to run this function: 2.9e-07
SFC ratio: 1
 Final SFC time: 1.5268e-05

SFC+Knapsack previous efficiency: 0.9272512756
SFC + Knapsack ratio: 1.077591023
 Final SFC+Knapsack_Combined time: 1.2453e-05

SFC+Painter previous efficiency: 0.9023821523
SFC+painterPartition efficiency: 0.9493971284
SFC+Painter ratio: 1.05210096
 Final SFC+Painter time: 1.8645e-05

Painter+Knapsack previous efficiency: 0.9272512756
Painter+Knapsack ratio: 1.077591023
 Final painter+Knapsack_Combined time: 1.5108e-05
Run 21
File weights 51 and ranks 51
Original previous efficiency: 0.9318954173
Original efficiency: 0.9318954173
Original ratio: 1
Knapsack previous efficiency: 0.9318954173
Knapsack ratio: 1.070840586
 Final Knapsack time: 9.578e-06

Karmarkar-Karp previous efficiency: 0.9299584107
Karmarkar-Karp ratio: 1.071912036
 Final Karmarkar-Karp time: 4.9002e-05

SFC previous efficiency: 0.860110792
 Time take to run this function: 3.11e-07
SFC ratio: 1
 Final SFC time: 1.5469e-05

SFC+Knapsack previous efficiency: 0.9318954173
SFC + Knapsack ratio: 1.070840586
 Final SFC+Knapsack_Combined time: 1.2423e-05

SFC+Painter previous efficiency: 0.8907232949
SFC+painterPartition efficiency: 0.9454252636
SFC+Painter ratio: 1.061412976
 Final SFC+Painter time: 1.8615e-05

Painter+Knapsack previous efficiency: 0.9318954173
Painter+Knapsack ratio: 1.070840586
 Final painter+Knapsack_Combined time: 1.5399e-05
Run 22
File weights 51 and ranks 51
Original previous efficiency: 0.9270418313
Original efficiency: 0.9270418313
Original ratio: 1
Knapsack previous efficiency: 0.9270418313
Knapsack ratio: 1.0760148
 Final Knapsack time: 9.518e-06

Karmarkar-Karp previous efficiency: 0.9310948041
Karmarkar-Karp ratio: 1.07161144
 Final Karmarkar-Karp time: 5.317e-05

SFC previous efficiency: 0.8642670435
 Time take to run this function: 3.1e-07
SFC ratio: 1
 Final SFC time: 1.5438e-05

SFC+Knapsack previous efficiency: 0.9270418313
SFC + Knapsack ratio: 1.0760148
 Final SFC+Knapsack_Combined time: 1.2513e-05

SFC+Painter previous efficiency: 0.8805609489
SFC+painterPartition efficiency: 0.9337421315
SFC+Painter ratio: 1.060394664
 Final SFC+Painter time: 1.8645e-05

Painter+Knapsack previous efficiency: 0.9270418313
Painter+Knapsack ratio: 1.0760148
 Final painter+Knapsack_Combined time: 1.5038e-05
Run 23
File weights 51 and ranks 51
Original previous efficiency: 0.9156146066
Original efficiency: 0.9156146066
Original ratio: 1
Knapsack previous efficiency: 0.9156146066
Knapsack ratio: 1.090666458
 Final Knapsack time: 9.438e-06

Karmarkar-Karp previous efficiency: 0.9305411251
Karmarkar-Karp ratio: 1.072730019
 Final Karmarkar-Karp time: 4.6948e-05

SFC previous efficiency: 0.8621700833
 Time take to run this function: 2.9e-07
SFC ratio: 1
 Final SFC time: 1.5408e-05

SFC+Knapsack previous efficiency: 0.9156146066
SFC + Knapsack ratio: 1.090666458
 Final SFC+Knapsack_Combined time: 1.2393e-05

SFC+Painter previous efficiency: 0.8759295684
SFC+painterPartition efficiency: 0.9281968307
SFC+Painter ratio: 1.059670622
 Final SFC+Painter time: 1.8685e-05

Painter+Knapsack previous efficiency: 0.9156146066
Painter+Knapsack ratio: 1.090666458
 Final painter+Knapsack_Combined time: 1.5108e-05
Run 24
File weights 51 and ranks 51
Original previous efficiency: 0.9076144604
Original efficiency: 0.9076144604
Original ratio: 1
Knapsack previous efficiency: 0.9076144604
Knapsack ratio: 1.095586772
 Final Knapsack time: 9.457e-06

Karmarkar-Karp previous efficiency: 0.931548475
Karmarkar-Karp ratio: 1.07186121
 Final Karmarkar-Karp time: 4.7288e-05

SFC previous efficiency: 0.8601086387
 Time take to run this function: 2.91e-07
SFC ratio: 1
 Final SFC time: 1.5429e-05

SFC+Knapsack previous efficiency: 0.9076144604
SFC + Knapsack ratio: 1.095586772
 Final SFC+Knapsack_Combined time: 1.2033e-05

SFC+Painter previous efficiency: 0.8730780599
SFC+painterPartition efficiency: 0.9247908608
SFC+Painter ratio: 1.059230444
 Final SFC+Painter time: 1.8534e-05

Painter+Knapsack previous efficiency: 0.9076144604
Painter+Knapsack ratio: 1.095586772
 Final painter+Knapsack_Combined time: 1.5048e-05
Run 25
File weights 51 and ranks 51
Original previous efficiency: 0.9009783441
Original efficiency: 0.9009783441
Original ratio: 1
Knapsack previous efficiency: 0.9009783441
Knapsack ratio: 1.104365745
 Final Knapsack time: 9.217e-06

Karmarkar-Karp previous efficiency: 0.924752525
Karmarkar-Karp ratio: 1.074205456
 Final Karmarkar-Karp time: 4.8159e-05

SFC previous efficiency: 0.8558017458
 Time take to run this function: 2.81e-07
SFC ratio: 1
 Final SFC time: 1.5409e-05

SFC+Knapsack previous efficiency: 0.9009783441
SFC + Knapsack ratio: 1.104365745
 Final SFC+Knapsack_Combined time: 1.2273e-05

SFC+Painter previous efficiency: 0.865683908
SFC+painterPartition efficiency: 0.9161294182
SFC+Painter ratio: 1.058272436
 Final SFC+Painter time: 1.8735e-05

Painter+Knapsack previous efficiency: 0.9009783441
Painter+Knapsack ratio: 1.104365745
 Final painter+Knapsack_Combined time: 1.5068e-05
Run 26
File weights 51 and ranks 51
Original previous efficiency: 0.8943494226
Original efficiency: 0.9853257806
Original ratio: 1.101723505
Knapsack previous efficiency: 0.9853257806
Knapsack ratio: 1.010796758
 Final Knapsack time: 9.398e-06

Karmarkar-Karp previous efficiency: 0.91741648
Karmarkar-Karp ratio: 1.086053626
 Final Karmarkar-Karp time: 4.7338e-05

SFC previous efficiency: 0.8534841674
 Time take to run this function: 2.81e-07
SFC ratio: 1
 Final SFC time: 1.5469e-05

SFC+Knapsack previous efficiency: 0.9853257806
SFC + Knapsack ratio: 1.010796758
 Final SFC+Knapsack_Combined time: 1.2394e-05

SFC+Painter previous efficiency: 0.8633778469
SFC+painterPartition efficiency: 0.9131948492
SFC+Painter ratio: 1.057700117
 Final SFC+Painter time: 1.8715e-05

Painter+Knapsack previous efficiency: 0.9853257806
Painter+Knapsack ratio: 1.010796758
 Final painter+Knapsack_Combined time: 1.592e-05
Run 27
File weights 51 and ranks 51
Original previous efficiency: 0.9767762565
Original efficiency: 0.9767762565
Original ratio: 1
Knapsack previous efficiency: 0.9767762565
Knapsack ratio: 1.01855835
 Final Knapsack time: 9.778e-06

Karmarkar-Karp previous efficiency: 0.909006222
Karmarkar-Karp ratio: 1.098439029
 Final Karmarkar-Karp time: 4.4934e-05

SFC previous efficiency: 0.8451762234
 Time take to run this function: 2.8e-07
SFC ratio: 1
 Final SFC time: 1.5338e-05

SFC+Knapsack previous efficiency: 0.9767762565
SFC + Knapsack ratio: 1.01855835
 Final SFC+Knapsack_Combined time: 1.2433e-05

SFC+Painter previous efficiency: 0.8601003577
SFC+painterPartition efficiency: 0.9092508782
SFC+Painter ratio: 1.057145099
 Final SFC+Painter time: 1.8645e-05

Painter+Knapsack previous efficiency: 0.9767762565
Painter+Knapsack ratio: 1.01855835
 Final painter+Knapsack_Combined time: 1.5428e-05
Run 28
File weights 51 and ranks 51
Original previous efficiency: 0.9735324442
Original efficiency: 0.9735324442
Original ratio: 1
Knapsack previous efficiency: 0.9735324442
Knapsack ratio: 1.025002749
 Final Knapsack time: 9.518e-06

Karmarkar-Karp previous efficiency: 0.9017991127
Karmarkar-Karp ratio: 1.104227111
 Final Karmarkar-Karp time: 4.6407e-05

SFC previous efficiency: 0.8434129881
 Time take to run this function: 2.71e-07
SFC ratio: 1
 Final SFC time: 1.5549e-05

SFC+Knapsack previous efficiency: 0.9735324442
SFC + Knapsack ratio: 1.025002749
 Final SFC+Knapsack_Combined time: 1.3264e-05

SFC+Painter previous efficiency: 0.8585104229
SFC+painterPartition efficiency: 0.9110802349
SFC+Painter ratio: 1.061233749
 Final SFC+Painter time: 1.8555e-05

Painter+Knapsack previous efficiency: 0.9735324442
Painter+Knapsack ratio: 1.025002749
 Final painter+Knapsack_Combined time: 1.5068e-05
Run 29
File weights 51 and ranks 51
Original previous efficiency: 0.9662575357
Original efficiency: 0.9662575357
Original ratio: 1
Knapsack previous efficiency: 0.9662575357
Knapsack ratio: 1.032040142
 Final Knapsack time: 9.398e-06

Karmarkar-Karp previous efficiency: 0.9894891788
Karmarkar-Karp ratio: 1.002699503
 Final Karmarkar-Karp time: 5.0264e-05

SFC previous efficiency: 0.8471515577
 Time take to run this function: 3.01e-07
SFC ratio: 1
 Final SFC time: 1.5389e-05

SFC+Knapsack previous efficiency: 0.9662575357
SFC + Knapsack ratio: 1.032040142
 Final SFC+Knapsack_Combined time: 1.2704e-05

SFC+Painter previous efficiency: 0.8500896906
SFC+painterPartition efficiency: 0.9201295917
SFC+Painter ratio: 1.08239119
 Final SFC+Painter time: 1.8715e-05

Painter+Knapsack previous efficiency: 0.9662575357
Painter+Knapsack ratio: 1.032040142
 Final painter+Knapsack_Combined time: 1.4998e-05
Run 30
File weights 51 and ranks 51
Original previous efficiency: 0.9587917601
Original efficiency: 0.9587917601
Original ratio: 1
Knapsack previous efficiency: 0.9587917601
Knapsack ratio: 1.036243148
 Final Knapsack time: 9.478e-06

Karmarkar-Karp previous efficiency: 0.9739427926
Karmarkar-Karp ratio: 1.018866689
 Final Karmarkar-Karp time: 4.7459e-05

SFC previous efficiency: 0.8489155801
 Time take to run this function: 2.71e-07
SFC ratio: 1
 Final SFC time: 1.5399e-05

SFC+Knapsack previous efficiency: 0.9587917601
SFC + Knapsack ratio: 1.036243148
 Final SFC+Knapsack_Combined time: 1.2303e-05

SFC+Painter previous efficiency: 0.8600393849
SFC+painterPartition efficiency: 0.9438594915
SFC+Painter ratio: 1.097460777
 Final SFC+Painter time: 2.4726e-05

Painter+Knapsack previous efficiency: 0.9587917601
Painter+Knapsack ratio: 1.036243148
 Final painter+Knapsack_Combined time: 1.5709e-05
Run 31
File weights 51 and ranks 51
Original previous efficiency: 0.9514609509
Original efficiency: 0.9514609509
Original ratio: 1
Knapsack previous efficiency: 0.9514609509
Knapsack ratio: 1.048249247
 Final Knapsack time: 9.648e-06

Karmarkar-Karp previous efficiency: 0.9625530862
Karmarkar-Karp ratio: 1.03177021
 Final Karmarkar-Karp time: 5.399e-05

SFC previous efficiency: 0.8511660733
 Time take to run this function: 3e-07
SFC ratio: 1
 Final SFC time: 1.589e-05

SFC+Knapsack previous efficiency: 0.9514609509
SFC + Knapsack ratio: 1.048249247
 Final SFC+Knapsack_Combined time: 1.4337e-05

SFC+Painter previous efficiency: 0.8762261528
SFC+painterPartition efficiency: 0.9398611169
SFC+Painter ratio: 1.072623904
 Final SFC+Painter time: 1.8654e-05

Painter+Knapsack previous efficiency: 0.9514609509
Painter+Knapsack ratio: 1.048249247
 Final painter+Knapsack_Combined time: 1.5078e-05
Run 32
File weights 51 and ranks 51
Original previous efficiency: 0.9530341796
Original efficiency: 0.9530341796
Original ratio: 1
Knapsack previous efficiency: 0.9530341796
Knapsack ratio: 1.048000966
 Final Knapsack time: 9.388e-06

Karmarkar-Karp previous efficiency: 0.9451363892
Karmarkar-Karp ratio: 1.057462371
 Final Karmarkar-Karp time: 5.388e-05

SFC previous efficiency: 0.8576287389
 Time take to run this function: 2.9e-07
SFC ratio: 1
 Final SFC time: 1.5439e-05

SFC+Knapsack previous efficiency: 0.9530341796
SFC + Knapsack ratio: 1.048000966
 Final SFC+Knapsack_Combined time: 1.2743e-05

SFC+Painter previous efficiency: 0.8990146369
SFC+painterPartition efficiency: 0.9326016393
SFC+Painter ratio: 1.037359795
 Final SFC+Painter time: 1.8665e-05

Painter+Knapsack previous efficiency: 0.9530341796
Painter+Knapsack ratio: 1.048000966
 Final painter+Knapsack_Combined time: 1.4918e-05
Run 33
File weights 51 and ranks 51
Original previous efficiency: 0.9607936498
Original efficiency: 0.9607936498
Original ratio: 1
Knapsack previous efficiency: 0.9607936498
Knapsack ratio: 1.040655311
 Final Knapsack time: 9.267e-06

Karmarkar-Karp previous efficiency: 0.9287153463
Karmarkar-Karp ratio: 1.075879037
 Final Karmarkar-Karp time: 4.9582e-05

SFC previous efficiency: 0.8598987751
 Time take to run this function: 2.9e-07
SFC ratio: 1
 Final SFC time: 1.8144e-05

SFC+Knapsack previous efficiency: 0.9607936498
SFC + Knapsack ratio: 1.040655311
 Final SFC+Knapsack_Combined time: 1.3084e-05

SFC+Painter previous efficiency: 0.9210746793
SFC+painterPartition efficiency: 0.9210746793
SFC+Painter ratio: 1
 Final SFC+Painter time: 1.9937e-05

Painter+Knapsack previous efficiency: 0.9607936498
Painter+Knapsack ratio: 1.040655311
 Final painter+Knapsack_Combined time: 1.5639e-05
Run 34
File weights 51 and ranks 51
Original previous efficiency: 0.9508778614
Original efficiency: 0.9508778614
Original ratio: 1
Knapsack previous efficiency: 0.9508778614
Knapsack ratio: 1.050934785
 Final Knapsack time: 9.207e-06

Karmarkar-Karp previous efficiency: 0.9180094514
Karmarkar-Karp ratio: 1.088328023
 Final Karmarkar-Karp time: 4.9873e-05

SFC previous efficiency: 0.8609554052
 Time take to run this function: 2.91e-07
SFC ratio: 1
 Final SFC time: 1.5579e-05

SFC+Knapsack previous efficiency: 0.9508778614
SFC + Knapsack ratio: 1.050934785
 Final SFC+Knapsack_Combined time: 1.2553e-05

SFC+Painter previous efficiency: 0.9100391905
SFC+painterPartition efficiency: 0.9100391905
SFC+Painter ratio: 1
 Final SFC+Painter time: 1.9085e-05

Painter+Knapsack previous efficiency: 0.9508778614
Painter+Knapsack ratio: 1.050934785
 Final painter+Knapsack_Combined time: 1.4747e-05
Run 35
File weights 51 and ranks 51
Original previous efficiency: 0.9353880316
Original efficiency: 0.9353880316
Original ratio: 1
Knapsack previous efficiency: 0.9353880316
Knapsack ratio: 1.057776877
 Final Knapsack time: 9.067e-06

Karmarkar-Karp previous efficiency: 0.9089503066
Karmarkar-Karp ratio: 1.098963628
 Final Karmarkar-Karp time: 5.2067e-05

SFC previous efficiency: 0.8590385533
 Time take to run this function: 3.01e-07
SFC ratio: 1
 Final SFC time: 1.5539e-05

SFC+Knapsack previous efficiency: 0.9353880316
SFC + Knapsack ratio: 1.057776877
 Final SFC+Knapsack_Combined time: 1.2433e-05

SFC+Painter previous efficiency: 0.8983694477
SFC+painterPartition efficiency: 0.8983694477
SFC+Painter ratio: 1
 Final SFC+Painter time: 1.8836e-05

Painter+Knapsack previous efficiency: 0.9353880316
Painter+Knapsack ratio: 1.057776877
 Final painter+Knapsack_Combined time: 1.4857e-05
Run 36
File weights 51 and ranks 51
Original previous efficiency: 0.9612714427
Original efficiency: 0.9612714427
Original ratio: 1
Knapsack previous efficiency: 0.9612714427
Knapsack ratio: 1.027846542
 Final Knapsack time: 9.307e-06

Karmarkar-Karp previous efficiency: 0.9176909946
Karmarkar-Karp ratio: 1.088963001
 Final Karmarkar-Karp time: 4.9823e-05

SFC previous efficiency: 0.840952787
 Time take to run this function: 3.01e-07
SFC ratio: 1
 Final SFC time: 1.5379e-05

SFC+Knapsack previous efficiency: 0.9612714427
SFC + Knapsack ratio: 1.027846542
 Final SFC+Knapsack_Combined time: 1.2233e-05

SFC+Painter previous efficiency: 0.8993654454
SFC+painterPartition efficiency: 0.8993654454
SFC+Painter ratio: 1
 Final SFC+Painter time: 1.8545e-05

Painter+Knapsack previous efficiency: 0.9612714427
Painter+Knapsack ratio: 1.027846542
 Final painter+Knapsack_Combined time: 1.4748e-05
Run 37
File weights 51 and ranks 51
Original previous efficiency: 0.9846316973
Original efficiency: 0.9846316973
Original ratio: 1
Knapsack previous efficiency: 0.9846316973
Knapsack ratio: 1.011828763
 Final Knapsack time: 8.886e-06

Karmarkar-Karp previous efficiency: 0.9334954295
Karmarkar-Karp ratio: 1.069614702
 Final Karmarkar-Karp time: 5.1206e-05

SFC previous efficiency: 0.8299843841
 Time take to run this function: 2.8e-07
SFC ratio: 0.9368025441
 Final SFC time: 1.568e-05

SFC+Knapsack previous efficiency: 0.9846316973
SFC + Knapsack ratio: 1.011828763
 Final SFC+Knapsack_Combined time: 1.2443e-05

SFC+Painter previous efficiency: 0.9098986676
SFC+painterPartition efficiency: 0.9098986676
SFC+Painter ratio: 1
 Final SFC+Painter time: 1.8314e-05

Painter+Knapsack previous efficiency: 0.9846316973
Painter+Knapsack ratio: 1.011828763
 Final painter+Knapsack_Combined time: 1.4958e-05
Run 38
File weights 51 and ranks 51
Original previous efficiency: 0.9840467624
Original efficiency: 0.9840467624
Original ratio: 1
Knapsack previous efficiency: 0.9840467624
Knapsack ratio: 1.015864006
 Final Knapsack time: 9.397e-06

Karmarkar-Karp previous efficiency: 0.9388559873
Karmarkar-Karp ratio: 1.063710139
 Final Karmarkar-Karp time: 5.1245e-05

SFC previous efficiency: 0.8272460421
 Time take to run this function: 2.8e-07
SFC ratio: 0.9848329072
 Final SFC time: 1.5629e-05

SFC+Knapsack previous efficiency: 0.9840467624
SFC + Knapsack ratio: 1.015864006
 Final SFC+Knapsack_Combined time: 1.2574e-05

SFC+Painter previous efficiency: 0.9134769084
SFC+painterPartition efficiency: 0.9134769084
SFC+Painter ratio: 1
 Final SFC+Painter time: 1.8475e-05

Painter+Knapsack previous efficiency: 0.9840467624
Painter+Knapsack ratio: 1.015864006
 Final painter+Knapsack_Combined time: 1.4958e-05
Run 39
File weights 51 and ranks 51
Original previous efficiency: 0.981975987
Original efficiency: 0.981975987
Original ratio: 1
Knapsack previous efficiency: 0.981975987
Knapsack ratio: 1.017481609
 Final Knapsack time: 9.368e-06

Karmarkar-Karp previous efficiency: 0.9486826746
Karmarkar-Karp ratio: 1.053779771
 Final Karmarkar-Karp time: 4.9041e-05

SFC previous efficiency: 0.8234798993
 Time take to run this function: 2.9e-07
SFC ratio: 0.9860315179
 Final SFC time: 1.569e-05

SFC+Knapsack previous efficiency: 0.981975987
SFC + Knapsack ratio: 1.017481609
 Final SFC+Knapsack_Combined time: 1.2463e-05

SFC+Painter previous efficiency: 0.9150310279
SFC+painterPartition efficiency: 0.9150310279
SFC+Painter ratio: 1
 Final SFC+Painter time: 1.8725e-05

Painter+Knapsack previous efficiency: 0.981975987
Painter+Knapsack ratio: 1.017481609
 Final painter+Knapsack_Combined time: 1.4777e-05
Run 40
File weights 51 and ranks 51
Original previous efficiency: 0.9820092448
Original efficiency: 0.9820092448
Original ratio: 1
Knapsack previous efficiency: 0.9820092448
Knapsack ratio: 1.015645065
 Final Knapsack time: 9.247e-06

Karmarkar-Karp previous efficiency: 0.9603271928
Karmarkar-Karp ratio: 1.0405859
 Final Karmarkar-Karp time: 5.0444e-05

SFC previous efficiency: 0.8204818398
 Time take to run this function: 2.8e-07
SFC ratio: 0.9870310618
 Final SFC time: 1.5789e-05

SFC+Knapsack previous efficiency: 0.9820092448
SFC + Knapsack ratio: 1.015645065
 Final SFC+Knapsack_Combined time: 1.2353e-05

SFC+Painter previous efficiency: 0.9229462145
SFC+painterPartition efficiency: 0.9229462145
SFC+Painter ratio: 1
 Final SFC+Painter time: 1.8555e-05

Painter+Knapsack previous efficiency: 0.9820092448
Painter+Knapsack ratio: 1.015645065
 Final painter+Knapsack_Combined time: 1.4968e-05
Run 41
File weights 51 and ranks 51
Original previous efficiency: 0.9786128726
Original efficiency: 0.9786128726
Original ratio: 1
Knapsack previous efficiency: 0.9786128726
Knapsack ratio: 1.019644155
 Final Knapsack time: 9.447e-06

Karmarkar-Karp previous efficiency: 0.9578590142
Karmarkar-Karp ratio: 1.043211571
 Final Karmarkar-Karp time: 5.1175e-05

SFC previous efficiency: 0.8187152797
 Time take to run this function: 2.7e-07
SFC ratio: 0.9843883239
 Final SFC time: 1.5589e-05

SFC+Knapsack previous efficiency: 0.9786128726
SFC + Knapsack ratio: 1.019644155
 Final SFC+Knapsack_Combined time: 1.2363e-05

SFC+Painter previous efficiency: 0.9256173232
SFC+painterPartition efficiency: 0.9256173232
SFC+Painter ratio: 1
 Final SFC+Painter time: 1.8625e-05

Painter+Knapsack previous efficiency: 0.9786128726
Painter+Knapsack ratio: 1.019644155
 Final painter+Knapsack_Combined time: 1.5108e-05
Run 42
File weights 51 and ranks 51
Original previous efficiency: 0.980210123
Original efficiency: 0.980210123
Original ratio: 1
Knapsack previous efficiency: 0.980210123
Knapsack ratio: 1.016507306
 Final Knapsack time: 9.548e-06

Karmarkar-Karp previous efficiency: 0.9558196462
Karmarkar-Karp ratio: 1.045141322
 Final Karmarkar-Karp time: 4.9963e-05

SFC previous efficiency: 0.8177073727
 Time take to run this function: 2.7e-07
SFC ratio: 0.981930865
 Final SFC time: 1.5619e-05

SFC+Knapsack previous efficiency: 0.980210123
SFC + Knapsack ratio: 1.016507306
 Final SFC+Knapsack_Combined time: 1.2603e-05

SFC+Painter previous efficiency: 0.9273444016
SFC+painterPartition efficiency: 0.9273444016
SFC+Painter ratio: 1
 Final SFC+Painter time: 1.8705e-05

Painter+Knapsack previous efficiency: 0.980210123
Painter+Knapsack ratio: 1.016507306
 Final painter+Knapsack_Combined time: 1.5248e-05
Run 43
File weights 51 and ranks 51
Original previous efficiency: 0.9779918166
Original efficiency: 0.9779918166
Original ratio: 1
Knapsack previous efficiency: 0.9779918166
Knapsack ratio: 1.01926874
 Final Knapsack time: 9.328e-06

Karmarkar-Karp previous efficiency: 0.9563374076
Karmarkar-Karp ratio: 1.045064233
 Final Karmarkar-Karp time: 5.3429e-05

SFC previous efficiency: 0.8174791514
 Time take to run this function: 2.91e-07
SFC ratio: 1
 Final SFC time: 1.5389e-05

SFC+Knapsack previous efficiency: 0.9779918166
SFC + Knapsack ratio: 1.01926874
 Final SFC+Knapsack_Combined time: 1.2654e-05

SFC+Painter previous efficiency: 0.9274315377
SFC+painterPartition efficiency: 0.9274315377
SFC+Painter ratio: 1
 Final SFC+Painter time: 1.8474e-05

Painter+Knapsack previous efficiency: 0.9779918166
Painter+Knapsack ratio: 1.01926874
 Final painter+Knapsack_Combined time: 1.4918e-05
Run 44
File weights 51 and ranks 51
Original previous efficiency: 0.9791382877
Original efficiency: 0.9791382877
Original ratio: 1
Knapsack previous efficiency: 0.9791382877
Knapsack ratio: 1.017254506
 Final Knapsack time: 9.358e-06

Karmarkar-Karp previous efficiency: 0.9589861898
Karmarkar-Karp ratio: 1.042627468
 Final Karmarkar-Karp time: 4.7829e-05

SFC previous efficiency: 0.8181252729
 Time take to run this function: 3.01e-07
SFC ratio: 1
 Final SFC time: 1.5469e-05

SFC+Knapsack previous efficiency: 0.9791382877
SFC + Knapsack ratio: 1.017254506
 Final SFC+Knapsack_Combined time: 1.2734e-05

SFC+Painter previous efficiency: 0.9275896499
SFC+painterPartition efficiency: 0.9275896499
SFC+Painter ratio: 1
 Final SFC+Painter time: 1.8555e-05

Painter+Knapsack previous efficiency: 0.9791382877
Painter+Knapsack ratio: 1.017254506
 Final painter+Knapsack_Combined time: 1.5269e-05
Run 45
File weights 51 and ranks 51
Original previous efficiency: 0.9770108583
Original efficiency: 0.9770108583
Original ratio: 1
Knapsack previous efficiency: 0.9770108583
Knapsack ratio: 1.019665501
 Final Knapsack time: 9.368e-06

Karmarkar-Karp previous efficiency: 0.9636161834
Karmarkar-Karp ratio: 1.037332748
 Final Karmarkar-Karp time: 8.9597e-05

SFC previous efficiency: 0.8190957448
 Time take to run this function: 3e-07
SFC ratio: 1
 Final SFC time: 1.5629e-05

SFC+Knapsack previous efficiency: 0.9770108583
SFC + Knapsack ratio: 1.019665501
 Final SFC+Knapsack_Combined time: 1.3285e-05

SFC+Painter previous efficiency: 0.9300358118
SFC+painterPartition efficiency: 0.9300358118
SFC+Painter ratio: 1
 Final SFC+Painter time: 1.8494e-05

Painter+Knapsack previous efficiency: 0.9770108583
Painter+Knapsack ratio: 1.019665501
 Final painter+Knapsack_Combined time: 1.5008e-05
Run 46
File weights 51 and ranks 51
Original previous efficiency: 0.9756994299
Original efficiency: 0.9756994299
Original ratio: 1
Knapsack previous efficiency: 0.9756994299
Knapsack ratio: 1.020689387
 Final Knapsack time: 9.508e-06

Karmarkar-Karp previous efficiency: 0.9670792138
Karmarkar-Karp ratio: 1.03374414
 Final Karmarkar-Karp time: 4.2368e-05

SFC previous efficiency: 0.8182606376
 Time take to run this function: 2.91e-07
SFC ratio: 1
 Final SFC time: 1.5198e-05

SFC+Knapsack previous efficiency: 0.9756994299
SFC + Knapsack ratio: 1.020689387
 Final SFC+Knapsack_Combined time: 1.3255e-05

SFC+Painter previous efficiency: 0.9313960893
SFC+painterPartition efficiency: 0.9313960893
SFC+Painter ratio: 1
 Final SFC+Painter time: 1.8244e-05

Painter+Knapsack previous efficiency: 0.9756994299
Painter+Knapsack ratio: 1.020689387
 Final painter+Knapsack_Combined time: 1.5048e-05
Run 47
File weights 51 and ranks 51
Original previous efficiency: 0.9757473537
Original efficiency: 0.9757473537
Original ratio: 1
Knapsack previous efficiency: 0.9757473537
Knapsack ratio: 1.024123291
 Final Knapsack time: 9.458e-06

Karmarkar-Karp previous efficiency: 0.9638281999
Karmarkar-Karp ratio: 1.037153112
 Final Karmarkar-Karp time: 4.6868e-05

SFC previous efficiency: 0.822587809
 Time take to run this function: 2.91e-07
SFC ratio: 1
 Final SFC time: 1.5549e-05

SFC+Knapsack previous efficiency: 0.9757473537
SFC + Knapsack ratio: 1.024123291
 Final SFC+Knapsack_Combined time: 1.2553e-05

SFC+Painter previous efficiency: 0.935938728
SFC+painterPartition efficiency: 0.935938728
SFC+Painter ratio: 1
 Final SFC+Painter time: 1.8634e-05

Painter+Knapsack previous efficiency: 0.9757473537
Painter+Knapsack ratio: 1.024123291
 Final painter+Knapsack_Combined time: 1.5168e-05
Run 48
File weights 51 and ranks 51
Original previous efficiency: 0.9737361549
Original efficiency: 0.9737361549
Original ratio: 1
Knapsack previous efficiency: 0.9737361549
Knapsack ratio: 1.026103042
 Final Knapsack time: 9.298e-06

Karmarkar-Karp previous efficiency: 0.9636397683
Karmarkar-Karp ratio: 1.036756051
 Final Karmarkar-Karp time: 4.8149e-05

SFC previous efficiency: 0.8267445302
 Time take to run this function: 2.71e-07
SFC ratio: 1
 Final SFC time: 1.5559e-05

SFC+Knapsack previous efficiency: 0.9737361549
SFC + Knapsack ratio: 1.026103042
 Final SFC+Knapsack_Combined time: 1.2393e-05

SFC+Painter previous efficiency: 0.9295337685
SFC+painterPartition efficiency: 0.9295337685
SFC+Painter ratio: 1
 Final SFC+Painter time: 1.9596e-05

Painter+Knapsack previous efficiency: 0.9737361549
Painter+Knapsack ratio: 1.026103042
 Final painter+Knapsack_Combined time: 1.5359e-05
Run 49
File weights 51 and ranks 51
Original previous efficiency: 0.9701901849
Original efficiency: 0.9701901849
Original ratio: 1
Knapsack previous efficiency: 0.9701901849
Knapsack ratio: 1.030437035
 Final Knapsack time: 9.628e-06

Karmarkar-Karp previous efficiency: 0.9642476329
Karmarkar-Karp ratio: 1.037044675
 Final Karmarkar-Karp time: 4.7359e-05

SFC previous efficiency: 0.8259959432
 Time take to run this function: 3.2e-07
SFC ratio: 1
 Final SFC time: 1.5689e-05

SFC+Knapsack previous efficiency: 0.9701901849
SFC + Knapsack ratio: 1.030437035
 Final SFC+Knapsack_Combined time: 1.2624e-05

SFC+Painter previous efficiency: 0.9301547333
SFC+painterPartition efficiency: 0.9301547333
SFC+Painter ratio: 1
 Final SFC+Painter time: 1.9646e-05

Painter+Knapsack previous efficiency: 0.9701901849
Painter+Knapsack ratio: 1.030437035
 Final painter+Knapsack_Combined time: 1.5048e-05
Run 50
File weights 51 and ranks 51
Original previous efficiency: 0.9640419957
Original efficiency: 0.9640419957
Original ratio: 1
Knapsack previous efficiency: 0.9640419957
Knapsack ratio: 1.036531513
 Final Knapsack time: 9.738e-06

Karmarkar-Karp previous efficiency: 0.9632933825
Karmarkar-Karp ratio: 1.03797232
 Final Karmarkar-Karp time: 4.7348e-05

SFC previous efficiency: 0.8303057162
 Time take to run this function: 3.01e-07
SFC ratio: 1
 Final SFC time: 1.5529e-05

SFC+Knapsack previous efficiency: 0.9640419957
SFC + Knapsack ratio: 1.036531513
 Final SFC+Knapsack_Combined time: 1.2704e-05

SFC+Painter previous efficiency: 0.9197406509
SFC+painterPartition efficiency: 0.9197406509
SFC+Painter ratio: 1
 Final SFC+Painter time: 1.8474e-05

Painter+Knapsack previous efficiency: 0.9640419957
Painter+Knapsack ratio: 1.036531513
 Final painter+Knapsack_Combined time: 1.5619e-05


TinyProfiler total time across processes [min...avg...max]: 0.03548 ... 0.03548 ... 0.03548

-------------------------------------------------------------------------------------
Name                                  NCalls  Excl. Min  Excl. Avg  Excl. Max   Max %
-------------------------------------------------------------------------------------
kk()                                      51   0.002171   0.002171   0.002171   6.12%
painterPartition()                       102  0.0009264  0.0009264  0.0009264   2.61%
SFCProcessorMapDoIt()                     51  0.0004467  0.0004467  0.0004467   1.26%
knapsack()                               153  0.0003761  0.0003761  0.0003761   1.06%
SFCProcessorMapDoItCombined()             51  0.0001682  0.0001682  0.0001682   0.47%
SFCProcessorMapDoItCombinedPainter()      51    8.9e-05    8.9e-05    8.9e-05   0.25%
KKDoIt()                                  51   8.42e-05   8.42e-05   8.42e-05   0.24%
Distribute()                             102  6.837e-05  6.837e-05  6.837e-05   0.19%
KnapSackDoIt()                            51  4.306e-05  4.306e-05  4.306e-05   0.12%
-------------------------------------------------------------------------------------

-------------------------------------------------------------------------------------
Name                                  NCalls  Incl. Min  Incl. Avg  Incl. Max   Max %
-------------------------------------------------------------------------------------
KKDoIt()                                  51   0.002255   0.002255   0.002255   6.36%
kk()                                      51   0.002171   0.002171   0.002171   6.12%
painterPartition()                       102  0.0009264  0.0009264  0.0009264   2.61%
SFCProcessorMapDoIt()                     51   0.000489   0.000489   0.000489   1.38%
SFCProcessorMapDoItCombinedPainter()      51  0.0004579  0.0004579  0.0004579   1.29%
knapsack()                               153  0.0003761  0.0003761  0.0003761   1.06%
SFCProcessorMapDoItCombined()             51  0.0003295  0.0003295  0.0003295   0.93%
KnapSackDoIt()                            51  0.0001782  0.0001782  0.0001782   0.50%
Distribute()                             102  6.837e-05  6.837e-05  6.837e-05   0.19%
-------------------------------------------------------------------------------------

Pinned Memory Usage:
----------------------------------------------------------------
Name                            Nalloc  Nfree   AvgMem    MaxMem
----------------------------------------------------------------
The_Pinned_Arena::Initialize()       1      1  798 KiB  8192 KiB
----------------------------------------------------------------

AMReX (25.06-22-g1d307c2c661a) finalized
