Initializing AMReX (25.06-22-g1d307c2c661a)...
OMP initialized with 256 OMP threads
AMReX (25.06-22-g1d307c2c661a) initialized
Starting running input_laser_ion_high_bean running with 6 nodes and 4 ranks per node.
Total steps: 5000, intervals: 100 = 50 runs
Reading precomputed weights and ranks from file: /global/homes/j/jessd/lb_extractor/lb_inputs/laser_ion_16_boxes_24_ranks_lb_data.txt
/global/homes/j/jessd/lb_extractor/lb_inputs/laser_ion_16_boxes_24_ranks_lb_data.txt
Run 0: Weights size: 435
Run 1: Weights size: 435
Run 2: Weights size: 435
Run 3: Weights size: 435
Run 4: Weights size: 435
Run 5: Weights size: 435
Run 6: Weights size: 435
Run 7: Weights size: 435
Run 8: Weights size: 435
Run 9: Weights size: 435
Run 10: Weights size: 435
Run 11: Weights size: 435
Run 12: Weights size: 435
Run 13: Weights size: 435
Run 14: Weights size: 435
Run 15: Weights size: 435
Run 16: Weights size: 435
Run 17: Weights size: 435
Run 18: Weights size: 435
Run 19: Weights size: 435
Run 20: Weights size: 435
Run 21: Weights size: 435
Run 22: Weights size: 435
Run 23: Weights size: 435
Run 24: Weights size: 435
Run 25: Weights size: 435
Run 26: Weights size: 435
Run 27: Weights size: 435
Run 28: Weights size: 435
Run 29: Weights size: 435
Run 30: Weights size: 435
Run 31: Weights size: 435
Run 32: Weights size: 435
Run 33: Weights size: 435
Run 34: Weights size: 435
Run 35: Weights size: 435
Run 36: Weights size: 435
Run 37: Weights size: 435
Run 38: Weights size: 435
Run 39: Weights size: 435
Run 40: Weights size: 435
Run 41: Weights size: 435
Run 42: Weights size: 435
Run 43: Weights size: 435
Run 44: Weights size: 435
Run 45: Weights size: 435
Run 46: Weights size: 435
Run 47: Weights size: 435
Run 48: Weights size: 435
Run 49: Weights size: 435
Run 50: Weights size: 435
Run 0
File weights 51 and ranks 51
Original efficiency: 0.31536747
Original ratio: inf
Knapsack ratio: inf
 Final Knapsack time: 6.5282e-05

Karmarkar-Karp ratio: inf
 Final Karmarkar-Karp time: 0.001256441

 Time take to run this function: 5.81e-07
SFC ratio: inf
 Final SFC time: 5.8078e-05

SFC + Knapsack ratio: inf
 Final SFC+Knapsack_Combined time: 7.3557e-05

SFC+painterPartition efficiency: 0.9198304557
SFC+Painter ratio: inf
 Final SFC+Painter time: 0.000134069

Painter+Knapsack ratio: inf
 Final painter+Knapsack_Combined time: 0.000122989
Run 1
File weights 51 and ranks 51
Original previous efficiency: 0.3153648748
Original efficiency: 0.9889878159
Original ratio: 3.136011315
Knapsack previous efficiency: 0.9990484144
Knapsack ratio: 1.000088278
 Final Knapsack time: 4.2479e-05

Karmarkar-Karp previous efficiency: 0.9990619165
Karmarkar-Karp ratio: 1.000162548
 Final Karmarkar-Karp time: 0.001138441

SFC previous efficiency: 0.9010634604
 Time take to run this function: 3.81e-07
SFC ratio: 1
 Final SFC time: 4.4103e-05

SFC+Knapsack previous efficiency: 0.9198018821
SFC + Knapsack ratio: 1.000070308
 Final SFC+Knapsack_Combined time: 6.1505e-05

SFC+Painter previous efficiency: 0.9197927977
SFC+painterPartition efficiency: 0.9198003083
SFC+Painter ratio: 1.000008166
 Final SFC+Painter time: 0.000104004

Painter+Knapsack previous efficiency: 0.9197877189
Painter+Knapsack ratio: 1.00008493
 Final painter+Knapsack_Combined time: 0.00011236
Run 2
File weights 51 and ranks 51
Original previous efficiency: 0.9859371761
Original efficiency: 0.9859371761
Original ratio: 1
Knapsack previous efficiency: 0.9962057335
Knapsack ratio: 1.002950089
 Final Knapsack time: 4.0005e-05

Karmarkar-Karp previous efficiency: 0.9961634313
Karmarkar-Karp ratio: 1.003298598
 Final Karmarkar-Karp time: 0.001124615

SFC previous efficiency: 0.9010448432
 Time take to run this function: 3.71e-07
SFC ratio: 1
 Final SFC time: 4.3631e-05

SFC+Knapsack previous efficiency: 0.9197815443
SFC + Knapsack ratio: 1.000104533
 Final SFC+Knapsack_Combined time: 5.9551e-05

SFC+Painter previous efficiency: 0.9191523605
SFC+painterPartition efficiency: 0.9197706717
SFC+Painter ratio: 1.000672697
 Final SFC+Painter time: 0.000100688

Painter+Knapsack previous efficiency: 0.9197683829
Painter+Knapsack ratio: 1.000118222
 Final painter+Knapsack_Combined time: 0.000114313
Run 3
File weights 51 and ranks 51
Original previous efficiency: 0.986385882
Original efficiency: 0.986385882
Original ratio: 1
Knapsack previous efficiency: 0.9958782445
Knapsack ratio: 1.00313761
 Final Knapsack time: 4.1097e-05

Karmarkar-Karp previous efficiency: 0.995417114
Karmarkar-Karp ratio: 1.003992642
 Final Karmarkar-Karp time: 0.001137328

SFC previous efficiency: 0.9008694227
 Time take to run this function: 3.3e-07
SFC ratio: 1
 Final SFC time: 4.3031e-05

SFC+Knapsack previous efficiency: 0.9197415858
SFC + Knapsack ratio: 1.000141247
 Final SFC+Knapsack_Combined time: 5.8899e-05

SFC+Painter previous efficiency: 0.9174110914
SFC+painterPartition efficiency: 0.9197466644
SFC+Painter ratio: 1.00254583
 Final SFC+Painter time: 0.000107911

Painter+Knapsack previous efficiency: 0.9197335036
Painter+Knapsack ratio: 1.000151592
 Final painter+Knapsack_Combined time: 0.000115976
Run 4
File weights 51 and ranks 51
Original previous efficiency: 0.9859331877
Original efficiency: 0.9859331877
Original ratio: 1
Knapsack previous efficiency: 0.9949869583
Knapsack ratio: 1.004010162
 Final Knapsack time: 3.9674e-05

Karmarkar-Karp previous efficiency: 0.9950026124
Karmarkar-Karp ratio: 1.004147083
 Final Karmarkar-Karp time: 0.00113771

SFC previous efficiency: 0.9006657353
 Time take to run this function: 8.81e-07
SFC ratio: 1
 Final SFC time: 7.2625e-05

SFC+Knapsack previous efficiency: 0.9197147403
SFC + Knapsack ratio: 1.000157817
 Final SFC+Knapsack_Combined time: 6.2466e-05

SFC+Painter previous efficiency: 0.9178636253
SFC+painterPartition efficiency: 0.9197196755
SFC+Painter ratio: 1.002022142
 Final SFC+Painter time: 9.9896e-05

Painter+Knapsack previous efficiency: 0.9197057998
Painter+Knapsack ratio: 1.000167539
 Final painter+Knapsack_Combined time: 0.000114132
Run 5
File weights 51 and ranks 51
Original previous efficiency: 0.9855032118
Original efficiency: 0.9855032118
Original ratio: 1
Knapsack previous efficiency: 0.9940167438
Knapsack ratio: 1.004918696
 Final Knapsack time: 5.8889e-05

Karmarkar-Karp previous efficiency: 0.9946042016
Karmarkar-Karp ratio: 1.004630706
 Final Karmarkar-Karp time: 0.001198633

SFC previous efficiency: 0.9005657242
 Time take to run this function: 3.71e-07
SFC ratio: 1
 Final SFC time: 4.4052e-05

SFC+Knapsack previous efficiency: 0.919687646
SFC + Knapsack ratio: 1.000098698
 Final SFC+Knapsack_Combined time: 6.2626e-05

SFC+Painter previous efficiency: 0.9187479416
SFC+painterPartition efficiency: 0.9196962288
SFC+Painter ratio: 1.001032152
 Final SFC+Painter time: 0.000102611

Painter+Knapsack previous efficiency: 0.9196664756
Painter+Knapsack ratio: 1.000193521
 Final painter+Knapsack_Combined time: 0.000116357
Run 6
File weights 51 and ranks 51
Original previous efficiency: 0.9845558528
Original efficiency: 0.9845558528
Original ratio: 1
Knapsack previous efficiency: 0.9925996112
Knapsack ratio: 1.006343555
 Final Knapsack time: 4.1207e-05

Karmarkar-Karp previous efficiency: 0.9935894244
Karmarkar-Karp ratio: 1.00593424
 Final Karmarkar-Karp time: 0.00130423

SFC previous efficiency: 0.900484785
 Time take to run this function: 4.11e-07
SFC ratio: 1
 Final SFC time: 4.3902e-05

SFC+Knapsack previous efficiency: 0.9196569587
SFC + Knapsack ratio: 1.000103753
 Final SFC+Knapsack_Combined time: 6.0602e-05

SFC+Painter previous efficiency: 0.9196583175
SFC+painterPartition efficiency: 0.9196749104
SFC+Painter ratio: 1.000018042
 Final SFC+Painter time: 0.000101368

Painter+Knapsack previous efficiency: 0.9196440853
Painter+Knapsack ratio: 1.000196477
 Final painter+Knapsack_Combined time: 0.000113953
Run 7
File weights 51 and ranks 51
Original previous efficiency: 0.982997958
Original efficiency: 0.982997958
Original ratio: 1
Knapsack previous efficiency: 0.9917398801
Knapsack ratio: 1.007259829
 Final Knapsack time: 4.1207e-05

Karmarkar-Karp previous efficiency: 0.9917188024
Karmarkar-Karp ratio: 1.007680662
 Final Karmarkar-Karp time: 0.00134735

SFC previous efficiency: 0.9003740749
 Time take to run this function: 3.71e-07
SFC ratio: 1
 Final SFC time: 4.4182e-05

SFC+Knapsack previous efficiency: 0.9196391823
SFC + Knapsack ratio: 1.000185745
 Final SFC+Knapsack_Combined time: 6.2036e-05

SFC+Painter previous efficiency: 0.9196280969
SFC+painterPartition efficiency: 0.9196534861
SFC+Painter ratio: 1.000027608
 Final SFC+Painter time: 0.00011318

Painter+Knapsack previous efficiency: 0.9196220896
Painter+Knapsack ratio: 1.000204335
 Final painter+Knapsack_Combined time: 0.000119272
Run 8
File weights 51 and ranks 51
Original previous efficiency: 0.9817221496
Original efficiency: 0.9817221496
Original ratio: 1
Knapsack previous efficiency: 0.9900882497
Knapsack ratio: 1.009091535
 Final Knapsack time: 4.2509e-05

Karmarkar-Karp previous efficiency: 0.9902057308
Karmarkar-Karp ratio: 1.008966483
 Final Karmarkar-Karp time: 0.001337952

SFC previous efficiency: 0.9000891629
 Time take to run this function: 3.7e-07
SFC ratio: 1
 Final SFC time: 4.5254e-05

SFC+Knapsack previous efficiency: 0.9196042623
SFC + Knapsack ratio: 1.000196325
 Final SFC+Knapsack_Combined time: 6.2507e-05

SFC+Painter previous efficiency: 0.9189162819
SFC+painterPartition efficiency: 0.9196242868
SFC+Painter ratio: 1.000770478
 Final SFC+Painter time: 0.000108973

Painter+Knapsack previous efficiency: 0.9195835948
Painter+Knapsack ratio: 1.000218804
 Final painter+Knapsack_Combined time: 0.000121216
Run 9
File weights 51 and ranks 51
Original previous efficiency: 0.9776640511
Original efficiency: 0.9776640511
Original ratio: 1
Knapsack previous efficiency: 0.9857847623
Knapsack ratio: 1.013229265
 Final Knapsack time: 4.28e-05

Karmarkar-Karp previous efficiency: 0.9894995763
Karmarkar-Karp ratio: 1.010055012
 Final Karmarkar-Karp time: 0.001258915

SFC previous efficiency: 0.8993194988
 Time take to run this function: 3.7e-07
SFC ratio: 1
 Final SFC time: 4.3591e-05

SFC+Knapsack previous efficiency: 0.917870967
SFC + Knapsack ratio: 1.001958487
 Final SFC+Knapsack_Combined time: 5.9491e-05

SFC+Painter previous efficiency: 0.9144016721
SFC+painterPartition efficiency: 0.9195787033
SFC+Painter ratio: 1.00566166
 Final SFC+Painter time: 0.000107791

Painter+Knapsack previous efficiency: 0.9177557007
Painter+Knapsack ratio: 1.002084329
 Final painter+Knapsack_Combined time: 0.000118701
Run 10
File weights 51 and ranks 51
Original previous efficiency: 0.9668384573
Original efficiency: 0.9668384573
Original ratio: 1
Knapsack previous efficiency: 0.9752217874
Knapsack ratio: 1.023824201
 Final Knapsack time: 4.6327e-05

Karmarkar-Karp previous efficiency: 0.9782166297
Karmarkar-Karp ratio: 1.020931647
 Final Karmarkar-Karp time: 0.00122411

SFC previous efficiency: 0.8820019065
 Time take to run this function: 3.71e-07
SFC ratio: 1.018468261
 Final SFC time: 4.4533e-05

SFC+Knapsack previous efficiency: 0.9047375896
SFC + Knapsack ratio: 1.016463504
 Final SFC+Knapsack_Combined time: 6.0322e-05

SFC+Painter previous efficiency: 0.8820019065
SFC+painterPartition efficiency: 0.9195483475
SFC+Painter ratio: 1.042569569
 Final SFC+Painter time: 0.000100397

Painter+Knapsack previous efficiency: 0.9046291921
Painter+Knapsack ratio: 1.016585302
 Final painter+Knapsack_Combined time: 0.000111948
Run 11
File weights 51 and ranks 51
Original previous efficiency: 0.9403873391
Original efficiency: 0.9403873391
Original ratio: 1
Knapsack previous efficiency: 0.9602784081
Knapsack ratio: 1.039996235
 Final Knapsack time: 4.265e-05

Karmarkar-Karp previous efficiency: 0.955375282
Karmarkar-Karp ratio: 1.045119926
 Final Karmarkar-Karp time: 0.001145133

SFC previous efficiency: 0.8344059626
 Time take to run this function: 3.81e-07
SFC ratio: 1.074660747
 Final SFC time: 4.3631e-05

SFC+Knapsack previous efficiency: 0.8839269426
SFC + Knapsack ratio: 1.039614795
 Final SFC+Knapsack_Combined time: 5.9952e-05

SFC+Painter previous efficiency: 0.8344059626
SFC+painterPartition efficiency: 0.9188605561
SFC+Painter ratio: 1.101215232
 Final SFC+Painter time: 0.000111598

Painter+Knapsack previous efficiency: 0.8838332477
Painter+Knapsack ratio: 1.03972646
 Final painter+Knapsack_Combined time: 0.000120785
Run 12
File weights 51 and ranks 51
Original previous efficiency: 0.9273361987
Original efficiency: 0.9273361987
Original ratio: 1
Knapsack previous efficiency: 0.9527563771
Knapsack ratio: 1.048156739
 Final Knapsack time: 4.1858e-05

Karmarkar-Karp previous efficiency: 0.9462818089
Karmarkar-Karp ratio: 1.055202618
 Final Karmarkar-Karp time: 0.001148299

SFC previous efficiency: 0.8165471993
 Time take to run this function: 3.2e-07
SFC ratio: 1.0976792
 Final SFC time: 4.3221e-05

SFC+Knapsack previous efficiency: 0.8755267941
SFC + Knapsack ratio: 1.049709028
 Final SFC+Knapsack_Combined time: 6.0382e-05

SFC+Painter previous efficiency: 0.9185958103
SFC+painterPartition efficiency: 0.9185958103
SFC+Painter ratio: 1
 Final SFC+Painter time: 0.000127677

Painter+Knapsack previous efficiency: 0.8754216097
Painter+Knapsack ratio: 1.049835154
 Final painter+Knapsack_Combined time: 0.000112099
Run 13
File weights 51 and ranks 51
Original previous efficiency: 0.9240032444
Original efficiency: 0.9240032444
Original ratio: 1
Knapsack previous efficiency: 0.9481392084
Knapsack ratio: 1.053124443
 Final Knapsack time: 4.1948e-05

Karmarkar-Karp previous efficiency: 0.9439098506
Karmarkar-Karp ratio: 1.058095928
 Final Karmarkar-Karp time: 0.001139102

SFC previous efficiency: 0.812853324
 Time take to run this function: 3.31e-07
SFC ratio: 1.084883058
 Final SFC time: 4.3321e-05

SFC+Knapsack previous efficiency: 0.8743783375
SFC + Knapsack ratio: 1.050938308
 Final SFC+Knapsack_Combined time: 5.904e-05

SFC+Painter previous efficiency: 0.9184421013
SFC+painterPartition efficiency: 0.9184451011
SFC+Painter ratio: 1.000003266
 Final SFC+Painter time: 0.000109644

Painter+Knapsack previous efficiency: 0.8742777474
Painter+Knapsack ratio: 1.051059223
 Final painter+Knapsack_Combined time: 0.000119072
Run 14
File weights 51 and ranks 51
Original previous efficiency: 0.9254897981
Original efficiency: 0.9254897981
Original ratio: 1
Knapsack previous efficiency: 0.9446302301
Knapsack ratio: 1.056907692
 Final Knapsack time: 4.1668e-05

Karmarkar-Karp previous efficiency: 0.9437965459
Karmarkar-Karp ratio: 1.057833403
 Final Karmarkar-Karp time: 0.001107383

SFC previous efficiency: 0.8137522602
 Time take to run this function: 3.5e-07
SFC ratio: 1.083415045
 Final SFC time: 4.279e-05

SFC+Knapsack previous efficiency: 0.8749807447
SFC + Knapsack ratio: 1.049962857
 Final SFC+Knapsack_Combined time: 5.9631e-05

SFC+Painter previous efficiency: 0.9181935895
SFC+painterPartition efficiency: 0.9181963744
SFC+Painter ratio: 1.000003033
 Final SFC+Painter time: 9.632e-05

Painter+Knapsack previous efficiency: 0.8748722102
Painter+Knapsack ratio: 1.050093113
 Final painter+Knapsack_Combined time: 0.000109504
Run 15
File weights 51 and ranks 51
Original previous efficiency: 0.9269288474
Original efficiency: 0.9269288474
Original ratio: 1
Knapsack previous efficiency: 0.941665138
Knapsack ratio: 1.060469409
 Final Knapsack time: 4.1868e-05

Karmarkar-Karp previous efficiency: 0.9430627226
Karmarkar-Karp ratio: 1.059388961
 Final Karmarkar-Karp time: 0.001083819

SFC previous efficiency: 0.817629298
 Time take to run this function: 3.31e-07
SFC ratio: 1.074988263
 Final SFC time: 4.257e-05

SFC+Knapsack previous efficiency: 0.8747367548
SFC + Knapsack ratio: 1.04708725
 Final SFC+Knapsack_Combined time: 5.885e-05

SFC+Painter previous efficiency: 0.9153978854
SFC+painterPartition efficiency: 0.9153978854
SFC+Painter ratio: 1
 Final SFC+Painter time: 9.4997e-05

Painter+Knapsack previous efficiency: 0.8746397123
Painter+Knapsack ratio: 1.047203426
 Final painter+Knapsack_Combined time: 0.000106829
Run 16
File weights 51 and ranks 51
Original previous efficiency: 0.9008374744
Original efficiency: 0.9949094235
Original ratio: 1.104427216
Knapsack previous efficiency: 0.9131101338
Knapsack ratio: 1.093318976
 Final Knapsack time: 4.1798e-05

Karmarkar-Karp previous efficiency: 0.9129120357
Karmarkar-Karp ratio: 1.094085217
 Final Karmarkar-Karp time: 0.001178656

SFC previous efficiency: 0.760786608
 Time take to run this function: 3.91e-07
SFC ratio: 1.151312374
 Final SFC time: 4.4203e-05

SFC+Knapsack previous efficiency: 0.8513504263
SFC + Knapsack ratio: 1.072119063
 Final SFC+Knapsack_Combined time: 6.0472e-05

SFC+Painter previous efficiency: 0.9122157265
SFC+painterPartition efficiency: 0.9122605637
SFC+Painter ratio: 1.000049152
 Final SFC+Painter time: 9.7392e-05

Painter+Knapsack previous efficiency: 0.8512431717
Painter+Knapsack ratio: 1.07225373
 Final painter+Knapsack_Combined time: 0.000107891
Run 17
File weights 51 and ranks 51
Original previous efficiency: 0.9878988583
Original efficiency: 0.9878988583
Original ratio: 1
Knapsack previous efficiency: 0.9043206528
Knapsack ratio: 1.10406276
 Final Knapsack time: 4.281e-05

Karmarkar-Karp previous efficiency: 0.9116833378
Karmarkar-Karp ratio: 1.095806213
 Final Karmarkar-Karp time: 0.001129864

SFC previous efficiency: 0.8752057134
 Time take to run this function: 3.51e-07
SFC ratio: 1
 Final SFC time: 4.4122e-05

SFC+Knapsack previous efficiency: 0.8513976809
SFC + Knapsack ratio: 1.071227851
 Final SFC+Knapsack_Combined time: 6.1295e-05

SFC+Painter previous efficiency: 0.91147661
SFC+painterPartition efficiency: 0.9115133999
SFC+Painter ratio: 1.000040363
 Final SFC+Painter time: 0.000108482

Painter+Knapsack previous efficiency: 0.8512896479
Painter+Knapsack ratio: 1.071363796
 Final painter+Knapsack_Combined time: 0.00012335
Run 18
File weights 51 and ranks 51
Original previous efficiency: 0.9814900597
Original efficiency: 0.9814900597
Original ratio: 1
Knapsack previous efficiency: 0.9894879086
Knapsack ratio: 1.009013626
 Final Knapsack time: 4.317e-05

Karmarkar-Karp previous efficiency: 0.912851662
Karmarkar-Karp ratio: 1.094285811
 Final Karmarkar-Karp time: 0.00107367

SFC previous efficiency: 0.8747781093
 Time take to run this function: 3.61e-07
SFC ratio: 1.04146895
 Final SFC time: 4.301e-05

SFC+Knapsack previous efficiency: 0.8525184412
SFC + Knapsack ratio: 1.069328408
 Final SFC+Knapsack_Combined time: 5.907e-05

SFC+Painter previous efficiency: 0.9110478622
SFC+painterPartition efficiency: 0.9110725191
SFC+Painter ratio: 1.000027064
 Final SFC+Painter time: 0.000102441

Painter+Knapsack previous efficiency: 0.8524105055
Painter+Knapsack ratio: 1.069463228
 Final painter+Knapsack_Combined time: 0.000114093
Run 19
File weights 51 and ranks 51
Original previous efficiency: 0.9712315713
Original efficiency: 0.9712315713
Original ratio: 1
Knapsack previous efficiency: 0.9639518705
Knapsack ratio: 1.0358483
 Final Knapsack time: 4.3331e-05

Karmarkar-Karp previous efficiency: 0.9263157527
Karmarkar-Karp ratio: 1.077770596
 Final Karmarkar-Karp time: 0.001145274

SFC previous efficiency: 0.8744051284
 Time take to run this function: 3.7e-07
SFC ratio: 1.041467633
 Final SFC time: 4.4062e-05

SFC+Knapsack previous efficiency: 0.8734611636
SFC + Knapsack ratio: 1.040117139
 Final SFC+Knapsack_Combined time: 6.1194e-05

SFC+Painter previous efficiency: 0.9106610277
SFC+painterPartition efficiency: 0.9106781668
SFC+Painter ratio: 1.00001882
 Final SFC+Painter time: 0.000111388

Painter+Knapsack previous efficiency: 0.8554319451
Painter+Knapsack ratio: 1.065128393
 Final painter+Knapsack_Combined time: 0.000118621
Run 20
File weights 51 and ranks 51
Original previous efficiency: 0.9534593091
Original efficiency: 0.9534593091
Original ratio: 1
Knapsack previous efficiency: 0.9499275099
Knapsack ratio: 1.051287341
 Final Knapsack time: 4.4323e-05

Karmarkar-Karp previous efficiency: 0.9230811885
Karmarkar-Karp ratio: 1.082143611
 Final Karmarkar-Karp time: 0.001071747

SFC previous efficiency: 0.8741373784
 Time take to run this function: 3.31e-07
SFC ratio: 1.041420414
 Final SFC time: 4.2589e-05

SFC+Knapsack previous efficiency: 0.852923631
SFC + Knapsack ratio: 1.067952856
 Final SFC+Knapsack_Combined time: 5.9571e-05

SFC+Painter previous efficiency: 0.9103656778
SFC+painterPartition efficiency: 0.910390316
SFC+Painter ratio: 1.000027064
 Final SFC+Painter time: 9.9375e-05

Painter+Knapsack previous efficiency: 0.8550647999
Painter+Knapsack ratio: 1.065279672
 Final painter+Knapsack_Combined time: 0.000111247
Run 21
File weights 51 and ranks 51
Original previous efficiency: 0.9448436269
Original efficiency: 0.9448436269
Original ratio: 1
Knapsack previous efficiency: 0.9424704673
Knapsack ratio: 1.06013979
 Final Knapsack time: 4.3571e-05

Karmarkar-Karp previous efficiency: 0.9120030631
Karmarkar-Karp ratio: 1.094801238
 Final Karmarkar-Karp time: 0.001088828

SFC previous efficiency: 0.8732652025
 Time take to run this function: 3.21e-07
SFC ratio: 1.041398394
 Final SFC time: 4.2609e-05

SFC+Knapsack previous efficiency: 0.8381635192
SFC + Knapsack ratio: 1.085688703
 Final SFC+Knapsack_Combined time: 5.8569e-05

SFC+Painter previous efficiency: 0.9083520625
SFC+painterPartition efficiency: 0.9094672658
SFC+Painter ratio: 1.001227721
 Final SFC+Painter time: 9.9856e-05

Painter+Knapsack previous efficiency: 0.8552821519
Painter+Knapsack ratio: 1.06395844
 Final painter+Knapsack_Combined time: 0.000111597
Run 22
File weights 51 and ranks 51
Original previous efficiency: 0.9400311331
Original efficiency: 0.9400311331
Original ratio: 1
Knapsack previous efficiency: 0.938588592
Knapsack ratio: 1.063858063
 Final Knapsack time: 4.3741e-05

Karmarkar-Karp previous efficiency: 0.9055006566
Karmarkar-Karp ratio: 1.102736989
 Final Karmarkar-Karp time: 0.001127741

SFC previous efficiency: 0.87255553
 Time take to run this function: 3.61e-07
SFC ratio: 1.041388163
 Final SFC time: 4.3731e-05

SFC+Knapsack previous efficiency: 0.8271948251
SFC + Knapsack ratio: 1.099223181
 Final SFC+Knapsack_Combined time: 6.0483e-05

SFC+Painter previous efficiency: 0.9016044434
SFC+painterPartition efficiency: 0.9087369124
SFC+Painter ratio: 1.007910863
 Final SFC+Painter time: 0.000102211

Painter+Knapsack previous efficiency: 0.8532625429
Painter+Knapsack ratio: 1.065641208
 Final painter+Knapsack_Combined time: 0.000174394
Run 23
File weights 51 and ranks 51
Original previous efficiency: 0.9406531118
Original efficiency: 0.9406531118
Original ratio: 1
Knapsack previous efficiency: 0.9362458141
Knapsack ratio: 1.066450559
 Final Knapsack time: 4.3632e-05

Karmarkar-Karp previous efficiency: 0.9927437763
Karmarkar-Karp ratio: 1.006356522
 Final Karmarkar-Karp time: 0.001069853

SFC previous efficiency: 0.8722267749
 Time take to run this function: 3.41e-07
SFC ratio: 1.0413897
 Final SFC time: 4.263e-05

SFC+Knapsack previous efficiency: 0.8250005636
SFC + Knapsack ratio: 1.101758373
 Final SFC+Knapsack_Combined time: 5.9271e-05

SFC+Painter previous efficiency: 0.9017344958
SFC+painterPartition efficiency: 0.9084795201
SFC+Painter ratio: 1.007480056
 Final SFC+Painter time: 0.000105847

Painter+Knapsack previous efficiency: 0.854598822
Painter+Knapsack ratio: 1.063599967
 Final painter+Knapsack_Combined time: 0.000111838
Run 24
File weights 51 and ranks 51
Original previous efficiency: 0.9217951592
Original efficiency: 0.9217951592
Original ratio: 1
Knapsack previous efficiency: 0.9163914389
Knapsack ratio: 1.089662992
 Final Knapsack time: 4.4153e-05

Karmarkar-Karp previous efficiency: 0.9710176475
Karmarkar-Karp ratio: 1.028184618
 Final Karmarkar-Karp time: 0.00108404

SFC previous efficiency: 0.8718994785
 Time take to run this function: 7.51e-07
SFC ratio: 1.041386551
 Final SFC time: 6.3969e-05

SFC+Knapsack previous efficiency: 0.908626545
SFC + Knapsack ratio: 1.008813648
 Final SFC+Knapsack_Combined time: 6.1995e-05

SFC+Painter previous efficiency: 0.8910695608
SFC+painterPartition efficiency: 0.9081485173
SFC+Painter ratio: 1.019166805
 Final SFC+Painter time: 0.000105085

Painter+Knapsack previous efficiency: 0.8525047503
Painter+Knapsack ratio: 1.075225515
 Final painter+Knapsack_Combined time: 0.000119773
Run 25
File weights 51 and ranks 51
Original previous efficiency: 0.9123867164
Original efficiency: 0.9123867164
Original ratio: 1
Knapsack previous efficiency: 0.9129519923
Knapsack ratio: 1.093415478
 Final Knapsack time: 4.4183e-05

Karmarkar-Karp previous efficiency: 0.9632702557
Karmarkar-Karp ratio: 1.036774339
 Final Karmarkar-Karp time: 0.001126528

SFC previous efficiency: 0.8716685209
 Time take to run this function: 3.8e-07
SFC ratio: 1.04139018
 Final SFC time: 4.4393e-05

SFC+Knapsack previous efficiency: 0.908423452
SFC + Knapsack ratio: 1.009689117
 Final SFC+Knapsack_Combined time: 6.0382e-05

SFC+Painter previous efficiency: 0.8736006049
SFC+painterPartition efficiency: 0.9079139462
SFC+Painter ratio: 1.039278065
 Final SFC+Painter time: 9.5729e-05

Painter+Knapsack previous efficiency: 0.851210592
Painter+Knapsack ratio: 1.077553877
 Final painter+Knapsack_Combined time: 0.000108282
Run 26
File weights 51 and ranks 51
Original previous efficiency: 0.914794111
Original efficiency: 0.914794111
Original ratio: 1
Knapsack previous efficiency: 0.909304376
Knapsack ratio: 1.098073358
 Final Knapsack time: 4.4112e-05

Karmarkar-Karp previous efficiency: 0.9595388116
Karmarkar-Karp ratio: 1.040692315
 Final Karmarkar-Karp time: 0.001062981

SFC previous efficiency: 0.8693894671
 Time take to run this function: 3.8e-07
SFC ratio: 1.043871302
 Final SFC time: 4.3992e-05

SFC+Knapsack previous efficiency: 0.9082289588
SFC + Knapsack ratio: 1.012178048
 Final SFC+Knapsack_Combined time: 6.0783e-05

SFC+Painter previous efficiency: 0.872680975
SFC+painterPartition efficiency: 0.9076833244
SFC+Painter ratio: 1.040108986
 Final SFC+Painter time: 9.709e-05

Painter+Knapsack previous efficiency: 0.851850526
Painter+Knapsack ratio: 1.079167515
 Final painter+Knapsack_Combined time: 0.000108452
Run 27
File weights 51 and ranks 51
Original previous efficiency: 0.910023144
Original efficiency: 0.910023144
Original ratio: 1
Knapsack previous efficiency: 0.9112827612
Knapsack ratio: 1.095912685
 Final Knapsack time: 4.4272e-05

Karmarkar-Karp previous efficiency: 0.9370181234
Karmarkar-Karp ratio: 1.065571609
 Final Karmarkar-Karp time: 0.001093588

SFC previous efficiency: 0.8618582934
 Time take to run this function: 3.21e-07
SFC ratio: 1.03680013
 Final SFC time: 4.292e-05

SFC+Knapsack previous efficiency: 0.9043593945
SFC + Knapsack ratio: 1.015433353
 Final SFC+Knapsack_Combined time: 5.8689e-05

SFC+Painter previous efficiency: 0.8747243656
SFC+painterPartition efficiency: 0.907971586
SFC+Painter ratio: 1.038008796
 Final SFC+Painter time: 9.4085e-05

Painter+Knapsack previous efficiency: 0.856471047
Painter+Knapsack ratio: 1.072209849
 Final painter+Knapsack_Combined time: 0.000146032
Run 28
File weights 51 and ranks 51
Original previous efficiency: 0.907070437
Original efficiency: 0.9987962625
Original ratio: 1.101123156
Knapsack previous efficiency: 0.9125405637
Knapsack ratio: 1.094685623
 Final Knapsack time: 4.4352e-05

Karmarkar-Karp previous efficiency: 0.9274253805
Karmarkar-Karp ratio: 1.076996102
 Final Karmarkar-Karp time: 0.001021473

SFC previous efficiency: 0.8494968195
 Time take to run this function: 3.51e-07
SFC ratio: 1.058124129
 Final SFC time: 4.3642e-05

SFC+Knapsack previous efficiency: 0.875587976
SFC + Knapsack ratio: 1.04963846
 Final SFC+Knapsack_Combined time: 6.0973e-05

SFC+Painter previous efficiency: 0.8569374286
SFC+painterPartition efficiency: 0.9076923963
SFC+Painter ratio: 1.059228324
 Final SFC+Painter time: 9.6921e-05

Painter+Knapsack previous efficiency: 0.8545413754
Painter+Knapsack ratio: 1.07549013
 Final painter+Knapsack_Combined time: 0.000109024
Run 29
File weights 51 and ranks 51
Original previous efficiency: 0.9878125073
Original efficiency: 0.9878125073
Original ratio: 1
Knapsack previous efficiency: 0.9134021047
Knapsack ratio: 1.093244481
 Final Knapsack time: 5.8719e-05

Karmarkar-Karp previous efficiency: 0.922342749
Karmarkar-Karp ratio: 1.08254228
 Final Karmarkar-Karp time: 0.001070014

SFC previous efficiency: 0.825159662
 Time take to run this function: 3.51e-07
SFC ratio: 1.098550465
 Final SFC time: 4.3631e-05

SFC+Knapsack previous efficiency: 0.8624589049
SFC + Knapsack ratio: 1.067251036
 Final SFC+Knapsack_Combined time: 6.0282e-05

SFC+Painter previous efficiency: 0.851845597
SFC+painterPartition efficiency: 0.9074013503
SFC+Painter ratio: 1.065218102
 Final SFC+Painter time: 9.5919e-05

Painter+Knapsack previous efficiency: 0.8531290387
Painter+Knapsack ratio: 1.078889495
 Final painter+Knapsack_Combined time: 0.000107821
Run 30
File weights 51 and ranks 51
Original previous efficiency: 0.9783063425
Original efficiency: 0.9783063425
Original ratio: 1
Knapsack previous efficiency: 0.9132255197
Knapsack ratio: 1.093796354
 Final Knapsack time: 4.4824e-05

Karmarkar-Karp previous efficiency: 0.924815661
Karmarkar-Karp ratio: 1.079902422
 Final Karmarkar-Karp time: 0.001114637

SFC previous efficiency: 0.8087613815
 Time take to run this function: 3.9e-07
SFC ratio: 1.120513177
 Final SFC time: 4.3992e-05

SFC+Knapsack previous efficiency: 0.8426439397
SFC + Knapsack ratio: 1.092166819
 Final SFC+Knapsack_Combined time: 5.9972e-05

SFC+Painter previous efficiency: 0.8345360756
SFC+painterPartition efficiency: 0.9071862156
SFC+Painter ratio: 1.087054523
 Final SFC+Painter time: 0.000102481

Painter+Knapsack previous efficiency: 0.8542544393
Painter+Knapsack ratio: 1.074013842
 Final painter+Knapsack_Combined time: 0.000113412
Run 31
File weights 51 and ranks 51
Original previous efficiency: 0.9738207827
Original efficiency: 0.9738207827
Original ratio: 1
Knapsack previous efficiency: 0.9132511808
Knapsack ratio: 1.09369749
 Final Knapsack time: 4.4903e-05

Karmarkar-Karp previous efficiency: 0.9263691651
Karmarkar-Karp ratio: 1.078405049
 Final Karmarkar-Karp time: 0.001042502

SFC previous efficiency: 0.9060811293
 Time take to run this function: 3.3e-07
SFC ratio: 1
 Final SFC time: 4.2389e-05

SFC+Knapsack previous efficiency: 0.8360822116
SFC + Knapsack ratio: 1.101055251
 Final SFC+Knapsack_Combined time: 5.8499e-05

SFC+Painter previous efficiency: 0.821053471
SFC+painterPartition efficiency: 0.9071035158
SFC+Painter ratio: 1.104804435
 Final SFC+Painter time: 0.000127999

Painter+Knapsack previous efficiency: 0.8565122426
Painter+Knapsack ratio: 1.066724357
 Final painter+Knapsack_Combined time: 0.000124702
Run 32
File weights 51 and ranks 51
Original previous efficiency: 0.9519849974
Original efficiency: 0.9519849974
Original ratio: 1
Knapsack previous efficiency: 0.8900404672
Knapsack ratio: 1.122363527
 Final Knapsack time: 4.3651e-05

Karmarkar-Karp previous efficiency: 0.9129509285
Karmarkar-Karp ratio: 1.093589158
 Final Karmarkar-Karp time: 0.001131238

SFC previous efficiency: 0.8944423936
 Time take to run this function: 3.41e-07
SFC ratio: 1.012814778
 Final SFC time: 4.4062e-05

SFC+Knapsack previous efficiency: 0.9184518544
SFC + Knapsack ratio: 0.9879667983
 Final SFC+Knapsack_Combined time: 5.911e-05

SFC+Painter previous efficiency: 0.9069580258
SFC+painterPartition efficiency: 0.9069580258
SFC+Painter ratio: 1
 Final SFC+Painter time: 9.4085e-05

Painter+Knapsack previous efficiency: 0.8581020975
Painter+Knapsack ratio: 1.073881937
 Final painter+Knapsack_Combined time: 0.000110115
Run 33
File weights 51 and ranks 51
Original previous efficiency: 0.943857244
Original efficiency: 0.943857244
Original ratio: 1
Knapsack previous efficiency: 0.9753023263
Knapsack ratio: 1.02367058
 Final Knapsack time: 4.3491e-05

Karmarkar-Karp previous efficiency: 0.9180342107
Karmarkar-Karp ratio: 1.088007721
 Final Karmarkar-Karp time: 0.001153799

SFC previous efficiency: 0.8772798517
 Time take to run this function: 3.61e-07
SFC ratio: 1.028936189
 Final SFC time: 4.4192e-05

SFC+Knapsack previous efficiency: 0.9129617185
SFC + Knapsack ratio: 0.9943358835
 Final SFC+Knapsack_Combined time: 6.0302e-05

SFC+Painter previous efficiency: 0.9066096985
SFC+painterPartition efficiency: 0.9066096985
SFC+Painter ratio: 1
 Final SFC+Painter time: 9.5127e-05

Painter+Knapsack previous efficiency: 0.8502232746
Painter+Knapsack ratio: 1.083380714
 Final painter+Knapsack_Combined time: 0.000109474
Run 34
File weights 51 and ranks 51
Original previous efficiency: 0.9295543323
Original efficiency: 0.9295543323
Original ratio: 1
Knapsack previous efficiency: 0.9650591693
Knapsack ratio: 1.034917913
 Final Knapsack time: 4.4152e-05

Karmarkar-Karp previous efficiency: 0.9328507818
Karmarkar-Karp ratio: 1.070857921
 Final Karmarkar-Karp time: 0.001146496

SFC previous efficiency: 0.8726902878
 Time take to run this function: 3.51e-07
SFC ratio: 1.010663779
 Final SFC time: 4.4343e-05

SFC+Knapsack previous efficiency: 0.9156363146
SFC + Knapsack ratio: 0.9926128038
 Final SFC+Knapsack_Combined time: 6.0262e-05

SFC+Painter previous efficiency: 0.9064183456
SFC+painterPartition efficiency: 0.907582006
SFC+Painter ratio: 1.001283801
 Final SFC+Painter time: 9.4336e-05

Painter+Knapsack previous efficiency: 0.8414960903
Painter+Knapsack ratio: 1.080067204
 Final painter+Knapsack_Combined time: 0.000108021
Run 35
File weights 51 and ranks 51
Original previous efficiency: 0.9254425948
Original efficiency: 0.9254425948
Original ratio: 1
Knapsack previous efficiency: 0.954421799
Knapsack ratio: 1.045999191
 Final Knapsack time: 4.4934e-05

Karmarkar-Karp previous efficiency: 0.9294576493
Karmarkar-Karp ratio: 1.074023285
 Final Karmarkar-Karp time: 0.001123884

SFC previous efficiency: 0.8852678184
 Time take to run this function: 3.2e-07
SFC ratio: 1
 Final SFC time: 4.3531e-05

SFC+Knapsack previous efficiency: 0.9188482318
SFC + Knapsack ratio: 0.9915317293
 Final SFC+Knapsack_Combined time: 5.9651e-05

SFC+Painter previous efficiency: 0.9061682443
SFC+painterPartition efficiency: 0.9098332562
SFC+Painter ratio: 1.004044516
 Final SFC+Painter time: 9.3545e-05

Painter+Knapsack previous efficiency: 0.8293718924
Painter+Knapsack ratio: 1.098502595
 Final painter+Knapsack_Combined time: 0.000107911
Run 36
File weights 51 and ranks 51
Original previous efficiency: 0.9149077359
Original efficiency: 0.9149077359
Original ratio: 1
Knapsack previous efficiency: 0.9479796045
Knapsack ratio: 1.054019695
 Final Knapsack time: 4.4092e-05

Karmarkar-Karp previous efficiency: 0.9145456769
Karmarkar-Karp ratio: 1.091841584
 Final Karmarkar-Karp time: 0.001179067

SFC previous efficiency: 0.864210595
 Time take to run this function: 3.51e-07
SFC ratio: 1
 Final SFC time: 4.3581e-05

SFC+Knapsack previous efficiency: 0.9092584053
SFC + Knapsack ratio: 0.9967399124
 Final SFC+Knapsack_Combined time: 5.9902e-05

SFC+Painter previous efficiency: 0.9019389835
SFC+painterPartition efficiency: 0.9119904363
SFC+Painter ratio: 1.011144271
 Final SFC+Painter time: 0.000111638

Painter+Knapsack previous efficiency: 0.8169701982
Painter+Knapsack ratio: 1.094233518
 Final painter+Knapsack_Combined time: 0.000111327
Run 37
File weights 51 and ranks 51
Original previous efficiency: 0.9048005043
Original efficiency: 0.9986926924
Original ratio: 1.103771149
Knapsack previous efficiency: 0.9488286587
Knapsack ratio: 1.052462924
 Final Knapsack time: 4.4432e-05

Karmarkar-Karp previous efficiency: 0.9126528949
Karmarkar-Karp ratio: 1.094384022
 Final Karmarkar-Karp time: 0.001141967

SFC previous efficiency: 0.8475063428
 Time take to run this function: 3.81e-07
SFC ratio: 1.039992049
 Final SFC time: 5.4792e-05

SFC+Knapsack previous efficiency: 0.9105933439
SFC + Knapsack ratio: 0.9905684423
 Final SFC+Knapsack_Combined time: 6.3478e-05

SFC+Painter previous efficiency: 0.8996046799
SFC+painterPartition efficiency: 0.9180230035
SFC+Painter ratio: 1.020473797
 Final SFC+Painter time: 9.6319e-05

Painter+Knapsack previous efficiency: 0.8085267634
Painter+Knapsack ratio: 1.106629971
 Final painter+Knapsack_Combined time: 0.000111588
Run 38
File weights 51 and ranks 51
Original previous efficiency: 0.9818583223
Original efficiency: 0.9818583223
Original ratio: 1
Knapsack previous efficiency: 0.94976581
Knapsack ratio: 1.051575817
 Final Knapsack time: 4.4723e-05

Karmarkar-Karp previous efficiency: 0.9040057693
Karmarkar-Karp ratio: 1.105072655
 Final Karmarkar-Karp time: 0.001118072

SFC previous efficiency: 0.8400870184
 Time take to run this function: 3.51e-07
SFC ratio: 1.042240187
 Final SFC time: 4.3811e-05

SFC+Knapsack previous efficiency: 0.9138693209
SFC + Knapsack ratio: 0.9886216864
 Final SFC+Knapsack_Combined time: 5.9791e-05

SFC+Painter previous efficiency: 0.9052045976
SFC+painterPartition efficiency: 0.9179977875
SFC+Painter ratio: 1.014132926
 Final SFC+Painter time: 9.4737e-05

Painter+Knapsack previous efficiency: 0.8939361365
Painter+Knapsack ratio: 1.000023689
 Final painter+Knapsack_Combined time: 0.000108813
Run 39
File weights 51 and ranks 51
Original previous efficiency: 0.9691744312
Original efficiency: 0.9691744312
Original ratio: 1
Knapsack previous efficiency: 0.9401784959
Knapsack ratio: 1.062129973
 Final Knapsack time: 4.5545e-05

Karmarkar-Karp previous efficiency: 0.9819304098
Karmarkar-Karp ratio: 1.017579624
 Final Karmarkar-Karp time: 0.001109226

SFC previous efficiency: 0.8151158611
 Time take to run this function: 3.21e-07
SFC ratio: 1.068315189
 Final SFC time: 4.3471e-05

SFC+Knapsack previous efficiency: 0.9142195753
SFC + Knapsack ratio: 0.9884307287
 Final SFC+Knapsack_Combined time: 5.884e-05

SFC+Painter previous efficiency: 0.9048108412
SFC+painterPartition efficiency: 0.9185830389
SFC+Painter ratio: 1.015221079
 Final SFC+Painter time: 9.3764e-05

Painter+Knapsack previous efficiency: 0.8900231504
Painter+Knapsack ratio: 1.002257074
 Final painter+Knapsack_Combined time: 0.000107751
Run 40
File weights 51 and ranks 51
Original previous efficiency: 0.9458725383
Original efficiency: 0.9458725383
Original ratio: 1
Knapsack previous efficiency: 0.9347178954
Knapsack ratio: 1.068011959
 Final Knapsack time: 4.3581e-05

Karmarkar-Karp previous efficiency: 0.9693659608
Karmarkar-Karp ratio: 1.02988856
 Final Karmarkar-Karp time: 0.001200817

SFC previous efficiency: 0.8041947999
 Time take to run this function: 4.01e-07
SFC ratio: 1.123193646
 Final SFC time: 4.3521e-05

SFC+Knapsack previous efficiency: 0.9133685448
SFC + Knapsack ratio: 0.9905518551
 Final SFC+Knapsack_Combined time: 5.9671e-05

SFC+Painter previous efficiency: 0.904584657
SFC+painterPartition efficiency: 0.9175855545
SFC+Painter ratio: 1.014372229
 Final SFC+Painter time: 9.4816e-05

Painter+Knapsack previous efficiency: 0.8855229122
Painter+Knapsack ratio: 1.01057958
 Final painter+Knapsack_Combined time: 0.000109344
Run 41
File weights 51 and ranks 51
Original previous efficiency: 0.9277271583
Original efficiency: 0.9277271583
Original ratio: 1
Knapsack previous efficiency: 0.9320981195
Knapsack ratio: 1.07137956
 Final Knapsack time: 4.4072e-05

Karmarkar-Karp previous efficiency: 0.962107096
Karmarkar-Karp ratio: 1.038269338
 Final Karmarkar-Karp time: 0.001092354

SFC previous efficiency: 0.9028621536
 Time take to run this function: 4.31e-07
SFC ratio: 1
 Final SFC time: 4.848e-05

SFC+Knapsack previous efficiency: 0.9108672974
SFC + Knapsack ratio: 0.9933737588
 Final SFC+Knapsack_Combined time: 6.8177e-05

SFC+Painter previous efficiency: 0.9042338853
SFC+painterPartition efficiency: 0.9141026865
SFC+Painter ratio: 1.010913992
 Final SFC+Painter time: 9.5007e-05

Painter+Knapsack previous efficiency: 0.8782944486
Painter+Knapsack ratio: 1.01793363
 Final painter+Knapsack_Combined time: 0.000111007
Run 42
File weights 51 and ranks 51
Original previous efficiency: 0.9211920556
Original efficiency: 0.9211920556
Original ratio: 1
Knapsack previous efficiency: 0.924350868
Knapsack ratio: 1.0802992
 Final Knapsack time: 4.4983e-05

Karmarkar-Karp previous efficiency: 0.9472684567
Karmarkar-Karp ratio: 1.054056082
 Final Karmarkar-Karp time: 0.001154651

SFC previous efficiency: 0.8994492736
 Time take to run this function: 3.6e-07
SFC ratio: 0.9638836949
 Final SFC time: 4.3652e-05

SFC+Knapsack previous efficiency: 0.9088646978
SFC + Knapsack ratio: 0.9959162761
 Final SFC+Knapsack_Combined time: 5.865e-05

SFC+Painter previous efficiency: 0.8994492736
SFC+painterPartition efficiency: 0.90381015
SFC+Painter ratio: 1.004848385
 Final SFC+Painter time: 9.3394e-05

Painter+Knapsack previous efficiency: 0.8668787
Painter+Knapsack ratio: 1.03159378
 Final painter+Knapsack_Combined time: 0.00010753
Run 43
File weights 51 and ranks 51
Original previous efficiency: 0.9163612726
Original efficiency: 0.9163612726
Original ratio: 1
Knapsack previous efficiency: 0.9212712432
Knapsack ratio: 1.083414075
 Final Knapsack time: 4.6597e-05

Karmarkar-Karp previous efficiency: 0.9292283847
Karmarkar-Karp ratio: 1.075062935
 Final Karmarkar-Karp time: 0.001190668

SFC previous efficiency: 0.8891806491
 Time take to run this function: 3.41e-07
SFC ratio: 1
 Final SFC time: 4.3621e-05

SFC+Knapsack previous efficiency: 0.8999655632
SFC + Knapsack ratio: 1.006368944
 Final SFC+Knapsack_Combined time: 5.9341e-05

SFC+Painter previous efficiency: 0.8891806491
SFC+painterPartition efficiency: 0.9029441179
SFC+Painter ratio: 1.015478822
 Final SFC+Painter time: 9.5027e-05

Painter+Knapsack previous efficiency: 0.8546394098
Painter+Knapsack ratio: 1.045910156
 Final painter+Knapsack_Combined time: 0.000109163
Run 44
File weights 51 and ranks 51
Original previous efficiency: 0.9097825205
Original efficiency: 0.9097825205
Original ratio: 1
Knapsack previous efficiency: 0.9208739579
Knapsack ratio: 1.084594018
 Final Knapsack time: 4.5234e-05

Karmarkar-Karp previous efficiency: 0.9154279871
Karmarkar-Karp ratio: 1.090930682
 Final Karmarkar-Karp time: 0.0010895

SFC previous efficiency: 0.8919224455
 Time take to run this function: 3.4e-07
SFC ratio: 1
 Final SFC time: 4.274e-05

SFC+Knapsack previous efficiency: 0.9008900581
SFC + Knapsack ratio: 1.011924075
 Final SFC+Knapsack_Combined time: 5.8699e-05

SFC+Painter previous efficiency: 0.8825902253
SFC+painterPartition efficiency: 0.908908031
SFC+Painter ratio: 1.029818828
 Final SFC+Painter time: 9.4877e-05

Painter+Knapsack previous efficiency: 0.8458618076
Painter+Knapsack ratio: 1.052748784
 Final painter+Knapsack_Combined time: 0.00010766
Run 45
File weights 51 and ranks 51
Original previous efficiency: 0.9032127828
Original efficiency: 0.9985826863
Original ratio: 1.10558963
Knapsack previous efficiency: 0.9182336112
Knapsack ratio: 1.08758226
 Final Knapsack time: 4.3902e-05

Karmarkar-Karp previous efficiency: 0.9086824418
Karmarkar-Karp ratio: 1.098989175
 Final Karmarkar-Karp time: 0.001092245

SFC previous efficiency: 0.8985043915
 Time take to run this function: 3.31e-07
SFC ratio: 1
 Final SFC time: 4.2779e-05

SFC+Knapsack previous efficiency: 0.9040578786
SFC + Knapsack ratio: 0.9982554912
 Final SFC+Knapsack_Combined time: 5.8389e-05

SFC+Painter previous efficiency: 0.8714060327
SFC+painterPartition efficiency: 0.9093273938
SFC+Painter ratio: 1.043517442
 Final SFC+Painter time: 9.5227e-05

Painter+Knapsack previous efficiency: 0.8408002596
Painter+Knapsack ratio: 1.055328767
 Final painter+Knapsack_Combined time: 0.000108321
Run 46
File weights 51 and ranks 51
Original previous efficiency: 0.9901989951
Original efficiency: 0.9901989951
Original ratio: 1
Knapsack previous efficiency: 0.9133233482
Knapsack ratio: 1.093672853
 Final Knapsack time: 4.4774e-05

Karmarkar-Karp previous efficiency: 0.9143050278
Karmarkar-Karp ratio: 1.091868311
 Final Karmarkar-Karp time: 0.001195968

SFC previous efficiency: 0.898063889
 Time take to run this function: 3.81e-07
SFC ratio: 0.9521742587
 Final SFC time: 5.371e-05

SFC+Knapsack previous efficiency: 0.9096884543
SFC + Knapsack ratio: 1.043286578
 Final SFC+Knapsack_Combined time: 5.9902e-05

SFC+Painter previous efficiency: 0.8573465896
SFC+painterPartition efficiency: 0.9097282933
SFC+Painter ratio: 1.061097466
 Final SFC+Painter time: 9.614e-05

Painter+Knapsack previous efficiency: 0.8357641983
Painter+Knapsack ratio: 1.059262935
 Final painter+Knapsack_Combined time: 0.000109413
Run 47
File weights 51 and ranks 51
Original previous efficiency: 0.9692908946
Original efficiency: 0.9692908946
Original ratio: 1
Knapsack previous efficiency: 0.9057973324
Knapsack ratio: 1.102508674
 Final Knapsack time: 4.4884e-05

Karmarkar-Karp previous efficiency: 0.9266439256
Karmarkar-Karp ratio: 1.077998198
 Final Karmarkar-Karp time: 0.001085151

SFC previous efficiency: 0.8672177991
 Time take to run this function: 3.2e-07
SFC ratio: 1.058622661
 Final SFC time: 4.3341e-05

SFC+Knapsack previous efficiency: 0.9183565999
SFC + Knapsack ratio: 1.043236396
 Final SFC+Knapsack_Combined time: 5.877e-05

SFC+Painter previous efficiency: 0.8291152038
SFC+painterPartition efficiency: 0.9238622198
SFC+Painter ratio: 1.114274851
 Final SFC+Painter time: 0.000108322

Painter+Knapsack previous efficiency: 0.8307837989
Painter+Knapsack ratio: 1.133405187
 Final painter+Knapsack_Combined time: 0.000121246
Run 48
File weights 51 and ranks 51
Original previous efficiency: 0.9620077434
Original efficiency: 0.9620077434
Original ratio: 1
Knapsack previous efficiency: 0.9788283014
Knapsack ratio: 1.020384695
 Final Knapsack time: 4.5204e-05

Karmarkar-Karp previous efficiency: 0.9413956027
Karmarkar-Karp ratio: 1.060998238
 Final Karmarkar-Karp time: 0.001053342

SFC previous efficiency: 0.8574810799
 Time take to run this function: 3.31e-07
SFC ratio: 1.069520891
 Final SFC time: 4.2409e-05

SFC+Knapsack previous efficiency: 0.9174813549
SFC + Knapsack ratio: 1.040725494
 Final SFC+Knapsack_Combined time: 5.7347e-05

SFC+Painter previous efficiency: 0.9231146163
SFC+painterPartition efficiency: 0.9347062684
SFC+Painter ratio: 1.01255711
 Final SFC+Painter time: 0.000141504

Painter+Knapsack previous efficiency: 0.936900886
Painter+Knapsack ratio: 0.9996331396
 Final painter+Knapsack_Combined time: 0.000120715
Run 49
File weights 51 and ranks 51
Original previous efficiency: 0.9568124321
Original efficiency: 0.9568124321
Original ratio: 1
Knapsack previous efficiency: 0.9621340779
Knapsack ratio: 1.038042273
 Final Knapsack time: 4.5004e-05

Karmarkar-Karp previous efficiency: 0.9284573353
Karmarkar-Karp ratio: 1.076329793
 Final Karmarkar-Karp time: 0.001048984

SFC previous efficiency: 0.8527880884
 Time take to run this function: 3.5e-07
SFC ratio: 1.073243168
 Final SFC time: 4.329e-05

SFC+Knapsack previous efficiency: 0.9137850187
SFC + Knapsack ratio: 1.038979069
 Final SFC+Knapsack_Combined time: 5.9611e-05

SFC+Painter previous efficiency: 0.9212573753
SFC+painterPartition efficiency: 0.9303771785
SFC+Painter ratio: 1.0098993
 Final SFC+Painter time: 0.000119032

Painter+Knapsack previous efficiency: 0.9319858995
Painter+Knapsack ratio: 0.946747294
 Final painter+Knapsack_Combined time: 0.000128199
Run 50
File weights 51 and ranks 51
Original previous efficiency: 0.9494832816
Original efficiency: 0.9494832816
Original ratio: 1
Knapsack previous efficiency: 0.9504095216
Knapsack ratio: 1.050341542
 Final Knapsack time: 4.4643e-05

Karmarkar-Karp previous efficiency: 0.914378597
Karmarkar-Karp ratio: 1.091707063
 Final Karmarkar-Karp time: 0.001147448

SFC previous efficiency: 0.8500661761
 Time take to run this function: 4.1e-07
SFC ratio: 1.075558731
 Final SFC time: 4.834e-05

SFC+Knapsack previous efficiency: 0.9087624165
SFC + Knapsack ratio: 1.039369847
 Final SFC+Knapsack_Combined time: 6.0763e-05

SFC+Painter previous efficiency: 0.9203125994
SFC+painterPartition efficiency: 0.9280164
SFC+Painter ratio: 1.008370852
 Final SFC+Painter time: 9.6079e-05

Painter+Knapsack previous efficiency: 0.9244786985
Painter+Knapsack ratio: 0.9512228186
 Final painter+Knapsack_Combined time: 0.000110636


TinyProfiler total time across processes [min...avg...max]: 0.155 ... 0.155 ... 0.155

-------------------------------------------------------------------------------------
Name                                  NCalls  Excl. Min  Excl. Avg  Excl. Max   Max %
-------------------------------------------------------------------------------------
kk()                                      51    0.05697    0.05697    0.05697  36.77%
painterPartition()                       102   0.008777   0.008777   0.008777   5.66%
knapsack()                               663   0.003583   0.003583   0.003583   2.31%
SFCProcessorMapDoIt()                     51   0.001696   0.001696   0.001696   1.09%
SFCProcessorMapDoItCombined()             51   0.001562   0.001562   0.001562   1.01%
SFCProcessorMapDoItCombinedPainter()      51   0.000611   0.000611   0.000611   0.39%
KKDoIt()                                  51  0.0004644  0.0004644  0.0004644   0.30%
Distribute()                             102  0.0004149  0.0004149  0.0004149   0.27%
KnapSackDoIt()                            51  0.0002618  0.0002618  0.0002618   0.17%
knapsack()swap                            35  8.166e-06  8.166e-06  8.166e-06   0.01%
-------------------------------------------------------------------------------------

-------------------------------------------------------------------------------------
Name                                  NCalls  Incl. Min  Incl. Avg  Incl. Max   Max %
-------------------------------------------------------------------------------------
KKDoIt()                                  51    0.05744    0.05744    0.05744  37.07%
kk()                                      51    0.05697    0.05697    0.05697  36.77%
painterPartition()                       102   0.008777   0.008777   0.008777   5.66%
SFCProcessorMapDoItCombinedPainter()      51   0.005459   0.005459   0.005459   3.52%
knapsack()                               663   0.003591   0.003591   0.003591   2.32%
SFCProcessorMapDoItCombined()             51   0.002713   0.002713   0.002713   1.75%
SFCProcessorMapDoIt()                     51   0.001948   0.001948   0.001948   1.26%
KnapSackDoIt()                            51   0.001911   0.001911   0.001911   1.23%
Distribute()                             102  0.0004149  0.0004149  0.0004149   0.27%
knapsack()swap                            35  8.166e-06  8.166e-06  8.166e-06   0.01%
-------------------------------------------------------------------------------------

Pinned Memory Usage:
----------------------------------------------------------------
Name                            Nalloc  Nfree   AvgMem    MaxMem
----------------------------------------------------------------
The_Pinned_Arena::Initialize()       1      1  190 KiB  8192 KiB
----------------------------------------------------------------

AMReX (25.06-22-g1d307c2c661a) finalized
