Initializing AMReX (25.06-22-g1d307c2c661a)...
OMP initialized with 256 OMP threads
AMReX (25.06-22-g1d307c2c661a) initialized
Starting running input_laser_ion running with 6 nodes and 4 ranks per node.
Total steps: 5000, intervals: 100 = 50 runs
Reading precomputed weights and ranks from file: /global/homes/j/jessd/lb_extractor/lb_inputs/laser_ion_16_boxes_24_ranks_timers_lb_data.txt
/global/homes/j/jessd/lb_extractor/lb_inputs/laser_ion_16_boxes_24_ranks_timers_lb_data.txt
Run 0: Weights size: 435
Run 1: Weights size: 435
Run 2: Weights size: 435
Run 3: Weights size: 435
Run 4: Weights size: 435
Run 5: Weights size: 435
Run 6: Weights size: 435
Run 7: Weights size: 435
Run 8: Weights size: 435
Run 9: Weights size: 435
Run 10: Weights size: 435
Run 11: Weights size: 435
Run 12: Weights size: 435
Run 13: Weights size: 435
Run 14: Weights size: 435
Run 15: Weights size: 435
Run 16: Weights size: 435
Run 17: Weights size: 435
Run 18: Weights size: 435
Run 19: Weights size: 435
Run 20: Weights size: 435
Run 21: Weights size: 435
Run 22: Weights size: 435
Run 23: Weights size: 435
Run 24: Weights size: 435
Run 25: Weights size: 435
Run 26: Weights size: 435
Run 27: Weights size: 435
Run 28: Weights size: 435
Run 29: Weights size: 435
Run 30: Weights size: 435
Run 31: Weights size: 435
Run 32: Weights size: 435
Run 33: Weights size: 435
Run 34: Weights size: 435
Run 35: Weights size: 435
Run 36: Weights size: 435
Run 37: Weights size: 435
Run 38: Weights size: 435
Run 39: Weights size: 435
Run 40: Weights size: 435
Run 41: Weights size: 435
Run 42: Weights size: 435
Run 43: Weights size: 435
Run 44: Weights size: 435
Run 45: Weights size: 435
Run 46: Weights size: 435
Run 47: Weights size: 435
Run 48: Weights size: 435
Run 49: Weights size: 435
Run 50: Weights size: 435
Run 0
File weights 51 and ranks 51
Original efficiency: 0.6836648685
Original ratio: inf
Knapsack ratio: inf
 Final Knapsack time: 0.000104104

Karmarkar-Karp ratio: inf
 Final Karmarkar-Karp time: 0.002127163

 Time take to run this function: 1.352e-06
SFC ratio: inf
 Final SFC time: 0.000983662

SFC + Knapsack ratio: inf
 Final SFC+Knapsack_Combined time: 0.000101188

SFC+painterPartition efficiency: 0.7589474061
SFC+Painter ratio: inf
 Final SFC+Painter time: 0.00016656

Painter+Knapsack ratio: inf
 Final painter+Knapsack_Combined time: 0.00013413
Run 1
File weights 51 and ranks 51
Original previous efficiency: 0.3807560633
Original efficiency: 0.3807560633
Original ratio: 1
Knapsack previous efficiency: 0.5681018323
Knapsack ratio: 1.750000486
 Final Knapsack time: 5.2568e-05

Karmarkar-Karp previous efficiency: 0.5681018323
Karmarkar-Karp ratio: 1.757392291
 Final Karmarkar-Karp time: 0.001004882

SFC previous efficiency: 0.2680544581
 Time take to run this function: 3.81e-07
SFC ratio: 3.53346881
 Final SFC time: 4.5044e-05

SFC+Knapsack previous efficiency: 0.2537070623
SFC + Knapsack ratio: 3.73200163
 Final SFC+Knapsack_Combined time: 6.8558e-05

SFC+Painter previous efficiency: 0.3010712185
SFC+painterPartition efficiency: 0.9551858687
SFC+Painter ratio: 3.172624316
 Final SFC+Painter time: 0.000104514

Painter+Knapsack previous efficiency: 0.2537070623
Painter+Knapsack ratio: 3.732487099
 Final painter+Knapsack_Combined time: 0.000119333
Run 2
File weights 51 and ranks 51
Original previous efficiency: 0.3705463722
Original efficiency: 0.9666283429
Original ratio: 2.608656879
Knapsack previous efficiency: 0.9666283429
Knapsack ratio: 1.030339952
 Final Knapsack time: 4.9793e-05

Karmarkar-Karp previous efficiency: 0.9623396071
Karmarkar-Karp ratio: 1.036972643
 Final Karmarkar-Karp time: 0.000989774

SFC previous efficiency: 0.910212629
 Time take to run this function: 3.41e-07
SFC ratio: 1.014370807
 Final SFC time: 4.4393e-05

SFC+Knapsack previous efficiency: 0.8822269222
SFC + Knapsack ratio: 1.058091514
 Final SFC+Knapsack_Combined time: 6.6754e-05

SFC+Painter previous efficiency: 0.910212629
SFC+painterPartition efficiency: 0.9349289627
SFC+Painter ratio: 1.027154461
 Final SFC+Painter time: 0.000105146

Painter+Knapsack previous efficiency: 0.8830404753
Painter+Knapsack ratio: 1.057116685
 Final painter+Knapsack_Combined time: 0.000121707
Run 3
File weights 51 and ranks 51
Original previous efficiency: 0.9639857944
Original efficiency: 0.9639857944
Original ratio: 1
Knapsack previous efficiency: 0.9639857944
Knapsack ratio: 1.031373091
 Final Knapsack time: 4.9753e-05

Karmarkar-Karp previous efficiency: 0.9693528367
Karmarkar-Karp ratio: 1.031343488
 Final Karmarkar-Karp time: 0.000975156

SFC previous efficiency: 0.9051207288
 Time take to run this function: 3.6e-07
SFC ratio: 1.009915507
 Final SFC time: 4.4112e-05

SFC+Knapsack previous efficiency: 0.8937450252
SFC + Knapsack ratio: 1.040142114
 Final SFC+Knapsack_Combined time: 6.6454e-05

SFC+Painter previous efficiency: 0.9051207288
SFC+painterPartition efficiency: 0.9299897978
SFC+Painter ratio: 1.027475969
 Final SFC+Painter time: 0.000107811

Painter+Knapsack previous efficiency: 0.8929305293
Painter+Knapsack ratio: 1.04109089
 Final painter+Knapsack_Combined time: 0.000118681
Run 4
File weights 51 and ranks 51
Original previous efficiency: 0.95510982
Original efficiency: 0.95510982
Original ratio: 1
Knapsack previous efficiency: 0.95510982
Knapsack ratio: 1.040679354
 Final Knapsack time: 5.1416e-05

Karmarkar-Karp previous efficiency: 0.9703167904
Karmarkar-Karp ratio: 1.028609825
 Final Karmarkar-Karp time: 0.000952524

SFC previous efficiency: 0.8975521664
 Time take to run this function: 3.5e-07
SFC ratio: 1.020145117
 Final SFC time: 4.4763e-05

SFC+Knapsack previous efficiency: 0.8863215122
SFC + Knapsack ratio: 1.052283639
 Final SFC+Knapsack_Combined time: 6.6925e-05

SFC+Painter previous efficiency: 0.8975521664
SFC+painterPartition efficiency: 0.9337480468
SFC+Painter ratio: 1.040327328
 Final SFC+Painter time: 9.9735e-05

Painter+Knapsack previous efficiency: 0.8866499803
Painter+Knapsack ratio: 1.052345689
 Final painter+Knapsack_Combined time: 0.000116107
Run 5
File weights 51 and ranks 51
Original previous efficiency: 0.9542877974
Original efficiency: 0.9542877974
Original ratio: 1
Knapsack previous efficiency: 0.9542877974
Knapsack ratio: 1.040463837
 Final Knapsack time: 5.0294e-05

Karmarkar-Karp previous efficiency: 0.9686898264
Karmarkar-Karp ratio: 1.028439074
 Final Karmarkar-Karp time: 0.000944119

SFC previous efficiency: 0.8932798938
 Time take to run this function: 3.11e-07
SFC ratio: 1.023447436
 Final SFC time: 4.294e-05

SFC+Knapsack previous efficiency: 0.8792814501
SFC + Knapsack ratio: 1.052965347
 Final SFC+Knapsack_Combined time: 6.466e-05

SFC+Painter previous efficiency: 0.8932798938
SFC+painterPartition efficiency: 0.9360509245
SFC+Painter ratio: 1.047880884
 Final SFC+Painter time: 0.000100548

Painter+Knapsack previous efficiency: 0.8793655034
Painter+Knapsack ratio: 1.065218505
 Final painter+Knapsack_Combined time: 0.000117208
Run 6
File weights 51 and ranks 51
Original previous efficiency: 0.94787085
Original efficiency: 0.94787085
Original ratio: 1
Knapsack previous efficiency: 0.94787085
Knapsack ratio: 1.047454922
 Final Knapsack time: 5.0574e-05

Karmarkar-Karp previous efficiency: 0.9677512873
Karmarkar-Karp ratio: 1.030477754
 Final Karmarkar-Karp time: 0.000961311

SFC previous efficiency: 0.8907934442
 Time take to run this function: 3.3e-07
SFC ratio: 1.029050706
 Final SFC time: 4.282e-05

SFC+Knapsack previous efficiency: 0.8750612663
SFC + Knapsack ratio: 1.071855173
 Final SFC+Knapsack_Combined time: 6.5722e-05

SFC+Painter previous efficiency: 0.8907934442
SFC+painterPartition efficiency: 0.9377530398
SFC+Painter ratio: 1.052716593
 Final SFC+Painter time: 9.9535e-05

Painter+Knapsack previous efficiency: 0.8753661314
Painter+Knapsack ratio: 1.072126029
 Final painter+Knapsack_Combined time: 0.000116938
Run 7
File weights 51 and ranks 51
Original previous efficiency: 0.9444243417
Original efficiency: 0.9444243417
Original ratio: 1
Knapsack previous efficiency: 0.9444243417
Knapsack ratio: 1.052813704
 Final Knapsack time: 5.0474e-05

Karmarkar-Karp previous efficiency: 0.9636704444
Karmarkar-Karp ratio: 1.036042218
 Final Karmarkar-Karp time: 0.000956231

SFC previous efficiency: 0.8879524823
 Time take to run this function: 3.5e-07
SFC ratio: 1.031862578
 Final SFC time: 4.4473e-05

SFC+Knapsack previous efficiency: 0.8717476891
SFC + Knapsack ratio: 1.076671209
 Final SFC+Knapsack_Combined time: 6.8638e-05

SFC+Painter previous efficiency: 0.8879524823
SFC+painterPartition efficiency: 0.9379467188
SFC+Painter ratio: 1.056302829
 Final SFC+Painter time: 9.8794e-05

Painter+Knapsack previous efficiency: 0.8716515944
Painter+Knapsack ratio: 1.077171428
 Final painter+Knapsack_Combined time: 0.000116056
Run 8
File weights 51 and ranks 51
Original previous efficiency: 0.9460711233
Original efficiency: 0.9460711233
Original ratio: 1
Knapsack previous efficiency: 0.9460711233
Knapsack ratio: 1.050893288
 Final Knapsack time: 5.0434e-05

Karmarkar-Karp previous efficiency: 0.9581788852
Karmarkar-Karp ratio: 1.039786444
 Final Karmarkar-Karp time: 0.000959116

SFC previous efficiency: 0.8806404775
 Time take to run this function: 3.3e-07
SFC ratio: 1.038054194
 Final SFC time: 4.3841e-05

SFC+Knapsack previous efficiency: 0.8685491572
SFC + Knapsack ratio: 1.082907854
 Final SFC+Knapsack_Combined time: 6.4701e-05

SFC+Painter previous efficiency: 0.8806404775
SFC+painterPartition efficiency: 0.9404211799
SFC+Painter ratio: 1.06788321
 Final SFC+Painter time: 0.000106057

Painter+Knapsack previous efficiency: 0.8681636513
Painter+Knapsack ratio: 1.083715784
 Final painter+Knapsack_Combined time: 0.000121717
Run 9
File weights 51 and ranks 51
Original previous efficiency: 0.9434541151
Original efficiency: 0.9434541151
Original ratio: 1
Knapsack previous efficiency: 0.9434541151
Knapsack ratio: 1.052488951
 Final Knapsack time: 5.0414e-05

Karmarkar-Karp previous efficiency: 0.9573812297
Karmarkar-Karp ratio: 1.040516954
 Final Karmarkar-Karp time: 0.000957925

SFC previous efficiency: 0.8751054009
 Time take to run this function: 3.71e-07
SFC ratio: 1.021607357
 Final SFC time: 4.3401e-05

SFC+Knapsack previous efficiency: 0.8632023813
SFC + Knapsack ratio: 1.089644436
 Final SFC+Knapsack_Combined time: 6.5101e-05

SFC+Painter previous efficiency: 0.8751054009
SFC+painterPartition efficiency: 0.9403704194
SFC+Painter ratio: 1.074579609
 Final SFC+Painter time: 9.9305e-05

Painter+Knapsack previous efficiency: 0.8610378925
Painter+Knapsack ratio: 1.092284157
 Final painter+Knapsack_Combined time: 0.000117238
Run 10
File weights 51 and ranks 51
Original previous efficiency: 0.9508644038
Original efficiency: 0.9508644038
Original ratio: 1
Knapsack previous efficiency: 0.9508644038
Knapsack ratio: 1.048975249
 Final Knapsack time: 5.0804e-05

Karmarkar-Karp previous efficiency: 0.9557709571
Karmarkar-Karp ratio: 1.042775318
 Final Karmarkar-Karp time: 0.000967793

SFC previous efficiency: 0.8536308734
 Time take to run this function: 3.41e-07
SFC ratio: 1.047657855
 Final SFC time: 4.3171e-05

SFC+Knapsack previous efficiency: 0.8656718475
SFC + Knapsack ratio: 1.071363789
 Final SFC+Knapsack_Combined time: 6.4149e-05

SFC+Painter previous efficiency: 0.8536308734
SFC+painterPartition efficiency: 0.943591254
SFC+Painter ratio: 1.105385575
 Final SFC+Painter time: 0.000104915

Painter+Knapsack previous efficiency: 0.8604993713
Painter+Knapsack ratio: 1.095559252
 Final painter+Knapsack_Combined time: 0.000120404
Run 11
File weights 51 and ranks 51
Original previous efficiency: 0.9448503831
Original efficiency: 0.9448503831
Original ratio: 1
Knapsack previous efficiency: 0.9448503831
Knapsack ratio: 1.051852441
 Final Knapsack time: 5.1246e-05

Karmarkar-Karp previous efficiency: 0.9305740183
Karmarkar-Karp ratio: 1.073949513
 Final Karmarkar-Karp time: 0.000962804

SFC previous efficiency: 0.8211047905
 Time take to run this function: 3.51e-07
SFC ratio: 1.073639254
 Final SFC time: 4.314e-05

SFC+Knapsack previous efficiency: 0.8769880289
SFC + Knapsack ratio: 1.078298167
 Final SFC+Knapsack_Combined time: 6.45e-05

SFC+Painter previous efficiency: 0.9418058617
SFC+painterPartition efficiency: 0.944264036
SFC+Painter ratio: 1.002610065
 Final SFC+Painter time: 9.3043e-05

Painter+Knapsack previous efficiency: 0.862985147
Painter+Knapsack ratio: 1.095794739
 Final painter+Knapsack_Combined time: 0.000116547
Run 12
File weights 51 and ranks 51
Original previous efficiency: 0.9353734075
Original efficiency: 0.9353734075
Original ratio: 1
Knapsack previous efficiency: 0.9353734075
Knapsack ratio: 1.064553595
 Final Knapsack time: 5.1335e-05

Karmarkar-Karp previous efficiency: 0.9152536935
Karmarkar-Karp ratio: 1.091270023
 Final Karmarkar-Karp time: 0.000985336

SFC previous efficiency: 0.7991668546
 Time take to run this function: 3.51e-07
SFC ratio: 1.118164865
 Final SFC time: 4.3672e-05

SFC+Knapsack previous efficiency: 0.8552617561
SFC + Knapsack ratio: 1.105934002
 Final SFC+Knapsack_Combined time: 6.5873e-05

SFC+Painter previous efficiency: 0.9418040741
SFC+painterPartition efficiency: 0.9460141773
SFC+Painter ratio: 1.004470254
 Final SFC+Painter time: 0.0001292

Painter+Knapsack previous efficiency: 0.8642097998
Painter+Knapsack ratio: 1.094483141
 Final painter+Knapsack_Combined time: 0.000116487
Run 13
File weights 51 and ranks 51
Original previous efficiency: 0.9323592836
Original efficiency: 0.9323592836
Original ratio: 1
Knapsack previous efficiency: 0.9323592836
Knapsack ratio: 1.067724131
 Final Knapsack time: 5.0734e-05

Karmarkar-Karp previous efficiency: 0.9163361969
Karmarkar-Karp ratio: 1.08913303
 Final Karmarkar-Karp time: 0.000977681

SFC previous efficiency: 0.8933616971
 Time take to run this function: 3.4e-07
SFC ratio: 1
 Final SFC time: 4.4173e-05

SFC+Knapsack previous efficiency: 0.9445033696
SFC + Knapsack ratio: 0.9987661603
 Final SFC+Knapsack_Combined time: 6.6684e-05

SFC+Painter previous efficiency: 0.9389074006
SFC+painterPartition efficiency: 0.9440151187
SFC+Painter ratio: 1.005440066
 Final SFC+Painter time: 9.9265e-05

Painter+Knapsack previous efficiency: 0.8622602046
Painter+Knapsack ratio: 1.094029388
 Final painter+Knapsack_Combined time: 0.0001182
Run 14
File weights 51 and ranks 51
Original previous efficiency: 0.9263503096
Original efficiency: 0.9263503096
Original ratio: 1
Knapsack previous efficiency: 0.9263503096
Knapsack ratio: 1.074167554
 Final Knapsack time: 5.1015e-05

Karmarkar-Karp previous efficiency: 0.9103964967
Karmarkar-Karp ratio: 1.096300044
 Final Karmarkar-Karp time: 0.001019159

SFC previous efficiency: 0.8928392783
 Time take to run this function: 4.01e-07
SFC ratio: 1
 Final SFC time: 4.4913e-05

SFC+Knapsack previous efficiency: 0.9456114678
SFC + Knapsack ratio: 1.001668358
 Final SFC+Knapsack_Combined time: 6.6965e-05

SFC+Painter previous efficiency: 0.9289962979
SFC+painterPartition efficiency: 0.9470160098
SFC+Painter ratio: 1.019396968
 Final SFC+Painter time: 9.5668e-05

Painter+Knapsack previous efficiency: 0.856983954
Painter+Knapsack ratio: 1.105258834
 Final painter+Knapsack_Combined time: 0.000111268
Run 15
File weights 51 and ranks 51
Original previous efficiency: 0.9241836585
Original efficiency: 0.9241836585
Original ratio: 1
Knapsack previous efficiency: 0.9241836585
Knapsack ratio: 1.076966534
 Final Knapsack time: 5.2458e-05

Karmarkar-Karp previous efficiency: 0.9166161656
Karmarkar-Karp ratio: 1.088009992
 Final Karmarkar-Karp time: 0.000972471

SFC previous efficiency: 0.8912418285
 Time take to run this function: 3.31e-07
SFC ratio: 1
 Final SFC time: 4.3762e-05

SFC+Knapsack previous efficiency: 0.9464584162
SFC + Knapsack ratio: 0.9990847079
 Final SFC+Knapsack_Combined time: 6.481e-05

SFC+Painter previous efficiency: 0.9156397123
SFC+painterPartition efficiency: 0.9441491673
SFC+Painter ratio: 1.031136106
 Final SFC+Painter time: 0.000111999

Painter+Knapsack previous efficiency: 0.9447335434
Painter+Knapsack ratio: 1.000908814
 Final painter+Knapsack_Combined time: 0.000130573
Run 16
File weights 51 and ranks 51
Original previous efficiency: 0.9021832384
Original efficiency: 0.9021832384
Original ratio: 1
Knapsack previous efficiency: 0.9021832384
Knapsack ratio: 1.102334106
 Final Knapsack time: 5.1175e-05

Karmarkar-Karp previous efficiency: 0.8947250065
Karmarkar-Karp ratio: 1.115450317
 Final Karmarkar-Karp time: 0.000956552

SFC previous efficiency: 0.8899866863
 Time take to run this function: 3.11e-07
SFC ratio: 1.000671905
 Final SFC time: 4.3852e-05

SFC+Knapsack previous efficiency: 0.9408151335
SFC + Knapsack ratio: 1.000327377
 Final SFC+Knapsack_Combined time: 6.4871e-05

SFC+Painter previous efficiency: 0.9017007151
SFC+painterPartition efficiency: 0.9420377696
SFC+Painter ratio: 1.044734416
 Final SFC+Painter time: 9.2502e-05

Painter+Knapsack previous efficiency: 0.9413130765
Painter+Knapsack ratio: 1.000556161
 Final painter+Knapsack_Combined time: 0.000109083
Run 17
File weights 51 and ranks 51
Original previous efficiency: 0.8954265393
Original efficiency: 0.9728092364
Original ratio: 1.086419928
Knapsack previous efficiency: 0.9728092364
Knapsack ratio: 1.022258096
 Final Knapsack time: 5.0754e-05

Karmarkar-Karp previous efficiency: 0.9743200134
Karmarkar-Karp ratio: 1.022575737
 Final Karmarkar-Karp time: 0.000991788

SFC previous efficiency: 0.8869370601
 Time take to run this function: 3.61e-07
SFC ratio: 1.002936644
 Final SFC time: 4.3411e-05

SFC+Knapsack previous efficiency: 0.9393980233
SFC + Knapsack ratio: 1.001011099
 Final SFC+Knapsack_Combined time: 6.48e-05

SFC+Painter previous efficiency: 0.8853017831
SFC+painterPartition efficiency: 0.9418192543
SFC+Painter ratio: 1.06383978
 Final SFC+Painter time: 0.000194212

Painter+Knapsack previous efficiency: 0.9399766235
Painter+Knapsack ratio: 1.000557193
 Final painter+Knapsack_Combined time: 0.000210642
Run 18
File weights 51 and ranks 51
Original previous efficiency: 0.8934282475
Original efficiency: 0.9620408486
Original ratio: 1.076796991
Knapsack previous efficiency: 0.9620408486
Knapsack ratio: 1.032911584
 Final Knapsack time: 5.0874e-05

Karmarkar-Karp previous efficiency: 0.9677261265
Karmarkar-Karp ratio: 1.0288771
 Final Karmarkar-Karp time: 0.000959668

SFC previous efficiency: 0.8861750082
 Time take to run this function: 3.51e-07
SFC ratio: 1.036500235
 Final SFC time: 4.3742e-05

SFC+Knapsack previous efficiency: 0.9352270785
SFC + Knapsack ratio: 1.003642733
 Final SFC+Knapsack_Combined time: 6.3899e-05

SFC+Painter previous efficiency: 0.8895121106
SFC+painterPartition efficiency: 0.9391039886
SFC+Painter ratio: 1.055751774
 Final SFC+Painter time: 0.000107881

Painter+Knapsack previous efficiency: 0.9371291271
Painter+Knapsack ratio: 1.000819307
 Final painter+Knapsack_Combined time: 0.000122318
Run 19
File weights 51 and ranks 51
Original previous efficiency: 0.8886100208
Original efficiency: 0.9555296195
Original ratio: 1.075308175
Knapsack previous efficiency: 0.9555296195
Knapsack ratio: 1.04258397
 Final Knapsack time: 5.0644e-05

Karmarkar-Karp previous efficiency: 0.9606748955
Karmarkar-Karp ratio: 1.036132724
 Final Karmarkar-Karp time: 0.000978392

SFC previous efficiency: 0.8619945656
 Time take to run this function: 3.7e-07
SFC ratio: 1.03855654
 Final SFC time: 4.315e-05

SFC+Knapsack previous efficiency: 0.9200418135
SFC + Knapsack ratio: 1.018717263
 Final SFC+Knapsack_Combined time: 6.3689e-05

SFC+Painter previous efficiency: 0.8762490818
SFC+painterPartition efficiency: 0.9407403232
SFC+Painter ratio: 1.073599211
 Final SFC+Painter time: 9.5628e-05

Painter+Knapsack previous efficiency: 0.921060029
Painter+Knapsack ratio: 1.001826707
 Final painter+Knapsack_Combined time: 0.000111177
Run 20
File weights 51 and ranks 51
Original previous efficiency: 0.8816161399
Original efficiency: 0.9479517253
Original ratio: 1.075243161
Knapsack previous efficiency: 0.9479517253
Knapsack ratio: 1.04991177
 Final Knapsack time: 5.1346e-05

Karmarkar-Karp previous efficiency: 0.9560750048
Karmarkar-Karp ratio: 1.04233282
 Final Karmarkar-Karp time: 0.000974876

SFC previous efficiency: 0.8467095387
 Time take to run this function: 3.61e-07
SFC ratio: 1.051035731
 Final SFC time: 4.3611e-05

SFC+Knapsack previous efficiency: 0.9055151367
SFC + Knapsack ratio: 1.039160291
 Final SFC+Knapsack_Combined time: 6.433e-05

SFC+Painter previous efficiency: 0.8605985136
SFC+painterPartition efficiency: 0.9413331299
SFC+Painter ratio: 1.093812173
 Final SFC+Painter time: 9.5087e-05

Painter+Knapsack previous efficiency: 0.9053023134
Painter+Knapsack ratio: 1.039404582
 Final painter+Knapsack_Combined time: 0.000111117
Run 21
File weights 51 and ranks 51
Original previous efficiency: 0.885238403
Original efficiency: 0.9311154892
Original ratio: 1.051824555
Knapsack previous efficiency: 0.9311154892
Knapsack ratio: 1.068235014
 Final Knapsack time: 5.1005e-05

Karmarkar-Karp previous efficiency: 0.9527396678
Karmarkar-Karp ratio: 1.044260352
 Final Karmarkar-Karp time: 0.000963314

SFC previous efficiency: 0.8479435345
 Time take to run this function: 3.51e-07
SFC ratio: 1.081277965
 Final SFC time: 4.3411e-05

SFC+Knapsack previous efficiency: 0.8929402163
SFC + Knapsack ratio: 1.051243235
 Final SFC+Knapsack_Combined time: 6.448e-05

SFC+Painter previous efficiency: 0.8624112725
SFC+painterPartition efficiency: 0.9387693094
SFC+Painter ratio: 1.088540166
 Final SFC+Painter time: 9.3985e-05

Painter+Knapsack previous efficiency: 0.8919181378
Painter+Knapsack ratio: 1.05244789
 Final painter+Knapsack_Combined time: 0.000109945
Run 22
File weights 51 and ranks 51
Original previous efficiency: 0.8760187529
Original efficiency: 0.9262283957
Original ratio: 1.057315717
Knapsack previous efficiency: 0.9262283957
Knapsack ratio: 1.074838615
 Final Knapsack time: 5.0704e-05

Karmarkar-Karp previous efficiency: 0.9493337173
Karmarkar-Karp ratio: 1.050789866
 Final Karmarkar-Karp time: 0.000959838

SFC previous efficiency: 0.8368399987
 Time take to run this function: 3.41e-07
SFC ratio: 1.0992155
 Final SFC time: 4.3902e-05

SFC+Knapsack previous efficiency: 0.8865468037
SFC + Knapsack ratio: 1.057277683
 Final SFC+Knapsack_Combined time: 7.3016e-05

SFC+Painter previous efficiency: 0.8430348458
SFC+painterPartition efficiency: 0.9376333565
SFC+Painter ratio: 1.112211863
 Final SFC+Painter time: 9.3905e-05

Painter+Knapsack previous efficiency: 0.8873687492
Painter+Knapsack ratio: 1.057014979
 Final painter+Knapsack_Combined time: 0.000167462
Run 23
File weights 51 and ranks 51
Original previous efficiency: 0.8749332969
Original efficiency: 0.9231170693
Original ratio: 1.055071367
Knapsack previous efficiency: 0.9231170693
Knapsack ratio: 1.079053776
 Final Knapsack time: 5.1716e-05

Karmarkar-Karp previous efficiency: 0.9474347056
Karmarkar-Karp ratio: 1.053061155
 Final Karmarkar-Karp time: 0.000973644

SFC previous efficiency: 0.8316935534
 Time take to run this function: 3.51e-07
SFC ratio: 1.069874365
 Final SFC time: 4.3762e-05

SFC+Knapsack previous efficiency: 0.8870238441
SFC + Knapsack ratio: 1.058339854
 Final SFC+Knapsack_Combined time: 6.5031e-05

SFC+Painter previous efficiency: 0.9382297236
SFC+painterPartition efficiency: 0.9382297236
SFC+Painter ratio: 1
 Final SFC+Painter time: 0.00010765

Painter+Knapsack previous efficiency: 0.8852838255
Painter+Knapsack ratio: 1.061964558
 Final painter+Knapsack_Combined time: 0.000124241
Run 24
File weights 51 and ranks 51
Original previous efficiency: 0.8667116523
Original efficiency: 0.9167889268
Original ratio: 1.057778471
Knapsack previous efficiency: 0.9167889268
Knapsack ratio: 1.085751308
 Final Knapsack time: 5.0704e-05

Karmarkar-Karp previous efficiency: 0.9311023915
Karmarkar-Karp ratio: 1.072399194
 Final Karmarkar-Karp time: 0.000990675

SFC previous efficiency: 0.8341606964
 Time take to run this function: 3.41e-07
SFC ratio: 1.087001941
 Final SFC time: 4.3842e-05

SFC+Knapsack previous efficiency: 0.8708791526
SFC + Knapsack ratio: 1.06585874
 Final SFC+Knapsack_Combined time: 6.457e-05

SFC+Painter previous efficiency: 0.9389582624
SFC+painterPartition efficiency: 0.9415577189
SFC+Painter ratio: 1.002768447
 Final SFC+Painter time: 9.3505e-05

Painter+Knapsack previous efficiency: 0.8718830059
Painter+Knapsack ratio: 1.077529158
 Final painter+Knapsack_Combined time: 0.000109474
Run 25
File weights 51 and ranks 51
Original previous efficiency: 0.8713728402
Original efficiency: 0.8885684173
Original ratio: 1.019733892
Knapsack previous efficiency: 0.8885684173
Knapsack ratio: 1.119742031
 Final Knapsack time: 5.1486e-05

Karmarkar-Karp previous efficiency: 0.9230780345
Karmarkar-Karp ratio: 1.078560503
 Final Karmarkar-Karp time: 0.001055747

SFC previous efficiency: 0.8191006082
 Time take to run this function: 3.71e-07
SFC ratio: 1.085537869
 Final SFC time: 4.4894e-05

SFC+Knapsack previous efficiency: 0.8640700304
SFC + Knapsack ratio: 1.085734762
 Final SFC+Knapsack_Combined time: 6.6043e-05

SFC+Painter previous efficiency: 0.9386111903
SFC+painterPartition efficiency: 0.9386111903
SFC+Painter ratio: 1
 Final SFC+Painter time: 9.5788e-05

Painter+Knapsack previous efficiency: 0.8621350401
Painter+Knapsack ratio: 1.08957543
 Final painter+Knapsack_Combined time: 0.000112089
Run 26
File weights 51 and ranks 51
Original previous efficiency: 0.8649727316
Original efficiency: 0.9777470988
Original ratio: 1.130379101
Knapsack previous efficiency: 0.9777470988
Knapsack ratio: 1.018509322
 Final Knapsack time: 5.0754e-05

Karmarkar-Karp previous efficiency: 0.9103991757
Karmarkar-Karp ratio: 1.096033104
 Final Karmarkar-Karp time: 0.001024088

SFC previous efficiency: 0.8143047435
 Time take to run this function: 3.41e-07
SFC ratio: 1.092045535
 Final SFC time: 4.3862e-05

SFC+Knapsack previous efficiency: 0.8580030592
SFC + Knapsack ratio: 1.094769559
 Final SFC+Knapsack_Combined time: 6.5723e-05

SFC+Painter previous efficiency: 0.937445176
SFC+painterPartition efficiency: 0.937445176
SFC+Painter ratio: 1
 Final SFC+Painter time: 9.3584e-05

Painter+Knapsack previous efficiency: 0.8607238081
Painter+Knapsack ratio: 1.091598245
 Final painter+Knapsack_Combined time: 0.000108251
Run 27
File weights 51 and ranks 51
Original previous efficiency: 0.9555050342
Original efficiency: 0.9555050342
Original ratio: 1
Knapsack previous efficiency: 0.9555050342
Knapsack ratio: 1.042851769
 Final Knapsack time: 5.0334e-05

Karmarkar-Karp previous efficiency: 0.9050041216
Karmarkar-Karp ratio: 1.101875209
 Final Karmarkar-Karp time: 0.001016985

SFC previous efficiency: 0.8235822054
 Time take to run this function: 3.6e-07
SFC ratio: 1.09018312
 Final SFC time: 4.4332e-05

SFC+Knapsack previous efficiency: 0.8596821865
SFC + Knapsack ratio: 1.085301921
 Final SFC+Knapsack_Combined time: 7.9509e-05

SFC+Painter previous efficiency: 0.9209052366
SFC+painterPartition efficiency: 0.9370834731
SFC+Painter ratio: 1.017567754
 Final SFC+Painter time: 9.3714e-05

Painter+Knapsack previous efficiency: 0.8565118862
Painter+Knapsack ratio: 1.089319067
 Final painter+Knapsack_Combined time: 0.000110596
Run 28
File weights 51 and ranks 51
Original previous efficiency: 0.9504582716
Original efficiency: 0.9504582716
Original ratio: 1
Knapsack previous efficiency: 0.9504582716
Knapsack ratio: 1.047842256
 Final Knapsack time: 5.1295e-05

Karmarkar-Karp previous efficiency: 0.979827356
Karmarkar-Karp ratio: 1.016367371
 Final Karmarkar-Karp time: 0.001013127

SFC previous efficiency: 0.8197880973
 Time take to run this function: 3.41e-07
SFC ratio: 1.073676532
 Final SFC time: 4.4473e-05

SFC+Knapsack previous efficiency: 0.8712715243
SFC + Knapsack ratio: 1.045392765
 Final SFC+Knapsack_Combined time: 6.5902e-05

SFC+Painter previous efficiency: 0.8785323959
SFC+painterPartition efficiency: 0.9370124673
SFC+Painter ratio: 1.06656564
 Final SFC+Painter time: 9.5668e-05

Painter+Knapsack previous efficiency: 0.8751005132
Painter+Knapsack ratio: 1.040818665
 Final painter+Knapsack_Combined time: 0.00011247
Run 29
File weights 51 and ranks 51
Original previous efficiency: 0.9478597171
Original efficiency: 0.9478597171
Original ratio: 1
Knapsack previous efficiency: 0.9478597171
Knapsack ratio: 1.049730588
 Final Knapsack time: 5.1596e-05

Karmarkar-Karp previous efficiency: 0.9697778165
Karmarkar-Karp ratio: 1.028099452
 Final Karmarkar-Karp time: 0.000970648

SFC previous efficiency: 0.8129367232
 Time take to run this function: 3.6e-07
SFC ratio: 1.095784389
 Final SFC time: 4.3782e-05

SFC+Knapsack previous efficiency: 0.8725732732
SFC + Knapsack ratio: 1.030172474
 Final SFC+Knapsack_Combined time: 6.4651e-05

SFC+Painter previous efficiency: 0.850773776
SFC+painterPartition efficiency: 0.9379442162
SFC+Painter ratio: 1.102460187
 Final SFC+Painter time: 9.2282e-05

Painter+Knapsack previous efficiency: 0.8868061523
Painter+Knapsack ratio: 1.013638623
 Final painter+Knapsack_Combined time: 0.000108832
Run 30
File weights 51 and ranks 51
Original previous efficiency: 0.9479122531
Original efficiency: 0.9479122531
Original ratio: 1
Knapsack previous efficiency: 0.9479122531
Knapsack ratio: 1.049895574
 Final Knapsack time: 5.2478e-05

Karmarkar-Karp previous efficiency: 0.9628798241
Karmarkar-Karp ratio: 1.03531447
 Final Karmarkar-Karp time: 0.000974124

SFC previous efficiency: 0.8178758712
 Time take to run this function: 3.41e-07
SFC ratio: 1.122228604
 Final SFC time: 4.31e-05

SFC+Knapsack previous efficiency: 0.8688528312
SFC + Knapsack ratio: 1.02588608
 Final SFC+Knapsack_Combined time: 6.5121e-05

SFC+Painter previous efficiency: 0.9341587541
SFC+painterPartition efficiency: 0.9341587541
SFC+Painter ratio: 1
 Final SFC+Painter time: 0.000101789

Painter+Knapsack previous efficiency: 0.8899702021
Painter+Knapsack ratio: 1.001543673
 Final painter+Knapsack_Combined time: 0.000111177
Run 31
File weights 51 and ranks 51
Original previous efficiency: 0.9450040692
Original efficiency: 0.9450040692
Original ratio: 1
Knapsack previous efficiency: 0.9450040692
Knapsack ratio: 1.052991842
 Final Knapsack time: 5.0605e-05

Karmarkar-Karp previous efficiency: 0.9563835062
Karmarkar-Karp ratio: 1.043363214
 Final Karmarkar-Karp time: 0.001040789

SFC previous efficiency: 0.9193048905
 Time take to run this function: 3.61e-07
SFC ratio: 0.9694334234
 Final SFC time: 4.3801e-05

SFC+Knapsack previous efficiency: 0.8648054024
SFC + Knapsack ratio: 1.03027029
 Final SFC+Knapsack_Combined time: 6.5472e-05

SFC+Painter previous efficiency: 0.9248321754
SFC+painterPartition efficiency: 0.9330267099
SFC+Painter ratio: 1.008860564
 Final SFC+Painter time: 9.5158e-05

Painter+Knapsack previous efficiency: 0.8858120815
Painter+Knapsack ratio: 1.005837842
 Final painter+Knapsack_Combined time: 0.000111017
Run 32
File weights 51 and ranks 51
Original previous efficiency: 0.928772571
Original efficiency: 0.928772571
Original ratio: 1
Knapsack previous efficiency: 0.928772571
Knapsack ratio: 1.071555948
 Final Knapsack time: 5.1826e-05

Karmarkar-Karp previous efficiency: 0.9361109251
Karmarkar-Karp ratio: 1.065019717
 Final Karmarkar-Karp time: 0.001000815

SFC previous efficiency: 0.8820559791
 Time take to run this function: 3.51e-07
SFC ratio: 1
 Final SFC time: 4.3481e-05

SFC+Knapsack previous efficiency: 0.8694441276
SFC + Knapsack ratio: 1.023325517
 Final SFC+Knapsack_Combined time: 6.428e-05

SFC+Painter previous efficiency: 0.8820559791
SFC+painterPartition efficiency: 0.9383812901
SFC+Painter ratio: 1.063856844
 Final SFC+Painter time: 9.633e-05

Painter+Knapsack previous efficiency: 0.8674888738
Painter+Knapsack ratio: 1.043051329
 Final painter+Knapsack_Combined time: 0.000110727
Run 33
File weights 51 and ranks 51
Original previous efficiency: 0.9093569749
Original efficiency: 0.9093569749
Original ratio: 1
Knapsack previous efficiency: 0.9093569749
Knapsack ratio: 1.095319296
 Final Knapsack time: 5.0554e-05

Karmarkar-Karp previous efficiency: 0.9276383422
Karmarkar-Karp ratio: 1.074106521
 Final Karmarkar-Karp time: 0.000995174

SFC previous efficiency: 0.8586098678
 Time take to run this function: 3.5e-07
SFC ratio: 1.034122873
 Final SFC time: 4.3521e-05

SFC+Knapsack previous efficiency: 0.861503175
SFC + Knapsack ratio: 1.043969276
 Final SFC+Knapsack_Combined time: 6.6234e-05

SFC+Painter previous efficiency: 0.8586098678
SFC+painterPartition efficiency: 0.9372132175
SFC+Painter ratio: 1.091547224
 Final SFC+Painter time: 9.5918e-05

Painter+Knapsack previous efficiency: 0.8644789819
Painter+Knapsack ratio: 1.097879157
 Final painter+Knapsack_Combined time: 0.000113201
Run 34
File weights 51 and ranks 51
Original previous efficiency: 0.8887372341
Original efficiency: 0.8887372341
Original ratio: 1
Knapsack previous efficiency: 0.8887372341
Knapsack ratio: 1.119276064
 Final Knapsack time: 5.1726e-05

Karmarkar-Karp previous efficiency: 0.9195599058
Karmarkar-Karp ratio: 1.082135082
 Final Karmarkar-Karp time: 0.00099853

SFC previous efficiency: 0.8486259187
 Time take to run this function: 3.31e-07
SFC ratio: 1.039332573
 Final SFC time: 4.3831e-05

SFC+Knapsack previous efficiency: 0.8550308286
SFC + Knapsack ratio: 1.043563332
 Final SFC+Knapsack_Combined time: 6.441e-05

SFC+Painter previous efficiency: 0.8486259187
SFC+painterPartition efficiency: 0.9395997064
SFC+Painter ratio: 1.107201284
 Final SFC+Painter time: 9.5188e-05

Painter+Knapsack previous efficiency: 0.8633405975
Painter+Knapsack ratio: 1.085953885
 Final painter+Knapsack_Combined time: 0.000111748
Run 35
File weights 51 and ranks 51
Original previous efficiency: 0.8751649222
Original efficiency: 0.9647092632
Original ratio: 1.102317105
Knapsack previous efficiency: 0.9647092632
Knapsack ratio: 1.033384431
 Final Knapsack time: 5.0834e-05

Karmarkar-Karp previous efficiency: 0.907974472
Karmarkar-Karp ratio: 1.096936716
 Final Karmarkar-Karp time: 0.000999602

SFC previous efficiency: 0.8497075078
 Time take to run this function: 3.71e-07
SFC ratio: 1.029792471
 Final SFC time: 4.3641e-05

SFC+Knapsack previous efficiency: 0.8519200726
SFC + Knapsack ratio: 1.100549741
 Final SFC+Knapsack_Combined time: 6.447e-05

SFC+Painter previous efficiency: 0.9232620006
SFC+painterPartition efficiency: 0.9346286833
SFC+Painter ratio: 1.012311438
 Final SFC+Painter time: 9.3414e-05

Painter+Knapsack previous efficiency: 0.8672522722
Painter+Knapsack ratio: 1.081047748
 Final painter+Knapsack_Combined time: 0.000108933
Run 36
File weights 51 and ranks 51
Original previous efficiency: 0.9381060551
Original efficiency: 0.9381060551
Original ratio: 1
Knapsack previous efficiency: 0.9381060551
Knapsack ratio: 1.060182087
 Final Knapsack time: 5.1746e-05

Karmarkar-Karp previous efficiency: 0.9103896603
Karmarkar-Karp ratio: 1.093521571
 Final Karmarkar-Karp time: 0.000989594

SFC previous efficiency: 0.8596812114
 Time take to run this function: 3.7e-07
SFC ratio: 1
 Final SFC time: 4.3602e-05

SFC+Knapsack previous efficiency: 0.9387995339
SFC + Knapsack ratio: 0.9980997907
 Final SFC+Knapsack_Combined time: 6.5452e-05

SFC+Painter previous efficiency: 0.899055919
SFC+painterPartition efficiency: 0.9244840976
SFC+Painter ratio: 1.0282832
 Final SFC+Painter time: 0.000115956

Painter+Knapsack previous efficiency: 0.8622967318
Painter+Knapsack ratio: 1.084945616
 Final painter+Knapsack_Combined time: 0.000131124
Run 37
File weights 51 and ranks 51
Original previous efficiency: 0.9209123914
Original efficiency: 0.9209123914
Original ratio: 1
Knapsack previous efficiency: 0.9209123914
Knapsack ratio: 1.080499771
 Final Knapsack time: 5.2077e-05

Karmarkar-Karp previous efficiency: 0.910153849
Karmarkar-Karp ratio: 1.09552644
 Final Karmarkar-Karp time: 0.000972311

SFC previous efficiency: 0.8548601801
 Time take to run this function: 3.6e-07
SFC ratio: 1.014251713
 Final SFC time: 4.4042e-05

SFC+Knapsack previous efficiency: 0.9389591348
SFC + Knapsack ratio: 1.00230745
 Final SFC+Knapsack_Combined time: 6.9118e-05

SFC+Painter previous efficiency: 0.8786517258
SFC+painterPartition efficiency: 0.9158855182
SFC+Painter ratio: 1.042376053
 Final SFC+Painter time: 9.4126e-05

Painter+Knapsack previous efficiency: 0.855144632
Painter+Knapsack ratio: 1.100545687
 Final painter+Knapsack_Combined time: 0.000110085
Run 38
File weights 51 and ranks 51
Original previous efficiency: 0.9071960386
Original efficiency: 0.9071960386
Original ratio: 1
Knapsack previous efficiency: 0.9071960386
Knapsack ratio: 1.097293093
 Final Knapsack time: 5.2849e-05

Karmarkar-Karp previous efficiency: 0.9179007163
Karmarkar-Karp ratio: 1.086543895
 Final Karmarkar-Karp time: 0.000985445

SFC previous efficiency: 0.8605800633
 Time take to run this function: 3.7e-07
SFC ratio: 1.007217317
 Final SFC time: 4.338e-05

SFC+Knapsack previous efficiency: 0.9184002894
SFC + Knapsack ratio: 1.025790907
 Final SFC+Knapsack_Combined time: 6.5723e-05

SFC+Painter previous efficiency: 0.8655317427
SFC+painterPartition efficiency: 0.9209822599
SFC+Painter ratio: 1.064065261
 Final SFC+Painter time: 9.6921e-05

Painter+Knapsack previous efficiency: 0.9347724491
Painter+Knapsack ratio: 1.007635993
 Final painter+Knapsack_Combined time: 0.000118411
Run 39
File weights 51 and ranks 51
Original previous efficiency: 0.8950711249
Original efficiency: 0.8950711249
Original ratio: 1
Knapsack previous efficiency: 0.8950711249
Knapsack ratio: 1.111786438
 Final Knapsack time: 5.1646e-05

Karmarkar-Karp previous efficiency: 0.9256227616
Karmarkar-Karp ratio: 1.078762572
 Final Karmarkar-Karp time: 0.000983452

SFC previous efficiency: 0.8606698061
 Time take to run this function: 3.71e-07
SFC ratio: 1.029657185
 Final SFC time: 4.4223e-05

SFC+Knapsack previous efficiency: 0.8910093467
SFC + Knapsack ratio: 1.051821614
 Final SFC+Knapsack_Combined time: 6.5091e-05

SFC+Painter previous efficiency: 0.8444406467
SFC+painterPartition efficiency: 0.9172635777
SFC+Painter ratio: 1.086238069
 Final SFC+Painter time: 9.4155e-05

Painter+Knapsack previous efficiency: 0.9213862477
Painter+Knapsack ratio: 1.017862638
 Final painter+Knapsack_Combined time: 0.000109774
Run 40
File weights 51 and ranks 51
Original previous efficiency: 0.8763870137
Original efficiency: 0.9720172222
Original ratio: 1.109118696
Knapsack previous efficiency: 0.9720172222
Knapsack ratio: 1.024138812
 Final Knapsack time: 5.0765e-05

Karmarkar-Karp previous efficiency: 0.9189214665
Karmarkar-Karp ratio: 1.085310313
 Final Karmarkar-Karp time: 0.000968424

SFC previous efficiency: 0.8635232982
 Time take to run this function: 3.51e-07
SFC ratio: 1.022929833
 Final SFC time: 4.3822e-05

SFC+Knapsack previous efficiency: 0.8585564847
SFC + Knapsack ratio: 1.084296249
 Final SFC+Knapsack_Combined time: 6.5011e-05

SFC+Painter previous efficiency: 0.8203781264
SFC+painterPartition efficiency: 0.9138837543
SFC+Painter ratio: 1.113978695
 Final SFC+Painter time: 9.3414e-05

Painter+Knapsack previous efficiency: 0.8941259597
Painter+Knapsack ratio: 1.046153322
 Final painter+Knapsack_Combined time: 0.000109364
Run 41
File weights 51 and ranks 51
Original previous efficiency: 0.9653731137
Original efficiency: 0.9653731137
Original ratio: 1
Knapsack previous efficiency: 0.9653731137
Knapsack ratio: 1.029989589
 Final Knapsack time: 5.1927e-05

Karmarkar-Karp previous efficiency: 0.9137536202
Karmarkar-Karp ratio: 1.091354108
 Final Karmarkar-Karp time: 0.001038585

SFC previous efficiency: 0.8734554592
 Time take to run this function: 3.61e-07
SFC ratio: 1.014993091
 Final SFC time: 4.5154e-05

SFC+Knapsack previous efficiency: 0.8363783205
SFC + Knapsack ratio: 1.11412427
 Final SFC+Knapsack_Combined time: 6.6965e-05

SFC+Painter previous efficiency: 0.9135440935
SFC+painterPartition efficiency: 0.9169028104
SFC+Painter ratio: 1.003676579
 Final SFC+Painter time: 0.000103773

Painter+Knapsack previous efficiency: 0.8846544117
Painter+Knapsack ratio: 1.053325879
 Final painter+Knapsack_Combined time: 0.00011797
Run 42
File weights 51 and ranks 51
Original previous efficiency: 0.9460737934
Original efficiency: 0.9460737934
Original ratio: 1
Knapsack previous efficiency: 0.9460737934
Knapsack ratio: 1.051603517
 Final Knapsack time: 5.1606e-05

Karmarkar-Karp previous efficiency: 0.8959576943
Karmarkar-Karp ratio: 1.114046002
 Final Karmarkar-Karp time: 0.00099837

SFC previous efficiency: 0.8633269641
 Time take to run this function: 3.5e-07
SFC ratio: 1.029914713
 Final SFC time: 4.3932e-05

SFC+Knapsack previous efficiency: 0.9255090572
SFC + Knapsack ratio: 1.007842244
 Final SFC+Knapsack_Combined time: 6.474e-05

SFC+Painter previous efficiency: 0.9096554763
SFC+painterPartition efficiency: 0.9138674723
SFC+Painter ratio: 1.00463032
 Final SFC+Painter time: 9.3264e-05

Painter+Knapsack previous efficiency: 0.8799431634
Painter+Knapsack ratio: 1.060031106
 Final painter+Knapsack_Combined time: 0.000109745
Run 43
File weights 51 and ranks 51
Original previous efficiency: 0.9388895178
Original efficiency: 0.9388895178
Original ratio: 1
Knapsack previous efficiency: 0.9388895178
Knapsack ratio: 1.060276251
 Final Knapsack time: 5.1456e-05

Karmarkar-Karp previous efficiency: 0.9806822837
Karmarkar-Karp ratio: 1.01744134
 Final Karmarkar-Karp time: 0.000980356

SFC previous efficiency: 0.8482947499
 Time take to run this function: 3.41e-07
SFC ratio: 1.043633339
 Final SFC time: 4.4082e-05

SFC+Knapsack previous efficiency: 0.9262505531
SFC + Knapsack ratio: 1.005446468
 Final SFC+Knapsack_Combined time: 6.6023e-05

SFC+Painter previous efficiency: 0.9065579855
SFC+painterPartition efficiency: 0.9218030472
SFC+Painter ratio: 1.016816422
 Final SFC+Painter time: 9.2482e-05

Painter+Knapsack previous efficiency: 0.875371394
Painter+Knapsack ratio: 1.066795706
 Final painter+Knapsack_Combined time: 0.000109824
Run 44
File weights 51 and ranks 51
Original previous efficiency: 0.9258892194
Original efficiency: 0.9258892194
Original ratio: 1
Knapsack previous efficiency: 0.9258892194
Knapsack ratio: 1.073159517
 Final Knapsack time: 5.2618e-05

Karmarkar-Karp previous efficiency: 0.9684109409
Karmarkar-Karp ratio: 1.030187434
 Final Karmarkar-Karp time: 0.001014299

SFC previous efficiency: 0.8344678191
 Time take to run this function: 3.51e-07
SFC ratio: 1.058953581
 Final SFC time: 4.3952e-05

SFC+Knapsack previous efficiency: 0.9169917475
SFC + Knapsack ratio: 1.045004474
 Final SFC+Knapsack_Combined time: 6.5312e-05

SFC+Painter previous efficiency: 0.8965098615
SFC+painterPartition efficiency: 0.9211776743
SFC+Painter ratio: 1.027515384
 Final SFC+Painter time: 9.2502e-05

Painter+Knapsack previous efficiency: 0.8700541193
Painter+Knapsack ratio: 1.064983102
 Final painter+Knapsack_Combined time: 0.000107169
Run 45
File weights 51 and ranks 51
Original previous efficiency: 0.9110853364
Original efficiency: 0.9110853364
Original ratio: 1
Knapsack previous efficiency: 0.9110853364
Knapsack ratio: 1.091964337
 Final Knapsack time: 5.1947e-05

Karmarkar-Karp previous efficiency: 0.9591700573
Karmarkar-Karp ratio: 1.039510274
 Final Karmarkar-Karp time: 0.000998951

SFC previous efficiency: 0.821405686
 Time take to run this function: 3.81e-07
SFC ratio: 1.055400191
 Final SFC time: 4.3621e-05

SFC+Knapsack previous efficiency: 0.9125069033
SFC + Knapsack ratio: 1.042242918
 Final SFC+Knapsack_Combined time: 6.444e-05

SFC+Painter previous efficiency: 0.8970191094
SFC+painterPartition efficiency: 0.926199543
SFC+Painter ratio: 1.032530448
 Final SFC+Painter time: 9.3475e-05

Painter+Knapsack previous efficiency: 0.8742312869
Painter+Knapsack ratio: 1.087874424
 Final painter+Knapsack_Combined time: 0.000109294
Run 46
File weights 51 and ranks 51
Original previous efficiency: 0.9099554617
Original efficiency: 0.9099554617
Original ratio: 1
Knapsack previous efficiency: 0.9099554617
Knapsack ratio: 1.093215586
 Final Knapsack time: 5.0273e-05

Karmarkar-Karp previous efficiency: 0.9591698592
Karmarkar-Karp ratio: 1.040201532
 Final Karmarkar-Karp time: 0.000993451

SFC previous efficiency: 0.8117581638
 Time take to run this function: 3.31e-07
SFC ratio: 1.067756439
 Final SFC time: 4.326e-05

SFC+Knapsack previous efficiency: 0.9107408825
SFC + Knapsack ratio: 1.044249176
 Final SFC+Knapsack_Combined time: 6.463e-05

SFC+Painter previous efficiency: 0.8795640736
SFC+painterPartition efficiency: 0.9396088805
SFC+Painter ratio: 1.068266552
 Final SFC+Painter time: 9.4807e-05

Painter+Knapsack previous efficiency: 0.8769209967
Painter+Knapsack ratio: 1.068174816
 Final painter+Knapsack_Combined time: 0.000110526
Run 47
File weights 51 and ranks 51
Original previous efficiency: 0.918803374
Original efficiency: 0.918803374
Original ratio: 1
Knapsack previous efficiency: 0.918803374
Knapsack ratio: 1.083820157
 Final Knapsack time: 5.1245e-05

Karmarkar-Karp previous efficiency: 0.9476263873
Karmarkar-Karp ratio: 1.052545072
 Final Karmarkar-Karp time: 0.001056488

SFC previous efficiency: 0.7955385225
 Time take to run this function: 3.91e-07
SFC ratio: 1.121881658
 Final SFC time: 4.4362e-05

SFC+Knapsack previous efficiency: 0.9200226963
SFC + Knapsack ratio: 1.032364559
 Final SFC+Knapsack_Combined time: 6.7446e-05

SFC+Painter previous efficiency: 0.853496029
SFC+painterPartition efficiency: 0.9441045757
SFC+Painter ratio: 1.10616165
 Final SFC+Painter time: 9.5287e-05

Painter+Knapsack previous efficiency: 0.8863106631
Painter+Knapsack ratio: 1.071631951
 Final painter+Knapsack_Combined time: 0.000111317
Run 48
File weights 51 and ranks 51
Original previous efficiency: 0.9220360602
Original efficiency: 0.9220360602
Original ratio: 1
Knapsack previous efficiency: 0.9220360602
Knapsack ratio: 1.079255203
 Final Knapsack time: 5.2698e-05

Karmarkar-Karp previous efficiency: 0.9339920295
Karmarkar-Karp ratio: 1.06656228
 Final Karmarkar-Karp time: 0.000988521

SFC previous efficiency: 0.8905107647
 Time take to run this function: 3.61e-07
SFC ratio: 1
 Final SFC time: 4.3181e-05

SFC+Knapsack previous efficiency: 0.9308561201
SFC + Knapsack ratio: 1.0201586
 Final SFC+Knapsack_Combined time: 6.5622e-05

SFC+Painter previous efficiency: 0.9302790064
SFC+painterPartition efficiency: 0.9302790064
SFC+Painter ratio: 1
 Final SFC+Painter time: 9.4166e-05

Painter+Knapsack previous efficiency: 0.8993547152
Painter+Knapsack ratio: 1.055891363
 Final painter+Knapsack_Combined time: 0.000110546
Run 49
File weights 51 and ranks 51
Original previous efficiency: 0.9177696223
Original efficiency: 0.9177696223
Original ratio: 1
Knapsack previous efficiency: 0.9177696223
Knapsack ratio: 1.084572991
 Final Knapsack time: 5.1526e-05

Karmarkar-Karp previous efficiency: 0.9369644378
Karmarkar-Karp ratio: 1.06128987
 Final Karmarkar-Karp time: 0.000966921

SFC previous efficiency: 0.8860208309
 Time take to run this function: 3.51e-07
SFC ratio: 1
 Final SFC time: 4.9492e-05

SFC+Knapsack previous efficiency: 0.9253554995
SFC + Knapsack ratio: 1.019680439
 Final SFC+Knapsack_Combined time: 6.6304e-05

SFC+Painter previous efficiency: 0.9009690555
SFC+painterPartition efficiency: 0.9139165161
SFC+Painter ratio: 1.014370594
 Final SFC+Painter time: 0.000102361

Painter+Knapsack previous efficiency: 0.8957837851
Painter+Knapsack ratio: 1.053342243
 Final painter+Knapsack_Combined time: 0.000117379
Run 50
File weights 51 and ranks 51
Original previous efficiency: 0.9229093989
Original efficiency: 0.9229093989
Original ratio: 1
Knapsack previous efficiency: 0.9229093989
Knapsack ratio: 1.079393604
 Final Knapsack time: 5.1455e-05

Karmarkar-Karp previous efficiency: 0.9328332555
Karmarkar-Karp ratio: 1.066559617
 Final Karmarkar-Karp time: 0.00097719

SFC previous efficiency: 0.882076185
 Time take to run this function: 3.41e-07
SFC ratio: 1
 Final SFC time: 4.3551e-05

SFC+Knapsack previous efficiency: 0.9150693251
SFC + Knapsack ratio: 1.025187637
 Final SFC+Knapsack_Combined time: 6.466e-05

SFC+Painter previous efficiency: 0.882076185
SFC+painterPartition efficiency: 0.9081707678
SFC+Painter ratio: 1.029583139
 Final SFC+Painter time: 0.000106708

Painter+Knapsack previous efficiency: 0.8924645414
Painter+Knapsack ratio: 1.069486803
 Final painter+Knapsack_Combined time: 0.000119262


TinyProfiler total time across processes [min...avg...max]: 0.1409 ... 0.1409 ... 0.1409

-------------------------------------------------------------------------------------
Name                                  NCalls  Excl. Min  Excl. Avg  Excl. Max   Max %
-------------------------------------------------------------------------------------
kk()                                      51    0.05053    0.05053    0.05053  35.87%
painterPartition()                       102   0.008569   0.008569   0.008569   6.08%
knapsack()                               663   0.004627   0.004627   0.004627   3.28%
SFCProcessorMapDoIt()                     51   0.001671   0.001671   0.001671   1.19%
SFCProcessorMapDoItCombined()             51   0.001552   0.001552   0.001552   1.10%
Distribute()                             102   0.001307   0.001307   0.001307   0.93%
SFCProcessorMapDoItCombinedPainter()      51  0.0005913  0.0005913  0.0005913   0.42%
KKDoIt()                                  51  0.0003583  0.0003583  0.0003583   0.25%
KnapSackDoIt()                            51  0.0002461  0.0002461  0.0002461   0.17%
knapsack()swap                             1    3.4e-07    3.4e-07    3.4e-07   0.00%
-------------------------------------------------------------------------------------

-------------------------------------------------------------------------------------
Name                                  NCalls  Incl. Min  Incl. Avg  Incl. Max   Max %
-------------------------------------------------------------------------------------
KKDoIt()                                  51    0.05089    0.05089    0.05089  36.12%
kk()                                      51    0.05053    0.05053    0.05053  35.87%
painterPartition()                       102   0.008569   0.008569   0.008569   6.08%
SFCProcessorMapDoItCombinedPainter()      51   0.005592   0.005592   0.005592   3.97%
knapsack()                               663   0.004627   0.004627   0.004627   3.28%
SFCProcessorMapDoItCombined()             51   0.003018   0.003018   0.003018   2.14%
SFCProcessorMapDoIt()                     51   0.002822   0.002822   0.002822   2.00%
KnapSackDoIt()                            51   0.002309   0.002309   0.002309   1.64%
Distribute()                             102   0.001307   0.001307   0.001307   0.93%
knapsack()swap                             1    3.4e-07    3.4e-07    3.4e-07   0.00%
-------------------------------------------------------------------------------------

Pinned Memory Usage:
----------------------------------------------------------------
Name                            Nalloc  Nfree   AvgMem    MaxMem
----------------------------------------------------------------
The_Pinned_Arena::Initialize()       1      1  188 KiB  8192 KiB
----------------------------------------------------------------

AMReX (25.06-22-g1d307c2c661a) finalized
